[KEYBOARD] evdev not installed; browser keyboard control is available
[MAP] switched to object_lab
[DETECT] class=chair color=red conf=0.75 bbox=[276,121,357,256]
[DETECT] class=chair color=green conf=0.55 bbox=[17,120,133,258]
[DETECT] class=sports ball color=red conf=0.38 bbox=[123,216,190,270]
[DETECT] class=orange color=red conf=0.37 bbox=[123,216,190,270]
[TRIAL] class=chair color=red source=explicit_target start=[1.0, -1.0, 0.0]
[DETECT] class=chair color=red conf=0.75 bbox=[276,121,357,256]
[DETECT] class=chair color=green conf=0.55 bbox=[17,120,133,258]
[DETECT] class=sports ball color=red conf=0.38 bbox=[123,216,190,270]
[DETECT] class=orange color=red conf=0.37 bbox=[123,216,190,270]
[SKILL] move values=(0.25, 0.0, 0.0, 0.25) t=2.12
[MOVE] completed duration=0.25
[DETECT] class=chair color=red conf=0.82 bbox=[274,102,358,247]
[DETECT] class=airplane color=unknown conf=0.56 bbox=[7,109,284,256]
[DETECT] class=orange color=red conf=0.52 bbox=[118,208,188,263]
[SKILL] move values=(0.25, 0.0, 0.0, 0.25) t=2.62
[MOVE] completed duration=0.25
[DETECT] class=airplane color=unknown conf=0.44 bbox=[1,107,282,256]
[DETECT] class=orange color=red conf=0.40 bbox=[107,208,182,266]
[DETECT] class=airplane color=unknown conf=0.36 bbox=[0,107,283,329]
[DETECT] class=chair color=red conf=0.28 bbox=[272,106,359,251]
[SKILL] move values=(0.25, 0.0, 0.0, 0.25) t=3.12
[MOVE] completed duration=0.25
[DETECT] class=chair color=red conf=0.84 bbox=[270,97,359,250]
[DETECT] class=airplane color=unknown conf=0.46 bbox=[0,104,282,313]
[DETECT] class=sports ball color=red conf=0.33 bbox=[96,210,175,271]
[SKILL] move values=(0.25, 0.0, 0.0, 0.25) t=3.62
[MOVE] completed duration=0.25
[DETECT] class=sports ball color=red conf=0.41 bbox=[75,211,163,276]
[DETECT] class=sports ball color=red conf=0.42 bbox=[77,218,164,282]
[DETECT] class=orange color=red conf=0.32 bbox=[76,218,164,282]
[SEARCH] target=red_chair rotating=30deg
[SKILL] turn values=(30.0,) t=4.32
[TURN] target=30.0 deg final_error=1.75 deg status=SUCCESS
[DETECT] class=chair color=red conf=0.87 bbox=[388,98,527,289]
[DETECT] class=orange color=red conf=0.62 bbox=[252,218,302,266]
[DETECT] class=chair color=green conf=0.40 bbox=[203,137,264,244]
[SKILL] turn values=(-34.32430376987737,) t=7.02
[TURN] target=-34.3 deg final_error=-1.89 deg status=SUCCESS
[DETECT] class=chair color=red conf=0.86 bbox=[241,118,335,274]
[DETECT] class=sports ball color=red conf=0.35 bbox=[25,240,131,310]
[DETECT] class=airplane color=unknown conf=0.33 bbox=[0,116,253,299]
[SKILL] move values=(0.25, 0.0, 0.0, 0.25) t=9.32
[MOVE] completed duration=0.25
[DETECT] class=sports ball color=red conf=0.44 bbox=[37,219,140,288]
[DETECT] class=chair color=red conf=0.34 bbox=[251,94,348,261]
[DETECT] class=airplane color=unknown conf=0.33 bbox=[0,95,278,350]
[SKILL] move values=(0.25, 0.0, 0.0, 0.25) t=9.82
[MOVE] completed duration=0.25
[DETECT] class=sports ball color=red conf=0.46 bbox=[9,214,126,289]
[DETECT] class=chair color=red conf=0.34 bbox=[246,97,349,265]
[SKILL] move values=(0.25, 0.0, 0.0, 0.25) t=10.32
[MOVE] completed duration=0.25
[DETECT] class=sports ball color=red conf=0.66 bbox=[0,220,114,301]
[DETECT] class=chair color=red conf=0.46 bbox=[240,86,344,266]
[DETECT] class=airplane color=unknown conf=0.36 bbox=[0,96,255,366]
[SKILL] move values=(0.25, 0.0, 0.0, 0.25) t=10.82
[MOVE] completed duration=0.25
[DETECT] class=airplane color=unknown conf=0.48 bbox=[0,142,250,377]
[DETECT] class=chair color=red conf=0.39 bbox=[234,89,344,272]
[SKILL] move values=(0.25, 0.0, 0.0, 0.25) t=11.32
[MOVE] completed duration=0.25
[DETECT] class=chair color=red conf=0.36 bbox=[227,78,342,271]
[SKILL] move values=(0.25, 0.0, 0.0, 0.25) t=11.82
[MOVE] completed duration=0.25
[DETECT] class=chair color=red conf=0.58 bbox=[220,80,341,277]
[DETECT] class=sports ball color=red conf=0.33 bbox=[0,229,56,319]
[SKILL] turn values=(11.097273304464656,) t=12.32
[TURN] target=11.1 deg final_error=1.90 deg status=SUCCESS
[DETECT] class=chair color=red conf=0.88 bbox=[267,88,389,291]
[DETECT] class=sports ball color=red conf=0.45 bbox=[8,229,136,313]
[SKILL] move values=(0.25, 0.0, 0.0, 0.25) t=13.82
[MOVE] completed duration=0.25
[DETECT] class=sports ball color=red conf=0.59 bbox=[0,224,114,315]
[DETECT] class=airplane color=unknown conf=0.35 bbox=[0,77,271,392]
[DETECT] class=chair color=red conf=0.28 bbox=[254,65,380,277]
[SKILL] move values=(0.25, 0.0, 0.0, 0.25) t=14.32
[MOVE] completed duration=0.25
[DETECT] class=sports ball color=red conf=0.43 bbox=[0,224,93,323]
[DETECT] class=chair color=red conf=0.37 bbox=[248,68,375,286]
[SKILL] move values=(0.25, 0.0, 0.0, 0.25) t=14.82
[MOVE] completed duration=0.25
[DETECT] class=chair color=red conf=0.82 bbox=[240,56,374,289]
[DETECT] class=sports ball color=red conf=0.26 bbox=[0,233,78,335]
[SKILL] move values=(0.25, 0.0, 0.0, 0.25) t=15.32
[MOVE] completed duration=0.25
[DETECT] class=chair color=red conf=0.87 bbox=[235,58,378,295]
[SKILL] move values=(0.25, 0.0, 0.0, 0.25) t=15.82
[MOVE] completed duration=0.25
[DETECT] class=chair color=red conf=0.87 bbox=[225,42,376,298]
[SKILL] move values=(0.25, 0.0, 0.0, 0.25) t=16.32
[MOVE] completed duration=0.25
[DETECT] class=chair color=red conf=0.84 bbox=[218,44,379,313]
[SKILL] move values=(0.25, 0.0, 0.0, 0.25) t=16.82
[MOVE] completed duration=0.25
[DETECT] class=chair color=red conf=0.87 bbox=[206,25,378,318]
[SKILL] move values=(0.25, 0.0, 0.0, 0.25) t=17.32
[MOVE] completed duration=0.25
[DETECT] class=chair color=red conf=0.91 bbox=[197,26,381,334]
[SKILL] move values=(0.25, 0.0, 0.0, 0.25) t=17.82
[MOVE] completed duration=0.25
[DETECT] class=chair color=red conf=0.70 bbox=[183,1,378,340]
[SKILL] turn values=(11.097273304464656,) t=18.32
[TURN] target=11.1 deg final_error=1.87 deg status=SUCCESS
[DETECT] class=chair color=red conf=0.75 bbox=[244,31,438,365]
[SKILL] move values=(0.25, 0.0, 0.0, 0.25) t=19.92
[MOVE] completed duration=0.25
[DETECT] class=chair color=red conf=0.77 bbox=[227,0,436,358]
[SKILL] move values=(0.25, 0.0, 0.0, 0.25) t=20.42
[MOVE] completed duration=0.25
[DETECT] class=chair color=red conf=0.71 bbox=[220,0,440,452]
[SKILL] move values=(0.25, 0.0, 0.0, 0.25) t=20.92
[MOVE] completed duration=0.25
[DETECT] class=chair color=red conf=0.85 bbox=[204,0,447,410]
[SKILL] move values=(0.25, 0.0, 0.0, 0.25) t=21.42
[MOVE] completed duration=0.25
[DETECT] class=chair color=red conf=0.84 bbox=[192,0,454,466]
[SKILL] move values=(0.2, 0.0, 0.0, 0.25) t=21.92
[MOVE] completed duration=0.25
[DETECT] class=chair color=red conf=0.85 bbox=[177,0,460,472]
[APPROACH] final_visual_steps=3
[SKILL] move values=(0.2, 0.0, 0.0, 0.25) t=22.42
[MOVE] completed duration=0.25
[SKILL] move values=(0.2, 0.0, 0.0, 0.25) t=22.72
[MOVE] completed duration=0.25
[SKILL] move values=(0.2, 0.0, 0.0, 0.25) t=23.02
[MOVE] completed duration=0.25
[DETECT] class=chair color=red conf=0.72 bbox=[140,1,480,476]
[FOUND] class=chair color=red t=21.4 s d=0.78 m
[MISSION] status=SUCCESS
[DETECT] class=chair color=red conf=0.73 bbox=[140,0,478,478]
[TRIAL] result=task4_evidence\2026-09-30-benchmark-v7\02_red_aligned\result.json success=True
