[KEYBOARD] evdev not installed; browser keyboard control is available
[MAP] switched to object_lab
[DETECT] class=chair color=red conf=0.58 bbox=[466,137,547,240]
[DETECT] class=chair color=green conf=0.50 bbox=[285,136,349,240]
[DETECT] class=sports ball color=red conf=0.29 bbox=[412,208,455,247]
[DETECT] class=orange color=red conf=0.26 bbox=[412,208,455,247]
[TRIAL] class=chair color=green source=explicit_target start=[0.5, 1.0, 0.0]
[DETECT] class=chair color=red conf=0.58 bbox=[466,137,547,240]
[DETECT] class=chair color=green conf=0.50 bbox=[285,136,349,240]
[DETECT] class=sports ball color=red conf=0.29 bbox=[412,208,455,247]
[DETECT] class=orange color=red conf=0.26 bbox=[412,208,455,247]
[SKILL] move values=(0.25, 0.0, 0.0, 0.25) t=2.12
[MOVE] completed duration=0.25
[DETECT] class=chair color=green conf=0.58 bbox=[285,121,349,230]
[DETECT] class=orange color=red conf=0.53 bbox=[415,194,460,233]
[DETECT] class=chair color=red conf=0.41 bbox=[471,117,555,225]
[SKILL] move values=(0.25, 0.0, 0.0, 0.25) t=2.62
[MOVE] completed duration=0.25
[DETECT] class=chair color=red conf=0.82 bbox=[470,125,557,232]
[DETECT] class=chair color=green conf=0.66 bbox=[284,125,349,233]
[DETECT] class=sports ball color=red conf=0.42 bbox=[415,199,461,240]
[SKILL] move values=(0.25, 0.0, 0.0, 0.25) t=3.12
[MOVE] completed duration=0.25
[DETECT] class=chair color=green conf=0.65 bbox=[281,119,349,232]
[DETECT] class=chair color=red conf=0.61 bbox=[475,114,564,228]
[DETECT] class=sports ball color=red conf=0.58 bbox=[418,196,467,238]
[SKILL] move values=(0.25, 0.0, 0.0, 0.25) t=3.64
[MOVE] completed duration=0.25
[DETECT] class=sports ball color=red conf=0.65 bbox=[417,204,465,246]
[DETECT] class=chair color=green conf=0.64 bbox=[278,124,348,239]
[DETECT] class=chair color=red conf=0.48 bbox=[472,127,563,240]
[SKILL] move values=(0.25, 0.0, 0.0, 0.25) t=4.12
[MOVE] completed duration=0.25
[DETECT] class=sports ball color=red conf=0.75 bbox=[420,197,471,240]
[DETECT] class=chair color=red conf=0.56 bbox=[475,114,570,230]
[DETECT] class=chair color=green conf=0.55 bbox=[276,116,347,237]
[SKILL] move values=(0.25, 0.0, 0.0, 0.25) t=4.62
[MOVE] completed duration=0.25
[DETECT] class=sports ball color=red conf=0.62 bbox=[418,203,471,247]
[DETECT] class=chair color=green conf=0.52 bbox=[272,120,345,241]
[DETECT] class=chair color=red conf=0.27 bbox=[473,124,569,239]
[SKILL] move values=(0.25, 0.0, 0.0, 0.25) t=5.12
[MOVE] completed duration=0.25
[DETECT] class=chair color=green conf=0.75 bbox=[269,112,344,240]
[DETECT] class=chair color=red conf=0.48 bbox=[475,111,579,233]
[DETECT] class=sports ball color=red conf=0.45 bbox=[422,197,476,244]
[SKILL] move values=(0.25, 0.0, 0.0, 0.25) t=5.62
[MOVE] completed duration=0.25
[DETECT] class=orange color=red conf=0.62 bbox=[420,204,475,252]
[DETECT] class=chair color=green conf=0.49 bbox=[265,116,343,244]
[DETECT] class=chair color=red conf=0.35 bbox=[474,123,576,242]
[SKILL] move values=(0.25, 0.0, 0.0, 0.25) t=6.12
[MOVE] completed duration=0.25
[DETECT] class=orange color=red conf=0.68 bbox=[424,198,482,247]
[DETECT] class=chair color=green conf=0.61 bbox=[262,108,341,242]
[SKILL] move values=(0.25, 0.0, 0.0, 0.25) t=6.62
[MOVE] completed duration=0.25
[DETECT] class=chair color=green conf=0.39 bbox=[256,112,340,248]
[DETECT] class=orange color=red conf=0.39 bbox=[422,205,482,255]
[DETECT] class=chair color=red conf=0.26 bbox=[475,121,581,244]
[SKILL] move values=(0.25, 0.0, 0.0, 0.25) t=7.12
[MOVE] completed duration=0.25
[DETECT] class=orange color=red conf=0.70 bbox=[426,199,489,252]
[DETECT] class=chair color=green conf=0.46 bbox=[253,104,337,248]
[DETECT] class=chair color=red conf=0.33 bbox=[479,107,591,238]
[SKILL] move values=(0.25, 0.0, 0.0, 0.25) t=7.62
[MOVE] completed duration=0.25
[DETECT] class=sports ball color=red conf=0.33 bbox=[425,207,490,260]
[DETECT] class=chair color=green conf=0.26 bbox=[248,108,336,253]
[SKILL] move values=(0.25, 0.0, 0.0, 0.25) t=8.12
[MOVE] completed duration=0.25
[DETECT] class=orange color=red conf=0.55 bbox=[429,200,497,256]
[DETECT] class=chair color=green conf=0.50 bbox=[243,98,334,252]
[SKILL] move values=(0.25, 0.0, 0.0, 0.25) t=8.62
[MOVE] completed duration=0.25
[DETECT] class=chair color=green conf=0.57 bbox=[237,101,333,257]
[DETECT] class=orange color=red conf=0.29 bbox=[429,208,499,266]
[DETECT] class=airplane color=unknown conf=0.27 bbox=[315,113,640,348]
[SKILL] move values=(0.25, 0.0, 0.0, 0.25) t=9.12
[MOVE] completed duration=0.25
[DETECT] class=chair color=green conf=0.63 bbox=[232,92,332,258]
[DETECT] class=orange color=red conf=0.63 bbox=[433,202,508,263]
[DETECT] class=chair color=red conf=0.28 bbox=[482,100,611,243]
[SKILL] move values=(0.25, 0.0, 0.0, 0.25) t=9.62
[MOVE] completed duration=0.25
[DETECT] class=orange color=red conf=0.54 bbox=[433,210,509,271]
[DETECT] class=chair color=green conf=0.28 bbox=[225,96,329,264]
[SKILL] turn values=(12.05294241958253,) t=10.12
[TURN] target=12.1 deg final_error=1.89 deg status=SUCCESS
[DETECT] class=chair color=green conf=0.79 bbox=[276,107,377,275]
[DETECT] class=sports ball color=red conf=0.44 bbox=[492,229,597,301]
[DETECT] class=orange color=red conf=0.32 bbox=[492,229,597,301]
[DETECT] class=airplane color=unknown conf=0.28 bbox=[1,101,638,479]
[SKILL] move values=(0.25, 0.0, 0.0, 0.25) t=12.12
[MOVE] completed duration=0.25
[DETECT] class=airplane color=unknown conf=0.35 bbox=[1,80,638,479]
[DETECT] class=sports ball color=red conf=0.33 bbox=[482,207,584,279]
[DETECT] class=chair color=green conf=0.30 bbox=[260,84,365,263]
[SKILL] move values=(0.25, 0.0, 0.0, 0.25) t=12.62
[MOVE] completed duration=0.25
[DETECT] class=chair color=green conf=0.53 bbox=[253,89,362,269]
[DETECT] class=sports ball color=red conf=0.47 bbox=[479,215,582,288]
[DETECT] class=orange color=red conf=0.47 bbox=[479,214,582,288]
[DETECT] class=airplane color=unknown conf=0.36 bbox=[1,83,637,479]
[DETECT] class=airplane color=unknown conf=0.28 bbox=[255,94,639,361]
[SKILL] move values=(0.25, 0.0, 0.0, 0.25) t=13.12
[MOVE] completed duration=0.25
[DETECT] class=sports ball color=red conf=0.36 bbox=[489,208,604,287]
[DETECT] class=sports ball color=red conf=0.46 bbox=[488,217,598,295]
[DETECT] class=chair color=green conf=0.38 bbox=[248,87,360,275]
[DETECT] class=airplane color=red conf=0.26 bbox=[2,180,639,478]
[SKILL] move values=(0.25, 0.0, 0.0, 0.25) t=13.72
[MOVE] completed duration=0.25
[DETECT] class=sports ball color=red conf=0.36 bbox=[490,217,609,298]
[DETECT] class=airplane color=unknown conf=0.30 bbox=[247,86,639,368]
[DETECT] class=airplane color=unknown conf=0.28 bbox=[2,130,638,478]
[DETECT] class=orange color=red conf=0.33 bbox=[490,218,608,299]
[DETECT] class=sports ball color=red conf=0.27 bbox=[489,218,608,299]
[DETECT] class=sports ball color=red conf=0.56 bbox=[489,225,607,305]
[DETECT] class=chair color=green conf=0.55 bbox=[242,88,360,284]
[SKILL] move values=(0.25, 0.0, 0.0, 0.25) t=14.52
[MOVE] completed duration=0.25
[DETECT] class=sports ball color=red conf=0.42 bbox=[503,211,636,297]
[DETECT] class=orange color=red conf=0.38 bbox=[503,210,637,298]
[DETECT] class=chair color=green conf=0.65 bbox=[237,80,359,284]
[DETECT] class=sports ball color=red conf=0.40 bbox=[500,222,628,307]
[SKILL] move values=(0.25, 0.0, 0.0, 0.25) t=15.12
[MOVE] completed duration=0.25
[DETECT] class=chair color=green conf=0.45 bbox=[231,70,361,284]
[DETECT] class=sports ball color=red conf=0.42 bbox=[504,220,640,310]
[SKILL] move values=(0.25, 0.0, 0.0, 0.25) t=15.62
[MOVE] completed duration=0.25
[DETECT] class=chair color=green conf=0.64 bbox=[224,57,359,290]
[DETECT] class=sports ball color=red conf=0.31 bbox=[517,214,639,311]
[SKILL] move values=(0.25, 0.0, 0.0, 0.25) t=16.12
[MOVE] completed duration=0.25
[DETECT] class=chair color=green conf=0.85 bbox=[217,60,360,296]
[DETECT] class=sports ball color=red conf=0.28 bbox=[519,225,640,327]
[SKILL] move values=(0.25, 0.0, 0.0, 0.25) t=16.62
[MOVE] completed duration=0.25
[DETECT] class=chair color=green conf=0.87 bbox=[206,45,358,301]
[SKILL] move values=(0.25, 0.0, 0.0, 0.25) t=17.12
[MOVE] completed duration=0.25
[DETECT] class=chair color=green conf=0.88 bbox=[197,46,360,311]
[SKILL] turn values=(11.644170882338656,) t=17.62
[TURN] target=11.6 deg final_error=2.00 deg status=SUCCESS
[DETECT] class=chair color=green conf=0.95 bbox=[252,58,413,328]
[SKILL] move values=(0.25, 0.0, 0.0, 0.25) t=19.22
[MOVE] completed duration=0.25
[DETECT] class=chair color=green conf=0.90 bbox=[237,26,404,316]
[SKILL] move values=(0.25, 0.0, 0.0, 0.25) t=19.72
[MOVE] completed duration=0.25
[DETECT] class=chair color=green conf=0.92 bbox=[228,28,402,326]
[SKILL] move values=(0.25, 0.0, 0.0, 0.25) t=20.22
[MOVE] completed duration=0.25
[DETECT] class=chair color=green conf=0.72 bbox=[217,5,405,333]
[SKILL] move values=(0.25, 0.0, 0.0, 0.25) t=20.72
[MOVE] completed duration=0.25
[DETECT] class=chair color=green conf=0.87 bbox=[208,5,408,351]
[SKILL] move values=(0.25, 0.0, 0.0, 0.25) t=21.32
[MOVE] completed duration=0.25
[DETECT] class=chair color=green conf=0.79 bbox=[192,0,412,361]
[SKILL] move values=(0.25, 0.0, 0.0, 0.25) t=21.82
[MOVE] completed duration=0.25
[DETECT] class=chair color=green conf=0.78 bbox=[180,0,417,388]
[SKILL] move values=(0.25, 0.0, 0.0, 0.25) t=22.32
[MOVE] completed duration=0.25
[DETECT] class=chair color=green conf=0.66 bbox=[158,0,419,418]
[SKILL] move values=(0.25, 0.0, 0.0, 0.25) t=22.82
[MOVE] completed duration=0.25
[DETECT] class=chair color=green conf=0.59 bbox=[139,0,422,456]
[SKILL] move values=(0.25, 0.0, 0.0, 0.25) t=23.32
[MOVE] completed duration=0.25
[DETECT] class=chair color=green conf=0.38 bbox=[105,0,428,458]
[SKILL] move values=(0.25, 0.0, 0.0, 0.25) t=23.82
[MOVE] completed duration=0.25
[DETECT] class=chair color=green conf=0.54 bbox=[74,1,441,459]
[APPROACH] final_visual_steps=1
[SKILL] move values=(0.2, 0.0, 0.0, 0.25) t=24.32
[MOVE] completed duration=0.25
[MISSION] status=FAIL reason=target_not_visible_at_stop
[TRIAL] result=task4_evidence\2026-09-30-benchmark-v7\03_green_offset\result.json success=False
