[KEYBOARD] evdev not installed; browser keyboard control is available
[MAP] switched to object_lab
[DETECT] class=sports ball color=red conf=0.63 bbox=[303,204,334,235]
[DETECT] class=chair color=red conf=0.39 bbox=[369,145,420,230]
[TRIAL] class=chair color=green source=explicit_target start=[0.0, 0.0, 0.0]
[DETECT] class=sports ball color=red conf=0.63 bbox=[303,204,334,235]
[DETECT] class=chair color=red conf=0.39 bbox=[369,145,420,230]
[DETECT] class=sports ball color=red conf=0.61 bbox=[303,203,334,235]
[DETECT] class=chair color=red conf=0.44 bbox=[369,145,420,230]
[DETECT] class=sports ball color=red conf=0.60 bbox=[303,204,334,235]
[DETECT] class=chair color=red conf=0.43 bbox=[369,145,420,230]
[SEARCH] target=green_chair rotating=30deg
[SKILL] turn values=(30.0,) t=2.42
[TURN] target=30.0 deg final_error=1.97 deg status=SUCCESS
[DETECT] class=chair color=red conf=0.80 bbox=[512,131,634,257]
[DETECT] class=chair color=green conf=0.79 bbox=[332,152,387,233]
[DETECT] class=sports ball color=red conf=0.36 bbox=[420,212,460,247]
[SKILL] turn values=(-11.097273304464656,) t=5.12
[TURN] target=-11.1 deg final_error=-1.97 deg status=SUCCESS
[DETECT] class=sports ball color=red conf=0.47 bbox=[378,208,411,240]
[DETECT] class=chair color=red conf=0.41 bbox=[455,137,538,241]
[DETECT] class=chair color=red conf=0.66 bbox=[459,134,543,241]
[DETECT] class=chair color=green conf=0.61 bbox=[296,149,348,230]
[DETECT] class=sports ball color=red conf=0.34 bbox=[380,207,415,239]
[SKILL] move values=(0.25, 0.0, 0.0, 0.25) t=6.12
[MOVE] completed duration=0.25
[DETECT] class=chair color=green conf=0.52 bbox=[297,138,350,221]
[DETECT] class=chair color=red conf=0.42 bbox=[464,121,556,232]
[SKILL] move values=(0.25, 0.0, 0.0, 0.25) t=6.62
[MOVE] completed duration=0.25
[DETECT] class=chair color=green conf=0.48 bbox=[297,133,351,219]
[DETECT] class=sports ball color=red conf=0.42 bbox=[386,194,422,228]
[SKILL] move values=(0.25, 0.0, 0.0, 0.25) t=7.12
[MOVE] completed duration=0.25
[DETECT] class=sports ball color=red conf=0.45 bbox=[384,199,420,234]
[DETECT] class=chair color=green conf=0.43 bbox=[294,139,349,223]
[SKILL] move values=(0.25, 0.0, 0.0, 0.25) t=7.62
[MOVE] completed duration=0.25
[DETECT] class=sports ball color=red conf=0.47 bbox=[384,194,422,229]
[DETECT] class=sports ball color=red conf=0.39 bbox=[383,200,420,236]
[DETECT] class=sports ball color=red conf=0.61 bbox=[382,208,419,242]
[DETECT] class=chair color=red conf=0.39 bbox=[465,130,556,244]
[SEARCH] target=green_chair rotating=30deg
[SKILL] turn values=(30.0,) t=8.32
[TURN] target=30.0 deg final_error=1.96 deg status=SUCCESS
[DETECT] class=chair color=green conf=0.82 bbox=[404,143,486,243]
[DETECT] class=orange color=red conf=0.65 bbox=[537,224,617,274]
[SKILL] turn values=(-31.82808109263205,) t=11.02
[TURN] target=-31.8 deg final_error=-1.72 deg status=SUCCESS
[DETECT] class=sports ball color=red conf=0.55 bbox=[364,210,400,245]
[DETECT] class=chair color=red conf=0.49 bbox=[444,133,521,241]
[DETECT] class=chair color=green conf=0.35 bbox=[274,151,328,237]
[SKILL] move values=(0.25, 0.0, 0.0, 0.25) t=13.22
[MOVE] completed duration=0.25
[DETECT] class=chair color=green conf=0.58 bbox=[278,132,334,224]
[DETECT] class=sports ball color=red conf=0.49 bbox=[372,195,409,231]
[DETECT] class=chair color=red conf=0.37 bbox=[456,112,545,229]
[SKILL] move values=(0.25, 0.0, 0.0, 0.25) t=13.72
[MOVE] completed duration=0.25
[DETECT] class=sports ball color=red conf=0.52 bbox=[370,200,408,237]
[DETECT] class=chair color=green conf=0.27 bbox=[276,137,333,227]
[SKILL] move values=(0.25, 0.0, 0.0, 0.25) t=14.22
[MOVE] completed duration=0.25
[DETECT] class=chair color=red conf=0.49 bbox=[456,111,548,233]
[DETECT] class=sports ball color=red conf=0.49 bbox=[370,195,409,233]
[DETECT] class=chair color=green conf=0.44 bbox=[271,128,330,224]
[SKILL] move values=(0.25, 0.0, 0.0, 0.25) t=14.72
[MOVE] completed duration=0.25
[DETECT] class=sports ball color=red conf=0.56 bbox=[368,200,407,239]
[DETECT] class=chair color=green conf=0.49 bbox=[269,132,328,228]
[SKILL] move values=(0.25, 0.0, 0.0, 0.25) t=15.22
[MOVE] completed duration=0.25
[DETECT] class=chair color=green conf=0.68 bbox=[264,126,325,225]
[DETECT] class=chair color=red conf=0.53 bbox=[456,108,550,235]
[DETECT] class=sports ball color=red conf=0.50 bbox=[368,196,409,236]
[SKILL] move values=(0.25, 0.0, 0.0, 0.25) t=15.72
[MOVE] completed duration=0.25
[DETECT] class=chair color=green conf=0.69 bbox=[261,129,323,230]
[DETECT] class=chair color=red conf=0.50 bbox=[452,117,547,243]
[DETECT] class=sports ball color=red conf=0.32 bbox=[366,201,407,241]
[SKILL] move values=(0.25, 0.0, 0.0, 0.25) t=16.22
[MOVE] completed duration=0.25
[DETECT] class=chair color=green conf=0.70 bbox=[256,124,321,230]
[DETECT] class=chair color=red conf=0.62 bbox=[456,106,553,237]
[DETECT] class=sports ball color=red conf=0.54 bbox=[366,197,409,239]
[SKILL] move values=(0.25, 0.0, 0.0, 0.25) t=16.72
[MOVE] completed duration=0.25
[DETECT] class=chair color=green conf=0.32 bbox=[253,128,318,234]
[DETECT] class=sports ball color=red conf=0.30 bbox=[364,203,407,245]
[DETECT] class=chair color=red conf=0.28 bbox=[452,116,549,245]
[SKILL] move values=(0.25, 0.0, 0.0, 0.25) t=17.22
[MOVE] completed duration=0.25
[DETECT] class=chair color=green conf=0.65 bbox=[248,121,317,232]
[DETECT] class=sports ball color=red conf=0.57 bbox=[364,198,409,241]
[DETECT] class=chair color=red conf=0.40 bbox=[457,102,556,239]
[SKILL] move values=(0.25, 0.0, 0.0, 0.25) t=17.72
[MOVE] completed duration=0.25
[DETECT] class=chair color=green conf=0.32 bbox=[244,124,313,237]
[DETECT] class=orange color=red conf=0.29 bbox=[361,203,408,248]
[DETECT] class=sports ball color=red conf=0.29 bbox=[361,203,408,247]
[SKILL] turn values=(11.644170882338656,) t=18.22
[TURN] target=11.6 deg final_error=1.84 deg status=SUCCESS
[DETECT] class=sports ball color=red conf=0.29 bbox=[404,215,458,263]
[DETECT] class=sports ball color=red conf=0.45 bbox=[401,215,455,263]
[DETECT] class=sports ball color=red conf=0.40 bbox=[400,215,453,262]
[SEARCH] target=green_chair rotating=30deg
[SKILL] turn values=(30.0,) t=20.02
[TURN] target=30.0 deg final_error=1.94 deg status=SUCCESS
[DETECT] class=chair color=green conf=0.92 bbox=[394,127,495,256]
[SKILL] turn values=(-31.725275932436396,) t=22.82
[TURN] target=-31.7 deg final_error=-1.70 deg status=SUCCESS
[DETECT] class=chair color=green conf=0.58 bbox=[263,139,331,249]
[DETECT] class=orange color=red conf=0.47 bbox=[382,216,432,263]
[DETECT] class=chair color=red conf=0.38 bbox=[482,112,596,259]
[DETECT] class=sports ball color=red conf=0.35 bbox=[382,216,432,263]
[DETECT] class=chair color=red conf=0.34 bbox=[475,112,596,352]
[SKILL] move values=(0.25, 0.0, 0.0, 0.25) t=25.02
[MOVE] completed duration=0.25
[DETECT] class=orange color=red conf=0.48 bbox=[391,200,445,249]
[DETECT] class=sports ball color=red conf=0.26 bbox=[391,200,445,249]
[DETECT] class=sports ball color=red conf=0.32 bbox=[389,208,443,257]
[DETECT] class=orange color=red conf=0.48 bbox=[389,215,441,263]
[DETECT] class=chair color=red conf=0.35 bbox=[487,109,620,350]
[SEARCH] target=green_chair rotating=30deg
[SKILL] turn values=(30.0,) t=25.72
[TURN] target=30.0 deg final_error=1.97 deg status=SUCCESS
[DETECT] class=chair color=green conf=0.88 bbox=[380,128,478,257]
[DETECT] class=orange color=red conf=0.38 bbox=[554,236,640,309]
[SKILL] turn values=(-28.424678487742575,) t=28.42
[TURN] target=-28.4 deg final_error=-1.84 deg status=SUCCESS
[DETECT] class=chair color=green conf=0.58 bbox=[262,135,333,248]
[DETECT] class=chair color=red conf=0.52 bbox=[491,109,615,267]
[DETECT] class=sports ball color=red conf=0.42 bbox=[384,216,438,265]
[SKILL] move values=(0.25, 0.0, 0.0, 0.25) t=30.72
[MOVE] completed duration=0.25
[DETECT] class=orange color=red conf=0.62 bbox=[392,202,449,254]
[DETECT] class=orange color=red conf=0.64 bbox=[392,217,449,268]
[DETECT] class=chair color=green conf=0.52 bbox=[268,131,340,248]
[SKILL] move values=(0.25, 0.0, 0.0, 0.25) t=31.52
[MOVE] completed duration=0.25
[DETECT] class=orange color=red conf=0.49 bbox=[397,200,457,255]
[DETECT] class=sports ball color=red conf=0.33 bbox=[396,209,455,262]
[DETECT] class=sports ball color=red conf=0.50 bbox=[395,216,454,269]
[DETECT] class=chair color=green conf=0.48 bbox=[265,128,339,249]
[SKILL] move values=(0.25, 0.0, 0.0, 0.25) t=32.30
[MOVE] completed duration=0.25
[DETECT] class=chair color=green conf=0.27 bbox=[262,114,338,240]
[SKILL] move values=(0.25, 0.0, 0.0, 0.25) t=32.82
[MOVE] completed duration=0.25
[DETECT] class=sports ball color=red conf=0.68 bbox=[399,203,464,260]
[DETECT] class=sports ball color=red conf=0.72 bbox=[398,210,462,267]
[DETECT] class=sports ball color=red conf=0.53 bbox=[397,219,461,276]
[DETECT] class=chair color=green conf=0.39 bbox=[259,125,337,254]
[DETECT] class=chair color=red conf=0.27 bbox=[513,100,640,277]
[SKILL] move values=(0.25, 0.0, 0.0, 0.25) t=33.56
[MOVE] completed duration=0.25
[DETECT] class=sports ball color=red conf=0.55 bbox=[397,207,464,266]
[DETECT] class=sports ball color=red conf=0.42 bbox=[396,212,463,271]
[DETECT] class=orange color=red conf=0.33 bbox=[396,212,462,271]
[DETECT] class=sports ball color=red conf=0.61 bbox=[397,217,463,276]
[DETECT] class=chair color=green conf=0.45 bbox=[254,121,334,253]
[SKILL] move values=(0.25, 0.0, 0.0, 0.25) t=34.32
[MOVE] completed duration=0.25
[DETECT] class=sports ball color=red conf=0.65 bbox=[401,203,471,265]
[DETECT] class=airplane color=unknown conf=0.38 bbox=[248,75,640,476]
[DETECT] class=sports ball color=red conf=0.47 bbox=[399,212,469,273]
[DETECT] class=sports ball color=red conf=0.58 bbox=[398,221,467,281]
[DETECT] class=chair color=green conf=0.46 bbox=[251,122,333,257]
[DETECT] class=chair color=red conf=0.32 bbox=[517,98,640,279]
[SKILL] move values=(0.25, 0.0, 0.0, 0.25) t=35.08
[MOVE] completed duration=0.25
[DETECT] class=sports ball color=red conf=0.48 bbox=[399,208,471,272]
[DETECT] class=chair color=green conf=0.36 bbox=[245,104,331,247]
[DETECT] class=airplane color=unknown conf=0.28 bbox=[242,84,638,328]
[SKILL] move values=(0.25, 0.0, 0.0, 0.25) t=35.62
[MOVE] completed duration=0.25
[DETECT] class=airplane color=unknown conf=0.63 bbox=[242,73,639,477]
[DETECT] class=sports ball color=red conf=0.60 bbox=[403,205,480,272]
[DETECT] class=chair color=green conf=0.26 bbox=[241,99,329,249]
[SKILL] move values=(0.25, 0.0, 0.0, 0.25) t=36.12
[MOVE] completed duration=0.25
[DETECT] class=airplane color=unknown conf=0.67 bbox=[240,84,640,477]
[DETECT] class=chair color=green conf=0.63 bbox=[237,103,328,254]
[DETECT] class=sports ball color=red conf=0.42 bbox=[400,214,480,282]
[SKILL] move values=(0.25, 0.0, 0.0, 0.25) t=36.62
[MOVE] completed duration=0.25
[DETECT] class=airplane color=unknown conf=0.64 bbox=[233,73,639,477]
[DETECT] class=sports ball color=red conf=0.39 bbox=[406,208,491,281]
[DETECT] class=chair color=green conf=0.33 bbox=[231,94,326,255]
[SKILL] turn values=(11.644170882338656,) t=37.12
[TURN] target=11.6 deg final_error=1.93 deg status=SUCCESS
[DETECT] class=chair color=green conf=0.44 bbox=[277,113,370,266]
[DETECT] class=sports ball color=red conf=0.38 bbox=[454,236,559,316]
[DETECT] class=orange color=red conf=0.37 bbox=[453,236,559,317]
[SKILL] move values=(0.25, 0.0, 0.0, 0.25) t=38.82
[MOVE] completed duration=0.25
[DETECT] class=airplane color=unknown conf=0.63 bbox=[267,89,640,458]
[DETECT] class=sports ball color=red conf=0.51 bbox=[451,212,563,295]
[DETECT] class=airplane color=unknown conf=0.68 bbox=[267,109,640,475]
[DETECT] class=sports ball color=red conf=0.60 bbox=[448,222,557,304]
[DETECT] class=airplane color=unknown conf=0.72 bbox=[270,105,640,476]
[DETECT] class=airplane color=red conf=0.33 bbox=[591,106,640,292]
[DETECT] class=sports ball color=red conf=0.33 bbox=[445,231,551,312]
[DETECT] class=airplane color=unknown conf=0.28 bbox=[267,104,640,338]
[SEARCH] target=green_chair rotating=30deg
[SKILL] turn values=(30.0,) t=39.58
[TURN] target=30.0 deg final_error=1.97 deg status=SUCCESS
[DETECT] class=chair color=green conf=0.77 bbox=[380,96,521,282]
[SKILL] turn values=(-32.943883735884384,) t=42.22
[TURN] target=-32.9 deg final_error=-1.91 deg status=SUCCESS
[DETECT] class=chair color=green conf=0.66 bbox=[236,115,330,275]
[DETECT] class=sports ball color=red conf=0.45 bbox=[416,232,509,310]
[DETECT] class=airplane color=unknown conf=0.42 bbox=[240,83,640,464]
[SKILL] move values=(0.25, 0.0, 0.0, 0.25) t=44.42
[MOVE] completed duration=0.25
[DETECT] class=airplane color=unknown conf=0.77 bbox=[242,61,640,480]
[DETECT] class=sports ball color=red conf=0.49 bbox=[430,213,537,297]
[DETECT] class=airplane color=unknown conf=0.55 bbox=[273,76,639,478]
[DETECT] class=sports ball color=red conf=0.45 bbox=[428,223,533,306]
[DETECT] class=orange color=red conf=0.31 bbox=[429,223,533,306]
[DETECT] class=sports ball color=red conf=0.53 bbox=[427,232,530,316]
[DETECT] class=airplane color=unknown conf=0.43 bbox=[242,89,639,460]
[SEARCH] target=green_chair rotating=30deg
[SKILL] turn values=(30.0,) t=45.12
[TURN] target=30.0 deg final_error=1.92 deg status=SUCCESS
[DETECT] class=chair color=green conf=0.84 bbox=[361,96,495,284]
[SKILL] turn values=(-28.20417501103272,) t=47.72
[TURN] target=-28.2 deg final_error=-1.91 deg status=SUCCESS
[DETECT] class=airplane color=unknown conf=0.58 bbox=[241,89,640,406]
[DETECT] class=sports ball color=red conf=0.48 bbox=[432,235,542,323]
[DETECT] class=airplane color=unknown conf=0.53 bbox=[243,90,640,421]
[DETECT] class=orange color=red conf=0.51 bbox=[436,235,547,323]
[DETECT] class=sports ball color=red conf=0.38 bbox=[436,235,547,323]
[DETECT] class=airplane color=unknown conf=0.47 bbox=[247,82,640,471]
[DETECT] class=orange color=red conf=0.33 bbox=[439,235,552,324]
[DETECT] class=sports ball color=red conf=0.29 bbox=[439,235,552,324]
[SEARCH] target=green_chair rotating=30deg
[SKILL] turn values=(30.0,) t=50.02
[TURN] target=30.0 deg final_error=1.95 deg status=SUCCESS
[DETECT] class=chair color=green conf=0.60 bbox=[372,88,517,283]
[SKILL] turn values=(-31.725275932436396,) t=52.92
[TURN] target=-31.7 deg final_error=-1.98 deg status=SUCCESS
[DETECT] class=sports ball color=red conf=0.53 bbox=[429,236,539,324]
[DETECT] class=chair color=green conf=0.43 bbox=[235,107,336,279]
[DETECT] class=orange color=red conf=0.37 bbox=[429,236,539,324]
[DETECT] class=airplane color=unknown conf=0.31 bbox=[238,86,639,382]
[SKILL] move values=(0.25, 0.0, 0.0, 0.25) t=55.22
[MOVE] completed duration=0.25
[DETECT] class=sports ball color=red conf=0.37 bbox=[439,218,561,312]
[DETECT] class=airplane color=unknown conf=0.35 bbox=[237,79,640,435]
[DETECT] class=orange color=red conf=0.35 bbox=[440,218,562,312]
[DETECT] class=airplane color=unknown conf=0.72 bbox=[239,85,640,400]
[DETECT] class=sports ball color=red conf=0.49 bbox=[440,224,563,319]
[DETECT] class=airplane color=unknown conf=0.54 bbox=[241,81,640,476]
[DETECT] class=sports ball color=red conf=0.51 bbox=[439,235,562,330]
[SEARCH] target=green_chair rotating=30deg
[SKILL] turn values=(30.0,) t=55.92
[TURN] target=30.0 deg final_error=1.87 deg status=SUCCESS
[DETECT] class=chair color=green conf=0.86 bbox=[361,87,506,295]
[SKILL] turn values=(-29.40561380350761,) t=58.72
[TURN] target=-29.4 deg final_error=-1.96 deg status=SUCCESS
[DETECT] class=airplane color=unknown conf=0.62 bbox=[247,93,640,468]
[DETECT] class=chair color=green conf=0.49 bbox=[235,102,341,284]
[DETECT] class=sports ball color=red conf=0.36 bbox=[442,241,574,342]
[SKILL] move values=(0.25, 0.0, 0.0, 0.25) t=60.82
[MOVE] completed duration=0.25
[DETECT] class=chair color=green conf=0.30 bbox=[240,78,348,270]
[DETECT] class=sports ball color=red conf=0.29 bbox=[461,222,615,331]
[SKILL] move values=(0.25, 0.0, 0.0, 0.25) t=61.32
[MOVE] completed duration=0.25
[DETECT] class=chair color=green conf=0.46 bbox=[239,69,352,271]
[SKILL] move values=(0.25, 0.0, 0.0, 0.25) t=61.82
[MOVE] completed duration=0.25
[DETECT] class=chair color=green conf=0.55 bbox=[236,72,353,277]
[SKILL] move values=(0.25, 0.0, 0.0, 0.25) t=62.32
[MOVE] completed duration=0.25
[DETECT] class=chair color=green conf=0.53 bbox=[228,59,352,280]
[SKILL] move values=(0.25, 0.0, 0.0, 0.25) t=62.82
[MOVE] completed duration=0.25
[DETECT] class=chair color=green conf=0.65 bbox=[223,61,353,287]
[SKILL] move values=(0.25, 0.0, 0.0, 0.25) t=63.32
[MOVE] completed duration=0.25
[DETECT] class=chair color=green conf=0.78 bbox=[214,45,351,291]
[SKILL] move values=(0.25, 0.0, 0.0, 0.25) t=63.82
[MOVE] completed duration=0.25
[DETECT] class=chair color=green conf=0.85 bbox=[206,45,351,299]
[SKILL] turn values=(11.644170882338656,) t=64.32
[TURN] target=11.6 deg final_error=1.85 deg status=SUCCESS
[DETECT] class=chair color=green conf=0.83 bbox=[259,59,406,312]
[SKILL] move values=(0.25, 0.0, 0.0, 0.25) t=65.92
[MOVE] completed duration=0.25
[DETECT] class=chair color=green conf=0.89 bbox=[246,27,396,300]
[SKILL] move values=(0.25, 0.0, 0.0, 0.25) t=66.42
[MOVE] completed duration=0.25
[DETECT] class=chair color=green conf=0.91 bbox=[237,29,396,308]
[SKILL] move values=(0.25, 0.0, 0.0, 0.25) t=66.92
[MOVE] completed duration=0.25
[DETECT] class=chair color=green conf=0.88 bbox=[229,7,396,316]
[SKILL] move values=(0.25, 0.0, 0.0, 0.25) t=67.42
[MOVE] completed duration=0.25
[DETECT] class=chair color=green conf=0.86 bbox=[223,5,400,327]
[DETECT] class=airplane color=unknown conf=0.26 bbox=[220,5,639,469]
[SKILL] move values=(0.25, 0.0, 0.0, 0.25) t=67.92
[MOVE] completed duration=0.25
[DETECT] class=chair color=green conf=0.80 bbox=[212,0,402,337]
[SKILL] move values=(0.25, 0.0, 0.0, 0.25) t=68.42
[MOVE] completed duration=0.25
[DETECT] class=chair color=green conf=0.83 bbox=[204,0,407,354]
[SKILL] move values=(0.25, 0.0, 0.0, 0.25) t=68.92
[MOVE] completed duration=0.25
[DETECT] class=chair color=green conf=0.85 bbox=[189,1,409,368]
[SKILL] move values=(0.25, 0.0, 0.0, 0.25) t=69.42
[MOVE] completed duration=0.25
[DETECT] class=chair color=green conf=0.81 bbox=[175,0,414,394]
[SKILL] move values=(0.25, 0.0, 0.0, 0.25) t=69.92
[MOVE] completed duration=0.25
[DETECT] class=chair color=green conf=0.85 bbox=[156,0,415,414]
[SKILL] move values=(0.25, 0.0, 0.0, 0.25) t=70.42
[MOVE] completed duration=0.25
[DETECT] class=chair color=green conf=0.52 bbox=[139,0,421,463]
[SKILL] move values=(0.25, 0.0, 0.0, 0.25) t=70.92
[MOVE] completed duration=0.25
[DETECT] class=chair color=green conf=0.53 bbox=[110,1,427,477]
[DETECT] class=chair color=green conf=0.26 bbox=[110,0,605,480]
[APPROACH] final_visual_steps=1
[SKILL] move values=(0.2, 0.0, 0.0, 0.25) t=71.42
[MOVE] completed duration=0.25
[DETECT] class=chair color=green conf=0.60 bbox=[92,1,432,476]
[FOUND] class=chair color=green t=69.8 s d=0.76 m
[MISSION] status=SUCCESS
[DETECT] class=chair color=green conf=0.58 bbox=[92,1,434,477]
[TRIAL] result=task4_evidence\2026-09-30-benchmark-v7\05_green_center\result.json success=True
