[KEYBOARD] evdev not installed; browser keyboard control is available
[MAP] switched to object_lab
[TRIAL] class=chair color=red source=explicit_target start=[1.0, -1.0, 180.0]
[SEARCH] target=red_chair rotating=30deg
[SKILL] turn values=(30.0,) t=2.32
[TURN] target=30.0 deg final_error=1.99 deg status=SUCCESS
[DETECT] class=airplane color=unknown conf=0.70 bbox=[1,200,640,479]
[DETECT] class=airplane color=unknown conf=0.70 bbox=[1,199,640,479]
[DETECT] class=airplane color=unknown conf=0.69 bbox=[1,199,640,478]
[SEARCH] target=red_chair rotating=30deg
[SKILL] turn values=(30.0,) t=5.32
[TURN] target=30.0 deg final_error=1.98 deg status=SUCCESS
[DETECT] class=airplane color=unknown conf=0.69 bbox=[0,200,638,479]
[DETECT] class=airplane color=unknown conf=0.67 bbox=[0,200,638,478]
[DETECT] class=airplane color=unknown conf=0.68 bbox=[0,198,638,479]
[SEARCH] target=red_chair rotating=30deg
[SKILL] turn values=(30.0,) t=8.32
[TURN] target=30.0 deg final_error=1.88 deg status=SUCCESS
[SEARCH] target=red_chair rotating=30deg
[SKILL] turn values=(30.0,) t=11.32
[TURN] target=30.0 deg final_error=1.92 deg status=SUCCESS
[DETECT] class=airplane color=unknown conf=0.53 bbox=[0,199,638,478]
[DETECT] class=airplane color=unknown conf=0.51 bbox=[0,199,637,478]
[DETECT] class=airplane color=unknown conf=0.47 bbox=[0,199,638,478]
[SEARCH] target=red_chair rotating=30deg
[SKILL] turn values=(30.0,) t=14.32
[TURN] target=30.0 deg final_error=1.90 deg status=SUCCESS
[DETECT] class=airplane color=unknown conf=0.28 bbox=[2,83,639,479]
[DETECT] class=airplane color=unknown conf=0.44 bbox=[0,82,640,480]
[DETECT] class=airplane color=unknown conf=0.41 bbox=[0,80,640,479]
[SEARCH] target=red_chair rotating=30deg
[SKILL] turn values=(30.0,) t=17.32
[TURN] target=30.0 deg final_error=1.93 deg status=SUCCESS
[DETECT] class=chair color=red conf=0.81 bbox=[160,121,265,267]
[SKILL] turn values=(28.093580477031818,) t=20.12
[TURN] target=28.1 deg final_error=1.98 deg status=SUCCESS
[DETECT] class=chair color=red conf=0.77 bbox=[285,124,372,265]
[DETECT] class=orange color=red conf=0.47 bbox=[135,219,200,272]
[DETECT] class=chair color=green conf=0.27 bbox=[47,125,150,258]
[SKILL] move values=(0.25, 0.0, 0.0, 0.25) t=22.82
[MOVE] completed duration=0.25
[DETECT] class=chair color=red conf=0.45 bbox=[272,106,363,250]
[DETECT] class=orange color=red conf=0.36 bbox=[105,204,179,262]
[SKILL] move values=(0.25, 0.0, 0.0, 0.25) t=23.32
[MOVE] completed duration=0.25
[DETECT] class=airplane color=unknown conf=0.49 bbox=[0,104,283,325]
[DETECT] class=sports ball color=red conf=0.42 bbox=[90,210,171,271]
[DETECT] class=chair color=red conf=0.34 bbox=[267,98,358,253]
[SKILL] move values=(0.25, 0.0, 0.0, 0.25) t=23.82
[MOVE] completed duration=0.25
[DETECT] class=chair color=red conf=0.46 bbox=[261,101,357,259]
[DETECT] class=sports ball color=red conf=0.30 bbox=[69,210,158,274]
[SKILL] move values=(0.25, 0.0, 0.0, 0.25) t=24.32
[MOVE] completed duration=0.25
[DETECT] class=airplane color=unknown conf=0.53 bbox=[0,95,277,275]
[DETECT] class=chair color=red conf=0.47 bbox=[257,91,355,259]
[DETECT] class=sports ball color=red conf=0.44 bbox=[53,213,150,281]
[SKILL] move values=(0.25, 0.0, 0.0, 0.25) t=24.82
[MOVE] completed duration=0.25
[DETECT] class=chair color=red conf=0.68 bbox=[253,95,355,266]
[DETECT] class=sports ball color=red conf=0.64 bbox=[26,214,136,287]
[SKILL] move values=(0.25, 0.0, 0.0, 0.25) t=25.32
[MOVE] completed duration=0.25
[DETECT] class=sports ball color=red conf=0.64 bbox=[4,219,125,295]
[DETECT] class=chair color=red conf=0.51 bbox=[245,83,352,265]
[DETECT] class=airplane color=unknown conf=0.38 bbox=[0,86,261,354]
[SKILL] move values=(0.25, 0.0, 0.0, 0.25) t=25.82
[MOVE] completed duration=0.25
[DETECT] class=sports ball color=red conf=0.51 bbox=[0,218,107,301]
[DETECT] class=airplane color=unknown conf=0.35 bbox=[0,80,254,370]
[DETECT] class=chair color=red conf=0.28 bbox=[241,87,353,271]
[SKILL] move values=(0.25, 0.0, 0.0, 0.25) t=26.32
[MOVE] completed duration=0.25
[DETECT] class=chair color=red conf=0.85 bbox=[234,76,351,272]
[DETECT] class=sports ball color=red conf=0.47 bbox=[0,224,93,315]
[DETECT] class=airplane color=unknown conf=0.26 bbox=[0,133,253,385]
[SKILL] move values=(0.25, 0.0, 0.0, 0.25) t=26.82
[MOVE] completed duration=0.25
[DETECT] class=chair color=red conf=0.84 bbox=[229,78,350,278]
[SKILL] move values=(0.25, 0.0, 0.0, 0.25) t=27.32
[MOVE] completed duration=0.25
[DETECT] class=chair color=red conf=0.63 bbox=[221,65,349,282]
[DETECT] class=sports ball color=red conf=0.56 bbox=[0,235,56,327]
[SKILL] move values=(0.25, 0.0, 0.0, 0.25) t=27.82
[MOVE] completed duration=0.25
[DETECT] class=chair color=red conf=0.85 bbox=[213,68,349,290]
[SKILL] turn values=(10.960224277005036,) t=28.32
[TURN] target=11.0 deg final_error=1.97 deg status=SUCCESS
[DETECT] class=chair color=red conf=0.90 bbox=[261,78,397,302]
[DETECT] class=sports ball color=red conf=0.72 bbox=[0,234,115,328]
[SKILL] move values=(0.25, 0.0, 0.0, 0.25) t=29.82
[MOVE] completed duration=0.25
[DETECT] class=chair color=red conf=0.77 bbox=[248,50,388,291]
[DETECT] class=sports ball color=red conf=0.29 bbox=[0,227,91,331]
[SKILL] move values=(0.25, 0.0, 0.0, 0.25) t=30.32
[MOVE] completed duration=0.25
[DETECT] class=chair color=red conf=0.64 bbox=[240,54,385,294]
[SKILL] move values=(0.25, 0.0, 0.0, 0.25) t=30.82
[MOVE] completed duration=0.25
[DETECT] class=chair color=red conf=0.53 bbox=[233,39,386,302]
[SKILL] move values=(0.25, 0.0, 0.0, 0.25) t=31.32
[MOVE] completed duration=0.25
[DETECT] class=chair color=red conf=0.80 bbox=[225,42,389,314]
[SKILL] move values=(0.25, 0.0, 0.0, 0.25) t=31.82
[MOVE] completed duration=0.25
[DETECT] class=chair color=red conf=0.71 bbox=[216,21,389,317]
[SKILL] move values=(0.25, 0.0, 0.0, 0.25) t=32.32
[MOVE] completed duration=0.25
[DETECT] class=chair color=red conf=0.71 bbox=[206,23,392,332]
[SKILL] move values=(0.25, 0.0, 0.0, 0.25) t=32.82
[MOVE] completed duration=0.25
[DETECT] class=chair color=red conf=0.52 bbox=[193,0,391,345]
[SKILL] move values=(0.25, 0.0, 0.0, 0.25) t=33.32
[MOVE] completed duration=0.25
[DETECT] class=chair color=red conf=0.48 bbox=[180,0,396,398]
[SKILL] move values=(0.25, 0.0, 0.0, 0.25) t=33.82
[MOVE] completed duration=0.25
[DETECT] class=chair color=red conf=0.57 bbox=[161,0,395,390]
[SKILL] move values=(0.25, 0.0, 0.0, 0.25) t=34.42
[MOVE] completed duration=0.25
[DETECT] class=chair color=red conf=0.81 bbox=[142,0,401,408]
[SKILL] move values=(0.25, 0.0, 0.0, 0.25) t=34.92
[MOVE] completed duration=0.25
[DETECT] class=chair color=red conf=0.79 bbox=[114,0,402,474]
[APPROACH] final_visual_steps=3
[SKILL] move values=(0.2, 0.0, 0.0, 0.25) t=35.42
[MOVE] completed duration=0.25
[SKILL] move values=(0.2, 0.0, 0.0, 0.25) t=35.72
[MOVE] completed duration=0.25
[SKILL] move values=(0.2, 0.0, 0.0, 0.25) t=36.02
[MOVE] completed duration=0.25
[DETECT] class=chair color=red conf=0.74 bbox=[51,2,403,479]
[FOUND] class=chair color=red t=34.4 s d=0.77 m
[MISSION] status=SUCCESS
[DETECT] class=chair color=red conf=0.56 bbox=[57,2,406,480]
[TRIAL] result=task4_evidence\2026-09-30-benchmark-v7\08_red_hidden\result.json success=True
