[KEYBOARD] evdev not installed; browser keyboard control is available
[MAP] switched to object_lab
[DETECT] class=sports ball color=red conf=0.34 bbox=[423,221,498,283]
[DETECT] class=orange color=red conf=0.27 bbox=[423,220,498,283]
[TRIAL] class=chair color=green source=explicit_target start=[1.0, 0.0, 30.0]
[DETECT] class=sports ball color=red conf=0.34 bbox=[423,221,498,283]
[DETECT] class=orange color=red conf=0.27 bbox=[423,220,498,283]
[DETECT] class=sports ball color=red conf=0.33 bbox=[423,221,498,283]
[DETECT] class=orange color=red conf=0.30 bbox=[423,220,498,283]
[DETECT] class=sports ball color=red conf=0.32 bbox=[423,221,498,283]
[DETECT] class=orange color=red conf=0.26 bbox=[423,220,498,283]
[SEARCH] target=green_chair rotating=30deg
[SKILL] turn values=(30.0,) t=2.42
[TURN] target=30.0 deg final_error=1.96 deg status=SUCCESS
[DETECT] class=chair color=green conf=0.57 bbox=[414,112,542,267]
[SKILL] turn values=(-38.116706379219266,) t=5.22
[TURN] target=-38.1 deg final_error=-1.86 deg status=SUCCESS
[DETECT] class=chair color=green conf=0.51 bbox=[253,128,327,253]
[DETECT] class=orange color=red conf=0.29 bbox=[374,221,436,278]
[SKILL] move values=(0.25, 0.0, 0.0, 0.25) t=7.72
[MOVE] completed duration=0.25
[DETECT] class=chair color=green conf=0.55 bbox=[254,109,331,241]
[DETECT] class=sports ball color=red conf=0.34 bbox=[380,205,446,266]
[SKILL] move values=(0.25, 0.0, 0.0, 0.25) t=8.22
[MOVE] completed duration=0.25
[DETECT] class=chair color=green conf=0.47 bbox=[254,105,334,243]
[SKILL] move values=(0.25, 0.0, 0.0, 0.25) t=8.72
[MOVE] completed duration=0.25
[DETECT] class=airplane color=unknown conf=0.27 bbox=[250,78,640,456]
[DETECT] class=airplane color=unknown conf=0.26 bbox=[247,78,639,354]
[DETECT] class=orange color=red conf=0.25 bbox=[384,214,458,279]
[DETECT] class=orange color=red conf=0.35 bbox=[385,218,458,284]
[SEARCH] target=green_chair rotating=30deg
[SKILL] turn values=(30.0,) t=9.42
[TURN] target=30.0 deg final_error=1.88 deg status=SUCCESS
[DETECT] class=chair color=green conf=0.67 bbox=[370,113,481,266]
[SKILL] turn values=(-27.648919837363273,) t=12.12
[TURN] target=-27.6 deg final_error=-1.93 deg status=SUCCESS
[DETECT] class=chair color=green conf=0.56 bbox=[256,122,337,262]
[DETECT] class=sports ball color=red conf=0.30 bbox=[392,227,470,296]
[DETECT] class=orange color=red conf=0.26 bbox=[392,228,470,295]
[SKILL] move values=(0.25, 0.0, 0.0, 0.25) t=14.02
[MOVE] completed duration=0.25
[DETECT] class=airplane color=unknown conf=0.53 bbox=[258,61,639,279]
[DETECT] class=orange color=red conf=0.30 bbox=[404,211,488,285]
[DETECT] class=sports ball color=red conf=0.25 bbox=[403,211,489,284]
[DETECT] class=airplane color=unknown conf=0.44 bbox=[259,76,640,476]
[DETECT] class=airplane color=unknown conf=0.39 bbox=[261,77,640,288]
[DETECT] class=orange color=red conf=0.27 bbox=[404,220,489,293]
[DETECT] class=orange color=red conf=0.58 bbox=[403,230,488,303]
[DETECT] class=airplane color=unknown conf=0.47 bbox=[264,97,639,373]
[DETECT] class=chair color=green conf=0.30 bbox=[263,120,347,262]
[SKILL] move values=(0.25, 0.0, 0.0, 0.25) t=14.72
[MOVE] completed duration=0.25
[DETECT] class=airplane color=unknown conf=0.75 bbox=[257,94,640,374]
[DETECT] class=orange color=red conf=0.45 bbox=[406,215,497,293]
[DETECT] class=airplane color=unknown conf=0.27 bbox=[257,102,640,290]
[DETECT] class=airplane color=unknown conf=0.84 bbox=[257,94,640,362]
[DETECT] class=orange color=red conf=0.26 bbox=[406,218,497,295]
[DETECT] class=airplane color=unknown conf=0.74 bbox=[257,96,640,375]
[DETECT] class=orange color=red conf=0.31 bbox=[406,225,496,303]
[DETECT] class=sports ball color=red conf=0.30 bbox=[406,225,496,303]
[SEARCH] target=green_chair rotating=30deg
[SKILL] turn values=(30.0,) t=15.50
[TURN] target=30.0 deg final_error=1.92 deg status=SUCCESS
[DETECT] class=chair color=green conf=0.70 bbox=[377,104,502,273]
[SKILL] turn values=(-30.684638444626298,) t=18.22
[TURN] target=-30.7 deg final_error=-1.83 deg status=SUCCESS
[DETECT] class=airplane color=unknown conf=0.84 bbox=[246,83,638,464]
[DETECT] class=airplane color=unknown conf=0.78 bbox=[248,81,639,407]
[DETECT] class=chair color=green conf=0.35 bbox=[250,118,336,268]
[SKILL] move values=(0.25, 0.0, 0.0, 0.25) t=20.72
[MOVE] completed duration=0.25
[DETECT] class=airplane color=unknown conf=0.59 bbox=[255,95,640,366]
[DETECT] class=airplane color=unknown conf=0.59 bbox=[252,117,640,332]
[DETECT] class=airplane color=unknown conf=0.51 bbox=[256,104,640,418]
[DETECT] class=sports ball color=red conf=0.39 bbox=[409,224,508,308]
[DETECT] class=airplane color=unknown conf=0.56 bbox=[253,126,640,365]
[DETECT] class=sports ball color=red conf=0.44 bbox=[408,235,507,318]
[DETECT] class=airplane color=unknown conf=0.38 bbox=[255,126,640,471]
[DETECT] class=chair color=green conf=0.33 bbox=[256,115,344,268]
[SKILL] move values=(0.25, 0.0, 0.0, 0.25) t=21.44
[MOVE] completed duration=0.25
[DETECT] class=orange color=red conf=0.52 bbox=[411,223,519,311]
[DETECT] class=chair color=green conf=0.36 bbox=[252,96,345,258]
[DETECT] class=airplane color=unknown conf=0.30 bbox=[254,96,640,394]
[SKILL] move values=(0.25, 0.0, 0.0, 0.25) t=21.92
[MOVE] completed duration=0.25
[DETECT] class=airplane color=unknown conf=0.49 bbox=[244,87,639,395]
[DETECT] class=chair color=green conf=0.43 bbox=[245,85,341,258]
[DETECT] class=sports ball color=red conf=0.37 bbox=[417,218,537,314]
[DETECT] class=orange color=red conf=0.29 bbox=[417,219,537,314]
[SKILL] move values=(0.25, 0.0, 0.0, 0.25) t=22.42
[MOVE] completed duration=0.25
[DETECT] class=orange color=red conf=0.41 bbox=[418,227,546,329]
[DETECT] class=airplane color=unknown conf=0.26 bbox=[240,85,640,432]
[DETECT] class=orange color=red conf=0.53 bbox=[418,228,546,330]
[DETECT] class=chair color=green conf=0.39 bbox=[239,86,339,264]
[DETECT] class=airplane color=unknown conf=0.35 bbox=[239,85,640,421]
[SKILL] move values=(0.25, 0.0, 0.0, 0.25) t=23.02
[MOVE] completed duration=0.25
[DETECT] class=chair color=green conf=0.71 bbox=[233,74,337,266]
[DETECT] class=orange color=red conf=0.28 bbox=[427,223,574,336]
[SKILL] move values=(0.25, 0.0, 0.0, 0.25) t=23.52
[MOVE] completed duration=0.25
[DETECT] class=chair color=green conf=0.47 bbox=[228,79,336,272]
[SKILL] move values=(0.25, 0.0, 0.0, 0.25) t=24.02
[MOVE] completed duration=0.25
[DETECT] class=chair color=green conf=0.68 bbox=[221,65,333,274]
[SKILL] turn values=(12.05294241958253,) t=24.52
[TURN] target=12.1 deg final_error=1.76 deg status=SUCCESS
[DETECT] class=chair color=green conf=0.66 bbox=[272,90,387,287]
[SKILL] move values=(0.25, 0.0, 0.0, 0.25) t=26.22
[MOVE] completed duration=0.25
[DETECT] class=chair color=green conf=0.59 bbox=[262,60,379,274]
[SKILL] move values=(0.25, 0.0, 0.0, 0.25) t=26.72
[MOVE] completed duration=0.25
[DETECT] class=chair color=green conf=0.81 bbox=[256,64,379,282]
[SKILL] move values=(0.25, 0.0, 0.0, 0.25) t=27.22
[MOVE] completed duration=0.25
[DETECT] class=chair color=green conf=0.76 bbox=[251,46,378,283]
[SKILL] move values=(0.25, 0.0, 0.0, 0.25) t=27.72
[MOVE] completed duration=0.25
[DETECT] class=chair color=green conf=0.80 bbox=[245,47,380,290]
[DETECT] class=umbrella color=red conf=0.48 bbox=[556,284,640,466]
[SKILL] move values=(0.25, 0.0, 0.0, 0.25) t=28.22
[MOVE] completed duration=0.25
[DETECT] class=chair color=green conf=0.89 bbox=[237,27,380,296]
[DETECT] class=umbrella color=red conf=0.64 bbox=[594,307,640,453]
[SKILL] move values=(0.25, 0.0, 0.0, 0.25) t=28.72
[MOVE] completed duration=0.25
[DETECT] class=chair color=green conf=0.92 bbox=[231,29,382,306]
[DETECT] class=person color=red conf=0.28 bbox=[618,349,640,452]
[SKILL] move values=(0.25, 0.0, 0.0, 0.25) t=29.22
[MOVE] completed duration=0.25
[DETECT] class=chair color=green conf=0.89 bbox=[223,4,380,313]
[SKILL] move values=(0.25, 0.0, 0.0, 0.25) t=29.72
[MOVE] completed duration=0.25
[DETECT] class=chair color=green conf=0.90 bbox=[215,5,384,325]
[SKILL] move values=(0.25, 0.0, 0.0, 0.25) t=30.22
[MOVE] completed duration=0.25
[DETECT] class=chair color=green conf=0.83 bbox=[203,2,382,334]
[SKILL] move values=(0.25, 0.0, 0.0, 0.25) t=30.72
[MOVE] completed duration=0.25
[DETECT] class=chair color=green conf=0.84 bbox=[192,1,386,349]
[SKILL] move values=(0.25, 0.0, 0.0, 0.25) t=31.22
[MOVE] completed duration=0.25
[DETECT] class=chair color=green conf=0.82 bbox=[178,1,383,365]
[SKILL] move values=(0.25, 0.0, 0.0, 0.25) t=31.72
[MOVE] completed duration=0.25
[DETECT] class=chair color=green conf=0.82 bbox=[166,1,386,386]
[SKILL] move values=(0.25, 0.0, 0.0, 0.25) t=32.22
[MOVE] completed duration=0.25
[DETECT] class=chair color=green conf=0.88 bbox=[145,0,387,411]
[SKILL] move values=(0.25, 0.0, 0.0, 0.25) t=32.72
[MOVE] completed duration=0.25
[DETECT] class=chair color=green conf=0.74 bbox=[126,0,395,467]
[DETECT] class=chair color=green conf=0.55 bbox=[126,1,588,457]
[APPROACH] final_visual_steps=4
[SKILL] move values=(0.2, 0.0, 0.0, 0.25) t=33.22
[MOVE] completed duration=0.25
[SKILL] move values=(0.2, 0.0, 0.0, 0.25) t=33.50
[MOVE] completed duration=0.25
[SKILL] move values=(0.2, 0.0, 0.0, 0.25) t=33.78
[MOVE] completed duration=0.25
[SKILL] move values=(0.2, 0.0, 0.0, 0.25) t=34.10
[MOVE] completed duration=0.25
[DETECT] class=chair color=green conf=0.55 bbox=[5,2,593,479]
[DETECT] class=chair color=green conf=0.53 bbox=[5,1,392,477]
[FOUND] class=chair color=green t=32.6 s d=0.80 m
[MISSION] status=SUCCESS
[TRIAL] result=task4_evidence\2026-09-30-benchmark-v7\09_green_angled\result.json success=True
