[KEYBOARD] evdev not installed; browser keyboard control is available
[MAP] switched to object_lab
[DETECT] class=sports ball color=red conf=0.60 bbox=[136,222,212,284]
[DETECT] class=airplane color=unknown conf=0.26 bbox=[0,82,328,283]
[TRIAL] class=chair color=red source=explicit_target start=[1.0, 0.0, -30.0]
[DETECT] class=sports ball color=red conf=0.60 bbox=[136,222,212,284]
[DETECT] class=airplane color=unknown conf=0.26 bbox=[0,82,328,283]
[DETECT] class=sports ball color=red conf=0.56 bbox=[136,222,212,284]
[DETECT] class=airplane color=unknown conf=0.25 bbox=[0,82,328,283]
[DETECT] class=sports ball color=red conf=0.57 bbox=[136,222,212,284]
[DETECT] class=airplane color=unknown conf=0.25 bbox=[0,83,329,284]
[SEARCH] target=red_chair rotating=30deg
[SKILL] turn values=(30.0,) t=2.38
[TURN] target=30.0 deg final_error=1.90 deg status=SUCCESS
[DETECT] class=chair color=green conf=0.89 bbox=[138,124,239,262]
[DETECT] class=chair color=red conf=0.70 bbox=[390,131,469,259]
[DETECT] class=chair color=red conf=0.40 bbox=[386,131,469,338]
[SKILL] turn values=(-28.534587219490103,) t=5.12
[TURN] target=-28.5 deg final_error=-1.88 deg status=SUCCESS
[DETECT] class=chair color=red conf=0.57 bbox=[273,136,334,253]
[DETECT] class=sports ball color=red conf=0.48 bbox=[137,230,214,293]
[DETECT] class=airplane color=unknown conf=0.28 bbox=[0,98,304,288]
[SKILL] move values=(0.25, 0.0, 0.0, 0.25) t=7.12
[MOVE] completed duration=0.25
[DETECT] class=sports ball color=red conf=0.33 bbox=[141,212,218,276]
[DETECT] class=chair color=red conf=0.31 bbox=[280,120,342,241]
[DETECT] class=airplane color=unknown conf=0.30 bbox=[0,75,344,272]
[SKILL] move values=(0.25, 0.0, 0.0, 0.25) t=7.62
[MOVE] completed duration=0.25
[DETECT] class=sports ball color=red conf=0.42 bbox=[135,213,216,279]
[DETECT] class=sports ball color=red conf=0.65 bbox=[134,220,215,286]
[DETECT] class=sports ball color=red conf=0.61 bbox=[136,227,215,293]
[SEARCH] target=red_chair rotating=30deg
[SKILL] turn values=(30.0,) t=8.32
[TURN] target=30.0 deg final_error=1.89 deg status=SUCCESS
[DETECT] class=chair color=green conf=0.79 bbox=[140,124,240,263]
[DETECT] class=chair color=red conf=0.77 bbox=[398,127,485,266]
[DETECT] class=orange color=red conf=0.37 bbox=[285,223,340,278]
[DETECT] class=chair color=red conf=0.34 bbox=[396,126,486,352]
[SKILL] turn values=(-31.103641589590854,) t=10.92
[TURN] target=-31.1 deg final_error=-1.74 deg status=SUCCESS
[DETECT] class=chair color=red conf=0.73 bbox=[264,136,328,257]
[DETECT] class=orange color=red conf=0.43 bbox=[109,236,197,304]
[SKILL] move values=(0.25, 0.0, 0.0, 0.25) t=13.32
[MOVE] completed duration=0.25
[DETECT] class=chair color=red conf=0.63 bbox=[269,116,334,243]
[DETECT] class=sports ball color=red conf=0.47 bbox=[108,216,199,287]
[DETECT] class=orange color=red conf=0.34 bbox=[108,216,199,287]
[SKILL] move values=(0.25, 0.0, 0.0, 0.25) t=13.82
[MOVE] completed duration=0.25
[DETECT] class=orange color=red conf=0.42 bbox=[90,215,190,290]
[DETECT] class=sports ball color=red conf=0.28 bbox=[90,215,189,290]
[DETECT] class=orange color=red conf=0.47 bbox=[89,217,189,292]
[DETECT] class=sports ball color=red conf=0.28 bbox=[89,217,189,292]
[DETECT] class=sports ball color=red conf=0.35 bbox=[90,224,189,299]
[DETECT] class=chair color=red conf=0.34 bbox=[265,120,333,250]
[DETECT] class=orange color=red conf=0.34 bbox=[90,224,189,299]
[SKILL] move values=(0.25, 0.0, 0.0, 0.25) t=14.52
[MOVE] completed duration=0.25
[DETECT] class=sports ball color=red conf=0.45 bbox=[74,218,183,297]
[DETECT] class=chair color=red conf=0.38 bbox=[263,110,334,246]
[SKILL] move values=(0.25, 0.0, 0.0, 0.25) t=15.02
[MOVE] completed duration=0.25
[DETECT] class=sports ball color=red conf=0.58 bbox=[51,219,172,304]
[DETECT] class=sports ball color=red conf=0.75 bbox=[50,223,171,307]
[DETECT] class=sports ball color=red conf=0.62 bbox=[53,230,172,316]
[DETECT] class=chair color=red conf=0.34 bbox=[259,118,333,256]
[SKILL] move values=(0.25, 0.0, 0.0, 0.25) t=15.72
[MOVE] completed duration=0.25
[DETECT] class=sports ball color=red conf=0.66 bbox=[32,223,164,314]
[DETECT] class=chair color=red conf=0.30 bbox=[258,106,333,249]
[SKILL] move values=(0.25, 0.0, 0.0, 0.25) t=16.22
[MOVE] completed duration=0.25
[DETECT] class=sports ball color=red conf=0.37 bbox=[1,225,151,322]
[DETECT] class=sports ball color=red conf=0.26 bbox=[0,227,150,326]
[DETECT] class=sports ball color=red conf=0.32 bbox=[1,236,151,335]
[SEARCH] target=red_chair rotating=30deg
[SKILL] turn values=(30.0,) t=16.92
[TURN] target=30.0 deg final_error=1.89 deg status=SUCCESS
[DETECT] class=chair color=green conf=0.73 bbox=[51,106,192,281]
[DETECT] class=chair color=red conf=0.55 bbox=[375,116,472,277]
[DETECT] class=orange color=red conf=0.43 bbox=[227,230,299,302]
[DETECT] class=airplane color=unknown conf=0.29 bbox=[34,107,477,365]
[SKILL] turn values=(-27.200613930138957,) t=19.62
[TURN] target=-27.2 deg final_error=-1.99 deg status=SUCCESS
[DETECT] class=sports ball color=red conf=0.71 bbox=[26,248,164,345]
[DETECT] class=sports ball color=red conf=0.48 bbox=[32,248,168,344]
[DETECT] class=chair color=red conf=0.43 bbox=[267,124,343,266]
[DETECT] class=sports ball color=red conf=0.37 bbox=[39,248,170,342]
[SKILL] move values=(0.25, 0.0, 0.0, 0.25) t=21.82
[MOVE] completed duration=0.25
[DETECT] class=sports ball color=red conf=0.40 bbox=[33,227,171,323]
[DETECT] class=chair color=red conf=0.30 bbox=[269,106,350,256]
[SKILL] move values=(0.25, 0.0, 0.0, 0.25) t=22.32
[MOVE] completed duration=0.25
[DETECT] class=sports ball color=red conf=0.54 bbox=[17,230,165,332]
[DETECT] class=chair color=red conf=0.63 bbox=[269,109,353,263]
[DETECT] class=sports ball color=red conf=0.41 bbox=[14,237,163,341]
[SKILL] move values=(0.25, 0.0, 0.0, 0.25) t=22.92
[MOVE] completed duration=0.25
[DETECT] class=sports ball color=red conf=0.41 bbox=[0,228,148,341]
[DETECT] class=sports ball color=red conf=0.27 bbox=[0,232,148,345]
[DETECT] class=chair color=red conf=0.30 bbox=[265,109,352,267]
[SKILL] move values=(0.25, 0.0, 0.0, 0.25) t=23.62
[MOVE] completed duration=0.25
[DETECT] class=chair color=red conf=0.54 bbox=[261,103,353,268]
[SKILL] move values=(0.25, 0.0, 0.0, 0.25) t=24.22
[MOVE] completed duration=0.25
[SEARCH] target=red_chair rotating=30deg
[SKILL] turn values=(30.0,) t=24.92
[TURN] target=30.0 deg final_error=1.89 deg status=SUCCESS
[DETECT] class=chair color=green conf=0.75 bbox=[23,95,178,290]
[DETECT] class=chair color=red conf=0.61 bbox=[384,97,513,298]
[DETECT] class=orange color=red conf=0.52 bbox=[191,238,284,327]
[DETECT] class=airplane color=unknown conf=0.35 bbox=[0,93,611,406]
[SKILL] turn values=(-32.54132594391877,) t=27.62
[TURN] target=-32.5 deg final_error=-1.99 deg status=SUCCESS
[DETECT] class=chair color=red conf=0.85 bbox=[240,112,336,282]
[SKILL] move values=(0.25, 0.0, 0.0, 0.25) t=29.92
[MOVE] completed duration=0.25
[DETECT] class=chair color=red conf=0.38 bbox=[246,91,348,271]
[SKILL] move values=(0.25, 0.0, 0.0, 0.25) t=30.42
[MOVE] completed duration=0.25
[DETECT] class=chair color=red conf=0.34 bbox=[245,96,349,278]
[SKILL] move values=(0.25, 0.0, 0.0, 0.25) t=31.02
[MOVE] completed duration=0.25
[DETECT] class=chair color=red conf=0.36 bbox=[239,86,348,277]
[DETECT] class=person color=red conf=0.26 bbox=[0,274,41,386]
[SKILL] move values=(0.25, 0.0, 0.0, 0.25) t=31.52
[MOVE] completed duration=0.25
[DETECT] class=chair color=red conf=0.79 bbox=[232,76,351,278]
[DETECT] class=person color=red conf=0.36 bbox=[0,319,9,369]
[SKILL] move values=(0.25, 0.0, 0.0, 0.25) t=32.02
[MOVE] completed duration=0.25
[DETECT] class=chair color=red conf=0.62 bbox=[226,77,350,286]
[SKILL] move values=(0.25, 0.0, 0.0, 0.25) t=32.52
[MOVE] completed duration=0.25
[DETECT] class=chair color=red conf=0.59 bbox=[216,65,348,291]
[SKILL] move values=(0.25, 0.0, 0.0, 0.25) t=33.02
[MOVE] completed duration=0.25
[DETECT] class=chair color=red conf=0.82 bbox=[207,65,348,297]
[SKILL] turn values=(11.916821427918299,) t=33.52
[TURN] target=11.9 deg final_error=1.93 deg status=SUCCESS
[DETECT] class=chair color=red conf=0.81 bbox=[266,81,402,310]
[SKILL] move values=(0.25, 0.0, 0.0, 0.25) t=35.12
[MOVE] completed duration=0.25
[DETECT] class=chair color=red conf=0.84 bbox=[249,55,396,299]
[SKILL] move values=(0.25, 0.0, 0.0, 0.25) t=35.62
[MOVE] completed duration=0.25
[DETECT] class=chair color=red conf=0.90 bbox=[238,56,393,304]
[SKILL] move values=(0.25, 0.0, 0.0, 0.25) t=36.12
[MOVE] completed duration=0.25
[DETECT] class=chair color=red conf=0.83 bbox=[228,43,397,311]
[SKILL] move values=(0.25, 0.0, 0.0, 0.25) t=36.62
[MOVE] completed duration=0.25
[DETECT] class=chair color=red conf=0.89 bbox=[220,42,400,323]
[SKILL] move values=(0.25, 0.0, 0.0, 0.25) t=37.12
[MOVE] completed duration=0.25
[DETECT] class=chair color=red conf=0.84 bbox=[205,25,406,330]
[SKILL] move values=(0.25, 0.0, 0.0, 0.25) t=37.62
[MOVE] completed duration=0.25
[DETECT] class=chair color=red conf=0.86 bbox=[193,24,413,343]
[SKILL] move values=(0.25, 0.0, 0.0, 0.25) t=38.12
[MOVE] completed duration=0.25
[DETECT] class=chair color=red conf=0.73 bbox=[172,2,420,356]
[SKILL] move values=(0.25, 0.0, 0.0, 0.25) t=38.62
[MOVE] completed duration=0.25
[DETECT] class=chair color=red conf=0.43 bbox=[152,0,429,390]
[SKILL] move values=(0.25, 0.0, 0.0, 0.25) t=39.12
[MOVE] completed duration=0.25
[DETECT] class=chair color=red conf=0.44 bbox=[116,0,447,476]
[APPROACH] final_visual_steps=1
[SKILL] move values=(0.2, 0.0, 0.0, 0.25) t=39.62
[MOVE] completed duration=0.25
[DETECT] class=chair color=red conf=0.49 bbox=[90,1,456,469]
[MISSION] status=FAIL reason=visual_stop_outside_0.80m distance_m=0.8195
[TRIAL] result=task4_evidence\2026-09-30-benchmark-v7\10_red_angled\result.json success=False
