[KEYBOARD] evdev not installed; browser keyboard control is available
[MAP] switched to object_lab
[DETECT] class=chair color=green conf=0.69 bbox=[168,107,250,226]
[DETECT] class=chair color=red conf=0.58 bbox=[390,107,462,225]
[DETECT] class=sports ball color=red conf=0.42 bbox=[296,189,339,232]
[TRIAL] class=chair color=green source=explicit_target start=(0, 0, 0)
[DETECT] class=chair color=green conf=0.69 bbox=[168,107,250,226]
[DETECT] class=chair color=red conf=0.58 bbox=[390,107,462,225]
[DETECT] class=sports ball color=red conf=0.42 bbox=[296,189,339,232]
[SKILL] turn values=(21.210415170304703,) t=2.12
[TURN] target=21.2 deg final_error=1.96 deg status=SUCCESS
[DETECT] class=chair color=red conf=0.61 bbox=[513,100,630,249]
[DETECT] class=chair color=green conf=0.37 bbox=[286,115,358,227]
[DETECT] class=sports ball color=red conf=0.31 bbox=[404,198,451,243]
[SKILL] move values=(0.25, 0.0, 0.0, 0.25) t=4.32
[MOVE] completed duration=0.25
[DETECT] class=chair color=green conf=0.64 bbox=[273,90,347,208]
[DETECT] class=chair color=red conf=0.60 bbox=[503,75,623,226]
[DETECT] class=orange color=red conf=0.37 bbox=[393,175,441,221]
[SKILL] move values=(0.25, 0.0, 0.0, 0.25) t=4.82
[MOVE] completed duration=0.25
[DETECT] class=chair color=green conf=0.63 bbox=[268,90,343,212]
[DETECT] class=chair color=red conf=0.58 bbox=[505,66,622,222]
[DETECT] class=orange color=red conf=0.33 bbox=[392,175,441,222]
[SKILL] move values=(0.25, 0.0, 0.0, 0.25) t=5.32
[MOVE] completed duration=0.25
[DETECT] class=chair color=green conf=0.69 bbox=[263,96,340,217]
[DETECT] class=chair color=red conf=0.65 bbox=[499,81,617,235]
[DETECT] class=orange color=red conf=0.63 bbox=[389,183,438,230]
[SKILL] move values=(0.25, 0.0, 0.0, 0.25) t=5.82
[MOVE] completed duration=0.25
[DETECT] class=chair color=red conf=0.57 bbox=[504,64,625,226]
[DETECT] class=chair color=green conf=0.51 bbox=[257,87,337,214]
[DETECT] class=sports ball color=red conf=0.31 bbox=[389,175,440,225]
[SKILL] move values=(0.25, 0.0, 0.0, 0.25) t=6.32
[MOVE] completed duration=0.25
[DETECT] class=chair color=green conf=0.72 bbox=[254,93,333,220]
[DETECT] class=chair color=red conf=0.62 bbox=[499,78,620,238]
[DETECT] class=orange color=red conf=0.52 bbox=[385,184,436,232]
[SKILL] move values=(0.25, 0.0, 0.0, 0.25) t=6.82
[MOVE] completed duration=0.25
[DETECT] class=chair color=red conf=0.74 bbox=[504,60,626,226]
[DETECT] class=chair color=green conf=0.50 bbox=[249,84,329,217]
[DETECT] class=orange color=red conf=0.32 bbox=[385,176,439,227]
[SKILL] move values=(0.25, 0.0, 0.0, 0.25) t=7.32
[MOVE] completed duration=0.25
[DETECT] class=chair color=red conf=0.76 bbox=[499,74,622,239]
[DETECT] class=chair color=green conf=0.69 bbox=[244,89,327,223]
[DETECT] class=orange color=red conf=0.62 bbox=[382,184,436,236]
[SKILL] move values=(0.25, 0.0, 0.0, 0.25) t=7.82
[MOVE] completed duration=0.25
[DETECT] class=chair color=green conf=0.76 bbox=[238,81,324,221]
[DETECT] class=chair color=red conf=0.57 bbox=[503,57,629,229]
[DETECT] class=orange color=red conf=0.52 bbox=[382,177,438,231]
[SKILL] turn values=(7.764606540326197,) t=8.32
[TURN] target=7.8 deg final_error=1.83 deg status=SUCCESS
[DETECT] class=orange color=red conf=0.50 bbox=[415,200,474,256]
[DETECT] class=chair color=green conf=0.40 bbox=[273,100,359,234]
[SKILL] move values=(0.25, 0.0, 0.0, 0.25) t=9.22
[MOVE] completed duration=0.25
[DETECT] class=chair color=green conf=0.69 bbox=[257,77,344,217]
[DETECT] class=orange color=red conf=0.47 bbox=[401,177,461,233]
[SKILL] move values=(0.25, 0.0, 0.0, 0.25) t=9.72
[MOVE] completed duration=0.25
[DETECT] class=chair color=green conf=0.64 bbox=[253,76,340,222]
[DETECT] class=orange color=red conf=0.59 bbox=[401,176,462,234]
[SKILL] move values=(0.25, 0.0, 0.0, 0.25) t=10.22
[MOVE] completed duration=0.25
[DETECT] class=chair color=green conf=0.42 bbox=[249,83,337,226]
[DETECT] class=orange color=red conf=0.37 bbox=[399,185,460,244]
[SKILL] move values=(0.25, 0.0, 0.0, 0.25) t=10.72
[MOVE] completed duration=0.25
[DETECT] class=chair color=green conf=0.57 bbox=[243,74,334,226]
[DETECT] class=orange color=red conf=0.45 bbox=[400,179,465,240]
[SKILL] move values=(0.25, 0.0, 0.0, 0.25) t=11.22
[MOVE] completed duration=0.25
[DETECT] class=chair color=green conf=0.75 bbox=[238,80,332,231]
[DETECT] class=orange color=red conf=0.34 bbox=[397,188,463,248]
[SKILL] move values=(0.25, 0.0, 0.0, 0.25) t=11.72
[MOVE] completed duration=0.25
[DETECT] class=chair color=green conf=0.75 bbox=[233,70,329,229]
[DETECT] class=orange color=red conf=0.46 bbox=[399,180,466,244]
[SKILL] turn values=(7.764606540326197,) t=12.22
[TURN] target=7.8 deg final_error=1.86 deg status=SUCCESS
[DETECT] class=chair color=green conf=0.72 bbox=[269,92,364,245]
[DETECT] class=sports ball color=red conf=0.59 bbox=[432,205,505,270]
[DETECT] class=airplane color=unknown conf=0.27 bbox=[270,79,640,416]
[SKILL] move values=(0.25, 0.0, 0.0, 0.25) t=13.12
[MOVE] completed duration=0.25
[DETECT] class=chair color=green conf=0.58 bbox=[253,66,350,227]
[DETECT] class=orange color=red conf=0.39 bbox=[419,181,492,247]
[DETECT] class=sports ball color=red conf=0.26 bbox=[420,181,491,247]
[SKILL] move values=(0.25, 0.0, 0.0, 0.25) t=13.62
[MOVE] completed duration=0.25
[DETECT] class=chair color=green conf=0.71 bbox=[242,69,341,229]
[DETECT] class=orange color=red conf=0.49 bbox=[412,184,483,250]
[SKILL] move values=(0.25, 0.0, 0.0, 0.25) t=14.12
[MOVE] completed duration=0.25
[DETECT] class=chair color=green conf=0.77 bbox=[238,65,337,232]
[DETECT] class=sports ball color=red conf=0.50 bbox=[413,181,487,249]
[SKILL] move values=(0.25, 0.0, 0.0, 0.25) t=14.62
[MOVE] completed duration=0.25
[DETECT] class=chair color=green conf=0.76 bbox=[233,72,335,238]
[DETECT] class=orange color=red conf=0.39 bbox=[410,191,485,260]
[DETECT] class=sports ball color=red conf=0.27 bbox=[410,191,485,260]
[SKILL] move values=(0.25, 0.0, 0.0, 0.25) t=15.12
[MOVE] completed duration=0.25
[DETECT] class=chair color=green conf=0.77 bbox=[226,61,332,237]
[DETECT] class=sports ball color=red conf=0.36 bbox=[413,184,491,256]
[SKILL] turn values=(8.1575602337863,) t=15.62
[TURN] target=8.2 deg final_error=1.98 deg status=SUCCESS
[DETECT] class=chair color=green conf=0.66 bbox=[265,84,369,253]
[DETECT] class=sports ball color=red conf=0.52 bbox=[449,210,535,285]
[SKILL] move values=(0.25, 0.0, 0.0, 0.25) t=16.52
[MOVE] completed duration=0.25
[DETECT] class=chair color=green conf=0.53 bbox=[250,57,359,235]
[DETECT] class=orange color=red conf=0.39 bbox=[439,188,525,263]
[DETECT] class=airplane color=unknown conf=0.34 bbox=[257,70,640,254]
[SKILL] move values=(0.25, 0.0, 0.0, 0.25) t=17.02
[MOVE] completed duration=0.25
[DETECT] class=sports ball color=red conf=0.57 bbox=[440,187,529,265]
[DETECT] class=chair color=green conf=0.50 bbox=[241,56,351,240]
[SKILL] move values=(0.25, 0.0, 0.0, 0.25) t=17.52
[MOVE] completed duration=0.25
[DETECT] class=sports ball color=red conf=0.66 bbox=[438,196,529,277]
[DETECT] class=chair color=green conf=0.53 bbox=[236,61,350,246]
[DETECT] class=airplane color=unknown conf=0.30 bbox=[243,69,640,263]
[SKILL] move values=(0.25, 0.0, 0.0, 0.25) t=18.02
[MOVE] completed duration=0.25
[DETECT] class=chair color=green conf=0.55 bbox=[230,49,345,244]
[DETECT] class=sports ball color=red conf=0.50 bbox=[441,188,540,273]
[DETECT] class=orange color=red conf=0.29 bbox=[441,188,540,273]
[SKILL] move values=(0.25, 0.0, 0.0, 0.25) t=18.52
[MOVE] completed duration=0.25
[DETECT] class=sports ball color=red conf=0.71 bbox=[440,198,541,286]
[DETECT] class=airplane color=unknown conf=0.62 bbox=[223,46,640,364]
[DETECT] class=chair color=green conf=0.54 bbox=[224,55,343,252]
[SKILL] move values=(0.25, 0.0, 0.0, 0.25) t=19.02
[MOVE] completed duration=0.25
[DETECT] class=chair color=green conf=0.72 bbox=[217,42,339,252]
[DETECT] class=sports ball color=red conf=0.42 bbox=[446,191,553,284]
[DETECT] class=orange color=red conf=0.30 bbox=[446,191,554,284]
[SKILL] turn values=(8.35375007254608,) t=19.52
[TURN] target=8.4 deg final_error=1.89 deg status=SUCCESS
[DETECT] class=chair color=green conf=0.76 bbox=[257,69,382,270]
[DETECT] class=sports ball color=red conf=0.55 bbox=[486,224,608,321]
[SKILL] move values=(0.25, 0.0, 0.0, 0.25) t=20.52
[MOVE] completed duration=0.25
[DETECT] class=chair color=green conf=0.63 bbox=[241,42,371,254]
[DETECT] class=orange color=red conf=0.57 bbox=[478,202,603,301]
[DETECT] class=sports ball color=red conf=0.41 bbox=[478,202,602,301]
[DETECT] class=airplane color=unknown conf=0.29 bbox=[238,39,639,407]
[SKILL] move values=(0.25, 0.0, 0.0, 0.25) t=21.04
[MOVE] completed duration=0.25
[DETECT] class=orange color=red conf=0.87 bbox=[481,198,613,303]
[DETECT] class=chair color=green conf=0.74 bbox=[233,37,364,257]
[DETECT] class=airplane color=unknown conf=0.28 bbox=[232,35,636,402]
[SKILL] move values=(0.25, 0.0, 0.0, 0.25) t=21.72
[MOVE] completed duration=0.25
[DETECT] class=chair color=green conf=0.83 bbox=[224,36,360,263]
[DETECT] class=orange color=red conf=0.72 bbox=[481,206,619,315]
[SKILL] move values=(0.25, 0.0, 0.0, 0.25) t=22.22
[MOVE] completed duration=0.25
[DETECT] class=chair color=green conf=0.83 bbox=[218,24,358,266]
[DETECT] class=orange color=red conf=0.39 bbox=[490,199,638,316]
[SKILL] move values=(0.25, 0.0, 0.0, 0.25) t=22.72
[MOVE] completed duration=0.25
[DETECT] class=chair color=green conf=0.76 bbox=[210,29,357,272]
[DETECT] class=sports ball color=red conf=0.29 bbox=[490,212,640,333]
[SKILL] move values=(0.25, 0.0, 0.0, 0.25) t=23.22
[MOVE] completed duration=0.25
[DETECT] class=chair color=green conf=0.92 bbox=[201,13,351,273]
[SKILL] turn values=(8.745534184711465,) t=23.72
[TURN] target=8.7 deg final_error=1.89 deg status=SUCCESS
[DETECT] class=chair color=green conf=0.74 bbox=[249,45,400,295]
[SKILL] move values=(0.25, 0.0, 0.0, 0.25) t=24.72
[MOVE] completed duration=0.25
[DETECT] class=chair color=green conf=0.82 bbox=[230,13,390,277]
[SKILL] move values=(0.25, 0.0, 0.0, 0.25) t=25.22
[MOVE] completed duration=0.25
[DETECT] class=chair color=green conf=0.81 bbox=[221,2,380,281]
[SKILL] move values=(0.25, 0.0, 0.0, 0.25) t=25.82
[MOVE] completed duration=0.25
[DETECT] class=chair color=green conf=0.86 bbox=[210,3,380,291]
[SKILL] move values=(0.25, 0.0, 0.0, 0.25) t=26.32
[MOVE] completed duration=0.25
[DETECT] class=chair color=green conf=0.89 bbox=[202,0,375,295]
[DETECT] class=person color=red conf=0.29 bbox=[584,238,640,380]
[SKILL] move values=(0.25, 0.0, 0.0, 0.25) t=26.92
[MOVE] completed duration=0.25
[DETECT] class=chair color=green conf=0.81 bbox=[191,0,377,303]
[SKILL] move values=(0.25, 0.0, 0.0, 0.25) t=27.52
[MOVE] completed duration=0.25
[DETECT] class=chair color=green conf=0.80 bbox=[182,0,374,309]
[DETECT] class=person color=red conf=0.35 bbox=[621,279,640,370]
[SKILL] turn values=(8.35375007254608,) t=28.02
[TURN] target=8.4 deg final_error=1.90 deg status=SUCCESS
[DETECT] class=chair color=green conf=0.91 bbox=[230,3,423,331]
[SKILL] move values=(0.25, 0.0, 0.0, 0.25) t=29.02
[MOVE] completed duration=0.25
[DETECT] class=chair color=green conf=0.57 bbox=[207,1,414,315]
[SKILL] move values=(0.25, 0.0, 0.0, 0.25) t=29.52
[MOVE] completed duration=0.25
[DETECT] class=chair color=green conf=0.86 bbox=[194,0,405,324]
[SKILL] move values=(0.25, 0.0, 0.0, 0.25) t=30.02
[MOVE] completed duration=0.25
[DETECT] class=chair color=green conf=0.54 bbox=[184,1,408,340]
[SKILL] move values=(0.25, 0.0, 0.0, 0.25) t=30.52
[MOVE] completed duration=0.25
[DETECT] class=chair color=green conf=0.31 bbox=[168,1,403,349]
[SKILL] move values=(0.25, 0.0, 0.0, 0.25) t=31.04
[MOVE] completed duration=0.25
[DETECT] class=chair color=green conf=0.79 bbox=[158,1,408,367]
[SKILL] move values=(0.25, 0.0, 0.0, 0.25) t=31.62
[MOVE] completed duration=0.25
[DETECT] class=chair color=green conf=0.61 bbox=[140,0,406,386]
[SKILL] turn values=(9.331657613441713,) t=32.12
[TURN] target=9.3 deg final_error=1.93 deg status=SUCCESS
[DETECT] class=chair color=green conf=0.57 bbox=[207,0,475,412]
[DETECT] class=chair color=green conf=0.41 bbox=[208,0,637,429]
[SKILL] turn values=(-19.715926142180543,) t=33.32
[TURN] target=-19.7 deg final_error=-1.83 deg status=SUCCESS
[APPROACH] final_visual_steps=7
[SKILL] move values=(0.2, 0.0, 0.0, 0.25) t=35.02
[MOVE] completed duration=0.25
[SKILL] move values=(0.2, 0.0, 0.0, 0.25) t=35.32
[MOVE] completed duration=0.25
[SKILL] move values=(0.2, 0.0, 0.0, 0.25) t=35.62
[MOVE] completed duration=0.25
[SKILL] move values=(0.2, 0.0, 0.0, 0.25) t=35.92
[MOVE] completed duration=0.25
[SKILL] move values=(0.2, 0.0, 0.0, 0.25) t=36.22
[MOVE] completed duration=0.25
[SKILL] move values=(0.2, 0.0, 0.0, 0.25) t=36.52
[MOVE] completed duration=0.25
[SKILL] move values=(0.2, 0.0, 0.0, 0.25) t=36.80
[MOVE] completed duration=0.25
[DETECT] class=chair color=green conf=0.51 bbox=[0,1,295,441]
[MISSION] status=FAIL reason=visual_stop_outside_0.80m distance_m=0.91
[TRIAL] result=runs\handoff_green_01\result.json success=False
