[KEYBOARD] evdev not installed; browser keyboard control is available
[MAP] switched to object_lab
[DETECT] class=sports ball color=red conf=0.61 bbox=[445,215,511,268]
[DETECT] class=chair color=green conf=0.60 bbox=[276,120,358,256]
[DETECT] class=chair color=red conf=0.53 bbox=[501,121,628,259]
[TRIAL] class=chair color=green source=explicit_target start=[1.0, 1.0, 0.0]
[DETECT] class=sports ball color=red conf=0.61 bbox=[445,215,511,268]
[DETECT] class=chair color=green conf=0.60 bbox=[276,120,358,256]
[DETECT] class=chair color=red conf=0.53 bbox=[501,121,628,259]
[SKILL] move values=(0.25, 0.0, 0.0, 0.25) t=2.12
[MOVE] completed duration=0.25
[DETECT] class=orange color=red conf=0.60 bbox=[450,199,521,254]
[DETECT] class=chair color=green conf=0.42 bbox=[274,102,359,247]
[DETECT] class=chair color=red conf=0.36 bbox=[508,96,640,241]
[SKILL] move values=(0.25, 0.0, 0.0, 0.25) t=2.62
[MOVE] completed duration=0.25
[DETECT] class=sports ball color=red conf=0.44 bbox=[452,205,523,262]
[DETECT] class=chair color=green conf=0.41 bbox=[272,106,359,250]
[DETECT] class=chair color=red conf=0.38 bbox=[510,106,640,249]
[SKILL] move values=(0.25, 0.0, 0.0, 0.25) t=3.12
[MOVE] completed duration=0.25
[DETECT] class=orange color=red conf=0.44 bbox=[459,201,536,260]
[DETECT] class=chair color=green conf=0.43 bbox=[270,97,360,249]
[DETECT] class=airplane color=unknown conf=0.31 bbox=[1,178,638,479]
[SKILL] move values=(0.25, 0.0, 0.0, 0.25) t=3.62
[MOVE] completed duration=0.25
[DETECT] class=sports ball color=red conf=0.41 bbox=[458,211,539,271]
[DETECT] class=sports ball color=red conf=0.33 bbox=[457,210,538,271]
[DETECT] class=airplane color=unknown conf=0.28 bbox=[1,165,639,479]
[DETECT] class=orange color=red conf=0.44 bbox=[458,218,539,279]
[DETECT] class=airplane color=unknown conf=0.28 bbox=[2,177,638,479]
[SEARCH] target=green_chair rotating=30deg
[SKILL] turn values=(30.0,) t=4.52
[TURN] target=30.0 deg final_error=1.85 deg status=SUCCESS
[DETECT] class=chair color=green conf=0.88 bbox=[388,98,527,288]
[SKILL] turn values=(-34.32430376987737,) t=7.22
[TURN] target=-34.3 deg final_error=-1.92 deg status=SUCCESS
[DETECT] class=chair color=green conf=0.87 bbox=[240,120,333,274]
[DETECT] class=chair color=red conf=0.85 bbox=[480,121,601,256]
[DETECT] class=orange color=red conf=0.47 bbox=[432,220,504,278]
[SKILL] move values=(0.25, 0.0, 0.0, 0.25) t=9.52
[MOVE] completed duration=0.25
[DETECT] class=orange color=red conf=0.63 bbox=[451,203,532,265]
[DETECT] class=chair color=green conf=0.57 bbox=[248,104,344,267]
[DETECT] class=orange color=red conf=0.47 bbox=[448,212,529,274]
[DETECT] class=chair color=red conf=0.34 bbox=[498,107,640,253]
[SKILL] move values=(0.25, 0.0, 0.0, 0.25) t=10.12
[MOVE] completed duration=0.25
[DETECT] class=orange color=red conf=0.51 bbox=[451,211,535,274]
[DETECT] class=chair color=green conf=0.27 bbox=[244,94,346,262]
[SKILL] move values=(0.25, 0.0, 0.0, 0.25) t=10.62
[MOVE] completed duration=0.25
[DETECT] class=sports ball color=red conf=0.53 bbox=[458,204,547,272]
[DETECT] class=chair color=green conf=0.40 bbox=[237,85,343,265]
[SKILL] move values=(0.25, 0.0, 0.0, 0.25) t=11.12
[MOVE] completed duration=0.25
[DETECT] class=orange color=red conf=0.37 bbox=[458,213,550,283]
[DETECT] class=sports ball color=red conf=0.28 bbox=[458,213,550,283]
[DETECT] class=chair color=green conf=0.27 bbox=[232,89,342,269]
[SKILL] move values=(0.25, 0.0, 0.0, 0.25) t=11.62
[MOVE] completed duration=0.25
[DETECT] class=orange color=red conf=0.52 bbox=[465,207,566,281]
[DETECT] class=chair color=green conf=0.37 bbox=[224,78,340,270]
[SKILL] move values=(0.25, 0.0, 0.0, 0.25) t=12.12
[MOVE] completed duration=0.25
[DETECT] class=chair color=green conf=0.68 bbox=[218,80,340,278]
[DETECT] class=sports ball color=red conf=0.38 bbox=[468,216,571,293]
[DETECT] class=orange color=red conf=0.37 bbox=[467,216,572,293]
[DETECT] class=chair color=red conf=0.26 bbox=[509,99,640,263]
[SKILL] turn values=(11.507644012634788,) t=12.62
[TURN] target=11.5 deg final_error=1.94 deg status=SUCCESS
[DETECT] class=chair color=green conf=0.90 bbox=[266,89,387,291]
[DETECT] class=sports ball color=red conf=0.34 bbox=[532,237,640,329]
[DETECT] class=chair color=red conf=0.25 bbox=[579,102,640,247]
[SKILL] move values=(0.25, 0.0, 0.0, 0.25) t=14.22
[MOVE] completed duration=0.25
[DETECT] class=sports ball color=red conf=0.54 bbox=[528,214,640,307]
[DETECT] class=chair color=green conf=0.44 bbox=[253,67,377,279]
[SKILL] move values=(0.25, 0.0, 0.0, 0.25) t=14.72
[MOVE] completed duration=0.25
[DETECT] class=chair color=green conf=0.74 bbox=[245,70,375,286]
[DETECT] class=sports ball color=red conf=0.29 bbox=[524,223,640,318]
[SKILL] move values=(0.25, 0.0, 0.0, 0.25) t=15.22
[MOVE] completed duration=0.25
[DETECT] class=chair color=green conf=0.74 bbox=[239,57,374,288]
[SKILL] move values=(0.25, 0.0, 0.0, 0.25) t=15.72
[MOVE] completed duration=0.25
[DETECT] class=chair color=green conf=0.89 bbox=[233,58,377,297]
[SKILL] move values=(0.25, 0.0, 0.0, 0.25) t=16.22
[MOVE] completed duration=0.25
[DETECT] class=chair color=green conf=0.85 bbox=[224,42,375,301]
[SKILL] move values=(0.25, 0.0, 0.0, 0.25) t=16.72
[MOVE] completed duration=0.25
[DETECT] class=chair color=green conf=0.89 bbox=[217,44,378,312]
[SKILL] move values=(0.25, 0.0, 0.0, 0.25) t=17.22
[MOVE] completed duration=0.25
[DETECT] class=chair color=green conf=0.91 bbox=[205,25,377,320]
[SKILL] move values=(0.25, 0.0, 0.0, 0.25) t=17.72
[MOVE] completed duration=0.25
[DETECT] class=chair color=green conf=0.91 bbox=[195,25,380,332]
[SKILL] move values=(0.25, 0.0, 0.0, 0.25) t=18.22
[MOVE] completed duration=0.25
[DETECT] class=chair color=green conf=0.78 bbox=[180,2,377,343]
[SKILL] turn values=(11.644170882338656,) t=18.72
[TURN] target=11.6 deg final_error=1.97 deg status=SUCCESS
[DETECT] class=chair color=green conf=0.83 bbox=[244,31,440,366]
[SKILL] move values=(0.25, 0.0, 0.0, 0.25) t=20.42
[MOVE] completed duration=0.25
[DETECT] class=chair color=green conf=0.81 bbox=[225,0,437,353]
[SKILL] move values=(0.25, 0.0, 0.0, 0.25) t=20.92
[MOVE] completed duration=0.25
[DETECT] class=chair color=green conf=0.62 bbox=[218,0,441,370]
[SKILL] move values=(0.25, 0.0, 0.0, 0.25) t=21.42
[MOVE] completed duration=0.25
[DETECT] class=chair color=green conf=0.70 bbox=[202,0,445,419]
[SKILL] move values=(0.25, 0.0, 0.0, 0.25) t=21.92
[MOVE] completed duration=0.25
[DETECT] class=chair color=green conf=0.84 bbox=[189,0,455,444]
[SKILL] move values=(0.25, 0.0, 0.0, 0.25) t=22.42
[MOVE] completed duration=0.25
[DETECT] class=chair color=green conf=0.66 bbox=[168,0,460,461]
[SKILL] move values=(0.25, 0.0, 0.0, 0.25) t=22.92
[MOVE] completed duration=0.25
[DETECT] class=chair color=green conf=0.54 bbox=[149,1,481,469]
[APPROACH] final_visual_steps=2
[SKILL] move values=(0.2, 0.0, 0.0, 0.25) t=23.42
[MOVE] completed duration=0.25
[SKILL] move values=(0.2, 0.0, 0.0, 0.25) t=23.72
[MOVE] completed duration=0.25
[DETECT] class=chair color=green conf=0.36 bbox=[111,13,556,478]
[FOUND] class=chair color=green t=22.1 s d=0.73 m
[MISSION] status=SUCCESS
[DETECT] class=chair color=green conf=0.38 bbox=[129,0,513,479]
[TRIAL] result=task4_evidence\2026-09-30-benchmark-v4\01_green_aligned\result.json success=True
