[KEYBOARD] evdev not installed; browser keyboard control is available
[MAP] switched to object_lab
[DETECT] class=chair color=red conf=0.58 bbox=[466,137,547,240]
[DETECT] class=chair color=green conf=0.50 bbox=[285,136,349,240]
[DETECT] class=sports ball color=red conf=0.29 bbox=[412,208,455,247]
[DETECT] class=orange color=red conf=0.26 bbox=[412,208,455,247]
[TRIAL] class=chair color=green source=explicit_target start=[0.5, 1.0, 0.0]
[DETECT] class=chair color=red conf=0.58 bbox=[466,137,547,240]
[DETECT] class=chair color=green conf=0.50 bbox=[285,136,349,240]
[DETECT] class=sports ball color=red conf=0.29 bbox=[412,208,455,247]
[DETECT] class=orange color=red conf=0.26 bbox=[412,208,455,247]
[SKILL] move values=(0.25, 0.0, 0.0, 0.25) t=2.12
[MOVE] completed duration=0.25
[DETECT] class=chair color=green conf=0.58 bbox=[285,121,349,230]
[DETECT] class=orange color=red conf=0.53 bbox=[415,194,460,233]
[DETECT] class=chair color=red conf=0.41 bbox=[471,117,555,225]
[SKILL] move values=(0.25, 0.0, 0.0, 0.25) t=2.62
[MOVE] completed duration=0.25
[DETECT] class=chair color=red conf=0.82 bbox=[470,125,557,232]
[DETECT] class=chair color=green conf=0.66 bbox=[284,125,349,233]
[DETECT] class=sports ball color=red conf=0.42 bbox=[415,199,461,240]
[SKILL] move values=(0.25, 0.0, 0.0, 0.25) t=3.12
[MOVE] completed duration=0.25
[DETECT] class=chair color=green conf=0.65 bbox=[281,119,349,232]
[DETECT] class=chair color=red conf=0.61 bbox=[475,114,564,228]
[DETECT] class=sports ball color=red conf=0.58 bbox=[418,196,467,238]
[SKILL] move values=(0.25, 0.0, 0.0, 0.25) t=3.62
[MOVE] completed duration=0.25
[DETECT] class=sports ball color=red conf=0.68 bbox=[417,203,466,246]
[DETECT] class=chair color=green conf=0.63 bbox=[278,124,348,238]
[DETECT] class=chair color=red conf=0.48 bbox=[472,127,563,240]
[SKILL] move values=(0.25, 0.0, 0.0, 0.25) t=4.42
[MOVE] completed duration=0.25
[DETECT] class=sports ball color=red conf=0.58 bbox=[421,196,472,240]
[DETECT] class=chair color=green conf=0.54 bbox=[276,115,348,236]
[DETECT] class=chair color=red conf=0.29 bbox=[475,113,571,229]
[SKILL] move values=(0.25, 0.0, 0.0, 0.25) t=4.92
[MOVE] completed duration=0.25
[DETECT] class=sports ball color=red conf=0.71 bbox=[419,204,470,248]
[DETECT] class=chair color=green conf=0.64 bbox=[273,120,346,241]
[DETECT] class=chair color=red conf=0.58 bbox=[473,125,569,242]
[SKILL] move values=(0.25, 0.0, 0.0, 0.25) t=5.42
[MOVE] completed duration=0.25
[DETECT] class=chair color=green conf=0.69 bbox=[269,112,344,240]
[DETECT] class=sports ball color=red conf=0.54 bbox=[422,197,475,244]
[DETECT] class=chair color=red conf=0.43 bbox=[475,112,579,234]
[SKILL] move values=(0.25, 0.0, 0.0, 0.25) t=5.92
[MOVE] completed duration=0.25
[DETECT] class=orange color=red conf=0.59 bbox=[421,204,475,252]
[DETECT] class=chair color=green conf=0.43 bbox=[265,116,343,243]
[DETECT] class=chair color=red conf=0.26 bbox=[474,123,577,242]
[SKILL] move values=(0.25, 0.0, 0.0, 0.25) t=6.42
[MOVE] completed duration=0.25
[DETECT] class=orange color=red conf=0.62 bbox=[424,199,483,247]
[DETECT] class=chair color=green conf=0.54 bbox=[262,108,341,242]
[SKILL] move values=(0.25, 0.0, 0.0, 0.25) t=6.92
[MOVE] completed duration=0.25
[DETECT] class=chair color=green conf=0.47 bbox=[257,112,340,248]
[DETECT] class=orange color=red conf=0.39 bbox=[423,205,482,256]
[SKILL] move values=(0.25, 0.0, 0.0, 0.25) t=7.42
[MOVE] completed duration=0.25
[DETECT] class=orange color=red conf=0.70 bbox=[426,199,489,252]
[DETECT] class=chair color=green conf=0.56 bbox=[253,104,338,248]
[DETECT] class=chair color=red conf=0.39 bbox=[480,107,592,238]
[SKILL] move values=(0.25, 0.0, 0.0, 0.25) t=7.92
[MOVE] completed duration=0.25
[DETECT] class=sports ball color=red conf=0.28 bbox=[425,207,489,261]
[DETECT] class=sports ball color=red conf=0.49 bbox=[425,207,488,260]
[DETECT] class=chair color=green conf=0.33 bbox=[247,108,335,253]
[SKILL] move values=(0.25, 0.0, 0.0, 0.25) t=8.52
[MOVE] completed duration=0.25
[DETECT] class=orange color=red conf=0.57 bbox=[430,200,498,256]
[DETECT] class=chair color=green conf=0.54 bbox=[244,97,335,252]
[SKILL] move values=(0.25, 0.0, 0.0, 0.25) t=9.02
[MOVE] completed duration=0.25
[DETECT] class=orange color=red conf=0.44 bbox=[429,207,499,265]
[DETECT] class=airplane color=unknown conf=0.36 bbox=[319,112,639,350]
[DETECT] class=chair color=green conf=0.34 bbox=[238,100,333,257]
[SKILL] move values=(0.25, 0.0, 0.0, 0.25) t=9.52
[MOVE] completed duration=0.25
[DETECT] class=chair color=green conf=0.75 bbox=[233,93,332,258]
[DETECT] class=orange color=red conf=0.64 bbox=[434,202,508,263]
[DETECT] class=chair color=red conf=0.41 bbox=[484,100,613,243]
[SKILL] move values=(0.25, 0.0, 0.0, 0.25) t=10.02
[MOVE] completed duration=0.25
[DETECT] class=chair color=green conf=0.64 bbox=[227,96,331,264]
[DETECT] class=orange color=red conf=0.50 bbox=[434,211,510,271]
[DETECT] class=chair color=red conf=0.42 bbox=[482,112,610,253]
[SKILL] turn values=(11.507644012634788,) t=10.52
[TURN] target=11.5 deg final_error=1.86 deg status=SUCCESS
[DETECT] class=chair color=green conf=0.68 bbox=[273,106,376,274]
[DETECT] class=sports ball color=red conf=0.57 bbox=[489,228,591,298]
[DETECT] class=airplane color=unknown conf=0.34 bbox=[1,110,637,479]
[SKILL] move values=(0.25, 0.0, 0.0, 0.25) t=12.12
[MOVE] completed duration=0.25
[DETECT] class=airplane color=unknown conf=0.38 bbox=[1,75,637,479]
[DETECT] class=chair color=green conf=0.36 bbox=[262,85,367,263]
[DETECT] class=sports ball color=red conf=0.32 bbox=[485,207,588,279]
[DETECT] class=airplane color=unknown conf=0.30 bbox=[319,82,639,353]
[SKILL] move values=(0.25, 0.0, 0.0, 0.25) t=12.62
[MOVE] completed duration=0.25
[DETECT] class=chair color=green conf=0.55 bbox=[255,89,364,268]
[DETECT] class=sports ball color=red conf=0.52 bbox=[480,214,582,288]
[DETECT] class=orange color=red conf=0.42 bbox=[480,214,582,287]
[DETECT] class=airplane color=unknown conf=0.40 bbox=[1,81,638,479]
[DETECT] class=airplane color=unknown conf=0.30 bbox=[256,94,639,362]
[SKILL] move values=(0.25, 0.0, 0.0, 0.25) t=13.12
[MOVE] completed duration=0.25
[DETECT] class=sports ball color=red conf=0.40 bbox=[489,208,603,286]
[DETECT] class=chair color=green conf=0.46 bbox=[249,87,360,274]
[DETECT] class=orange color=red conf=0.44 bbox=[487,216,599,294]
[DETECT] class=airplane color=unknown conf=0.28 bbox=[3,175,638,478]
[SKILL] move values=(0.25, 0.0, 0.0, 0.25) t=13.72
[MOVE] completed duration=0.25
[DETECT] class=airplane color=unknown conf=0.38 bbox=[1,70,637,478]
[DETECT] class=airplane color=unknown conf=0.35 bbox=[247,85,639,367]
[DETECT] class=sports ball color=red conf=0.28 bbox=[490,217,608,297]
[DETECT] class=chair color=green conf=0.44 bbox=[243,81,361,276]
[DETECT] class=sports ball color=red conf=0.35 bbox=[489,218,607,298]
[DETECT] class=airplane color=unknown conf=0.31 bbox=[2,107,638,478]
[DETECT] class=airplane color=unknown conf=0.27 bbox=[243,85,639,366]
[SKILL] move values=(0.25, 0.0, 0.0, 0.25) t=14.32
[MOVE] completed duration=0.25
[DETECT] class=sports ball color=red conf=0.52 bbox=[503,210,635,297]
[DETECT] class=chair color=green conf=0.27 bbox=[237,68,359,276]
[SKILL] move values=(0.25, 0.0, 0.0, 0.25) t=14.82
[MOVE] completed duration=0.25
[DETECT] class=chair color=green conf=0.67 bbox=[232,72,361,286]
[DETECT] class=sports ball color=red conf=0.43 bbox=[504,221,639,311]
[SKILL] move values=(0.25, 0.0, 0.0, 0.25) t=15.32
[MOVE] completed duration=0.25
[DETECT] class=chair color=green conf=0.53 bbox=[224,58,359,289]
[DETECT] class=sports ball color=red conf=0.26 bbox=[517,213,639,311]
[SKILL] move values=(0.25, 0.0, 0.0, 0.25) t=15.82
[MOVE] completed duration=0.25
[DETECT] class=chair color=green conf=0.83 bbox=[217,60,360,296]
[DETECT] class=sports ball color=red conf=0.25 bbox=[519,225,640,327]
[SKILL] move values=(0.25, 0.0, 0.0, 0.25) t=16.32
[MOVE] completed duration=0.25
[DETECT] class=chair color=green conf=0.86 bbox=[207,45,358,300]
[SKILL] move values=(0.25, 0.0, 0.0, 0.25) t=16.82
[MOVE] completed duration=0.25
[DETECT] class=chair color=green conf=0.88 bbox=[198,47,360,310]
[SKILL] turn values=(11.507644012634788,) t=17.32
[TURN] target=11.5 deg final_error=1.97 deg status=SUCCESS
[DETECT] class=chair color=green conf=0.96 bbox=[251,58,412,327]
[SKILL] move values=(0.25, 0.0, 0.0, 0.25) t=18.92
[MOVE] completed duration=0.25
[DETECT] class=chair color=green conf=0.89 bbox=[236,26,402,314]
[SKILL] move values=(0.25, 0.0, 0.0, 0.25) t=19.42
[MOVE] completed duration=0.25
[DETECT] class=chair color=green conf=0.91 bbox=[225,29,400,325]
[SKILL] move values=(0.25, 0.0, 0.0, 0.25) t=19.92
[MOVE] completed duration=0.25
[DETECT] class=chair color=green conf=0.87 bbox=[215,6,402,333]
[SKILL] move values=(0.25, 0.0, 0.0, 0.25) t=20.42
[MOVE] completed duration=0.25
[DETECT] class=chair color=green conf=0.87 bbox=[206,5,406,350]
[SKILL] move values=(0.25, 0.0, 0.0, 0.25) t=20.92
[MOVE] completed duration=0.25
[DETECT] class=chair color=green conf=0.78 bbox=[191,0,407,361]
[SKILL] move values=(0.25, 0.0, 0.0, 0.25) t=21.42
[MOVE] completed duration=0.25
[DETECT] class=chair color=green conf=0.74 bbox=[178,0,413,387]
[SKILL] move values=(0.25, 0.0, 0.0, 0.25) t=21.92
[MOVE] completed duration=0.25
[DETECT] class=chair color=green conf=0.68 bbox=[156,0,415,421]
[SKILL] move values=(0.25, 0.0, 0.0, 0.25) t=22.42
[MOVE] completed duration=0.25
[DETECT] class=chair color=green conf=0.50 bbox=[136,0,420,453]
[SKILL] move values=(0.25, 0.0, 0.0, 0.25) t=22.92
[MOVE] completed duration=0.25
[DETECT] class=chair color=green conf=0.47 bbox=[100,0,424,448]
[SKILL] move values=(0.25, 0.0, 0.0, 0.25) t=23.42
[MOVE] completed duration=0.25
[DETECT] class=chair color=green conf=0.56 bbox=[66,1,437,453]
[SKILL] move values=(0.25, 0.0, 0.0, 0.25) t=23.92
[MOVE] completed duration=0.25
[SEARCH] target=green_chair rotating=30deg
[SKILL] turn values=(30.0,) t=24.62
[TURN] target=30.0 deg final_error=1.96 deg status=SUCCESS
[DETECT] class=chair color=green conf=0.39 bbox=[272,2,640,452]
[SKILL] turn values=(-12.0,) t=27.32
[TURN] target=-12.0 deg final_error=-1.92 deg status=SUCCESS
[SEARCH] target=green_chair rotating=30deg
[SKILL] turn values=(30.0,) t=28.52
[TURN] target=30.0 deg final_error=1.98 deg status=SUCCESS
[DETECT] class=chair color=green conf=0.71 bbox=[376,2,640,441]
[SKILL] turn values=(-12.0,) t=31.42
[TURN] target=-12.0 deg final_error=-1.89 deg status=SUCCESS
[DETECT] class=chair color=green conf=0.55 bbox=[307,0,639,421]
[SKILL] turn values=(-12.0,) t=32.42
[TURN] target=-12.0 deg final_error=-1.76 deg status=SUCCESS
[SEARCH] target=green_chair rotating=30deg
[SKILL] turn values=(30.0,) t=34.32
[TURN] target=30.0 deg final_error=1.98 deg status=SUCCESS
[DETECT] class=chair color=green conf=0.30 bbox=[428,141,640,461]
[SKILL] turn values=(-46.73965929191827,) t=37.22
[TURN] target=-46.7 deg final_error=-1.88 deg status=SUCCESS
[DETECT] class=umbrella color=green conf=0.28 bbox=[79,191,639,479]
[SEARCH] target=green_chair rotating=30deg
[SKILL] turn values=(30.0,) t=40.22
[TURN] target=30.0 deg final_error=1.97 deg status=SUCCESS
[DETECT] class=chair color=green conf=0.34 bbox=[332,1,640,444]
[SKILL] turn values=(-12.0,) t=43.22
[TURN] target=-12.0 deg final_error=-1.98 deg status=SUCCESS
[DETECT] class=chair color=green conf=0.38 bbox=[255,2,640,460]
[SKILL] turn values=(-12.0,) t=44.22
[TURN] target=-12.0 deg final_error=-1.94 deg status=SUCCESS
[SEARCH] target=green_chair rotating=30deg
[SKILL] turn values=(30.0,) t=46.02
[TURN] target=30.0 deg final_error=1.93 deg status=SUCCESS
[DETECT] class=chair color=green conf=0.54 bbox=[388,0,640,462]
[SKILL] turn values=(-12.0,) t=48.92
[TURN] target=-12.0 deg final_error=-1.95 deg status=SUCCESS
[DETECT] class=chair color=green conf=0.27 bbox=[326,1,640,457]
[SKILL] turn values=(-12.0,) t=50.02
[TURN] target=-12.0 deg final_error=-2.00 deg status=SUCCESS
[DETECT] class=bench color=green conf=0.36 bbox=[264,188,640,475]
[DETECT] class=chair color=green conf=0.34 bbox=[266,4,639,458]
[SKILL] turn values=(-12.0,) t=51.92
[TURN] target=-12.0 deg final_error=-1.93 deg status=SUCCESS
[SEARCH] target=green_chair rotating=30deg
[SKILL] turn values=(30.0,) t=53.62
[TURN] target=30.0 deg final_error=1.96 deg status=SUCCESS
[DETECT] class=chair color=green conf=0.64 bbox=[401,51,640,469]
[SKILL] turn values=(-12.0,) t=56.42
[TURN] target=-12.0 deg final_error=-1.98 deg status=SUCCESS
[DETECT] class=chair color=green conf=0.67 bbox=[336,2,640,461]
[SKILL] turn values=(-12.0,) t=57.52
[TURN] target=-12.0 deg final_error=-1.97 deg status=SUCCESS
[DETECT] class=chair color=green conf=0.25 bbox=[282,2,640,474]
[SKILL] turn values=(-12.0,) t=59.52
[TURN] target=-12.0 deg final_error=-1.84 deg status=SUCCESS
[DETECT] class=chair color=green conf=0.28 bbox=[218,191,640,480]
[SKILL] turn values=(-28.424678487742575,) t=61.22
[TURN] target=-28.4 deg final_error=-1.91 deg status=SUCCESS
[SEARCH] target=green_chair rotating=30deg
[SKILL] turn values=(30.0,) t=63.62
[TURN] target=30.0 deg final_error=1.93 deg status=SUCCESS
[DETECT] class=chair color=green conf=0.32 bbox=[251,1,640,473]
[SKILL] turn values=(-12.0,) t=66.82
[TURN] target=-12.0 deg final_error=-1.90 deg status=SUCCESS
[SEARCH] target=green_chair rotating=30deg
[SKILL] turn values=(30.0,) t=68.22
[TURN] target=30.0 deg final_error=1.99 deg status=SUCCESS
[DETECT] class=chair color=green conf=0.62 bbox=[373,1,640,468]
[SKILL] turn values=(-12.0,) t=71.42
[TURN] target=-12.0 deg final_error=-1.96 deg status=SUCCESS
[SEARCH] target=green_chair rotating=30deg
[SKILL] turn values=(30.0,) t=72.82
[TURN] target=30.0 deg final_error=1.98 deg status=SUCCESS
[DETECT] class=airplane color=green conf=0.30 bbox=[1,197,639,479]
[SEARCH] target=green_chair rotating=30deg
[SKILL] turn values=(30.0,) t=76.12
[TURN] target=30.0 deg final_error=1.95 deg status=SUCCESS
[DETECT] class=airplane color=unknown conf=0.53 bbox=[4,200,640,478]
[DETECT] class=airplane color=unknown conf=0.46 bbox=[0,199,638,471]
[DETECT] class=airplane color=unknown conf=0.53 bbox=[3,199,640,475]
[SEARCH] target=green_chair rotating=30deg
[SKILL] turn values=(30.0,) t=79.22
[TURN] target=30.0 deg final_error=1.85 deg status=SUCCESS
[DETECT] class=airplane color=unknown conf=0.49 bbox=[1,200,635,479]
[DETECT] class=airplane color=unknown conf=0.56 bbox=[1,198,639,478]
[DETECT] class=airplane color=unknown conf=0.55 bbox=[1,198,639,478]
[SEARCH] target=green_chair rotating=30deg
[SKILL] turn values=(30.0,) t=82.22
[TURN] target=30.0 deg final_error=1.88 deg status=SUCCESS
[DETECT] class=airplane color=unknown conf=0.63 bbox=[2,194,639,479]
[DETECT] class=airplane color=unknown conf=0.63 bbox=[1,196,638,479]
[DETECT] class=airplane color=unknown conf=0.63 bbox=[2,194,639,479]
[SEARCH] target=green_chair rotating=30deg
[SKILL] turn values=(30.0,) t=87.92
[TURN] target=30.0 deg final_error=1.96 deg status=SUCCESS
[SEARCH] target=green_chair rotating=30deg
[SKILL] turn values=(30.0,) t=93.62
[TURN] target=30.0 deg final_error=1.98 deg status=SUCCESS
[DETECT] class=airplane color=unknown conf=0.28 bbox=[2,198,639,479]
[DETECT] class=airplane color=unknown conf=0.31 bbox=[2,198,639,479]
[SEARCH] target=green_chair rotating=30deg
[SKILL] turn values=(30.0,) t=99.82
[TURN] target=30.0 deg final_error=1.90 deg status=SUCCESS
[DETECT] class=chair color=red conf=0.69 bbox=[1,311,195,480]
[DETECT] class=chair color=red conf=0.81 bbox=[0,314,192,480]
[DETECT] class=chair color=red conf=0.37 bbox=[0,315,187,480]
[SEARCH] target=green_chair rotating=30deg
[SKILL] turn values=(30.0,) t=106.42
[TURN] target=30.0 deg final_error=1.96 deg status=SUCCESS
[DETECT] class=chair color=red conf=0.48 bbox=[0,24,224,308]
[DETECT] class=chair color=red conf=0.44 bbox=[0,26,218,309]
[DETECT] class=chair color=red conf=0.42 bbox=[0,27,216,309]
[SEARCH] target=green_chair rotating=30deg
[SKILL] turn values=(30.0,) t=114.84
[TURN] target=30.0 deg final_error=1.97 deg status=SUCCESS
[DETECT] class=chair color=red conf=0.70 bbox=[237,76,358,292]
[DETECT] class=chair color=red conf=0.58 bbox=[235,75,356,291]
[DETECT] class=chair color=red conf=0.41 bbox=[234,74,355,290]
[DETECT] class=umbrella color=red conf=0.25 bbox=[453,295,640,480]
[SEARCH] target=green_chair rotating=30deg
[SKILL] turn values=(30.0,) t=127.42
[TURN] target=30.0 deg final_error=1.86 deg status=SUCCESS
[DETECT] class=chair color=red conf=0.85 bbox=[392,79,540,317]
[DETECT] class=chair color=red conf=0.72 bbox=[389,78,537,313]
[DETECT] class=chair color=red conf=0.75 bbox=[388,77,535,313]
[SEARCH] target=green_chair rotating=30deg
[SKILL] turn values=(30.0,) t=132.82
[TURN] target=30.0 deg final_error=1.88 deg status=SUCCESS
[SEARCH] target=green_chair rotating=30deg
[SKILL] turn values=(30.0,) t=135.82
[TURN] target=30.0 deg final_error=1.98 deg status=SUCCESS
[DETECT] class=airplane color=unknown conf=0.65 bbox=[0,206,639,479]
[DETECT] class=airplane color=unknown conf=0.67 bbox=[1,206,639,479]
[DETECT] class=airplane color=unknown conf=0.61 bbox=[1,206,639,479]
[MISSION] status=FAIL reason=full_turn_without_detection
[DETECT] class=airplane color=unknown conf=0.51 bbox=[2,203,639,479]
[TRIAL] result=task4_evidence\2026-09-30-benchmark-v4\03_green_offset\result.json success=False
