[KEYBOARD] evdev not installed; browser keyboard control is available
[MAP] switched to object_lab
[DETECT] class=chair color=red conf=0.61 bbox=[285,137,348,240]
[DETECT] class=orange color=red conf=0.56 bbox=[180,208,224,248]
[TRIAL] class=chair color=red source=explicit_target start=[0.5, -1.0, 0.0]
[DETECT] class=chair color=red conf=0.61 bbox=[285,137,348,240]
[DETECT] class=orange color=red conf=0.56 bbox=[180,208,224,248]
[SKILL] move values=(0.25, 0.0, 0.0, 0.25) t=2.12
[MOVE] completed duration=0.25
[DETECT] class=chair color=red conf=0.87 bbox=[285,122,349,231]
[DETECT] class=sports ball color=red conf=0.56 bbox=[178,200,223,240]
[SKILL] move values=(0.25, 0.0, 0.0, 0.25) t=2.62
[MOVE] completed duration=0.25
[DETECT] class=chair color=red conf=0.77 bbox=[283,126,349,233]
[DETECT] class=sports ball color=red conf=0.35 bbox=[172,201,219,243]
[SKILL] move values=(0.25, 0.0, 0.0, 0.25) t=3.12
[MOVE] completed duration=0.25
[DETECT] class=chair color=red conf=0.85 bbox=[281,120,349,232]
[DETECT] class=sports ball color=red conf=0.36 bbox=[166,201,215,244]
[DETECT] class=orange color=red conf=0.35 bbox=[166,201,216,243]
[SKILL] move values=(0.25, 0.0, 0.0, 0.25) t=3.62
[MOVE] completed duration=0.25
[DETECT] class=chair color=red conf=0.80 bbox=[278,124,349,238]
[DETECT] class=chair color=green conf=0.63 bbox=[55,121,156,240]
[DETECT] class=sports ball color=red conf=0.49 bbox=[156,202,208,246]
[SKILL] move values=(0.25, 0.0, 0.0, 0.25) t=4.12
[MOVE] completed duration=0.25
[DETECT] class=chair color=red conf=0.83 bbox=[275,116,348,236]
[DETECT] class=chair color=green conf=0.47 bbox=[44,120,151,244]
[DETECT] class=sports ball color=red conf=0.39 bbox=[149,204,204,248]
[SKILL] move values=(0.25, 0.0, 0.0, 0.25) t=4.62
[MOVE] completed duration=0.25
[DETECT] class=chair color=red conf=0.85 bbox=[272,121,345,241]
[DETECT] class=orange color=red conf=0.74 bbox=[138,204,196,252]
[DETECT] class=chair color=green conf=0.65 bbox=[28,116,141,244]
[SKILL] move values=(0.25, 0.0, 0.0, 0.25) t=5.12
[MOVE] completed duration=0.25
[DETECT] class=chair color=red conf=0.84 bbox=[269,112,344,241]
[DETECT] class=orange color=red conf=0.51 bbox=[129,205,191,255]
[DETECT] class=chair color=green conf=0.49 bbox=[14,114,133,249]
[SKILL] move values=(0.25, 0.0, 0.0, 0.25) t=5.62
[MOVE] completed duration=0.25
[DETECT] class=chair color=red conf=0.80 bbox=[265,117,341,244]
[DETECT] class=orange color=red conf=0.40 bbox=[115,205,181,257]
[DETECT] class=chair color=green conf=0.26 bbox=[0,109,121,250]
[SKILL] move values=(0.25, 0.0, 0.0, 0.25) t=6.14
[MOVE] completed duration=0.25
[DETECT] class=chair color=red conf=0.87 bbox=[260,109,340,244]
[DETECT] class=orange color=red conf=0.50 bbox=[105,207,175,262]
[DETECT] class=airplane color=unknown conf=0.29 bbox=[0,108,270,253]
[DETECT] class=chair color=green conf=0.26 bbox=[0,108,113,255]
[SKILL] move values=(0.25, 0.0, 0.0, 0.25) t=6.62
[MOVE] completed duration=0.25
[DETECT] class=orange color=red conf=0.33 bbox=[88,208,164,265]
[DETECT] class=chair color=red conf=0.26 bbox=[257,112,339,248]
[SKILL] move values=(0.25, 0.0, 0.0, 0.25) t=7.12
[MOVE] completed duration=0.25
[DETECT] class=chair color=red conf=0.78 bbox=[252,104,337,248]
[DETECT] class=orange color=red conf=0.44 bbox=[73,210,157,270]
[DETECT] class=airplane color=unknown conf=0.42 bbox=[0,100,269,268]
[SKILL] move values=(0.25, 0.0, 0.0, 0.25) t=7.62
[MOVE] completed duration=0.25
[DETECT] class=airplane color=unknown conf=0.50 bbox=[0,94,260,330]
[DETECT] class=sports ball color=red conf=0.28 bbox=[54,210,145,274]
[DETECT] class=chair color=red conf=0.26 bbox=[247,108,336,251]
[SKILL] move values=(0.25, 0.0, 0.0, 0.25) t=8.12
[MOVE] completed duration=0.25
[DETECT] class=chair color=red conf=0.61 bbox=[242,98,335,254]
[DETECT] class=airplane color=unknown conf=0.40 bbox=[0,93,257,338]
[DETECT] class=sports ball color=red conf=0.34 bbox=[37,214,135,280]
[SKILL] move values=(0.25, 0.0, 0.0, 0.25) t=8.62
[MOVE] completed duration=0.25
[DETECT] class=chair color=red conf=0.79 bbox=[237,101,333,259]
[DETECT] class=sports ball color=red conf=0.41 bbox=[9,213,122,285]
[DETECT] class=airplane color=unknown conf=0.36 bbox=[0,85,252,355]
[DETECT] class=orange color=red conf=0.29 bbox=[9,213,121,285]
[SKILL] move values=(0.25, 0.0, 0.0, 0.25) t=9.12
[MOVE] completed duration=0.25
[DETECT] class=sports ball color=red conf=0.74 bbox=[0,218,110,294]
[DETECT] class=chair color=red conf=0.69 bbox=[230,92,332,259]
[DETECT] class=airplane color=unknown conf=0.34 bbox=[0,121,250,359]
[SKILL] turn values=(10.960224277005036,) t=9.62
[TURN] target=11.0 deg final_error=1.89 deg status=SUCCESS
[DETECT] class=chair color=red conf=0.65 bbox=[276,112,374,273]
[DETECT] class=sports ball color=red conf=0.54 bbox=[88,223,173,286]
[DETECT] class=airplane color=unknown conf=0.35 bbox=[0,112,283,273]
[SKILL] move values=(0.25, 0.0, 0.0, 0.25) t=11.22
[MOVE] completed duration=0.25
[DETECT] class=chair color=red conf=0.85 bbox=[267,86,368,260]
[DETECT] class=sports ball color=red conf=0.40 bbox=[63,214,159,283]
[DETECT] class=airplane color=unknown conf=0.39 bbox=[0,95,281,272]
[DETECT] class=orange color=red conf=0.27 bbox=[63,214,159,282]
[SKILL] move values=(0.25, 0.0, 0.0, 0.25) t=11.72
[MOVE] completed duration=0.25
[DETECT] class=sports ball color=red conf=0.58 bbox=[41,214,148,287]
[DETECT] class=airplane color=unknown conf=0.42 bbox=[0,91,278,348]
[DETECT] class=chair color=red conf=0.38 bbox=[263,92,368,267]
[SKILL] move values=(0.25, 0.0, 0.0, 0.25) t=12.22
[MOVE] completed duration=0.25
[DETECT] class=sports ball color=red conf=0.57 bbox=[21,218,137,295]
[DETECT] class=airplane color=unknown conf=0.36 bbox=[0,87,275,362]
[DETECT] class=airplane color=unknown conf=0.69 bbox=[0,92,273,367]
[DETECT] class=chair color=red conf=0.50 bbox=[258,89,366,273]
[DETECT] class=sports ball color=red conf=0.42 bbox=[18,224,136,303]
[SKILL] move values=(0.25, 0.0, 0.0, 0.25) t=12.90
[MOVE] completed duration=0.25
[DETECT] class=airplane color=unknown conf=0.61 bbox=[0,77,277,370]
[DETECT] class=sports ball color=red conf=0.46 bbox=[0,217,121,300]
[DETECT] class=sports ball color=red conf=0.43 bbox=[0,222,121,305]
[DETECT] class=chair color=red conf=0.38 bbox=[252,84,367,273]
[DETECT] class=airplane color=unknown conf=0.34 bbox=[0,81,273,373]
[SKILL] move values=(0.25, 0.0, 0.0, 0.25) t=13.52
[MOVE] completed duration=0.25
[DETECT] class=sports ball color=red conf=0.70 bbox=[0,223,111,312]
[DETECT] class=airplane color=unknown conf=0.40 bbox=[0,80,271,383]
[DETECT] class=sports ball color=red conf=0.66 bbox=[0,231,109,320]
[DETECT] class=chair color=red conf=0.58 bbox=[248,82,366,281]
[SKILL] move values=(0.25, 0.0, 0.0, 0.25) t=14.22
[MOVE] completed duration=0.25
[DETECT] class=sports ball color=red conf=0.48 bbox=[0,222,92,319]
[DETECT] class=chair color=red conf=0.33 bbox=[243,73,367,278]
[SKILL] move values=(0.25, 0.0, 0.0, 0.25) t=14.72
[MOVE] completed duration=0.25
[DETECT] class=chair color=red conf=0.62 bbox=[236,63,366,283]
[SKILL] move values=(0.25, 0.0, 0.0, 0.25) t=15.22
[MOVE] completed duration=0.25
[DETECT] class=chair color=red conf=0.62 bbox=[230,65,367,285]
[SKILL] move values=(0.25, 0.0, 0.0, 0.25) t=15.72
[MOVE] completed duration=0.25
[DETECT] class=chair color=red conf=0.71 bbox=[221,50,364,291]
[SKILL] move values=(0.25, 0.0, 0.0, 0.25) t=16.22
[MOVE] completed duration=0.25
[DETECT] class=chair color=red conf=0.77 bbox=[212,51,366,305]
[SKILL] move values=(0.25, 0.0, 0.0, 0.25) t=16.72
[MOVE] completed duration=0.25
[DETECT] class=chair color=red conf=0.84 bbox=[203,34,364,309]
[SKILL] move values=(0.25, 0.0, 0.0, 0.25) t=17.22
[MOVE] completed duration=0.25
[DETECT] class=chair color=red conf=0.89 bbox=[192,34,367,321]
[SKILL] turn values=(11.370984549053805,) t=17.72
[TURN] target=11.4 deg final_error=1.92 deg status=SUCCESS
[DETECT] class=chair color=red conf=0.87 bbox=[248,46,420,341]
[SKILL] move values=(0.25, 0.0, 0.0, 0.25) t=19.32
[MOVE] completed duration=0.25
[DETECT] class=chair color=red conf=0.50 bbox=[229,11,412,324]
[SKILL] move values=(0.25, 0.0, 0.0, 0.25) t=19.82
[MOVE] completed duration=0.25
[DETECT] class=chair color=red conf=0.69 bbox=[220,14,412,464]
[SKILL] move values=(0.25, 0.0, 0.0, 0.25) t=20.32
[MOVE] completed duration=0.25
[DETECT] class=chair color=red conf=0.39 bbox=[207,1,412,429]
[SKILL] move values=(0.25, 0.0, 0.0, 0.25) t=20.82
[MOVE] completed duration=0.25
[DETECT] class=chair color=red conf=0.59 bbox=[198,0,420,373]
[SKILL] move values=(0.25, 0.0, 0.0, 0.25) t=21.32
[MOVE] completed duration=0.25
[DETECT] class=chair color=red conf=0.83 bbox=[180,0,419,392]
[SKILL] move values=(0.25, 0.0, 0.0, 0.25) t=21.92
[MOVE] completed duration=0.25
[DETECT] class=chair color=red conf=0.88 bbox=[164,0,426,427]
[SKILL] move values=(0.25, 0.0, 0.0, 0.25) t=22.42
[MOVE] completed duration=0.25
[DETECT] class=chair color=red conf=0.82 bbox=[138,0,431,471]
[APPROACH] final_visual_steps=2
[SKILL] move values=(0.2, 0.0, 0.0, 0.25) t=22.92
[MOVE] completed duration=0.25
[SKILL] move values=(0.2, 0.0, 0.0, 0.25) t=23.22
[MOVE] completed duration=0.25
[DETECT] class=chair color=red conf=0.78 bbox=[100,0,450,477]
[FOUND] class=chair color=red t=21.6 s d=0.76 m
[MISSION] status=SUCCESS
[DETECT] class=chair color=red conf=0.67 bbox=[112,0,441,479]
[TRIAL] result=task4_evidence\2026-09-30-benchmark-v4\04_red_offset\result.json success=True
