[KEYBOARD] evdev not installed; browser keyboard control is available
[MAP] switched to object_lab
[DETECT] class=sports ball color=red conf=0.63 bbox=[303,204,334,235]
[DETECT] class=chair color=red conf=0.39 bbox=[369,145,420,230]
[TRIAL] class=chair color=green source=explicit_target start=[0.0, 0.0, 0.0]
[DETECT] class=sports ball color=red conf=0.63 bbox=[303,204,334,235]
[DETECT] class=chair color=red conf=0.39 bbox=[369,145,420,230]
[DETECT] class=sports ball color=red conf=0.61 bbox=[303,203,334,235]
[DETECT] class=chair color=red conf=0.44 bbox=[369,145,420,230]
[DETECT] class=sports ball color=red conf=0.60 bbox=[303,204,334,235]
[DETECT] class=chair color=red conf=0.43 bbox=[369,145,420,230]
[SEARCH] target=green_chair rotating=30deg
[SKILL] turn values=(30.0,) t=2.42
[TURN] target=30.0 deg final_error=1.97 deg status=SUCCESS
[DETECT] class=chair color=red conf=0.80 bbox=[512,131,634,257]
[DETECT] class=chair color=green conf=0.79 bbox=[332,152,387,233]
[DETECT] class=sports ball color=red conf=0.36 bbox=[420,212,460,247]
[SKILL] turn values=(-11.097273304464656,) t=5.12
[TURN] target=-11.1 deg final_error=-1.97 deg status=SUCCESS
[DETECT] class=sports ball color=red conf=0.47 bbox=[378,208,411,240]
[DETECT] class=chair color=red conf=0.41 bbox=[455,137,538,241]
[DETECT] class=chair color=red conf=0.66 bbox=[459,134,543,241]
[DETECT] class=chair color=green conf=0.61 bbox=[296,149,348,230]
[DETECT] class=sports ball color=red conf=0.34 bbox=[380,207,415,239]
[SKILL] move values=(0.25, 0.0, 0.0, 0.25) t=6.12
[MOVE] completed duration=0.25
[DETECT] class=chair color=green conf=0.52 bbox=[297,138,350,221]
[DETECT] class=chair color=red conf=0.42 bbox=[464,121,556,232]
[SKILL] move values=(0.25, 0.0, 0.0, 0.25) t=6.62
[MOVE] completed duration=0.25
[DETECT] class=chair color=green conf=0.48 bbox=[297,133,351,219]
[DETECT] class=sports ball color=red conf=0.42 bbox=[386,194,422,228]
[SKILL] move values=(0.25, 0.0, 0.0, 0.25) t=7.12
[MOVE] completed duration=0.25
[DETECT] class=sports ball color=red conf=0.45 bbox=[384,199,420,234]
[DETECT] class=chair color=green conf=0.43 bbox=[294,139,349,223]
[SKILL] move values=(0.25, 0.0, 0.0, 0.25) t=7.62
[MOVE] completed duration=0.25
[DETECT] class=sports ball color=red conf=0.47 bbox=[384,194,422,229]
[DETECT] class=sports ball color=red conf=0.39 bbox=[383,200,420,236]
[DETECT] class=sports ball color=red conf=0.61 bbox=[382,208,419,242]
[DETECT] class=chair color=red conf=0.39 bbox=[465,130,556,244]
[SEARCH] target=green_chair rotating=30deg
[SKILL] turn values=(30.0,) t=8.32
[TURN] target=30.0 deg final_error=1.96 deg status=SUCCESS
[DETECT] class=chair color=green conf=0.82 bbox=[404,143,486,243]
[DETECT] class=orange color=red conf=0.65 bbox=[537,224,617,274]
[SKILL] turn values=(-31.82808109263205,) t=11.12
[TURN] target=-31.8 deg final_error=-1.68 deg status=SUCCESS
[DETECT] class=chair color=green conf=0.60 bbox=[271,151,325,237]
[DETECT] class=sports ball color=red conf=0.60 bbox=[362,211,398,244]
[DETECT] class=chair color=red conf=0.59 bbox=[442,135,516,241]
[DETECT] class=airplane color=unknown conf=0.25 bbox=[2,183,640,478]
[SKILL] move values=(0.25, 0.0, 0.0, 0.25) t=13.32
[MOVE] completed duration=0.25
[DETECT] class=sports ball color=red conf=0.39 bbox=[369,195,407,231]
[DETECT] class=chair color=green conf=0.33 bbox=[277,133,332,224]
[SKILL] move values=(0.25, 0.0, 0.0, 0.25) t=13.82
[MOVE] completed duration=0.25
[DETECT] class=sports ball color=red conf=0.48 bbox=[368,200,406,237]
[DETECT] class=chair color=green conf=0.31 bbox=[273,136,331,227]
[SKILL] move values=(0.25, 0.0, 0.0, 0.25) t=14.32
[MOVE] completed duration=0.25
[DETECT] class=chair color=green conf=0.50 bbox=[270,129,329,225]
[DETECT] class=sports ball color=red conf=0.42 bbox=[368,195,407,232]
[DETECT] class=chair color=red conf=0.26 bbox=[452,112,544,231]
[SKILL] move values=(0.25, 0.0, 0.0, 0.25) t=14.82
[MOVE] completed duration=0.25
[DETECT] class=chair color=green conf=0.67 bbox=[266,133,326,227]
[DETECT] class=sports ball color=red conf=0.51 bbox=[366,201,405,239]
[DETECT] class=chair color=red conf=0.35 bbox=[450,122,540,241]
[SKILL] move values=(0.25, 0.0, 0.0, 0.25) t=15.32
[MOVE] completed duration=0.25
[DETECT] class=chair color=green conf=0.72 bbox=[262,126,324,226]
[DETECT] class=chair color=red conf=0.52 bbox=[451,109,545,236]
[DETECT] class=sports ball color=red conf=0.47 bbox=[366,196,407,236]
[SKILL] move values=(0.25, 0.0, 0.0, 0.25) t=15.82
[MOVE] completed duration=0.25
[DETECT] class=chair color=red conf=0.42 bbox=[450,119,543,242]
[DETECT] class=sports ball color=red conf=0.41 bbox=[364,201,405,242]
[DETECT] class=chair color=green conf=0.40 bbox=[257,129,322,232]
[SKILL] move values=(0.25, 0.0, 0.0, 0.25) t=16.32
[MOVE] completed duration=0.25
[DETECT] class=sports ball color=red conf=0.56 bbox=[364,197,407,238]
[DETECT] class=chair color=green conf=0.44 bbox=[254,124,320,230]
[DETECT] class=chair color=red conf=0.32 bbox=[452,107,549,238]
[SKILL] move values=(0.25, 0.0, 0.0, 0.25) t=16.82
[MOVE] completed duration=0.25
[DETECT] class=sports ball color=red conf=0.55 bbox=[362,203,406,245]
[DETECT] class=chair color=red conf=0.42 bbox=[451,116,546,245]
[DETECT] class=chair color=green conf=0.40 bbox=[250,128,317,233]
[SKILL] move values=(0.25, 0.0, 0.0, 0.25) t=17.32
[MOVE] completed duration=0.25
[DETECT] class=chair color=green conf=0.71 bbox=[246,121,314,232]
[DETECT] class=sports ball color=red conf=0.68 bbox=[362,198,408,241]
[DETECT] class=chair color=red conf=0.31 bbox=[455,104,553,239]
[SKILL] turn values=(11.23419385549561,) t=18.02
[TURN] target=11.2 deg final_error=1.99 deg status=SUCCESS
[DETECT] class=orange color=red conf=0.49 bbox=[399,216,449,263]
[DETECT] class=sports ball color=red conf=0.31 bbox=[399,216,449,262]
[DETECT] class=chair color=green conf=0.58 bbox=[282,137,349,242]
[DETECT] class=orange color=red conf=0.47 bbox=[395,216,446,262]
[DETECT] class=sports ball color=red conf=0.34 bbox=[395,216,445,261]
[DETECT] class=chair color=red conf=0.33 bbox=[491,118,627,346]
[DETECT] class=chair color=red conf=0.29 bbox=[499,118,626,271]
[SKILL] move values=(0.25, 0.0, 0.0, 0.25) t=19.92
[MOVE] completed duration=0.25
[DETECT] class=sports ball color=red conf=0.32 bbox=[393,199,445,245]
[DETECT] class=chair color=green conf=0.30 bbox=[275,120,343,233]
[DETECT] class=orange color=red conf=0.29 bbox=[393,199,445,246]
[SKILL] move values=(0.25, 0.0, 0.0, 0.25) t=20.42
[MOVE] completed duration=0.25
[DETECT] class=orange color=red conf=0.57 bbox=[391,205,442,253]
[DETECT] class=chair color=green conf=0.35 bbox=[271,124,340,236]
[SKILL] move values=(0.25, 0.0, 0.0, 0.25) t=21.02
[MOVE] completed duration=0.25
[DETECT] class=orange color=red conf=0.66 bbox=[393,199,448,249]
[DETECT] class=orange color=red conf=0.28 bbox=[392,206,447,256]
[DETECT] class=orange color=red conf=0.60 bbox=[391,215,445,263]
[DETECT] class=chair color=green conf=0.44 bbox=[268,131,337,245]
[DETECT] class=chair color=red conf=0.36 bbox=[497,108,626,267]
[SKILL] move values=(0.25, 0.0, 0.0, 0.25) t=21.74
[MOVE] completed duration=0.25
[DETECT] class=orange color=red conf=0.29 bbox=[391,204,447,256]
[DETECT] class=chair color=green conf=0.27 bbox=[264,119,336,238]
[SKILL] move values=(0.25, 0.0, 0.0, 0.25) t=22.22
[MOVE] completed duration=0.25
[DETECT] class=orange color=red conf=0.51 bbox=[393,200,452,254]
[DETECT] class=chair color=green conf=0.26 bbox=[260,113,335,238]
[SKILL] move values=(0.25, 0.0, 0.0, 0.25) t=22.72
[MOVE] completed duration=0.25
[DETECT] class=sports ball color=red conf=0.41 bbox=[391,208,452,262]
[DETECT] class=sports ball color=red conf=0.51 bbox=[391,212,451,266]
[DETECT] class=airplane color=unknown conf=0.29 bbox=[255,100,640,256]
[SEARCH] target=green_chair rotating=30deg
[SKILL] turn values=(30.0,) t=23.52
