[KEYBOARD] evdev not installed; browser keyboard control is available
[MAP] switched to object_lab
[DETECT] class=sports ball color=red conf=0.63 bbox=[303,204,334,235]
[DETECT] class=chair color=red conf=0.39 bbox=[369,145,420,230]
[TRIAL] class=chair color=red source=explicit_target start=[0.0, 0.0, 0.0]
[DETECT] class=sports ball color=red conf=0.63 bbox=[303,204,334,235]
[DETECT] class=chair color=red conf=0.39 bbox=[369,145,420,230]
[SKILL] turn values=(-20.301458816851223,) t=2.12
[TURN] target=-20.3 deg final_error=-1.94 deg status=SUCCESS
[DETECT] class=sports ball color=red conf=0.26 bbox=[224,210,259,242]
[DETECT] class=sports ball color=red conf=0.50 bbox=[227,210,261,243]
[DETECT] class=chair color=red conf=0.27 bbox=[297,154,339,231]
[SKILL] move values=(0.25, 0.0, 0.0, 0.25) t=4.02
[MOVE] completed duration=0.25
[DETECT] class=chair color=red conf=0.55 bbox=[299,140,343,221]
[DETECT] class=sports ball color=red conf=0.54 bbox=[228,197,263,230]
[SKILL] move values=(0.25, 0.0, 0.0, 0.25) t=4.52
[MOVE] completed duration=0.25
[DETECT] class=chair color=red conf=0.65 bbox=[300,137,345,221]
[DETECT] class=sports ball color=red conf=0.51 bbox=[227,197,263,231]
[DETECT] class=chair color=green conf=0.30 bbox=[97,129,191,234]
[SKILL] move values=(0.25, 0.0, 0.0, 0.25) t=5.02
[MOVE] completed duration=0.25
[DETECT] class=chair color=red conf=0.56 bbox=[299,141,344,225]
[DETECT] class=sports ball color=red conf=0.42 bbox=[223,199,259,234]
[DETECT] class=chair color=green conf=0.36 bbox=[88,128,183,235]
[SKILL] move values=(0.25, 0.0, 0.0, 0.25) t=5.52
[MOVE] completed duration=0.25
[DETECT] class=chair color=red conf=0.72 bbox=[296,136,343,222]
[DETECT] class=sports ball color=red conf=0.55 bbox=[219,197,257,233]
[DETECT] class=chair color=green conf=0.51 bbox=[78,125,181,236]
[DETECT] class=chair color=green conf=0.27 bbox=[116,125,181,234]
[SKILL] move values=(0.25, 0.0, 0.0, 0.25) t=6.02
[MOVE] completed duration=0.25
[DETECT] class=sports ball color=red conf=0.88 bbox=[213,199,252,236]
[DETECT] class=airplane color=unknown conf=0.29 bbox=[336,193,640,315]
[DETECT] class=chair color=green conf=0.27 bbox=[66,124,173,238]
[DETECT] class=sports ball color=red conf=0.84 bbox=[212,199,251,236]
[DETECT] class=airplane color=unknown conf=0.34 bbox=[334,191,640,315]
[DETECT] class=sports ball color=red conf=0.68 bbox=[212,204,251,240]
[DETECT] class=chair color=green conf=0.32 bbox=[65,129,172,243]
[SEARCH] target=red_chair rotating=30deg
[SKILL] turn values=(30.0,) t=6.82
[TURN] target=30.0 deg final_error=1.89 deg status=SUCCESS
[DETECT] class=sports ball color=red conf=0.49 bbox=[333,211,367,245]
[DETECT] class=chair color=red conf=0.46 bbox=[409,144,479,245]
[DETECT] class=chair color=green conf=0.26 bbox=[246,148,302,235]
[SKILL] turn values=(-31.622242188217626,) t=9.62
[TURN] target=-31.6 deg final_error=-1.87 deg status=SUCCESS
[DETECT] class=sports ball color=red conf=0.66 bbox=[199,216,240,254]
[DETECT] class=chair color=red conf=0.53 bbox=[282,152,328,238]
[DETECT] class=chair color=green conf=0.33 bbox=[42,144,158,261]
[SKILL] move values=(0.25, 0.0, 0.0, 0.25) t=11.82
[MOVE] completed duration=0.25
[DETECT] class=chair color=red conf=0.68 bbox=[291,135,338,224]
[DETECT] class=chair color=green conf=0.54 bbox=[52,124,168,245]
[DETECT] class=sports ball color=red conf=0.45 bbox=[207,200,248,238]
[SKILL] move values=(0.25, 0.0, 0.0, 0.25) t=12.32
[MOVE] completed duration=0.25
[DETECT] class=sports ball color=red conf=0.62 bbox=[202,200,244,239]
[DETECT] class=chair color=red conf=0.39 bbox=[290,137,337,227]
[SKILL] move values=(0.25, 0.0, 0.0, 0.25) t=12.82
[MOVE] completed duration=0.25
[DETECT] class=sports ball color=red conf=0.73 bbox=[197,200,240,240]
[DETECT] class=chair color=red conf=0.28 bbox=[286,132,336,225]
[SKILL] move values=(0.25, 0.0, 0.0, 0.25) t=13.32
[MOVE] completed duration=0.25
[DETECT] class=sports ball color=red conf=0.50 bbox=[189,201,235,243]
[DETECT] class=sports ball color=red conf=0.64 bbox=[188,201,234,244]
[DETECT] class=chair color=green conf=0.33 bbox=[7,114,145,248]
[DETECT] class=orange color=red conf=0.38 bbox=[189,209,235,252]
[DETECT] class=chair color=green conf=0.31 bbox=[10,125,147,258]
[SEARCH] target=red_chair rotating=30deg
[SKILL] turn values=(30.0,) t=14.12
[TURN] target=30.0 deg final_error=1.88 deg status=SUCCESS
[DETECT] class=chair color=red conf=0.59 bbox=[400,141,472,249]
[DETECT] class=chair color=green conf=0.28 bbox=[222,144,285,239]
[SKILL] turn values=(-29.94255500698795,) t=16.82
[TURN] target=-29.9 deg final_error=-1.86 deg status=SUCCESS
[DETECT] class=sports ball color=red conf=0.62 bbox=[186,219,232,260]
[DETECT] class=chair color=red conf=0.54 bbox=[280,148,331,241]
[DETECT] class=chair color=green conf=0.45 bbox=[8,136,144,269]
[DETECT] class=chair color=green conf=0.37 bbox=[64,135,145,258]
[SKILL] move values=(0.25, 0.0, 0.0, 0.25) t=18.92
[MOVE] completed duration=0.25
[DETECT] class=sports ball color=red conf=0.81 bbox=[193,203,239,245]
[DETECT] class=chair color=green conf=0.65 bbox=[19,117,152,252]
[DETECT] class=chair color=red conf=0.64 bbox=[289,130,340,228]
[SKILL] move values=(0.25, 0.0, 0.0, 0.25) t=19.42
[MOVE] completed duration=0.25
[DETECT] class=sports ball color=red conf=0.69 bbox=[186,202,235,246]
[DETECT] class=chair color=red conf=0.34 bbox=[286,133,339,231]
[SKILL] move values=(0.25, 0.0, 0.0, 0.25) t=19.92
[MOVE] completed duration=0.25
[DETECT] class=orange color=red conf=0.42 bbox=[180,202,231,247]
[DETECT] class=chair color=red conf=0.42 bbox=[284,128,338,229]
[DETECT] class=sports ball color=red conf=0.32 bbox=[180,202,231,247]
[DETECT] class=chair color=green conf=0.27 bbox=[0,109,139,255]
[SKILL] move values=(0.25, 0.0, 0.0, 0.25) t=20.42
[MOVE] completed duration=0.25
[DETECT] class=orange color=red conf=0.59 bbox=[171,203,225,250]
[DETECT] class=chair color=red conf=0.30 bbox=[281,130,335,233]
[SKILL] move values=(0.25, 0.0, 0.0, 0.25) t=20.92
[MOVE] completed duration=0.25
[DETECT] class=sports ball color=red conf=0.47 bbox=[164,203,221,253]
[DETECT] class=airplane color=unknown conf=0.34 bbox=[1,105,335,263]
[DETECT] class=airplane color=unknown conf=0.26 bbox=[1,97,633,477]
[DETECT] class=airplane color=unknown conf=0.49 bbox=[2,109,331,267]
[DETECT] class=sports ball color=red conf=0.29 bbox=[163,209,220,258]
[DETECT] class=sports ball color=red conf=0.57 bbox=[164,216,220,265]
[DETECT] class=airplane color=unknown conf=0.39 bbox=[2,116,309,272]
[SEARCH] target=red_chair rotating=30deg
[SKILL] turn values=(30.0,) t=21.62
[TURN] target=30.0 deg final_error=1.87 deg status=SUCCESS
[DETECT] class=chair color=red conf=0.57 bbox=[393,135,473,255]
[DETECT] class=chair color=green conf=0.45 bbox=[196,141,267,244]
[DETECT] class=sports ball color=red conf=0.42 bbox=[298,215,340,256]
[SKILL] turn values=(-29.29753753226598,) t=24.22
[TURN] target=-29.3 deg final_error=-1.91 deg status=SUCCESS
[DETECT] class=sports ball color=red conf=0.59 bbox=[160,223,217,271]
[DETECT] class=chair color=green conf=0.54 bbox=[1,125,117,280]
[DETECT] class=chair color=red conf=0.35 bbox=[275,142,332,246]
[SKILL] move values=(0.25, 0.0, 0.0, 0.25) t=26.42
[MOVE] completed duration=0.25
[DETECT] class=orange color=red conf=0.40 bbox=[164,206,221,256]
[DETECT] class=chair color=red conf=0.31 bbox=[281,126,339,234]
[SKILL] move values=(0.25, 0.0, 0.0, 0.25) t=26.92
[MOVE] completed duration=0.25
[DETECT] class=sports ball color=red conf=0.68 bbox=[160,206,220,257]
[DETECT] class=airplane color=unknown conf=0.32 bbox=[2,105,341,301]
[DETECT] class=airplane color=unknown conf=0.66 bbox=[1,109,342,272]
[DETECT] class=sports ball color=red conf=0.42 bbox=[160,212,220,263]
[DETECT] class=sports ball color=red conf=0.76 bbox=[160,219,220,269]
[DETECT] class=chair color=green conf=0.53 bbox=[1,116,120,274]
[SEARCH] target=red_chair rotating=30deg
[SKILL] turn values=(30.0,) t=27.62
[TURN] target=30.0 deg final_error=1.90 deg status=SUCCESS
[DETECT] class=chair color=red conf=0.67 bbox=[397,131,483,257]
[DETECT] class=chair color=green conf=0.63 bbox=[196,138,267,245]
[DETECT] class=sports ball color=red conf=0.61 bbox=[296,216,339,260]
[SKILL] turn values=(-30.78973302883215,) t=30.22
[TURN] target=-30.8 deg final_error=-1.86 deg status=SUCCESS
[DETECT] class=chair color=red conf=0.78 bbox=[268,141,328,250]
[DETECT] class=sports ball color=red conf=0.62 bbox=[142,225,205,277]
[DETECT] class=chair color=green conf=0.46 bbox=[0,121,99,290]
[SKILL] move values=(0.25, 0.0, 0.0, 0.25) t=32.52
[MOVE] completed duration=0.25
[DETECT] class=chair color=red conf=0.52 bbox=[272,122,334,236]
[DETECT] class=sports ball color=red conf=0.36 bbox=[143,208,208,261]
[DETECT] class=chair color=green conf=0.34 bbox=[0,99,104,271]
[SKILL] move values=(0.25, 0.0, 0.0, 0.25) t=33.02
[MOVE] completed duration=0.25
[DETECT] class=airplane color=unknown conf=0.41 bbox=[0,89,297,306]
[DETECT] class=sports ball color=red conf=0.40 bbox=[131,207,201,263]
[DETECT] class=orange color=red conf=0.32 bbox=[131,207,201,263]
[DETECT] class=chair color=red conf=0.26 bbox=[270,124,332,240]
[SKILL] move values=(0.25, 0.0, 0.0, 0.25) t=33.52
[MOVE] completed duration=0.25
[DETECT] class=sports ball color=red conf=0.61 bbox=[121,208,195,267]
[DETECT] class=chair color=red conf=0.44 bbox=[267,117,332,238]
[DETECT] class=airplane color=unknown conf=0.30 bbox=[0,86,313,317]
[SKILL] move values=(0.25, 0.0, 0.0, 0.25) t=34.02
[MOVE] completed duration=0.25
[DETECT] class=sports ball color=red conf=0.85 bbox=[105,209,185,272]
[DETECT] class=sports ball color=red conf=0.58 bbox=[104,211,185,273]
[DETECT] class=airplane color=unknown conf=0.25 bbox=[0,81,298,269]
[DETECT] class=sports ball color=red conf=0.74 bbox=[105,218,185,279]
[SEARCH] target=red_chair rotating=30deg
[SKILL] turn values=(30.0,) t=34.72
[TURN] target=30.0 deg final_error=1.96 deg status=SUCCESS
[DETECT] class=chair color=red conf=0.80 bbox=[382,127,471,264]
[DETECT] class=chair color=green conf=0.70 bbox=[159,131,241,253]
[DETECT] class=orange color=red conf=0.48 bbox=[267,219,317,268]
[SKILL] turn values=(-27.871706399531547,) t=37.42
[TURN] target=-27.9 deg final_error=-1.95 deg status=SUCCESS
[DETECT] class=sports ball color=red conf=0.78 bbox=[115,231,192,292]
[DETECT] class=chair color=red conf=0.66 bbox=[268,134,334,256]
[DETECT] class=airplane color=unknown conf=0.32 bbox=[0,113,283,347]
[SKILL] move values=(0.25, 0.0, 0.0, 0.25) t=39.42
[MOVE] completed duration=0.25
[DETECT] class=sports ball color=red conf=0.51 bbox=[122,213,199,274]
[DETECT] class=airplane color=unknown conf=0.32 bbox=[0,91,338,333]
[DETECT] class=sports ball color=red conf=0.63 bbox=[122,220,199,281]
[DETECT] class=airplane color=unknown conf=0.51 bbox=[0,98,338,335]
[DETECT] class=sports ball color=red conf=0.82 bbox=[124,228,200,289]
[DETECT] class=chair color=green conf=0.27 bbox=[0,109,91,269]
[SEARCH] target=red_chair rotating=30deg
[SKILL] turn values=(30.0,) t=40.12
[TURN] target=30.0 deg final_error=1.95 deg status=SUCCESS
[DETECT] class=chair color=green conf=0.79 bbox=[171,130,251,252]
[DETECT] class=chair color=red conf=0.71 bbox=[395,121,493,271]
[DETECT] class=sports ball color=red conf=0.60 bbox=[275,219,325,269]
[SKILL] turn values=(-31.622242188217626,) t=42.72
[TURN] target=-31.6 deg final_error=-1.88 deg status=SUCCESS
[DETECT] class=chair color=red conf=0.75 bbox=[260,132,329,257]
[DETECT] class=sports ball color=red conf=0.71 bbox=[92,231,178,295]
[DETECT] class=airplane color=unknown conf=0.29 bbox=[0,103,291,352]
[DETECT] class=airplane color=unknown conf=0.28 bbox=[0,106,319,289]
[SKILL] move values=(0.25, 0.0, 0.0, 0.25) t=45.32
[MOVE] completed duration=0.25
[DETECT] class=airplane color=unknown conf=0.67 bbox=[0,82,277,338]
[DETECT] class=sports ball color=red conf=0.61 bbox=[86,211,176,279]
[DETECT] class=chair color=red conf=0.52 bbox=[261,114,332,245]
[SKILL] move values=(0.25, 0.0, 0.0, 0.25) t=45.82
[MOVE] completed duration=0.25
[DETECT] class=airplane color=unknown conf=0.78 bbox=[0,118,274,348]
[DETECT] class=sports ball color=red conf=0.69 bbox=[74,214,170,285]
[DETECT] class=chair color=red conf=0.55 bbox=[260,110,332,245]
[SKILL] move values=(0.25, 0.0, 0.0, 0.25) t=46.32
[MOVE] completed duration=0.25
[DETECT] class=sports ball color=red conf=0.60 bbox=[52,214,158,288]
[DETECT] class=airplane color=unknown conf=0.30 bbox=[0,161,273,361]
[DETECT] class=chair color=red conf=0.29 bbox=[254,113,332,250]
[SKILL] move values=(0.25, 0.0, 0.0, 0.25) t=46.82
[MOVE] completed duration=0.25
[DETECT] class=airplane color=red conf=0.65 bbox=[0,191,270,362]
[DETECT] class=chair color=red conf=0.49 bbox=[251,106,329,249]
[DETECT] class=sports ball color=red conf=0.41 bbox=[32,219,150,298]
[SKILL] move values=(0.25, 0.0, 0.0, 0.25) t=47.32
[MOVE] completed duration=0.25
[DETECT] class=sports ball color=red conf=0.66 bbox=[1,218,135,304]
[DETECT] class=airplane color=red conf=0.32 bbox=[1,192,259,372]
[DETECT] class=chair color=red conf=0.28 bbox=[245,108,328,253]
[SKILL] move values=(0.25, 0.0, 0.0, 0.25) t=47.82
[MOVE] completed duration=0.25
[DETECT] class=sports ball color=red conf=0.38 bbox=[0,225,123,317]
[DETECT] class=airplane color=red conf=0.33 bbox=[1,192,259,390]
[DETECT] class=kite color=red conf=0.28 bbox=[0,225,124,317]
[DETECT] class=sports ball color=red conf=0.65 bbox=[0,232,121,325]
[DETECT] class=airplane color=red conf=0.53 bbox=[0,195,258,399]
[DETECT] class=chair color=red conf=0.50 bbox=[239,108,324,262]
[SKILL] turn values=(10.823048162634272,) t=48.42
[TURN] target=10.8 deg final_error=1.94 deg status=SUCCESS
[DETECT] class=chair color=red conf=0.63 bbox=[284,118,368,267]
[DETECT] class=sports ball color=red conf=0.46 bbox=[81,228,184,305]
[SKILL] move values=(0.25, 0.0, 0.0, 0.25) t=50.02
[MOVE] completed duration=0.25
[DETECT] class=airplane color=unknown conf=0.69 bbox=[0,103,289,372]
[DETECT] class=sports ball color=red conf=0.60 bbox=[54,220,170,303]
[DETECT] class=airplane color=unknown conf=0.68 bbox=[0,106,289,383]
[DETECT] class=sports ball color=red conf=0.55 bbox=[53,227,168,310]
[DETECT] class=sports ball color=red conf=0.67 bbox=[54,234,169,318]
[DETECT] class=airplane color=unknown conf=0.46 bbox=[0,97,308,390]
[SEARCH] target=red_chair rotating=30deg
[SKILL] turn values=(30.0,) t=50.72
[TURN] target=30.0 deg final_error=1.97 deg status=SUCCESS
[DETECT] class=chair color=red conf=0.71 bbox=[395,101,523,286]
[DETECT] class=sports ball color=red conf=0.58 bbox=[243,225,305,287]
[DETECT] class=chair color=green conf=0.54 bbox=[145,122,234,261]
[SKILL] turn values=(-34.61436762788498,) t=53.32
[TURN] target=-34.6 deg final_error=-2.00 deg status=SUCCESS
[DETECT] class=sports ball color=red conf=0.54 bbox=[0,247,119,342]
[DETECT] class=chair color=red conf=0.30 bbox=[241,119,329,273]
[SKILL] move values=(0.25, 0.0, 0.0, 0.25) t=55.72
[MOVE] completed duration=0.25
[DETECT] class=sports ball color=red conf=0.63 bbox=[0,227,124,322]
[DETECT] class=airplane color=red conf=0.53 bbox=[1,193,269,399]
[DETECT] class=sports ball color=red conf=0.82 bbox=[0,233,124,329]
[DETECT] class=airplane color=red conf=0.62 bbox=[1,198,271,405]
[DETECT] class=chair color=red conf=0.40 bbox=[249,108,338,266]
[SKILL] move values=(0.25, 0.0, 0.0, 0.25) t=56.32
[MOVE] completed duration=0.25
[DETECT] class=airplane color=red conf=0.44 bbox=[1,192,264,408]
[DETECT] class=chair color=red conf=0.32 bbox=[245,93,338,261]
[DETECT] class=sports ball color=red conf=0.26 bbox=[0,228,113,329]
[SKILL] move values=(0.25, 0.0, 0.0, 0.25) t=56.82
[MOVE] completed duration=0.25
[DETECT] class=chair color=red conf=0.28 bbox=[241,96,337,265]
[SKILL] move values=(0.25, 0.0, 0.0, 0.25) t=57.46
[MOVE] completed duration=0.25
[DETECT] class=chair color=red conf=0.50 bbox=[237,90,338,269]
[SKILL] move values=(0.25, 0.0, 0.0, 0.25) t=58.02
[MOVE] completed duration=0.25
[DETECT] class=chair color=red conf=0.32 bbox=[233,97,336,278]
[SKILL] move values=(0.25, 0.0, 0.0, 0.25) t=58.82
[MOVE] completed duration=0.25
[DETECT] class=chair color=red conf=0.77 bbox=[228,101,337,288]
[SKILL] move values=(0.25, 0.0, 0.0, 0.25) t=59.82
[MOVE] completed duration=0.25
[DETECT] class=person color=red conf=0.30 bbox=[0,276,13,332]
[DETECT] class=chair color=red conf=0.60 bbox=[220,80,335,277]
[DETECT] class=person color=red conf=0.35 bbox=[0,282,14,339]
[SKILL] turn values=(11.916821427918299,) t=60.42
[TURN] target=11.9 deg final_error=1.99 deg status=SUCCESS
[DETECT] class=chair color=red conf=0.37 bbox=[274,98,384,289]
[SKILL] move values=(0.25, 0.0, 0.0, 0.25) t=62.02
[MOVE] completed duration=0.25
[DETECT] class=chair color=red conf=0.40 bbox=[259,73,375,278]
[SKILL] move values=(0.25, 0.0, 0.0, 0.25) t=62.52
[MOVE] completed duration=0.25
[DETECT] class=chair color=red conf=0.61 bbox=[252,76,372,284]
[SKILL] move values=(0.25, 0.0, 0.0, 0.25) t=63.02
[MOVE] completed duration=0.25
[DETECT] class=chair color=red conf=0.65 bbox=[244,62,371,285]
[DETECT] class=person color=red conf=0.25 bbox=[0,272,37,371]
[SKILL] move values=(0.25, 0.0, 0.0, 0.25) t=63.52
[MOVE] completed duration=0.25
[DETECT] class=chair color=red conf=0.73 bbox=[239,65,372,293]
[SKILL] move values=(0.25, 0.0, 0.0, 0.25) t=64.02
[MOVE] completed duration=0.25
[DETECT] class=chair color=red conf=0.86 bbox=[230,49,372,297]
[SKILL] move values=(0.25, 0.0, 0.0, 0.25) t=64.52
[MOVE] completed duration=0.25
[DETECT] class=chair color=red conf=0.79 bbox=[222,50,374,306]
[SKILL] move values=(0.25, 0.0, 0.0, 0.25) t=65.02
[MOVE] completed duration=0.25
[DETECT] class=chair color=red conf=0.68 bbox=[211,33,374,309]
[SKILL] move values=(0.25, 0.0, 0.0, 0.25) t=65.52
[MOVE] completed duration=0.25
[DETECT] class=chair color=red conf=0.80 bbox=[200,35,378,325]
[SKILL] move values=(0.25, 0.0, 0.0, 0.25) t=66.02
[MOVE] completed duration=0.25
[DETECT] class=chair color=red conf=0.62 bbox=[185,14,379,333]
[SKILL] move values=(0.25, 0.0, 0.0, 0.25) t=66.52
[MOVE] completed duration=0.25
[DETECT] class=chair color=red conf=0.91 bbox=[171,13,384,345]
[SKILL] turn values=(11.916821427918299,) t=67.02
[TURN] target=11.9 deg final_error=1.95 deg status=SUCCESS
[DETECT] class=chair color=red conf=0.92 bbox=[242,27,453,381]
[SKILL] move values=(0.25, 0.0, 0.0, 0.25) t=68.62
[MOVE] completed duration=0.25
[DETECT] class=chair color=red conf=0.90 bbox=[217,0,453,368]
[SKILL] move values=(0.25, 0.0, 0.0, 0.25) t=69.12
[MOVE] completed duration=0.25
[DETECT] class=chair color=red conf=0.91 bbox=[202,0,459,420]
[SKILL] move values=(0.25, 0.0, 0.0, 0.25) t=69.62
[MOVE] completed duration=0.25
[DETECT] class=chair color=red conf=0.69 bbox=[181,0,487,410]
[SKILL] move values=(0.25, 0.0, 0.0, 0.25) t=70.12
[MOVE] completed duration=0.25
[DETECT] class=chair color=red conf=0.65 bbox=[162,0,513,449]
[SKILL] move values=(0.25, 0.0, 0.0, 0.25) t=70.62
[MOVE] completed duration=0.25
[DETECT] class=chair color=red conf=0.41 bbox=[119,1,574,475]
[APPROACH] final_visual_steps=4
[SKILL] move values=(0.2, 0.0, 0.0, 0.25) t=71.12
[MOVE] completed duration=0.25
[SKILL] move values=(0.2, 0.0, 0.0, 0.25) t=71.42
[MOVE] completed duration=0.25
[SKILL] move values=(0.2, 0.0, 0.0, 0.25) t=71.72
[MOVE] completed duration=0.25
[SKILL] move values=(0.2, 0.0, 0.0, 0.25) t=72.02
[MOVE] completed duration=0.25
[MISSION] status=FAIL reason=target_not_visible_at_stop
[TRIAL] result=task4_evidence\2026-09-30-benchmark\06_red_center\result.json success=False
