[KEYBOARD] evdev not installed; browser keyboard control is available
[MAP] switched to object_lab
[TRIAL] class=chair color=green source=explicit_target start=[1.0, 1.0, 180.0]
[SEARCH] target=green_chair rotating=30deg
[SKILL] turn values=(30.0,) t=2.32
[TURN] target=30.0 deg final_error=1.99 deg status=SUCCESS
[SEARCH] target=green_chair rotating=30deg
[SKILL] turn values=(30.0,) t=5.32
[TURN] target=30.0 deg final_error=1.98 deg status=SUCCESS
[SEARCH] target=green_chair rotating=30deg
[SKILL] turn values=(30.0,) t=8.32
[TURN] target=30.0 deg final_error=1.88 deg status=SUCCESS
[DETECT] class=chair color=red conf=0.46 bbox=[0,153,59,260]
[DETECT] class=airplane color=red conf=0.36 bbox=[0,153,59,259]
[DETECT] class=chair color=red conf=0.32 bbox=[0,177,53,259]
[DETECT] class=airplane color=red conf=0.41 bbox=[0,188,47,258]
[SEARCH] target=green_chair rotating=30deg
[SKILL] turn values=(30.0,) t=11.32
[TURN] target=30.0 deg final_error=1.92 deg status=SUCCESS
[DETECT] class=chair color=red conf=0.46 bbox=[143,134,227,246]
[DETECT] class=sports ball color=red conf=0.27 bbox=[60,222,147,284]
[DETECT] class=chair color=red conf=0.80 bbox=[142,133,225,245]
[DETECT] class=sports ball color=red conf=0.45 bbox=[56,221,145,284]
[DETECT] class=chair color=red conf=0.86 bbox=[139,132,223,246]
[DETECT] class=sports ball color=red conf=0.61 bbox=[53,221,142,284]
[SEARCH] target=green_chair rotating=30deg
[SKILL] turn values=(30.0,) t=14.32
[TURN] target=30.0 deg final_error=1.90 deg status=SUCCESS
[DETECT] class=chair color=red conf=0.40 bbox=[285,149,338,240]
[DETECT] class=sports ball color=red conf=0.38 bbox=[236,217,284,263]
[DETECT] class=sports ball color=red conf=0.73 bbox=[234,216,281,262]
[DETECT] class=chair color=red conf=0.39 bbox=[283,148,337,239]
[DETECT] class=sports ball color=red conf=0.77 bbox=[231,215,279,262]
[SEARCH] target=green_chair rotating=30deg
[SKILL] turn values=(30.0,) t=17.22
[TURN] target=30.0 deg final_error=1.93 deg status=SUCCESS
[DETECT] class=chair color=green conf=0.84 bbox=[160,120,265,267]
[DETECT] class=chair color=red conf=0.83 bbox=[390,145,458,244]
[DETECT] class=sports ball color=red conf=0.69 bbox=[346,217,393,263]
[SKILL] turn values=(28.093580477031818,) t=20.12
[TURN] target=28.1 deg final_error=1.98 deg status=SUCCESS
[DETECT] class=chair color=green conf=0.54 bbox=[287,123,373,264]
[DETECT] class=orange color=red conf=0.52 bbox=[465,224,541,281]
[DETECT] class=sports ball color=red conf=0.40 bbox=[465,224,541,281]
[DETECT] class=chair color=red conf=0.38 bbox=[529,122,640,267]
[DETECT] class=airplane color=unknown conf=0.29 bbox=[6,98,640,479]
[SKILL] move values=(0.25, 0.0, 0.0, 0.25) t=23.02
[MOVE] completed duration=0.25
[DETECT] class=sports ball color=red conf=0.50 bbox=[465,202,546,262]
[DETECT] class=airplane color=unknown conf=0.37 bbox=[1,152,639,479]
[DETECT] class=chair color=green conf=0.32 bbox=[279,99,368,250]
[SKILL] move values=(0.25, 0.0, 0.0, 0.25) t=23.52
[MOVE] completed duration=0.25
[DETECT] class=chair color=green conf=0.69 bbox=[274,105,366,256]
[DETECT] class=sports ball color=red conf=0.63 bbox=[463,210,543,271]
[SKILL] move values=(0.25, 0.0, 0.0, 0.25) t=24.02
[MOVE] completed duration=0.25
[DETECT] class=sports ball color=red conf=0.44 bbox=[470,203,557,267]
[DETECT] class=chair color=green conf=0.44 bbox=[270,95,365,254]
[DETECT] class=airplane color=unknown conf=0.31 bbox=[1,95,638,479]
[SKILL] move values=(0.25, 0.0, 0.0, 0.25) t=24.52
[MOVE] completed duration=0.25
[DETECT] class=chair color=green conf=0.68 bbox=[267,97,365,259]
[DETECT] class=sports ball color=red conf=0.50 bbox=[471,212,561,278]
[DETECT] class=airplane color=unknown conf=0.25 bbox=[1,111,638,479]
[SKILL] move values=(0.25, 0.0, 0.0, 0.25) t=25.02
[MOVE] completed duration=0.25
[DETECT] class=sports ball color=red conf=0.52 bbox=[478,204,576,274]
[DETECT] class=chair color=green conf=0.38 bbox=[262,88,365,260]
[DETECT] class=airplane color=unknown conf=0.37 bbox=[1,88,638,479]
[SKILL] move values=(0.25, 0.0, 0.0, 0.25) t=25.52
[MOVE] completed duration=0.25
[DETECT] class=sports ball color=red conf=0.52 bbox=[479,214,580,285]
[DETECT] class=chair color=green conf=0.44 bbox=[258,91,365,267]
[DETECT] class=airplane color=unknown conf=0.41 bbox=[257,95,639,362]
[DETECT] class=airplane color=unknown conf=0.41 bbox=[1,84,638,479]
[DETECT] class=orange color=red conf=0.34 bbox=[479,213,579,285]
[SKILL] move values=(0.25, 0.0, 0.0, 0.25) t=26.02
[MOVE] completed duration=0.25
[DETECT] class=orange color=red conf=0.33 bbox=[488,207,599,284]
[DETECT] class=chair color=green conf=0.29 bbox=[253,81,363,267]
[DETECT] class=sports ball color=red conf=0.28 bbox=[488,207,599,284]
[DETECT] class=airplane color=unknown conf=0.26 bbox=[1,73,637,478]
[SKILL] move values=(0.25, 0.0, 0.0, 0.25) t=26.52
[MOVE] completed duration=0.25
[DETECT] class=sports ball color=red conf=0.49 bbox=[489,217,605,296]
[DETECT] class=airplane color=unknown conf=0.47 bbox=[1,85,638,479]
[DETECT] class=airplane color=red conf=0.30 bbox=[344,93,639,364]
[DETECT] class=sports ball color=red conf=0.49 bbox=[489,217,603,296]
[DETECT] class=airplane color=unknown conf=0.48 bbox=[2,95,638,479]
[DETECT] class=airplane color=red conf=0.27 bbox=[345,92,639,364]
[DETECT] class=sports ball color=red conf=0.56 bbox=[489,227,604,306]
[DETECT] class=chair color=green conf=0.55 bbox=[248,93,362,285]
[SKILL] move values=(0.25, 0.0, 0.0, 0.25) t=27.32
[MOVE] completed duration=0.25
[DETECT] class=orange color=red conf=0.46 bbox=[502,210,630,295]
[DETECT] class=chair color=green conf=0.61 bbox=[242,81,361,283]
[DETECT] class=sports ball color=red conf=0.40 bbox=[497,220,623,304]
[SKILL] move values=(0.25, 0.0, 0.0, 0.25) t=27.92
[MOVE] completed duration=0.25
[DETECT] class=chair color=green conf=0.55 bbox=[237,74,363,279]
[DETECT] class=sports ball color=red conf=0.40 bbox=[502,219,634,307]
[DETECT] class=orange color=red conf=0.28 bbox=[502,219,634,307]
[SKILL] move values=(0.25, 0.0, 0.0, 0.25) t=28.42
[MOVE] completed duration=0.25
[DETECT] class=chair color=green conf=0.50 bbox=[229,61,360,283]
[DETECT] class=sports ball color=red conf=0.43 bbox=[513,213,640,307]
[SKILL] move values=(0.25, 0.0, 0.0, 0.25) t=28.92
[MOVE] completed duration=0.25
[DETECT] class=chair color=green conf=0.85 bbox=[223,64,362,293]
[DETECT] class=sports ball color=red conf=0.32 bbox=[517,224,640,322]
[SKILL] move values=(0.25, 0.0, 0.0, 0.25) t=29.42
[MOVE] completed duration=0.25
[DETECT] class=chair color=green conf=0.81 bbox=[213,48,359,297]
[SKILL] move values=(0.25, 0.0, 0.0, 0.25) t=29.92
[MOVE] completed duration=0.25
[DETECT] class=chair color=green conf=0.86 bbox=[205,49,361,306]
[SKILL] move values=(0.25, 0.0, 0.0, 0.25) t=30.42
[MOVE] completed duration=0.25
[DETECT] class=chair color=green conf=0.88 bbox=[193,33,359,312]
[SKILL] turn values=(12.324769196421638,) t=30.92
[TURN] target=12.3 deg final_error=1.85 deg status=SUCCESS
[DETECT] class=chair color=green conf=0.95 bbox=[256,61,420,334]
[SKILL] move values=(0.25, 0.0, 0.0, 0.25) t=32.72
[MOVE] completed duration=0.25
[DETECT] class=chair color=green conf=0.90 bbox=[240,14,419,317]
[SKILL] move values=(0.25, 0.0, 0.0, 0.25) t=33.22
[MOVE] completed duration=0.25
[DETECT] class=chair color=green conf=0.88 bbox=[230,6,416,331]
[SKILL] move values=(0.25, 0.0, 0.0, 0.25) t=33.72
[MOVE] completed duration=0.25
[DETECT] class=chair color=green conf=0.86 bbox=[221,6,420,345]
[SKILL] move values=(0.25, 0.0, 0.0, 0.25) t=34.22
[MOVE] completed duration=0.25
[DETECT] class=chair color=green conf=0.51 bbox=[207,0,425,476]
[APPROACH] final_visual_steps=4
[SKILL] move values=(0.2, 0.0, 0.0, 0.25) t=34.72
[MOVE] completed duration=0.25
[SKILL] move values=(0.2, 0.0, 0.0, 0.25) t=35.02
[MOVE] completed duration=0.25
[SKILL] move values=(0.2, 0.0, 0.0, 0.25) t=35.30
[MOVE] completed duration=0.25
[SKILL] move values=(0.2, 0.0, 0.0, 0.25) t=35.62
[MOVE] completed duration=0.25
[DETECT] class=chair color=green conf=0.82 bbox=[182,0,436,410]
[MISSION] status=FAIL reason=visual_stop_outside_0.80m distance_m=0.9117
[DETECT] class=chair color=green conf=0.57 bbox=[188,1,434,451]
[TRIAL] result=task4_evidence\2026-09-30-benchmark\07_green_hidden\result.json success=False
