[KEYBOARD] evdev not installed; browser keyboard control is available
[MAP] switched to object_lab
[DETECT] class=sports ball color=red conf=0.60 bbox=[136,222,212,284]
[DETECT] class=airplane color=unknown conf=0.26 bbox=[0,82,328,283]
[TRIAL] class=chair color=red source=explicit_target start=[1.0, 0.0, -30.0]
[DETECT] class=sports ball color=red conf=0.60 bbox=[136,222,212,284]
[DETECT] class=airplane color=unknown conf=0.26 bbox=[0,82,328,283]
[DETECT] class=sports ball color=red conf=0.56 bbox=[136,222,212,284]
[DETECT] class=airplane color=unknown conf=0.25 bbox=[0,82,328,283]
[DETECT] class=sports ball color=red conf=0.59 bbox=[136,222,212,284]
[SEARCH] target=red_chair rotating=30deg
[SKILL] turn values=(30.0,) t=2.42
[TURN] target=30.0 deg final_error=1.84 deg status=SUCCESS
[DETECT] class=chair color=green conf=0.88 bbox=[139,124,239,262]
[DETECT] class=chair color=red conf=0.70 bbox=[391,131,470,259]
[DETECT] class=sports ball color=red conf=0.27 bbox=[287,221,338,273]
[DETECT] class=orange color=red conf=0.25 bbox=[286,221,339,273]
[SKILL] turn values=(-28.75371819611183,) t=5.12
[TURN] target=-28.8 deg final_error=-1.98 deg status=SUCCESS
[DETECT] class=sports ball color=red conf=0.41 bbox=[140,231,216,293]
[DETECT] class=chair color=red conf=0.32 bbox=[275,137,335,254]
[SKILL] move values=(0.25, 0.0, 0.0, 0.25) t=7.22
[MOVE] completed duration=0.25
[DETECT] class=sports ball color=red conf=0.30 bbox=[147,214,223,277]
[DETECT] class=sports ball color=red conf=0.46 bbox=[147,221,222,284]
[DETECT] class=sports ball color=red conf=0.44 bbox=[149,229,223,292]
[SEARCH] target=red_chair rotating=30deg
[SKILL] turn values=(30.0,) t=8.02
[TURN] target=30.0 deg final_error=1.83 deg status=SUCCESS
[DETECT] class=chair color=green conf=0.73 bbox=[150,122,247,261]
[DETECT] class=chair color=red conf=0.69 bbox=[404,125,492,264]
[DETECT] class=orange color=red conf=0.45 bbox=[293,220,347,274]
[DETECT] class=chair color=red conf=0.44 bbox=[401,124,493,349]
[SKILL] turn values=(-32.44011777006164,) t=11.02
[TURN] target=-32.4 deg final_error=-1.83 deg status=SUCCESS
[DETECT] class=chair color=red conf=0.69 bbox=[268,136,332,255]
[DETECT] class=sports ball color=red conf=0.46 bbox=[118,233,203,299]
[DETECT] class=orange color=red conf=0.41 bbox=[118,233,202,300]
[DETECT] class=airplane color=unknown conf=0.25 bbox=[0,146,325,295]
[SKILL] move values=(0.25, 0.0, 0.0, 0.25) t=13.32
[MOVE] completed duration=0.25
[DETECT] class=chair color=red conf=0.69 bbox=[270,117,335,242]
[DETECT] class=orange color=red conf=0.41 bbox=[113,214,202,283]
[SKILL] move values=(0.25, 0.0, 0.0, 0.25) t=13.82
[MOVE] completed duration=0.25
[DETECT] class=chair color=red conf=0.64 bbox=[269,113,336,243]
[DETECT] class=orange color=red conf=0.41 bbox=[102,216,197,288]
[DETECT] class=sports ball color=red conf=0.36 bbox=[102,216,197,288]
[SKILL] move values=(0.25, 0.0, 0.0, 0.25) t=14.32
[MOVE] completed duration=0.25
[DETECT] class=sports ball color=red conf=0.51 bbox=[81,216,186,294]
[DETECT] class=sports ball color=red conf=0.45 bbox=[80,219,185,296]
[DETECT] class=sports ball color=red conf=0.59 bbox=[82,226,186,304]
[DETECT] class=chair color=red conf=0.47 bbox=[265,120,334,252]
[DETECT] class=orange color=red conf=0.34 bbox=[83,226,187,304]
[SKILL] move values=(0.25, 0.0, 0.0, 0.25) t=15.12
[MOVE] completed duration=0.25
[DETECT] class=sports ball color=red conf=0.54 bbox=[67,220,181,302]
[DETECT] class=chair color=red conf=0.42 bbox=[262,109,334,246]
[SKILL] move values=(0.25, 0.0, 0.0, 0.25) t=15.62
[MOVE] completed duration=0.25
[DETECT] class=sports ball color=red conf=0.58 bbox=[41,221,168,309]
[DETECT] class=sports ball color=red conf=0.63 bbox=[40,224,168,313]
[DETECT] class=sports ball color=red conf=0.74 bbox=[43,232,169,320]
[DETECT] class=chair color=red conf=0.28 bbox=[259,117,333,257]
[SKILL] move values=(0.25, 0.0, 0.0, 0.25) t=16.42
[MOVE] completed duration=0.25
[DETECT] class=sports ball color=red conf=0.62 bbox=[22,225,161,319]
[DETECT] class=chair color=red conf=0.33 bbox=[257,104,334,251]
[SKILL] move values=(0.25, 0.0, 0.0, 0.25) t=16.92
[MOVE] completed duration=0.25
[DETECT] class=sports ball color=red conf=0.28 bbox=[0,225,145,328]
[DETECT] class=sports ball color=red conf=0.50 bbox=[0,228,145,333]
[DETECT] class=sports ball color=red conf=0.29 bbox=[0,239,146,342]
[SEARCH] target=red_chair rotating=30deg
[SKILL] turn values=(30.0,) t=17.72
[TURN] target=30.0 deg final_error=1.93 deg status=SUCCESS
[DETECT] class=chair color=green conf=0.76 bbox=[41,104,188,283]
[DETECT] class=orange color=red conf=0.61 bbox=[223,231,298,304]
[DETECT] class=chair color=red conf=0.50 bbox=[376,114,475,277]
[SKILL] turn values=(-27.648919837363273,) t=20.52
[TURN] target=-27.6 deg final_error=-1.89 deg status=SUCCESS
[DETECT] class=chair color=red conf=0.66 bbox=[255,124,335,271]
[DETECT] class=sports ball color=red conf=0.50 bbox=[0,253,151,358]
[SKILL] move values=(0.25, 0.0, 0.0, 0.25) t=22.52
[MOVE] completed duration=0.25
[DETECT] class=sports ball color=red conf=0.45 bbox=[0,232,155,337]
[DETECT] class=sports ball color=red conf=0.53 bbox=[0,248,156,355]
[SEARCH] target=red_chair rotating=30deg
[SKILL] turn values=(30.0,) t=23.52
[TURN] target=30.0 deg final_error=1.87 deg status=SUCCESS
[DETECT] class=chair color=green conf=0.74 bbox=[53,102,193,283]
[DETECT] class=sports ball color=red conf=0.47 bbox=[221,232,299,309]
[DETECT] class=orange color=red conf=0.35 bbox=[221,232,299,309]
[DETECT] class=airplane color=unknown conf=0.32 bbox=[22,101,519,377]
[DETECT] class=chair color=red conf=0.30 bbox=[383,108,496,282]
[DETECT] class=chair color=red conf=0.29 bbox=[382,108,496,373]
[SKILL] turn values=(-30.684638444626298,) t=26.32
[TURN] target=-30.7 deg final_error=-1.91 deg status=SUCCESS
[DETECT] class=chair color=red conf=0.35 bbox=[250,120,334,273]
[SKILL] move values=(0.25, 0.0, 0.0, 0.25) t=28.72
[MOVE] completed duration=0.25
[DETECT] class=sports ball color=red conf=0.53 bbox=[0,254,136,375]
[DETECT] class=chair color=red conf=0.47 bbox=[259,117,346,276]
[SKILL] move values=(0.25, 0.0, 0.0, 0.25) t=29.52
[MOVE] completed duration=0.25
[SEARCH] target=red_chair rotating=30deg
[SKILL] turn values=(30.0,) t=30.22
[TURN] target=30.0 deg final_error=1.91 deg status=SUCCESS
[DETECT] class=chair color=green conf=0.71 bbox=[24,97,177,289]
[DETECT] class=orange color=red conf=0.50 bbox=[191,236,281,322]
[DETECT] class=airplane color=unknown conf=0.32 bbox=[1,94,583,401]
[DETECT] class=sports ball color=red conf=0.31 bbox=[191,236,281,321]
[DETECT] class=chair color=red conf=0.29 bbox=[378,100,499,291]
[SKILL] turn values=(-30.473761413608948,) t=32.92
[TURN] target=-30.5 deg final_error=-1.92 deg status=SUCCESS
[DETECT] class=chair color=red conf=0.81 bbox=[242,113,335,280]
[SKILL] move values=(0.25, 0.0, 0.0, 0.25) t=35.02
[MOVE] completed duration=0.25
[DETECT] class=chair color=red conf=0.40 bbox=[251,102,347,275]
[SKILL] move values=(0.25, 0.0, 0.0, 0.25) t=35.62
[MOVE] completed duration=0.25
[DETECT] class=chair color=red conf=0.33 bbox=[247,97,348,277]
[SKILL] move values=(0.25, 0.0, 0.0, 0.25) t=36.32
[MOVE] completed duration=0.25
[DETECT] class=chair color=red conf=0.45 bbox=[242,92,346,278]
[SKILL] move values=(0.25, 0.0, 0.0, 0.25) t=36.92
[MOVE] completed duration=0.25
[DETECT] class=person color=red conf=0.47 bbox=[0,286,27,377]
[DETECT] class=chair color=red conf=0.37 bbox=[236,82,348,277]
[SKILL] move values=(0.25, 0.0, 0.0, 0.25) t=37.42
[MOVE] completed duration=0.25
[DETECT] class=chair color=red conf=0.76 bbox=[229,75,350,280]
[SKILL] move values=(0.25, 0.0, 0.0, 0.25) t=37.92
[MOVE] completed duration=0.25
[DETECT] class=chair color=red conf=0.75 bbox=[222,75,349,288]
[SKILL] move values=(0.25, 0.0, 0.0, 0.25) t=38.42
[MOVE] completed duration=0.25
[DETECT] class=chair color=red conf=0.76 bbox=[212,64,347,292]
[SKILL] turn values=(11.370984549053805,) t=38.92
[TURN] target=11.4 deg final_error=1.86 deg status=SUCCESS
[DETECT] class=chair color=red conf=0.79 bbox=[268,87,397,305]
[DETECT] class=person color=red conf=0.37 bbox=[0,311,39,429]
[SKILL] move values=(0.25, 0.0, 0.0, 0.25) t=40.62
[MOVE] completed duration=0.25
[DETECT] class=chair color=red conf=0.85 bbox=[255,58,394,294]
[SKILL] move values=(0.25, 0.0, 0.0, 0.25) t=41.12
[MOVE] completed duration=0.25
[DETECT] class=chair color=red conf=0.83 bbox=[249,60,395,301]
[SKILL] move values=(0.25, 0.0, 0.0, 0.25) t=41.62
[MOVE] completed duration=0.25
[DETECT] class=chair color=red conf=0.80 bbox=[240,46,399,304]
[SKILL] move values=(0.25, 0.0, 0.0, 0.25) t=42.12
[MOVE] completed duration=0.25
[DETECT] class=chair color=red conf=0.88 bbox=[233,47,402,317]
[SKILL] move values=(0.25, 0.0, 0.0, 0.25) t=42.62
[MOVE] completed duration=0.25
[DETECT] class=chair color=red conf=0.87 bbox=[221,31,408,323]
[SKILL] move values=(0.25, 0.0, 0.0, 0.25) t=43.12
[MOVE] completed duration=0.25
[DETECT] class=chair color=red conf=0.91 bbox=[211,31,414,336]
[SKILL] move values=(0.25, 0.0, 0.0, 0.25) t=43.62
[MOVE] completed duration=0.25
[DETECT] class=chair color=red conf=0.88 bbox=[195,11,423,344]
[SKILL] move values=(0.25, 0.0, 0.0, 0.25) t=44.12
[MOVE] completed duration=0.25
[DETECT] class=chair color=red conf=0.85 bbox=[180,9,431,363]
[SKILL] move values=(0.25, 0.0, 0.0, 0.25) t=44.62
[MOVE] completed duration=0.25
[DETECT] class=chair color=red conf=0.41 bbox=[153,0,445,401]
[SKILL] move values=(0.25, 0.0, 0.0, 0.25) t=45.12
[MOVE] completed duration=0.25
[DETECT] class=chair color=red conf=0.72 bbox=[127,0,461,447]
[SKILL] move values=(0.25, 0.0, 0.0, 0.25) t=45.62
[MOVE] completed duration=0.25
[DETECT] class=chair color=red conf=0.50 bbox=[82,1,490,429]
[SKILL] move values=(0.25, 0.0, 0.0, 0.25) t=46.12
[MOVE] completed duration=0.25
[SEARCH] target=red_chair rotating=30deg
[SKILL] turn values=(30.0,) t=46.92
[TURN] target=30.0 deg final_error=1.83 deg status=SUCCESS
[SEARCH] target=red_chair rotating=30deg
[SKILL] turn values=(30.0,) t=49.82
[TURN] target=30.0 deg final_error=1.90 deg status=SUCCESS
[DETECT] class=chair color=unknown conf=0.82 bbox=[4,69,175,303]
[DETECT] class=chair color=red conf=0.44 bbox=[0,310,111,480]
[DETECT] class=airplane color=unknown conf=0.37 bbox=[9,0,638,479]
[SKILL] turn values=(52.71523068549417,) t=52.52
[TURN] target=52.7 deg final_error=1.91 deg status=SUCCESS
[DETECT] class=chair color=unknown conf=0.60 bbox=[325,93,417,274]
[DETECT] class=chair color=unknown conf=0.58 bbox=[323,92,413,273]
[DETECT] class=chair color=unknown conf=0.50 bbox=[321,90,411,272]
[SEARCH] target=red_chair rotating=30deg
[SKILL] turn values=(30.0,) t=56.82
[TURN] target=30.0 deg final_error=1.85 deg status=SUCCESS
[DETECT] class=chair color=unknown conf=0.82 bbox=[444,39,640,302]
[DETECT] class=chair color=unknown conf=0.79 bbox=[440,37,639,301]
[DETECT] class=chair color=unknown conf=0.81 bbox=[439,37,634,299]
[SEARCH] target=red_chair rotating=30deg
[SKILL] turn values=(30.0,) t=60.02
[TURN] target=30.0 deg final_error=1.91 deg status=SUCCESS
[DETECT] class=person color=red conf=0.38 bbox=[630,400,640,479]
[DETECT] class=person color=red conf=0.51 bbox=[625,392,640,479]
[SEARCH] target=red_chair rotating=30deg
[SKILL] turn values=(30.0,) t=63.02
[TURN] target=30.0 deg final_error=1.98 deg status=SUCCESS
[DETECT] class=airplane color=unknown conf=0.25 bbox=[0,198,636,478]
[SEARCH] target=red_chair rotating=30deg
[SKILL] turn values=(30.0,) t=66.16
[TURN] target=30.0 deg final_error=1.90 deg status=SUCCESS
[SEARCH] target=red_chair rotating=30deg
[SKILL] turn values=(30.0,) t=69.32
[TURN] target=30.0 deg final_error=1.81 deg status=SUCCESS
[DETECT] class=airplane color=unknown conf=0.27 bbox=[0,197,638,477]
[SEARCH] target=red_chair rotating=30deg
[SKILL] turn values=(30.0,) t=72.32
[TURN] target=30.0 deg final_error=1.90 deg status=SUCCESS
[SEARCH] target=red_chair rotating=30deg
[SKILL] turn values=(30.0,) t=75.52
[TURN] target=30.0 deg final_error=1.90 deg status=SUCCESS
[SEARCH] target=red_chair rotating=30deg
[SKILL] turn values=(30.0,) t=78.72
[TURN] target=30.0 deg final_error=1.97 deg status=SUCCESS
[DETECT] class=airplane color=unknown conf=0.58 bbox=[2,2,626,480]
[DETECT] class=airplane color=unknown conf=0.65 bbox=[2,2,625,480]
[DETECT] class=airplane color=unknown conf=0.79 bbox=[1,1,628,479]
[SEARCH] target=red_chair rotating=30deg
[SKILL] turn values=(30.0,) t=81.72
[TURN] target=30.0 deg final_error=1.98 deg status=SUCCESS
[SEARCH] target=red_chair rotating=30deg
[SKILL] turn values=(30.0,) t=84.72
[TURN] target=30.0 deg final_error=1.98 deg status=SUCCESS
[DETECT] class=chair color=red conf=0.51 bbox=[119,2,536,474]
[APPROACH] final_visual_steps=4
[SKILL] move values=(0.2, 0.0, 0.0, 0.25) t=87.52
[MOVE] completed duration=0.25
[SKILL] move values=(0.2, 0.0, 0.0, 0.25) t=87.82
[MOVE] completed duration=0.25
[SKILL] move values=(0.2, 0.0, 0.0, 0.25) t=88.10
[MOVE] completed duration=0.25
[SKILL] move values=(0.2, 0.0, 0.0, 0.25) t=88.42
[MOVE] completed duration=0.25
[MISSION] status=FAIL reason=target_not_visible_at_stop
[TRIAL] result=task4_evidence\2026-09-30-benchmark\10_red_angled\result.json success=False
