[KEYBOARD] evdev not installed; browser keyboard control is available
[UI] live tuning panel: http://127.0.0.1:8765
[MAP] switched to object_lab
[DETECT] class=chair color=red conf=0.75 bbox=[276,121,357,256]
[DETECT] class=chair color=green conf=0.55 bbox=[17,120,133,258]
[DETECT] class=sports ball color=red conf=0.38 bbox=[123,216,190,270]
[DETECT] class=orange color=red conf=0.37 bbox=[123,216,190,270]
[VIEW] http://localhost:8765 -- select dog_front_camera for robot vision
[TRIAL] class=chair color=red source=explicit_target start=[1.0, -1.0, 0.0]
[DETECT] class=chair color=red conf=0.72 bbox=[276,121,357,256]
[DETECT] class=chair color=green conf=0.49 bbox=[18,120,134,258]
[DETECT] class=sports ball color=red conf=0.45 bbox=[123,216,190,270]
[DETECT] class=orange color=red conf=0.42 bbox=[124,216,190,270]
[SKILL] move values=(0.25, 0.0, 0.0, 0.25) t=7.26
[MOVE] completed duration=0.25
[DETECT] class=chair color=red conf=0.79 bbox=[273,107,357,249]
[DETECT] class=sports ball color=red conf=0.63 bbox=[117,211,187,265]
[DETECT] class=airplane color=unknown conf=0.26 bbox=[4,112,285,257]
[SKILL] move values=(0.25, 0.0, 0.0, 0.25) t=8.12
[MOVE] completed duration=0.25
[DETECT] class=chair color=red conf=0.75 bbox=[271,103,359,249]
[DETECT] class=orange color=red conf=0.58 bbox=[107,206,181,263]
[SKILL] move values=(0.25, 0.0, 0.0, 0.25) t=9.12
[MOVE] completed duration=0.25
[DETECT] class=airplane color=unknown conf=0.71 bbox=[0,104,283,263]
[DETECT] class=chair color=red conf=0.69 bbox=[271,98,361,249]
[DETECT] class=orange color=red conf=0.35 bbox=[103,208,179,268]
[SKILL] move values=(0.25, 0.0, 0.0, 0.25) t=9.60
[MOVE] completed duration=0.25
[DETECT] class=sports ball color=red conf=0.51 bbox=[86,208,169,271]
[DETECT] class=airplane color=unknown conf=0.27 bbox=[0,98,281,327]
[DETECT] class=sports ball color=red conf=0.49 bbox=[86,212,169,274]
[DETECT] class=chair color=red conf=0.36 bbox=[268,104,358,257]
[SKILL] move values=(0.25, 0.0, 0.0, 0.25) t=10.30
[MOVE] completed duration=0.25
[DETECT] class=chair color=red conf=0.56 bbox=[265,95,358,254]
[DETECT] class=sports ball color=red conf=0.46 bbox=[73,211,163,276]
[SKILL] move values=(0.25, 0.0, 0.0, 0.25) t=10.82
[MOVE] completed duration=0.25
[DETECT] class=sports ball color=red conf=0.44 bbox=[55,211,151,280]
[DETECT] class=sports ball color=red conf=0.49 bbox=[53,213,151,282]
[DETECT] class=orange color=red conf=0.39 bbox=[55,225,153,293]
[DETECT] class=chair color=red conf=0.31 bbox=[260,108,357,270]
[DETECT] class=airplane color=unknown conf=0.30 bbox=[0,104,275,352]
[DETECT] class=airplane color=unknown conf=0.27 bbox=[0,104,275,273]
[SKILL] move values=(0.25, 0.0, 0.0, 0.25) t=11.68
[MOVE] completed duration=0.25
[DETECT] class=airplane color=unknown conf=0.51 bbox=[0,90,276,350]
[DETECT] class=sports ball color=red conf=0.50 bbox=[38,216,143,288]
[DETECT] class=sports ball color=red conf=0.48 bbox=[39,226,144,298]
[DETECT] class=airplane color=unknown conf=0.44 bbox=[1,100,274,361]
[DETECT] class=chair color=red conf=0.43 bbox=[258,104,357,272]
[SKILL] move values=(0.25, 0.0, 0.0, 0.25) t=12.28
[MOVE] completed duration=0.25
[DETECT] class=sports ball color=red conf=0.71 bbox=[10,215,130,292]
[DETECT] class=airplane color=unknown conf=0.59 bbox=[0,88,274,363]
[DETECT] class=sports ball color=red conf=0.53 bbox=[13,221,131,298]
[DETECT] class=chair color=red conf=0.37 bbox=[253,95,356,270]
[SKILL] move values=(0.25, 0.0, 0.0, 0.25) t=12.94
[MOVE] completed duration=0.25
[DETECT] class=airplane color=unknown conf=0.70 bbox=[0,83,272,367]
[DETECT] class=sports ball color=red conf=0.63 bbox=[0,220,123,302]
[DETECT] class=airplane color=unknown conf=0.52 bbox=[0,85,264,373]
[DETECT] class=sports ball color=red conf=0.46 bbox=[0,224,120,307]
[DETECT] class=chair color=red conf=0.45 bbox=[250,88,356,271]
[SKILL] move values=(0.25, 0.0, 0.0, 0.25) t=13.52
[MOVE] completed duration=0.25
[DETECT] class=sports ball color=red conf=0.44 bbox=[0,219,104,307]
[DETECT] class=sports ball color=red conf=0.62 bbox=[0,222,103,312]
[DETECT] class=chair color=red conf=0.34 bbox=[242,84,355,272]
[SKILL] move values=(0.25, 0.0, 0.0, 0.25) t=14.02
[MOVE] completed duration=0.25
[DETECT] class=sports ball color=red conf=0.47 bbox=[0,225,92,321]
[DETECT] class=chair color=red conf=0.73 bbox=[236,82,354,280]
[DETECT] class=sports ball color=red conf=0.42 bbox=[0,234,89,330]
[SKILL] move values=(0.25, 0.0, 0.0, 0.25) t=14.52
[MOVE] completed duration=0.25
[DETECT] class=chair color=red conf=0.62 bbox=[231,77,356,280]
[SKILL] move values=(0.25, 0.0, 0.0, 0.25) t=14.96
[MOVE] completed duration=0.25
[DETECT] class=chair color=red conf=0.86 bbox=[222,66,352,288]
[SKILL] move values=(0.25, 0.0, 0.0, 0.25) t=15.52
[MOVE] completed duration=0.25
[DETECT] class=chair color=red conf=0.91 bbox=[214,64,354,292]
[SKILL] move values=(0.25, 0.0, 0.0, 0.25) t=16.02
[MOVE] completed duration=0.25
[DETECT] class=chair color=red conf=0.92 bbox=[205,49,351,296]
[SKILL] turn values=(11.78056380293363,) t=16.52
[TURN] target=11.8 deg final_error=1.95 deg status=SUCCESS
[DETECT] class=chair color=red conf=0.79 bbox=[261,74,407,317]
[DETECT] class=sports ball color=red conf=0.33 bbox=[0,243,98,350]
[DETECT] class=airplane color=unknown conf=0.26 bbox=[0,77,547,446]
[SKILL] move values=(0.25, 0.0, 0.0, 0.25) t=18.12
[MOVE] completed duration=0.25
[DETECT] class=chair color=red conf=0.47 bbox=[250,39,402,303]
[SKILL] move values=(0.25, 0.0, 0.0, 0.25) t=18.56
[MOVE] completed duration=0.25
[DETECT] class=chair color=red conf=0.32 bbox=[243,42,404,310]
[SKILL] move values=(0.25, 0.0, 0.0, 0.25) t=19.02
[MOVE] completed duration=0.25
[DETECT] class=chair color=red conf=0.76 bbox=[236,22,406,317]
[SKILL] move values=(0.25, 0.0, 0.0, 0.25) t=19.42
[MOVE] completed duration=0.25
[DETECT] class=chair color=red conf=0.66 bbox=[228,22,409,330]
[SKILL] move values=(0.25, 0.0, 0.0, 0.25) t=19.82
[MOVE] completed duration=0.25
[DETECT] class=chair color=red conf=0.40 bbox=[217,1,412,469]
[SKILL] move values=(0.25, 0.0, 0.0, 0.25) t=20.22
[MOVE] completed duration=0.25
[DETECT] class=chair color=red conf=0.63 bbox=[205,0,419,360]
[SKILL] move values=(0.25, 0.0, 0.0, 0.25) t=20.62
[MOVE] completed duration=0.25
[DETECT] class=chair color=red conf=0.77 bbox=[194,11,410,400]
[SKILL] move values=(0.25, 0.0, 0.0, 0.25) t=21.02
[MOVE] completed duration=0.25
[DETECT] class=chair color=red conf=0.55 bbox=[165,0,417,410]
[SKILL] move values=(0.25, 0.0, 0.0, 0.25) t=21.42
[MOVE] completed duration=0.25
[DETECT] class=chair color=red conf=0.70 bbox=[152,0,431,466]
[SKILL] move values=(0.25, 0.0, 0.0, 0.25) t=21.82
[MOVE] completed duration=0.25
[DETECT] class=chair color=red conf=0.74 bbox=[127,0,444,474]
[SKILL] move values=(0.25, 0.0, 0.0, 0.25) t=22.22
[MOVE] completed duration=0.25
[DETECT] class=umbrella color=red conf=0.26 bbox=[94,1,534,480]
[DETECT] class=umbrella color=red conf=0.49 bbox=[82,2,572,476]
[DETECT] class=umbrella color=red conf=0.41 bbox=[81,2,599,477]
[SEARCH] target=red_chair rotating=30deg
[SKILL] turn values=(30.0,) t=22.82
[TURN] target=30.0 deg final_error=1.83 deg status=SUCCESS
[DETECT] class=chair color=green conf=0.56 bbox=[0,68,121,278]
[DETECT] class=chair color=red conf=0.39 bbox=[280,1,639,460]
[SKILL] turn values=(-34.710607921027936,) t=25.42
[TURN] target=-34.7 deg final_error=-1.97 deg status=SUCCESS
[DETECT] class=umbrella color=red conf=0.41 bbox=[0,203,199,480]
[DETECT] class=umbrella color=red conf=0.53 bbox=[0,188,232,480]
[SEARCH] target=red_chair rotating=30deg
[SKILL] turn values=(30.0,) t=27.72
[TURN] target=30.0 deg final_error=1.85 deg status=SUCCESS
[DETECT] class=chair color=red conf=0.69 bbox=[250,1,640,468]
[DETECT] class=chair color=green conf=0.64 bbox=[0,54,96,286]
[SKILL] turn values=(-31.82808109263205,) t=30.52
[TURN] target=-31.8 deg final_error=-1.92 deg status=SUCCESS
[DETECT] class=umbrella color=red conf=0.29 bbox=[0,285,81,480]
[SEARCH] target=red_chair rotating=30deg
[SKILL] turn values=(30.0,) t=32.80
[TURN] target=30.0 deg final_error=1.99 deg status=SUCCESS
[DETECT] class=chair color=red conf=0.48 bbox=[229,1,639,478]
[DETECT] class=chair color=green conf=0.43 bbox=[0,55,82,289]
[SKILL] turn values=(-29.51346076832685,) t=35.52
[TURN] target=-29.5 deg final_error=-1.99 deg status=SUCCESS
[SEARCH] target=red_chair rotating=30deg
[SKILL] turn values=(30.0,) t=37.70
[TURN] target=30.0 deg final_error=1.98 deg status=SUCCESS
[DETECT] class=chair color=green conf=0.54 bbox=[0,59,105,286]
[DETECT] class=chair color=red conf=0.52 bbox=[250,1,640,479]
[SKILL] turn values=(-31.82808109263205,) t=40.42
[TURN] target=-31.8 deg final_error=-1.94 deg status=SUCCESS
[SEARCH] target=red_chair rotating=30deg
[SKILL] turn values=(30.0,) t=42.82
[TURN] target=30.0 deg final_error=1.95 deg status=SUCCESS
[DETECT] class=chair color=green conf=0.74 bbox=[0,62,107,287]
[DETECT] class=chair color=red conf=0.52 bbox=[253,1,640,480]
[SKILL] turn values=(-32.1351260969448,) t=45.22
[TURN] target=-32.1 deg final_error=-1.79 deg status=SUCCESS
[SEARCH] target=red_chair rotating=30deg
[SKILL] turn values=(30.0,) t=47.62
[TURN] target=30.0 deg final_error=1.95 deg status=SUCCESS
[DETECT] class=chair color=red conf=0.65 bbox=[249,1,639,477]
[DETECT] class=chair color=green conf=0.48 bbox=[0,52,95,286]
[SKILL] turn values=(-31.622242188217626,) t=50.42
[TURN] target=-31.6 deg final_error=-1.99 deg status=SUCCESS
[SEARCH] target=red_chair rotating=30deg
[SKILL] turn values=(30.0,) t=52.92
[TURN] target=30.0 deg final_error=1.94 deg status=SUCCESS
[SEARCH] target=red_chair rotating=30deg
[SKILL] turn values=(30.0,) t=56.00
[TURN] target=30.0 deg final_error=1.94 deg status=SUCCESS
[DETECT] class=chair color=unknown conf=0.35 bbox=[144,103,241,266]
[DETECT] class=chair color=unknown conf=0.52 bbox=[141,100,239,265]
[DETECT] class=chair color=unknown conf=0.65 bbox=[138,99,237,265]
[DETECT] class=chair color=red conf=0.41 bbox=[400,85,640,479]
[SKILL] turn values=(-44.80245353462509,) t=58.92
[TURN] target=-44.8 deg final_error=-1.97 deg status=SUCCESS
[SEARCH] target=red_chair rotating=30deg
[SKILL] turn values=(30.0,) t=62.22
[TURN] target=30.0 deg final_error=1.95 deg status=SUCCESS
[DETECT] class=chair color=unknown conf=0.89 bbox=[0,76,166,289]
[DETECT] class=chair color=red conf=0.44 bbox=[343,1,639,479]
[SKILL] turn values=(-40.33539992572687,) t=65.04
.\.venv\Scripts\python.exe : ----------------------------------------
At line:2 char:1
+ .\.venv\Scripts\python.exe -u run_task4_trial.py --task2-root ..\task ...
+ ~~~~~~~~~~~~~~~~~~~~~~~~~~~~~~~~~~~~~~~~~~~~~~~~~~~~~~~~~~~~~~~~~~~~~
    + CategoryInfo          : NotSpecified: (----------------------------------------:String) [], RemoteException
    + FullyQualifiedErrorId : NativeCommandError
 
Exception occurred during processing of request from ('127.0.0.1', 60906)
Traceback (most recent call last):
  File "D:\Users\anaconda\Lib\socketserver.py", line 692, in process_request_thread
    self.finish_request(request, client_address)
  File "D:\Users\anaconda\Lib\socketserver.py", line 362, in finish_request
    self.RequestHandlerClass(request, client_address, self)
  File "D:\Users\anaconda\Lib\socketserver.py", line 761, in __init__
    self.handle()
  File "D:\Users\anaconda\Lib\http\server.py", line 436, in handle
    self.handle_one_request()
  File "D:\Users\anaconda\Lib\http\server.py", line 424, in handle_one_request
    method()
  File "D:\Users\NUS-courses\EE5112_minilab\task2_runtime\task2\src\runtime_control\panel.py", line 305, in do_GET
    self._stream_frames()
  File "D:\Users\NUS-courses\EE5112_minilab\task2_runtime\task2\src\runtime_control\panel.py", line 354, in _stream_fra
mes
    self.wfile.write(
  File "D:\Users\anaconda\Lib\socketserver.py", line 840, in write
    self._sock.sendall(b)
ConnectionAbortedError: [WinError 10053] 你的主机中的软件中止了一个已建立的连接。
----------------------------------------
[TURN] target=-40.3 deg final_error=-1.78 deg status=SUCCESS
[SEARCH] target=red_chair rotating=30deg
[SKILL] turn values=(30.0,) t=67.78
[TURN] target=30.0 deg final_error=1.96 deg status=SUCCESS
[DETECT] class=airplane color=unknown conf=0.64 bbox=[0,44,285,295]
[DETECT] class=airplane color=unknown conf=0.37 bbox=[0,44,281,297]
[DETECT] class=airplane color=unknown conf=0.33 bbox=[0,49,277,299]
[SEARCH] target=red_chair rotating=30deg
[SKILL] turn values=(30.0,) t=70.74
[TURN] target=30.0 deg final_error=1.99 deg status=SUCCESS
[DETECT] class=chair color=unknown conf=0.33 bbox=[144,96,246,272]
[DETECT] class=chair color=unknown conf=0.61 bbox=[136,93,241,272]
[DETECT] class=chair color=unknown conf=0.36 bbox=[129,92,238,272]
[SEARCH] target=red_chair rotating=30deg
[SKILL] turn values=(30.0,) t=73.92
[TURN] target=30.0 deg final_error=1.86 deg status=SUCCESS
[DETECT] class=orange color=red conf=0.50 bbox=[189,251,304,365]
[DETECT] class=orange color=red conf=0.31 bbox=[185,250,301,364]
[DETECT] class=orange color=red conf=0.53 bbox=[178,249,298,364]
[SEARCH] target=red_chair rotating=30deg
[SKILL] turn values=(30.0,) t=77.02
[TURN] target=30.0 deg final_error=1.87 deg status=SUCCESS
[DETECT] class=orange color=red conf=0.62 bbox=[324,248,435,360]
[DETECT] class=orange color=red conf=0.39 bbox=[318,247,429,359]
[SEARCH] target=red_chair rotating=30deg
[SKILL] turn values=(30.0,) t=81.24
[TURN] target=30.0 deg final_error=1.96 deg status=SUCCESS
[SEARCH] target=red_chair rotating=30deg
[SKILL] turn values=(30.0,) t=87.86
[TURN] target=30.0 deg final_error=1.99 deg status=SUCCESS
[SEARCH] target=red_chair rotating=30deg
[SKILL] turn values=(30.0,) t=94.22
[TURN] target=30.0 deg final_error=1.92 deg status=SUCCESS
[SEARCH] target=red_chair rotating=30deg
[SKILL] turn values=(30.0,) t=100.60
[MISSION] status=FAIL reason=MotionCancelledError: turn was cancelled
