[KEYBOARD] evdev not installed; browser keyboard control is available
[MAP] switched to object_lab
[DETECT] class=chair color=green conf=0.69 bbox=[168,107,250,226]
[DETECT] class=chair color=red conf=0.58 bbox=[390,107,462,225]
[DETECT] class=sports ball color=red conf=0.42 bbox=[296,189,339,232]
[TRIAL] class=chair color=green source=explicit_target start=(0, 0, 0)
[DETECT] class=chair color=green conf=0.69 bbox=[168,107,250,226]
[DETECT] class=chair color=red conf=0.58 bbox=[390,107,462,225]
[DETECT] class=sports ball color=red conf=0.42 bbox=[296,189,339,232]
[SKILL] turn values=(21.210415170304703,) t=2.12
[TURN] target=21.2 deg final_error=1.96 deg status=SUCCESS
[DETECT] class=chair color=red conf=0.61 bbox=[513,100,630,249]
[DETECT] class=chair color=green conf=0.37 bbox=[286,115,358,227]
[DETECT] class=sports ball color=red conf=0.31 bbox=[404,198,451,243]
[SKILL] move values=(0.25, 0.0, 0.0, 0.25) t=4.32
[MOVE] completed duration=0.25
[DETECT] class=chair color=green conf=0.64 bbox=[273,90,347,208]
[DETECT] class=chair color=red conf=0.60 bbox=[503,75,623,226]
[DETECT] class=orange color=red conf=0.37 bbox=[393,175,441,221]
[SKILL] move values=(0.25, 0.0, 0.0, 0.25) t=4.82
[MOVE] completed duration=0.25
[DETECT] class=chair color=green conf=0.63 bbox=[268,90,343,212]
[DETECT] class=chair color=red conf=0.58 bbox=[505,66,622,222]
[DETECT] class=orange color=red conf=0.33 bbox=[392,175,441,222]
[SKILL] move values=(0.25, 0.0, 0.0, 0.25) t=5.32
[MOVE] completed duration=0.25
[DETECT] class=chair color=green conf=0.69 bbox=[263,96,340,217]
[DETECT] class=chair color=red conf=0.65 bbox=[499,81,617,235]
[DETECT] class=orange color=red conf=0.63 bbox=[389,183,438,230]
[SKILL] move values=(0.25, 0.0, 0.0, 0.25) t=5.82
[MOVE] completed duration=0.25
[DETECT] class=chair color=red conf=0.57 bbox=[504,64,625,226]
[DETECT] class=chair color=green conf=0.51 bbox=[257,87,337,214]
[DETECT] class=sports ball color=red conf=0.31 bbox=[389,175,440,225]
[SKILL] move values=(0.25, 0.0, 0.0, 0.25) t=6.32
[MOVE] completed duration=0.25
[DETECT] class=chair color=green conf=0.72 bbox=[254,93,333,220]
[DETECT] class=chair color=red conf=0.62 bbox=[499,78,620,238]
[DETECT] class=orange color=red conf=0.52 bbox=[385,184,436,232]
[SKILL] move values=(0.25, 0.0, 0.0, 0.25) t=6.82
[MOVE] completed duration=0.25
[DETECT] class=chair color=red conf=0.74 bbox=[504,60,626,226]
[DETECT] class=chair color=green conf=0.50 bbox=[249,84,329,217]
[DETECT] class=orange color=red conf=0.32 bbox=[385,176,439,227]
[SKILL] move values=(0.25, 0.0, 0.0, 0.25) t=7.32
[MOVE] completed duration=0.25
[DETECT] class=chair color=red conf=0.76 bbox=[499,74,622,239]
[DETECT] class=chair color=green conf=0.69 bbox=[244,89,327,223]
[DETECT] class=orange color=red conf=0.62 bbox=[382,184,436,236]
[SKILL] move values=(0.25, 0.0, 0.0, 0.25) t=7.82
[MOVE] completed duration=0.25
[DETECT] class=chair color=green conf=0.76 bbox=[238,81,324,221]
[DETECT] class=chair color=red conf=0.57 bbox=[503,57,629,229]
[DETECT] class=orange color=red conf=0.52 bbox=[382,177,438,231]
[SKILL] turn values=(7.764606540326197,) t=8.32
[TURN] target=7.8 deg final_error=1.83 deg status=SUCCESS
[DETECT] class=orange color=red conf=0.50 bbox=[415,200,474,256]
[DETECT] class=chair color=green conf=0.40 bbox=[273,100,359,234]
[SKILL] move values=(0.25, 0.0, 0.0, 0.25) t=9.22
[MOVE] completed duration=0.25
[DETECT] class=chair color=green conf=0.69 bbox=[257,77,344,217]
[DETECT] class=orange color=red conf=0.47 bbox=[401,177,461,233]
[SKILL] move values=(0.25, 0.0, 0.0, 0.25) t=9.72
[MOVE] completed duration=0.25
[DETECT] class=chair color=green conf=0.64 bbox=[253,76,340,222]
[DETECT] class=orange color=red conf=0.59 bbox=[401,176,462,234]
[SKILL] move values=(0.25, 0.0, 0.0, 0.25) t=10.22
[MOVE] completed duration=0.25
[DETECT] class=chair color=green conf=0.42 bbox=[249,83,337,226]
[DETECT] class=orange color=red conf=0.37 bbox=[399,185,460,244]
[SKILL] move values=(0.25, 0.0, 0.0, 0.25) t=10.72
[MOVE] completed duration=0.25
[DETECT] class=chair color=green conf=0.57 bbox=[243,74,334,226]
[DETECT] class=orange color=red conf=0.45 bbox=[400,179,465,240]
[SKILL] move values=(0.25, 0.0, 0.0, 0.25) t=11.22
[MOVE] completed duration=0.25
[DETECT] class=chair color=green conf=0.75 bbox=[238,80,332,231]
[DETECT] class=orange color=red conf=0.34 bbox=[397,188,463,248]
[SKILL] move values=(0.25, 0.0, 0.0, 0.25) t=11.72
[MOVE] completed duration=0.25
[DETECT] class=chair color=green conf=0.75 bbox=[233,70,329,229]
[DETECT] class=orange color=red conf=0.46 bbox=[399,180,466,244]
[SKILL] turn values=(7.764606540326197,) t=12.22
[TURN] target=7.8 deg final_error=1.86 deg status=SUCCESS
[DETECT] class=chair color=green conf=0.72 bbox=[269,92,364,245]
[DETECT] class=sports ball color=red conf=0.59 bbox=[432,205,505,270]
[DETECT] class=airplane color=unknown conf=0.27 bbox=[270,79,640,416]
[SKILL] move values=(0.25, 0.0, 0.0, 0.25) t=13.12
[MOVE] completed duration=0.25
[DETECT] class=chair color=green conf=0.58 bbox=[253,66,350,227]
[DETECT] class=orange color=red conf=0.39 bbox=[419,181,492,247]
[DETECT] class=sports ball color=red conf=0.26 bbox=[420,181,491,247]
[SKILL] move values=(0.25, 0.0, 0.0, 0.25) t=13.72
[MOVE] completed duration=0.25
[DETECT] class=chair color=green conf=0.63 bbox=[241,69,341,230]
[DETECT] class=orange color=red conf=0.53 bbox=[411,184,482,250]
[SKILL] move values=(0.25, 0.0, 0.0, 0.25) t=14.22
[MOVE] completed duration=0.25
[DETECT] class=chair color=green conf=0.80 bbox=[237,65,337,232]
[DETECT] class=sports ball color=red conf=0.33 bbox=[412,181,486,249]
[SKILL] move values=(0.25, 0.0, 0.0, 0.25) t=14.72
[MOVE] completed duration=0.25
[DETECT] class=chair color=green conf=0.67 bbox=[233,71,334,238]
[DETECT] class=orange color=red conf=0.38 bbox=[409,190,484,260]
[SKILL] move values=(0.25, 0.0, 0.0, 0.25) t=15.22
[MOVE] completed duration=0.25
[DETECT] class=chair color=green conf=0.73 bbox=[226,61,332,237]
[DETECT] class=sports ball color=red conf=0.38 bbox=[413,184,491,256]
[SKILL] turn values=(8.1575602337863,) t=15.72
[TURN] target=8.2 deg final_error=2.00 deg status=SUCCESS
[DETECT] class=chair color=green conf=0.64 bbox=[265,84,369,253]
[DETECT] class=sports ball color=red conf=0.55 bbox=[448,210,535,285]
[SKILL] move values=(0.25, 0.0, 0.0, 0.25) t=16.62
[MOVE] completed duration=0.25
[DETECT] class=sports ball color=red conf=0.37 bbox=[438,186,524,262]
[DETECT] class=chair color=green conf=0.35 bbox=[250,56,358,234]
[DETECT] class=airplane color=unknown conf=0.34 bbox=[250,64,640,251]
[DETECT] class=orange color=red conf=0.31 bbox=[438,186,525,262]
[SKILL] move values=(0.25, 0.0, 0.0, 0.25) t=17.12
[MOVE] completed duration=0.25
[DETECT] class=chair color=green conf=0.46 bbox=[241,56,350,239]
[DETECT] class=sports ball color=red conf=0.44 bbox=[439,186,529,265]
[SKILL] move values=(0.25, 0.0, 0.0, 0.25) t=17.62
[MOVE] completed duration=0.25
[DETECT] class=chair color=green conf=0.61 bbox=[236,61,349,246]
[DETECT] class=sports ball color=red conf=0.45 bbox=[438,196,529,277]
[DETECT] class=airplane color=unknown conf=0.30 bbox=[143,74,640,261]
[SKILL] move values=(0.25, 0.0, 0.0, 0.25) t=18.12
[MOVE] completed duration=0.25
[DETECT] class=orange color=red conf=0.40 bbox=[441,188,540,273]
[DETECT] class=chair color=green conf=0.39 bbox=[229,49,345,245]
[SKILL] move values=(0.25, 0.0, 0.0, 0.25) t=18.62
[MOVE] completed duration=0.25
[DETECT] class=chair color=green conf=0.73 bbox=[223,56,343,252]
[DETECT] class=sports ball color=red conf=0.69 bbox=[440,199,540,286]
[DETECT] class=airplane color=unknown conf=0.63 bbox=[222,50,640,366]
[SKILL] move values=(0.25, 0.0, 0.0, 0.25) t=19.12
[MOVE] completed duration=0.25
[DETECT] class=chair color=green conf=0.74 bbox=[217,41,340,251]
[DETECT] class=sports ball color=red conf=0.36 bbox=[445,191,552,284]
[DETECT] class=orange color=red conf=0.35 bbox=[445,191,553,284]
[SKILL] turn values=(8.255679521191151,) t=19.62
[TURN] target=8.3 deg final_error=1.92 deg status=SUCCESS
[DETECT] class=chair color=green conf=0.61 bbox=[257,69,380,267]
[DETECT] class=sports ball color=red conf=0.52 bbox=[484,224,605,320]
[DETECT] class=airplane color=unknown conf=0.30 bbox=[257,68,640,406]
[SKILL] move values=(0.25, 0.0, 0.0, 0.25) t=20.62
[MOVE] completed duration=0.25
[DETECT] class=chair color=green conf=0.56 bbox=[240,43,370,255]
[DETECT] class=sports ball color=red conf=0.50 bbox=[476,202,599,301]
[DETECT] class=orange color=red conf=0.48 bbox=[476,202,600,302]
[SKILL] move values=(0.25, 0.0, 0.0, 0.25) t=21.12
[MOVE] completed duration=0.25
[DETECT] class=chair color=green conf=0.80 bbox=[232,37,362,257]
[DETECT] class=orange color=red conf=0.59 bbox=[480,197,612,302]
[SKILL] move values=(0.25, 0.0, 0.0, 0.25) t=21.62
[MOVE] completed duration=0.25
[DETECT] class=orange color=red conf=0.70 bbox=[480,207,615,318]
[DETECT] class=chair color=green conf=0.65 bbox=[224,39,360,265]
[SKILL] move values=(0.25, 0.0, 0.0, 0.25) t=22.12
[MOVE] completed duration=0.25
[DETECT] class=chair color=green conf=0.79 bbox=[217,24,357,265]
[DETECT] class=orange color=red conf=0.53 bbox=[489,199,638,317]
[SKILL] move values=(0.25, 0.0, 0.0, 0.25) t=22.62
[MOVE] completed duration=0.25
[DETECT] class=chair color=green conf=0.73 bbox=[208,29,356,273]
[DETECT] class=sports ball color=red conf=0.27 bbox=[489,213,640,334]
[SKILL] move values=(0.25, 0.0, 0.0, 0.25) t=23.12
[MOVE] completed duration=0.25
[DETECT] class=chair color=green conf=0.90 bbox=[200,12,351,274]
[SKILL] turn values=(8.84335302123909,) t=23.62
[TURN] target=8.8 deg final_error=1.90 deg status=SUCCESS
[DETECT] class=chair color=green conf=0.79 bbox=[248,44,400,295]
[SKILL] move values=(0.25, 0.0, 0.0, 0.25) t=24.62
[MOVE] completed duration=0.25
[DETECT] class=chair color=green conf=0.78 bbox=[230,12,392,277]
[SKILL] move values=(0.25, 0.0, 0.0, 0.25) t=25.12
[MOVE] completed duration=0.25
[DETECT] class=chair color=green conf=0.79 bbox=[221,2,379,284]
[SKILL] move values=(0.25, 0.0, 0.0, 0.25) t=25.62
[MOVE] completed duration=0.25
[DETECT] class=chair color=green conf=0.85 bbox=[211,4,381,293]
[SKILL] move values=(0.25, 0.0, 0.0, 0.25) t=26.12
[MOVE] completed duration=0.25
[DETECT] class=chair color=green conf=0.86 bbox=[201,0,376,295]
[SKILL] move values=(0.25, 0.0, 0.0, 0.25) t=26.72
[MOVE] completed duration=0.25
[DETECT] class=chair color=green conf=0.83 bbox=[191,1,376,303]
[DETECT] class=umbrella color=red conf=0.61 bbox=[595,261,640,394]
[SKILL] move values=(0.25, 0.0, 0.0, 0.25) t=27.22
[MOVE] completed duration=0.25
[DETECT] class=chair color=green conf=0.77 bbox=[181,0,373,309]
[DETECT] class=person color=red conf=0.37 bbox=[621,279,640,372]
[SKILL] turn values=(8.549742817147996,) t=27.72
[TURN] target=8.5 deg final_error=1.91 deg status=SUCCESS
[DETECT] class=chair color=green conf=0.88 bbox=[232,4,425,333]
[SKILL] move values=(0.25, 0.0, 0.0, 0.25) t=28.72
[MOVE] completed duration=0.25
[DETECT] class=chair color=green conf=0.46 bbox=[208,1,417,316]
[SKILL] move values=(0.25, 0.0, 0.0, 0.25) t=29.22
[MOVE] completed duration=0.25
[DETECT] class=chair color=green conf=0.84 bbox=[196,1,407,325]
[SKILL] move values=(0.25, 0.0, 0.0, 0.25) t=29.72
[MOVE] completed duration=0.25
[DETECT] class=chair color=green conf=0.45 bbox=[186,1,410,340]
[SKILL] move values=(0.25, 0.0, 0.0, 0.25) t=30.22
[MOVE] completed duration=0.25
[DETECT] class=chair color=green conf=0.39 bbox=[171,1,408,350]
[SKILL] move values=(0.25, 0.0, 0.0, 0.25) t=30.72
[MOVE] completed duration=0.25
[DETECT] class=chair color=green conf=0.76 bbox=[160,1,412,368]
[SKILL] move values=(0.25, 0.0, 0.0, 0.25) t=31.22
[MOVE] completed duration=0.25
[DETECT] class=chair color=green conf=0.56 bbox=[141,1,407,388]
[SKILL] turn values=(9.136495795735042,) t=31.72
[TURN] target=9.1 deg final_error=1.90 deg status=SUCCESS
[DETECT] class=chair color=green conf=0.35 bbox=[204,1,640,425]
[DETECT] class=chair color=green conf=0.32 bbox=[204,2,472,413]
[SKILL] turn values=(-19.627115964086812,) t=32.82
[TURN] target=-19.6 deg final_error=-1.74 deg status=SUCCESS
[APPROACH] final_visual_steps=7
[SKILL] move values=(0.2, 0.0, 0.0, 0.25) t=34.52
[MOVE] completed duration=0.25
[SKILL] move values=(0.2, 0.0, 0.0, 0.25) t=34.80
[MOVE] completed duration=0.25
[SKILL] move values=(0.2, 0.0, 0.0, 0.25) t=35.12
[MOVE] completed duration=0.25
[SKILL] move values=(0.2, 0.0, 0.0, 0.25) t=35.42
[MOVE] completed duration=0.25
[SKILL] move values=(0.2, 0.0, 0.0, 0.25) t=35.72
[MOVE] completed duration=0.25
[SKILL] move values=(0.2, 0.0, 0.0, 0.25) t=36.02
[MOVE] completed duration=0.25
[SKILL] move values=(0.2, 0.0, 0.0, 0.25) t=36.32
[MOVE] completed duration=0.25
[MISSION] status=FAIL reason=target_not_visible_at_stop
[TRIAL] result=runs\handoff_green_02\result.json success=False
