[KEYBOARD] evdev not installed; browser keyboard control is available
[MAP] switched to object_lab
[DETECT] class=sports ball color=red conf=0.68 bbox=[445,215,511,268]
[DETECT] class=chair color=green conf=0.61 bbox=[276,120,358,256]
[DETECT] class=chair color=red conf=0.51 bbox=[501,121,628,260]
[TRIAL] class=chair color=green source=explicit_target start=[1.0, 1.0, 0.0]
[DETECT] class=sports ball color=red conf=0.68 bbox=[445,215,511,268]
[DETECT] class=chair color=green conf=0.61 bbox=[276,120,358,256]
[DETECT] class=chair color=red conf=0.51 bbox=[501,121,628,260]
[SKILL] move values=(0.25, 0.0, 0.0, 0.25) t=2.78
[MOVE] completed duration=0.25
[DETECT] class=sports ball color=red conf=0.54 bbox=[447,213,515,267]
[DETECT] class=airplane color=unknown conf=0.34 bbox=[316,114,639,348]
[DETECT] class=chair color=green conf=0.28 bbox=[273,116,357,255]
[DETECT] class=airplane color=unknown conf=0.26 bbox=[1,181,638,479]
[SKILL] move values=(0.25, 0.0, 0.0, 0.25) t=4.02
[MOVE] completed duration=0.25
[DETECT] class=chair color=green conf=0.47 bbox=[271,104,358,249]
[DETECT] class=sports ball color=red conf=0.44 bbox=[450,204,522,260]
[SKILL] move values=(0.25, 0.0, 0.0, 0.25) t=5.08
[MOVE] completed duration=0.25
[DETECT] class=airplane color=unknown conf=0.37 bbox=[1,176,639,478]
[DETECT] class=sports ball color=red conf=0.29 bbox=[457,204,532,261]
[DETECT] class=chair color=green conf=0.65 bbox=[271,117,359,265]
[DETECT] class=chair color=red conf=0.60 bbox=[508,118,640,262]
[DETECT] class=sports ball color=red conf=0.32 bbox=[453,219,526,276]
[SKILL] move values=(0.25, 0.0, 0.0, 0.25) t=6.66
[MOVE] completed duration=0.25
[DETECT] class=airplane color=unknown conf=0.31 bbox=[1,165,639,479]
[DETECT] class=sports ball color=red conf=0.29 bbox=[455,204,530,264]
[DETECT] class=chair color=green conf=0.62 bbox=[269,113,358,264]
[DETECT] class=sports ball color=red conf=0.42 bbox=[456,216,531,275]
[DETECT] class=chair color=red conf=0.26 bbox=[512,113,640,262]
[SKILL] move values=(0.25, 0.0, 0.0, 0.25) t=8.12
[MOVE] completed duration=0.25
[DETECT] class=sports ball color=red conf=0.56 bbox=[459,211,539,271]
[DETECT] class=chair color=green conf=0.47 bbox=[266,105,359,260]
[DETECT] class=airplane color=unknown conf=0.26 bbox=[1,168,638,479]
[SKILL] move values=(0.25, 0.0, 0.0, 0.25) t=9.14
[MOVE] completed duration=0.25
[DETECT] class=sports ball color=red conf=0.65 bbox=[460,214,542,276]
[DETECT] class=airplane color=unknown conf=0.29 bbox=[1,150,639,479]
[DETECT] class=orange color=red conf=0.43 bbox=[462,218,546,280]
[DETECT] class=airplane color=unknown conf=0.36 bbox=[1,161,638,479]
[DETECT] class=sports ball color=red conf=0.27 bbox=[462,219,546,280]
[DETECT] class=sports ball color=red conf=0.42 bbox=[462,219,547,280]
[DETECT] class=airplane color=unknown conf=0.37 bbox=[1,161,638,479]
[DETECT] class=orange color=red conf=0.27 bbox=[463,218,547,281]
[DETECT] class=sports ball color=red conf=0.47 bbox=[462,219,547,280]
[DETECT] class=airplane color=unknown conf=0.37 bbox=[1,164,638,479]
[DETECT] class=sports ball color=red conf=0.42 bbox=[463,219,547,280]
[DETECT] class=airplane color=unknown conf=0.36 bbox=[1,158,638,479]
[DETECT] class=chair color=green conf=0.35 bbox=[266,110,360,268]
[DETECT] class=orange color=red conf=0.30 bbox=[463,219,547,281]
[SKILL] move values=(0.25, 0.0, 0.0, 0.25) t=12.84
[MOVE] completed duration=0.25
[DETECT] class=sports ball color=red conf=0.63 bbox=[468,210,554,274]
[DETECT] class=chair color=green conf=0.28 bbox=[263,98,360,264]
[SKILL] move values=(0.25, 0.0, 0.0, 0.25) t=13.92
[MOVE] completed duration=0.25
[DETECT] class=sports ball color=red conf=0.46 bbox=[469,209,558,274]
[DETECT] class=sports ball color=red conf=0.40 bbox=[471,220,560,286]
[DETECT] class=airplane color=unknown conf=0.35 bbox=[2,139,638,479]
[DETECT] class=sports ball color=red conf=0.38 bbox=[472,219,562,286]
[DETECT] class=chair color=green conf=0.35 bbox=[265,106,362,272]
[DETECT] class=orange color=red conf=0.34 bbox=[472,220,562,286]
[DETECT] class=airplane color=red conf=0.31 bbox=[335,104,640,356]
[DETECT] class=airplane color=unknown conf=0.27 bbox=[3,158,638,479]
[SKILL] move values=(0.25, 0.0, 0.0, 0.25) t=16.42
[MOVE] completed duration=0.25
[DETECT] class=orange color=red conf=0.42 bbox=[476,214,571,283]
[DETECT] class=airplane color=unknown conf=0.37 bbox=[1,100,639,479]
[DETECT] class=chair color=green conf=0.34 bbox=[261,96,363,268]
[DETECT] class=sports ball color=red conf=0.29 bbox=[476,214,571,283]
[SKILL] move values=(0.25, 0.0, 0.0, 0.25) t=17.68
[MOVE] completed duration=0.25
[DETECT] class=orange color=red conf=0.63 bbox=[478,213,576,284]
[DETECT] class=chair color=green conf=0.62 bbox=[257,93,362,269]
[DETECT] class=airplane color=unknown conf=0.31 bbox=[1,85,638,479]
[SKILL] move values=(0.25, 0.0, 0.0, 0.25) t=19.06
[MOVE] completed duration=0.25
[DETECT] class=chair color=green conf=0.64 bbox=[257,99,365,279]
[DETECT] class=sports ball color=red conf=0.41 bbox=[485,224,588,296]
[DETECT] class=orange color=red conf=0.41 bbox=[485,224,588,296]
[SKILL] move values=(0.25, 0.0, 0.0, 0.25) t=20.30
[MOVE] completed duration=0.25
[DETECT] class=chair color=green conf=0.56 bbox=[252,85,364,272]
[DETECT] class=sports ball color=red conf=0.41 bbox=[488,214,596,289]
[DETECT] class=airplane color=unknown conf=0.28 bbox=[1,74,636,479]
[SKILL] move values=(0.25, 0.0, 0.0, 0.25) t=21.62
[MOVE] completed duration=0.25
[DETECT] class=chair color=green conf=0.71 bbox=[252,86,366,278]
[DETECT] class=sports ball color=red conf=0.49 bbox=[496,219,613,298]
[SKILL] move values=(0.25, 0.0, 0.0, 0.25) t=22.62
[MOVE] completed duration=0.25
[DETECT] class=sports ball color=red conf=0.60 bbox=[499,215,620,296]
[DETECT] class=airplane color=unknown conf=0.35 bbox=[2,65,636,479]
[DETECT] class=chair color=green conf=0.73 bbox=[250,91,366,288]
[DETECT] class=sports ball color=red conf=0.42 bbox=[501,227,622,309]
[SKILL] move values=(0.25, 0.0, 0.0, 0.25) t=24.54
[MOVE] completed duration=0.25
[DETECT] class=chair color=green conf=0.67 bbox=[246,77,368,283]
[DETECT] class=sports ball color=red conf=0.49 bbox=[509,218,640,304]
[SKILL] move values=(0.25, 0.0, 0.0, 0.25) t=25.68
[MOVE] completed duration=0.25
[DETECT] class=sports ball color=red conf=0.54 bbox=[512,214,640,302]
[DETECT] class=chair color=green conf=0.33 bbox=[240,66,368,277]
[SKILL] move values=(0.25, 0.0, 0.0, 0.25) t=26.76
[MOVE] completed duration=0.25
[DETECT] class=chair color=green conf=0.77 bbox=[239,66,369,289]
[DETECT] class=sports ball color=red conf=0.50 bbox=[522,218,640,312]
[SKILL] move values=(0.25, 0.0, 0.0, 0.25) t=27.88
[MOVE] completed duration=0.25
[DETECT] class=chair color=green conf=0.79 bbox=[233,57,369,289]
[DETECT] class=sports ball color=red conf=0.51 bbox=[525,217,640,314]
[SKILL] move values=(0.25, 0.0, 0.0, 0.25) t=28.96
[MOVE] completed duration=0.25
[DETECT] class=chair color=green conf=0.89 bbox=[229,57,370,296]
[SKILL] move values=(0.25, 0.0, 0.0, 0.25) t=29.92
[MOVE] completed duration=0.25
[DETECT] class=chair color=green conf=0.86 bbox=[222,51,369,300]
[SKILL] move values=(0.25, 0.0, 0.0, 0.25) t=30.94
[MOVE] completed duration=0.25
[DETECT] class=chair color=green conf=0.88 bbox=[218,50,370,310]
[DETECT] class=sports ball color=red conf=0.31 bbox=[553,230,640,340]
[SKILL] move values=(0.25, 0.0, 0.0, 0.25) t=32.02
[MOVE] completed duration=0.25
[DETECT] class=chair color=green conf=0.84 bbox=[208,42,370,313]
[SKILL] move values=(0.25, 0.0, 0.0, 0.25) t=33.16
[MOVE] completed duration=0.25
[DETECT] class=chair color=green conf=0.82 bbox=[204,35,371,321]
[SKILL] move values=(0.25, 0.0, 0.0, 0.25) t=34.22
[MOVE] completed duration=0.25
[DETECT] class=chair color=green conf=0.89 bbox=[192,29,370,325]
[SKILL] move values=(0.25, 0.0, 0.0, 0.25) t=35.36
[MOVE] completed duration=0.25
[DETECT] class=chair color=green conf=0.86 bbox=[187,20,373,337]
[SKILL] move values=(0.25, 0.0, 0.0, 0.25) t=36.32
[MOVE] completed duration=0.25
[DETECT] class=chair color=green conf=0.41 bbox=[175,8,375,341]
[SKILL] move values=(0.25, 0.0, 0.0, 0.25) t=37.22
[MOVE] completed duration=0.25
[DETECT] class=chair color=green conf=0.73 bbox=[164,0,373,352]
[SKILL] move values=(0.25, 0.0, 0.0, 0.25) t=38.20
[MOVE] completed duration=0.25
[DETECT] class=chair color=green conf=0.44 bbox=[146,0,376,364]
[SKILL] move values=(0.25, 0.0, 0.0, 0.25) t=39.16
[MOVE] completed duration=0.25
[DETECT] class=chair color=green conf=0.50 bbox=[131,0,373,388]
[SKILL] move values=(0.25, 0.0, 0.0, 0.25) t=40.20
[MOVE] completed duration=0.25
[DETECT] class=chair color=green conf=0.27 bbox=[108,0,377,398]
[SKILL] turn values=(12.0,) t=41.04
[TURN] target=12.0 deg final_error=1.85 deg status=SUCCESS
[DETECT] class=chair color=green conf=0.53 bbox=[201,2,452,454]
[DETECT] class=chair color=green conf=0.45 bbox=[202,1,638,454]
[SKILL] move values=(0.25, 0.0, 0.0, 0.25) t=43.00
[MOVE] completed duration=0.25
[DETECT] class=chair color=green conf=0.77 bbox=[168,0,434,420]
[SKILL] move values=(0.25, 0.0, 0.0, 0.25) t=43.92
[MOVE] completed duration=0.25
[DETECT] class=chair color=green conf=0.45 bbox=[143,1,430,460]
[SKILL] move values=(0.25, 0.0, 0.0, 0.25) t=44.82
[MOVE] completed duration=0.25
[DETECT] class=chair color=green conf=0.44 bbox=[126,2,444,469]
[APPROACH] final_visual_steps=2
[SKILL] move values=(0.2, 0.0, 0.0, 0.25) t=45.56
[MOVE] completed duration=0.25
[DETECT] class=chair color=green conf=0.61 bbox=[110,1,442,471]
[SKILL] move values=(0.2, 0.0, 0.0, 0.25) t=46.62
[MOVE] completed duration=0.25
[DETECT] class=chair color=green conf=0.76 bbox=[103,1,465,477]
[APPROACH] stop reason=visual_proximity
[DETECT] class=chair color=green conf=0.65 bbox=[116,1,457,479]
[FOUND] class=chair color=green t=45.9 s d=0.76 m
[MISSION] status=SUCCESS
[DETECT] class=chair color=green conf=0.67 bbox=[118,1,459,477]
[TRIAL] result=runs/benchmark_2026-10-02_2fa2821/01_green_aligned/result.json success=True
