[KEYBOARD] evdev not installed; browser keyboard control is available
[MAP] switched to object_lab
[DETECT] class=sports ball color=red conf=0.64 bbox=[303,203,334,235]
[DETECT] class=chair color=red conf=0.38 bbox=[369,145,420,230]
[TRIAL] class=chair color=red source=explicit_target start=[0.0, 0.0, 0.0]
[DETECT] class=sports ball color=red conf=0.64 bbox=[303,203,334,235]
[DETECT] class=chair color=red conf=0.38 bbox=[369,145,420,230]
[SKILL] turn values=(-12.180875290110734,) t=2.80
[TURN] target=-12.2 deg final_error=-1.94 deg status=SUCCESS
[DETECT] class=sports ball color=red conf=0.53 bbox=[270,208,302,237]
[DETECT] class=chair color=green conf=0.26 bbox=[170,148,237,237]
[DETECT] class=chair color=green conf=0.51 bbox=[181,149,246,237]
[DETECT] class=sports ball color=red conf=0.32 bbox=[278,207,309,237]
[DETECT] class=chair color=red conf=0.29 bbox=[344,149,390,230]
[SKILL] move values=(0.25, 0.0, 0.0, 0.25) t=5.58
[MOVE] completed duration=0.25
[DETECT] class=chair color=red conf=0.44 bbox=[350,147,396,230]
[DETECT] class=sports ball color=red conf=0.26 bbox=[283,206,313,237]
[SKILL] move values=(0.25, 0.0, 0.0, 0.25) t=6.44
[MOVE] completed duration=0.25
[DETECT] class=chair color=red conf=0.70 bbox=[348,139,396,224]
[DETECT] class=chair color=green conf=0.49 bbox=[177,133,245,226]
[SKILL] move values=(0.25, 0.0, 0.0, 0.25) t=7.32
[MOVE] completed duration=0.25
[DETECT] class=chair color=red conf=0.47 bbox=[349,140,396,226]
[SKILL] move values=(0.25, 0.0, 0.0, 0.25) t=8.34
[MOVE] completed duration=0.25
[DETECT] class=chair color=red conf=0.63 bbox=[346,135,396,224]
[DETECT] class=chair color=green conf=0.59 bbox=[166,130,239,228]
[DETECT] class=sports ball color=red conf=0.25 bbox=[274,196,308,229]
[SKILL] move values=(0.25, 0.0, 0.0, 0.25) t=9.16
[MOVE] completed duration=0.25
[DETECT] class=chair color=red conf=0.71 bbox=[346,135,396,225]
[DETECT] class=chair color=green conf=0.62 bbox=[163,132,238,231]
[DETECT] class=chair color=green conf=0.27 bbox=[190,132,238,230]
[SKILL] move values=(0.25, 0.0, 0.0, 0.25) t=10.12
[MOVE] completed duration=0.25
[DETECT] class=sports ball color=red conf=0.69 bbox=[268,198,303,233]
[DETECT] class=chair color=red conf=0.57 bbox=[343,135,393,225]
[DETECT] class=chair color=green conf=0.56 bbox=[154,128,232,230]
[SKILL] move values=(0.25, 0.0, 0.0, 0.25) t=11.00
[MOVE] completed duration=0.25
[DETECT] class=sports ball color=red conf=0.66 bbox=[268,196,304,233]
[DETECT] class=chair color=green conf=0.40 bbox=[151,128,231,232]
[DETECT] class=chair color=red conf=0.29 bbox=[344,130,395,224]
[SKILL] move values=(0.25, 0.0, 0.0, 0.25) t=11.92
[MOVE] completed duration=0.25
[DETECT] class=sports ball color=red conf=0.61 bbox=[263,199,299,236]
[DETECT] class=chair color=red conf=0.51 bbox=[341,133,392,226]
[DETECT] class=chair color=green conf=0.37 bbox=[141,127,224,233]
[SKILL] move values=(0.25, 0.0, 0.0, 0.25) t=12.92
[MOVE] completed duration=0.25
[DETECT] class=sports ball color=red conf=0.64 bbox=[262,203,300,240]
[DETECT] class=chair color=green conf=0.35 bbox=[139,131,224,240]
[DETECT] class=chair color=green conf=0.51 bbox=[139,137,223,244]
[DETECT] class=chair color=red conf=0.35 bbox=[341,144,390,236]
[SKILL] move values=(0.25, 0.0, 0.0, 0.25) t=14.32
[MOVE] completed duration=0.25
[DETECT] class=sports ball color=red conf=0.56 bbox=[257,199,296,238]
[DETECT] class=chair color=red conf=0.48 bbox=[339,132,391,227]
[DETECT] class=chair color=green conf=0.42 bbox=[129,124,218,235]
[SKILL] move values=(0.25, 0.0, 0.0, 0.25) t=15.12
[MOVE] completed duration=0.25
[DETECT] class=chair color=green conf=0.48 bbox=[125,128,216,242]
[DETECT] class=sports ball color=red conf=0.45 bbox=[256,204,295,243]
[DETECT] class=chair color=red conf=0.37 bbox=[340,134,391,232]
[SKILL] move values=(0.25, 0.0, 0.0, 0.25) t=16.10
[MOVE] completed duration=0.25
[DETECT] class=sports ball color=red conf=0.48 bbox=[251,201,292,242]
[DETECT] class=chair color=red conf=0.37 bbox=[336,131,389,231]
[DETECT] class=chair color=green conf=0.32 bbox=[116,123,212,241]
[SKILL] move values=(0.25, 0.0, 0.0, 0.25) t=17.12
[MOVE] completed duration=0.25
[DETECT] class=chair color=green conf=0.60 bbox=[111,125,210,247]
[DETECT] class=sports ball color=red conf=0.53 bbox=[249,205,291,245]
[DETECT] class=chair color=red conf=0.30 bbox=[337,133,390,233]
[SKILL] move values=(0.25, 0.0, 0.0, 0.25) t=18.12
[MOVE] completed duration=0.25
[DETECT] class=sports ball color=red conf=0.72 bbox=[245,201,288,243]
[DETECT] class=chair color=green conf=0.56 bbox=[100,117,204,242]
[DETECT] class=chair color=red conf=0.29 bbox=[334,128,388,231]
[SKILL] move values=(0.25, 0.0, 0.0, 0.25) t=19.14
[MOVE] completed duration=0.25
[DETECT] class=chair color=green conf=0.72 bbox=[97,129,201,253]
[DETECT] class=chair color=red conf=0.57 bbox=[334,138,388,241]
[DETECT] class=sports ball color=red conf=0.56 bbox=[244,212,287,255]
[DETECT] class=chair color=green conf=0.26 bbox=[141,128,202,246]
[SKILL] move values=(0.25, 0.0, 0.0, 0.25) t=20.26
[MOVE] completed duration=0.25
[DETECT] class=chair color=green conf=0.67 bbox=[84,120,197,250]
[DETECT] class=orange color=red conf=0.62 bbox=[238,207,283,251]
[DETECT] class=chair color=red conf=0.25 bbox=[332,131,388,236]
[SKILL] move values=(0.25, 0.0, 0.0, 0.25) t=21.32
[MOVE] completed duration=0.25
[DETECT] class=orange color=red conf=0.57 bbox=[236,208,283,253]
[DETECT] class=chair color=green conf=0.37 bbox=[79,120,195,254]
[DETECT] class=chair color=green conf=0.69 bbox=[81,127,194,257]
[DETECT] class=chair color=red conf=0.43 bbox=[332,138,388,243]
[DETECT] class=sports ball color=red conf=0.31 bbox=[235,214,282,259]
[SKILL] move values=(0.25, 0.0, 0.0, 0.25) t=22.58
[MOVE] completed duration=0.25
[DETECT] class=chair color=green conf=0.70 bbox=[64,108,187,247]
[DETECT] class=chair color=red conf=0.63 bbox=[330,123,389,232]
[DETECT] class=sports ball color=red conf=0.57 bbox=[230,200,278,247]
[SKILL] move values=(0.25, 0.0, 0.0, 0.25) t=23.56
[MOVE] completed duration=0.25
[DETECT] class=chair color=green conf=0.74 bbox=[62,122,185,261]
[DETECT] class=sports ball color=red conf=0.66 bbox=[229,214,278,261]
[DETECT] class=chair color=red conf=0.51 bbox=[330,134,389,244]
[SKILL] move values=(0.25, 0.0, 0.0, 0.25) t=24.62
[MOVE] completed duration=0.25
[DETECT] class=chair color=green conf=0.63 bbox=[43,107,179,255]
[DETECT] class=chair color=red conf=0.59 bbox=[328,123,388,236]
[DETECT] class=sports ball color=red conf=0.40 bbox=[222,204,273,254]
[SKILL] move values=(0.25, 0.0, 0.0, 0.25) t=25.64
[MOVE] completed duration=0.25
[DETECT] class=chair color=green conf=0.58 bbox=[37,109,177,261]
[DETECT] class=chair color=green conf=0.77 bbox=[40,119,176,265]
[DETECT] class=orange color=red conf=0.47 bbox=[219,217,272,267]
[DETECT] class=chair color=red conf=0.36 bbox=[327,134,387,248]
[SKILL] move values=(0.25, 0.0, 0.0, 0.25) t=27.04
[MOVE] completed duration=0.25
[DETECT] class=chair color=green conf=0.47 bbox=[19,100,168,258]
[DETECT] class=chair color=red conf=0.36 bbox=[325,119,387,237]
[DETECT] class=sports ball color=red conf=0.36 bbox=[213,204,268,257]
[DETECT] class=orange color=red conf=0.27 bbox=[213,204,268,257]
[SKILL] move values=(0.25, 0.0, 0.0, 0.25) t=28.06
[MOVE] completed duration=0.25
[DETECT] class=chair color=green conf=0.48 bbox=[11,102,166,264]
[DETECT] class=sports ball color=red conf=0.38 bbox=[210,208,267,261]
[DETECT] class=chair color=red conf=0.34 bbox=[326,119,389,240]
[SKILL] move values=(0.25, 0.0, 0.0, 0.25) t=28.84
[MOVE] completed duration=0.25
[DETECT] class=chair color=green conf=0.47 bbox=[0,95,157,263]
[DETECT] class=sports ball color=red conf=0.29 bbox=[202,206,262,262]
[DETECT] class=chair color=red conf=0.26 bbox=[324,118,388,240]
[SKILL] move values=(0.25, 0.0, 0.0, 0.25) t=29.82
[MOVE] completed duration=0.25
[DETECT] class=orange color=red conf=0.46 bbox=[198,214,261,271]
[DETECT] class=chair color=green conf=0.26 bbox=[0,102,154,273]
[DETECT] class=orange color=red conf=0.51 bbox=[198,221,260,277]
[DETECT] class=chair color=green conf=0.43 bbox=[0,109,153,279]
[DETECT] class=orange color=red conf=0.54 bbox=[198,220,260,278]
[DETECT] class=chair color=green conf=0.44 bbox=[0,109,153,278]
[DETECT] class=orange color=red conf=0.50 bbox=[198,220,260,278]
[DETECT] class=chair color=green conf=0.31 bbox=[0,109,153,278]
[DETECT] class=orange color=red conf=0.52 bbox=[198,220,260,277]
[DETECT] class=chair color=green conf=0.30 bbox=[0,109,153,278]
[SEARCH] target=red_chair rotating=30deg
[SKILL] turn values=(30.0,) t=32.22
[TURN] target=30.0 deg final_error=1.78 deg status=SUCCESS
[DETECT] class=chair color=green conf=0.66 bbox=[209,128,288,253]
[DETECT] class=chair color=red conf=0.55 bbox=[444,113,565,276]
[DETECT] class=orange color=red conf=0.48 bbox=[326,221,379,274]
[SKILL] turn values=(-25.49681176117441,) t=35.50
[TURN] target=-25.5 deg final_error=-1.86 deg status=SUCCESS
[DETECT] class=chair color=green conf=0.59 bbox=[25,122,174,283]
[DETECT] class=orange color=red conf=0.47 bbox=[215,225,275,282]
[DETECT] class=chair color=green conf=0.71 bbox=[47,118,184,276]
[DETECT] class=sports ball color=red conf=0.49 bbox=[225,222,283,278]
[DETECT] class=chair color=red conf=0.35 bbox=[345,128,413,254]
[SKILL] turn values=(-9.797488232045552,) t=38.22
[TURN] target=-9.8 deg final_error=-1.96 deg status=SUCCESS
[DETECT] class=orange color=red conf=0.58 bbox=[192,225,255,284]
[DETECT] class=chair color=green conf=0.52 bbox=[0,112,146,288]
[DETECT] class=sports ball color=red conf=0.49 bbox=[197,224,260,282]
[DETECT] class=orange color=red conf=0.36 bbox=[198,224,260,282]
[DETECT] class=chair color=green conf=0.36 bbox=[0,113,153,285]
[DETECT] class=orange color=red conf=0.36 bbox=[201,224,263,281]
[DETECT] class=chair color=green conf=0.34 bbox=[0,115,158,283]
[DETECT] class=sports ball color=red conf=0.25 bbox=[201,224,263,281]
[DETECT] class=sports ball color=red conf=0.48 bbox=[204,223,266,280]
[DETECT] class=chair color=green conf=0.34 bbox=[1,114,161,281]
[DETECT] class=chair color=green conf=0.64 bbox=[6,114,163,281]
[DETECT] class=orange color=red conf=0.54 bbox=[207,223,268,280]
[DETECT] class=chair color=red conf=0.40 bbox=[330,129,396,254]
[SKILL] move values=(0.25, 0.0, 0.0, 0.25) t=41.08
[MOVE] completed duration=0.25
[DETECT] class=orange color=red conf=0.55 bbox=[206,221,269,279]
[DETECT] class=chair color=green conf=0.29 bbox=[2,109,163,279]
[DETECT] class=orange color=red conf=0.50 bbox=[206,224,269,281]
[DETECT] class=chair color=green conf=0.36 bbox=[2,111,163,280]
[DETECT] class=orange color=red conf=0.46 bbox=[206,223,269,280]
[DETECT] class=chair color=green conf=0.45 bbox=[1,110,162,279]
[DETECT] class=chair color=green conf=0.41 bbox=[0,109,162,279]
[DETECT] class=orange color=red conf=0.38 bbox=[206,222,269,280]
[DETECT] class=orange color=red conf=0.45 bbox=[206,221,269,280]
[DETECT] class=chair color=green conf=0.39 bbox=[1,108,162,278]
[SEARCH] target=red_chair rotating=30deg
[SKILL] turn values=(30.0,) t=43.62
[TURN] target=30.0 deg final_error=1.92 deg status=SUCCESS
[DETECT] class=orange color=red conf=0.46 bbox=[332,223,389,278]
[DETECT] class=chair color=red conf=0.29 bbox=[459,106,598,284]
[DETECT] class=chair color=green conf=0.25 bbox=[218,128,295,254]
[SKILL] turn values=(-27.596775141284606,) t=46.62
[TURN] target=-27.6 deg final_error=-1.90 deg status=SUCCESS
[DETECT] class=orange color=red conf=0.47 bbox=[215,225,277,285]
[DETECT] class=chair color=green conf=0.45 bbox=[23,116,174,282]
[DETECT] class=airplane color=unknown conf=0.42 bbox=[23,116,343,284]
[DETECT] class=chair color=green conf=0.74 bbox=[43,115,183,277]
[DETECT] class=sports ball color=red conf=0.57 bbox=[224,223,285,281]
[DETECT] class=chair color=red conf=0.47 bbox=[349,125,420,256]
[SKILL] turn values=(-10.655651637598686,) t=49.56
[TURN] target=-10.7 deg final_error=-1.99 deg status=SUCCESS
[DETECT] class=chair color=green conf=0.51 bbox=[0,109,139,293]
[DETECT] class=sports ball color=red conf=0.41 bbox=[184,227,251,288]
[DETECT] class=orange color=red conf=0.36 bbox=[184,227,252,288]
[DETECT] class=sports ball color=red conf=0.63 bbox=[188,228,255,288]
[DETECT] class=chair color=green conf=0.37 bbox=[0,112,144,292]
[DETECT] class=orange color=red conf=0.46 bbox=[192,225,258,287]
[DETECT] class=chair color=green conf=0.39 bbox=[0,110,148,289]
[DETECT] class=sports ball color=red conf=0.34 bbox=[192,226,258,287]
[DETECT] class=orange color=red conf=0.57 bbox=[194,224,260,285]
[DETECT] class=chair color=green conf=0.50 bbox=[0,109,151,287]
[DETECT] class=orange color=red conf=0.42 bbox=[196,223,262,285]
[DETECT] class=sports ball color=red conf=0.32 bbox=[196,223,262,284]
[DETECT] class=chair color=green conf=0.31 bbox=[0,109,153,286]
[SEARCH] target=red_chair rotating=30deg
[SKILL] turn values=(30.0,) t=52.82
[TURN] target=30.0 deg final_error=1.92 deg status=SUCCESS
[DETECT] class=orange color=red conf=0.58 bbox=[328,223,385,279]
[DETECT] class=chair color=red conf=0.30 bbox=[456,106,593,285]
[DETECT] class=chair color=green conf=0.25 bbox=[213,128,290,255]
[SKILL] turn values=(-27.263920605831114,) t=55.96
[TURN] target=-27.3 deg final_error=-1.83 deg status=SUCCESS
[DETECT] class=sports ball color=red conf=0.57 bbox=[208,226,272,286]
[DETECT] class=chair color=green conf=0.35 bbox=[10,115,168,285]
[DETECT] class=airplane color=unknown conf=0.31 bbox=[11,115,404,279]
[DETECT] class=chair color=green conf=0.36 bbox=[32,115,178,279]
[DETECT] class=sports ball color=red conf=0.36 bbox=[218,224,281,283]
[DETECT] class=chair color=red conf=0.35 bbox=[346,124,418,257]
[DETECT] class=orange color=red conf=0.32 bbox=[219,224,281,283]
[SKILL] turn values=(-10.267207293458288,) t=58.82
[TURN] target=-10.3 deg final_error=-1.93 deg status=SUCCESS
[DETECT] class=chair color=green conf=0.67 bbox=[0,109,128,298]
[DETECT] class=sports ball color=red conf=0.60 bbox=[174,229,245,293]
[DETECT] class=chair color=red conf=0.39 bbox=[312,130,380,257]
[DETECT] class=airplane color=unknown conf=0.36 bbox=[0,108,369,294]
[SKILL] move values=(0.25, 0.0, 0.0, 0.25) t=60.60
[MOVE] completed duration=0.25
[DETECT] class=sports ball color=red conf=0.56 bbox=[176,209,249,275]
[DETECT] class=chair color=green conf=0.32 bbox=[0,81,133,277]
[DETECT] class=chair color=red conf=0.27 bbox=[319,110,390,244]
[SKILL] move values=(0.25, 0.0, 0.0, 0.25) t=61.44
[MOVE] completed duration=0.25
[DETECT] class=sports ball color=red conf=0.68 bbox=[176,212,251,279]
[DETECT] class=sports ball color=red conf=0.59 bbox=[176,226,249,293]
[DETECT] class=chair color=green conf=0.44 bbox=[0,99,133,294]
[DETECT] class=sports ball color=red conf=0.58 bbox=[175,226,249,293]
[DETECT] class=chair color=green conf=0.49 bbox=[0,98,133,293]
[DETECT] class=airplane color=unknown conf=0.26 bbox=[3,99,390,282]
[DETECT] class=sports ball color=red conf=0.59 bbox=[175,225,249,292]
[DETECT] class=chair color=green conf=0.58 bbox=[0,97,132,292]
[DETECT] class=sports ball color=red conf=0.56 bbox=[175,225,249,291]
[DETECT] class=chair color=green conf=0.55 bbox=[0,97,133,292]
[DETECT] class=airplane color=unknown conf=0.36 bbox=[3,98,391,280]
[SEARCH] target=red_chair rotating=30deg
[SKILL] turn values=(30.0,) t=63.74
[TURN] target=30.0 deg final_error=1.92 deg status=SUCCESS
[DETECT] class=orange color=red conf=0.62 bbox=[312,224,372,285]
[DETECT] class=chair color=green conf=0.37 bbox=[192,124,277,260]
[DETECT] class=airplane color=unknown conf=0.28 bbox=[28,107,636,478]
[DETECT] class=orange color=red conf=0.71 bbox=[307,223,367,284]
[DETECT] class=chair color=green conf=0.52 bbox=[184,121,271,258]
[DETECT] class=chair color=red conf=0.31 bbox=[440,103,574,283]
[SKILL] turn values=(-25.727402077501043,) t=67.38
[TURN] target=-25.7 deg final_error=-1.85 deg status=SUCCESS
[DETECT] class=chair color=green conf=0.60 bbox=[0,111,148,297]
[DETECT] class=sports ball color=red conf=0.60 bbox=[188,231,260,296]
[DETECT] class=chair color=red conf=0.60 bbox=[331,125,404,261]
[DETECT] class=airplane color=unknown conf=0.29 bbox=[21,111,402,271]
[SKILL] move values=(0.25, 0.0, 0.0, 0.25) t=69.78
[MOVE] completed duration=0.25
[DETECT] class=orange color=red conf=0.56 bbox=[200,214,272,280]
[DETECT] class=chair color=green conf=0.32 bbox=[0,91,164,277]
[DETECT] class=chair color=red conf=0.75 bbox=[346,121,425,264]
[DETECT] class=sports ball color=red conf=0.68 bbox=[201,228,273,294]
[DETECT] class=chair color=green conf=0.61 bbox=[0,105,163,288]
[SKILL] turn values=(-10.810251608902183,) t=71.02
[TURN] target=-10.8 deg final_error=-1.90 deg status=SUCCESS
[DETECT] class=sports ball color=red conf=0.62 bbox=[144,233,230,306]
[DETECT] class=chair color=green conf=0.48 bbox=[0,92,100,278]
[DETECT] class=airplane color=unknown conf=0.28 bbox=[1,88,637,478]
[DETECT] class=sports ball color=red conf=0.46 bbox=[160,231,241,303]
[DETECT] class=chair color=red conf=0.38 bbox=[317,122,392,262]
[DETECT] class=orange color=red conf=0.30 bbox=[161,232,242,303]
[DETECT] class=chair color=green conf=0.30 bbox=[0,97,119,306]
[DETECT] class=airplane color=unknown conf=0.27 bbox=[0,98,347,355]
[SKILL] move values=(0.25, 0.0, 0.0, 0.25) t=72.92
[MOVE] completed duration=0.25
[DETECT] class=sports ball color=red conf=0.54 bbox=[170,222,250,293]
[DETECT] class=chair color=green conf=0.44 bbox=[0,88,132,295]
[DETECT] class=chair color=red conf=0.38 bbox=[326,110,404,256]
[DETECT] class=airplane color=unknown conf=0.29 bbox=[1,88,382,300]
[SKILL] move values=(0.25, 0.0, 0.0, 0.25) t=73.76
[MOVE] completed duration=0.25
[DETECT] class=sports ball color=red conf=0.63 bbox=[167,213,250,287]
[DETECT] class=airplane color=unknown conf=0.28 bbox=[3,74,411,275]
[DETECT] class=airplane color=unknown conf=0.26 bbox=[3,73,412,361]
[DETECT] class=sports ball color=red conf=0.62 bbox=[172,227,253,301]
[DETECT] class=chair color=green conf=0.39 bbox=[0,92,134,298]
[DETECT] class=chair color=red conf=0.28 bbox=[331,116,411,264]
[SKILL] move values=(0.25, 0.0, 0.0, 0.25) t=74.96
[MOVE] completed duration=0.25
[DETECT] class=orange color=red conf=0.51 bbox=[164,219,251,295]
[DETECT] class=chair color=green conf=0.43 bbox=[0,77,129,293]
[DETECT] class=airplane color=unknown conf=0.31 bbox=[3,77,416,365]
[DETECT] class=sports ball color=red conf=0.74 bbox=[166,231,251,306]
[DETECT] class=chair color=green conf=0.72 bbox=[0,90,128,302]
[DETECT] class=chair color=red conf=0.51 bbox=[331,116,413,266]
[DETECT] class=airplane color=unknown conf=0.27 bbox=[2,90,622,477]
[SKILL] move values=(0.25, 0.0, 0.0, 0.25) t=76.12
[MOVE] completed duration=0.25
[DETECT] class=sports ball color=red conf=0.55 bbox=[152,215,244,294]
[DETECT] class=airplane color=unknown conf=0.50 bbox=[0,61,418,366]
[DETECT] class=sports ball color=red conf=0.49 bbox=[156,231,247,310]
[DETECT] class=chair color=red conf=0.40 bbox=[331,113,415,267]
[SKILL] move values=(0.25, 0.0, 0.0, 0.25) t=77.22
[MOVE] completed duration=0.25
[DETECT] class=sports ball color=red conf=0.69 bbox=[146,227,242,311]
[DETECT] class=chair color=red conf=0.53 bbox=[331,104,419,263]
[DETECT] class=airplane color=unknown conf=0.34 bbox=[0,73,421,400]
[SKILL] move values=(0.25, 0.0, 0.0, 0.25) t=78.02
[MOVE] completed duration=0.25
[DETECT] class=sports ball color=red conf=0.66 bbox=[130,222,236,311]
[DETECT] class=airplane color=unknown conf=0.31 bbox=[0,51,420,412]
[DETECT] class=airplane color=unknown conf=0.27 bbox=[0,53,421,300]
[DETECT] class=sports ball color=red conf=0.56 bbox=[134,235,238,323]
[DETECT] class=chair color=red conf=0.43 bbox=[329,109,420,271]
[DETECT] class=chair color=green conf=0.37 bbox=[0,72,105,279]
[DETECT] class=airplane color=unknown conf=0.26 bbox=[0,78,420,440]
[SKILL] move values=(0.25, 0.0, 0.0, 0.25) t=79.30
[MOVE] completed duration=0.25
[DETECT] class=sports ball color=red conf=0.54 bbox=[121,234,232,328]
[DETECT] class=airplane color=unknown conf=0.49 bbox=[0,74,423,424]
[DETECT] class=chair color=red conf=0.32 bbox=[329,101,422,270]
[SKILL] move values=(0.25, 0.0, 0.0, 0.25) t=80.16
[MOVE] completed duration=0.25
[DETECT] class=airplane color=unknown conf=0.58 bbox=[0,39,427,414]
[DETECT] class=sports ball color=red conf=0.50 bbox=[101,223,224,323]
[DETECT] class=chair color=red conf=0.50 bbox=[329,104,423,275]
[DETECT] class=airplane color=unknown conf=0.34 bbox=[0,60,436,449]
[DETECT] class=sports ball color=red conf=0.28 bbox=[105,240,227,341]
[SKILL] move values=(0.25, 0.0, 0.0, 0.25) t=81.36
[MOVE] completed duration=0.25
[DETECT] class=airplane color=unknown conf=0.63 bbox=[0,60,435,449]
[DETECT] class=chair color=red conf=0.56 bbox=[327,102,426,276]
[SKILL] move values=(0.25, 0.0, 0.0, 0.25) t=82.26
[MOVE] completed duration=0.25
[DETECT] class=airplane color=unknown conf=0.39 bbox=[0,98,332,351]
[DETECT] class=chair color=red conf=0.27 bbox=[327,92,428,274]
[SKILL] move values=(0.25, 0.0, 0.0, 0.25) t=83.10
[MOVE] completed duration=0.25
[DETECT] class=chair color=red conf=0.69 bbox=[325,92,433,280]
[DETECT] class=sports ball color=red conf=0.28 bbox=[40,248,206,374]
[SKILL] turn values=(-9.797488232045552,) t=83.92
[TURN] target=-9.8 deg final_error=-1.91 deg status=SUCCESS
[DETECT] class=chair color=red conf=0.64 bbox=[289,103,391,283]
[SKILL] move values=(0.25, 0.0, 0.0, 0.25) t=85.32
[MOVE] completed duration=0.25
[DETECT] class=chair color=red conf=0.68 bbox=[298,88,405,275]
[SKILL] move values=(0.25, 0.0, 0.0, 0.25) t=86.12
[MOVE] completed duration=0.25
[DETECT] class=chair color=red conf=0.51 bbox=[299,76,413,275]
[SKILL] move values=(0.25, 0.0, 0.0, 0.25) t=86.82
[MOVE] completed duration=0.25
[DETECT] class=chair color=red conf=0.76 bbox=[295,79,413,281]
[SKILL] move values=(0.25, 0.0, 0.0, 0.25) t=87.72
[MOVE] completed duration=0.25
[DETECT] class=chair color=red conf=0.84 bbox=[293,79,417,289]
[SKILL] move values=(0.25, 0.0, 0.0, 0.25) t=88.62
[MOVE] completed duration=0.25
[DETECT] class=chair color=red conf=0.78 bbox=[289,69,421,289]
[SKILL] move values=(0.25, 0.0, 0.0, 0.25) t=89.52
[MOVE] completed duration=0.25
[DETECT] class=chair color=red conf=0.88 bbox=[288,71,425,299]
[DETECT] class=person color=red conf=0.35 bbox=[0,314,64,479]
[SKILL] move values=(0.25, 0.0, 0.0, 0.25) t=90.42
[MOVE] completed duration=0.25
[DETECT] class=chair color=red conf=0.83 bbox=[284,59,429,298]
[DETECT] class=person color=red conf=0.28 bbox=[0,335,23,435]
[SKILL] move values=(0.25, 0.0, 0.0, 0.25) t=91.22
[MOVE] completed duration=0.25
[DETECT] class=chair color=red conf=0.86 bbox=[281,48,437,301]
[SKILL] move values=(0.25, 0.0, 0.0, 0.25) t=92.02
[MOVE] completed duration=0.25
[DETECT] class=chair color=red conf=0.89 bbox=[276,49,440,310]
[SKILL] move values=(0.25, 0.0, 0.0, 0.25) t=92.94
[MOVE] completed duration=0.25
[DETECT] class=chair color=red conf=0.87 bbox=[272,36,451,318]
[SKILL] move values=(0.25, 0.0, 0.0, 0.25) t=93.64
[MOVE] completed duration=0.25
[DETECT] class=chair color=red conf=0.77 bbox=[266,37,455,325]
[SKILL] move values=(0.25, 0.0, 0.0, 0.25) t=94.44
[MOVE] completed duration=0.25
[DETECT] class=chair color=red conf=0.90 bbox=[260,30,467,338]
[SKILL] move values=(0.25, 0.0, 0.0, 0.25) t=95.32
[MOVE] completed duration=0.25
[DETECT] class=chair color=red conf=0.92 bbox=[252,20,477,344]
[SKILL] move values=(0.25, 0.0, 0.0, 0.25) t=96.40
[MOVE] completed duration=0.25
[DETECT] class=chair color=red conf=0.92 bbox=[249,37,484,374]
[SKILL] move values=(0.25, 0.0, 0.0, 0.25) t=97.52
[MOVE] completed duration=0.25
[DETECT] class=chair color=red conf=0.36 bbox=[236,1,507,366]
[SKILL] move values=(0.25, 0.0, 0.0, 0.25) t=98.52
[MOVE] completed duration=0.25
[DETECT] class=chair color=red conf=0.37 bbox=[225,0,533,380]
[SKILL] move values=(0.25, 0.0, 0.0, 0.25) t=99.32
[MOVE] completed duration=0.25
[DETECT] class=chair color=red conf=0.39 bbox=[210,0,549,403]
[SKILL] move values=(0.25, 0.0, 0.0, 0.25) t=100.36
[MOVE] completed duration=0.25
[DETECT] class=chair color=red conf=0.50 bbox=[190,1,619,430]
[APPROACH] stop reason=visual_proximity
[DETECT] class=chair color=red conf=0.35 bbox=[199,2,573,444]
[MISSION] status=FAIL reason=visual_stop_outside_0.80m distance_m=0.8079
[DETECT] class=chair color=red conf=0.39 bbox=[201,1,572,446]
[TRIAL] result=runs/benchmark_2026-10-02_2fa2821/06_red_center/result.json success=False
