[KEYBOARD] evdev not installed; browser keyboard control is available
[MAP] switched to object_lab
[TRIAL] class=chair color=green source=explicit_target start=[1.0, 1.0, 180.0]
[SEARCH] target=green_chair rotating=30deg
[SKILL] turn values=(30.0,) t=3.18
[TURN] target=30.0 deg final_error=1.80 deg status=SUCCESS
[SEARCH] target=green_chair rotating=30deg
[SKILL] turn values=(30.0,) t=6.82
[TURN] target=30.0 deg final_error=1.88 deg status=SUCCESS
[SEARCH] target=green_chair rotating=30deg
[SKILL] turn values=(30.0,) t=10.52
[TURN] target=30.0 deg final_error=1.92 deg status=SUCCESS
[DETECT] class=airplane color=red conf=0.39 bbox=[0,189,30,262]
[SEARCH] target=green_chair rotating=30deg
[SKILL] turn values=(30.0,) t=14.12
[TURN] target=30.0 deg final_error=1.98 deg status=SUCCESS
[DETECT] class=chair color=red conf=0.84 bbox=[117,129,209,248]
[DETECT] class=orange color=red conf=0.61 bbox=[20,223,121,288]
[DETECT] class=chair color=red conf=0.86 bbox=[108,127,203,247]
[DETECT] class=orange color=red conf=0.75 bbox=[7,223,113,291]
[SEARCH] target=green_chair rotating=30deg
[SKILL] turn values=(30.0,) t=17.68
[TURN] target=30.0 deg final_error=1.90 deg status=SUCCESS
[DETECT] class=sports ball color=red conf=0.85 bbox=[212,216,262,263]
[DETECT] class=sports ball color=red conf=0.42 bbox=[205,215,257,263]
[SEARCH] target=green_chair rotating=30deg
[SKILL] turn values=(30.0,) t=21.50
[TURN] target=30.0 deg final_error=1.91 deg status=SUCCESS
[DETECT] class=chair color=green conf=0.83 bbox=[121,116,241,272]
[DETECT] class=chair color=red conf=0.73 bbox=[367,147,428,242]
[DETECT] class=sports ball color=red conf=0.60 bbox=[324,216,369,261]
[SKILL] turn values=(20.76862057673099,) t=24.56
[TURN] target=20.8 deg final_error=1.99 deg status=SUCCESS
[DETECT] class=chair color=red conf=0.88 bbox=[441,139,530,253]
[DETECT] class=chair color=green conf=0.88 bbox=[222,124,311,264]
[DETECT] class=sports ball color=red conf=0.47 bbox=[393,220,446,268]
[SKILL] move values=(0.25, 0.0, 0.0, 0.25) t=27.32
[MOVE] completed duration=0.25
[DETECT] class=chair color=red conf=0.82 bbox=[427,127,510,240]
[DETECT] class=chair color=green conf=0.73 bbox=[200,112,295,259]
[DETECT] class=sports ball color=red conf=0.38 bbox=[379,208,432,256]
[SKILL] turn values=(11.879596600327488,) t=28.14
[TURN] target=11.9 deg final_error=1.87 deg status=SUCCESS
[DETECT] class=chair color=green conf=0.78 bbox=[246,122,333,263]
[DETECT] class=chair color=red conf=0.68 bbox=[471,132,579,259]
[DETECT] class=sports ball color=red conf=0.57 bbox=[418,220,480,272]
[SKILL] move values=(0.25, 0.0, 0.0, 0.25) t=30.34
[MOVE] completed duration=0.25
[DETECT] class=chair color=red conf=0.76 bbox=[464,115,570,243]
[DETECT] class=chair color=green conf=0.69 bbox=[234,108,324,256]
[DETECT] class=sports ball color=red conf=0.47 bbox=[412,207,474,260]
[SKILL] move values=(0.25, 0.0, 0.0, 0.25) t=31.42
[MOVE] completed duration=0.25
[DETECT] class=sports ball color=red conf=0.66 bbox=[410,205,473,259]
[DETECT] class=chair color=red conf=0.38 bbox=[461,114,567,242]
[DETECT] class=chair color=green conf=0.35 bbox=[226,103,320,256]
[SKILL] move values=(0.25, 0.0, 0.0, 0.25) t=32.56
[MOVE] completed duration=0.25
[DETECT] class=sports ball color=red conf=0.61 bbox=[413,216,477,271]
[DETECT] class=chair color=green conf=0.48 bbox=[224,113,320,267]
[DETECT] class=chair color=red conf=0.35 bbox=[463,124,570,251]
[SKILL] move values=(0.25, 0.0, 0.0, 0.25) t=33.76
[MOVE] completed duration=0.25
[DETECT] class=chair color=green conf=0.83 bbox=[219,105,319,264]
[DETECT] class=chair color=red conf=0.69 bbox=[462,116,572,247]
[DETECT] class=sports ball color=red conf=0.62 bbox=[412,211,478,267]
[SKILL] move values=(0.25, 0.0, 0.0, 0.25) t=35.00
[MOVE] completed duration=0.25
[DETECT] class=chair color=green conf=0.81 bbox=[216,105,318,268]
[DETECT] class=chair color=red conf=0.78 bbox=[465,116,580,251]
[DETECT] class=sports ball color=red conf=0.34 bbox=[416,214,485,272]
[DETECT] class=orange color=red conf=0.32 bbox=[416,214,485,271]
[SKILL] move values=(0.25, 0.0, 0.0, 0.25) t=36.14
[MOVE] completed duration=0.25
[DETECT] class=chair color=green conf=0.67 bbox=[211,101,317,271]
[DETECT] class=chair color=red conf=0.50 bbox=[464,116,580,252]
[DETECT] class=sports ball color=red conf=0.39 bbox=[416,214,487,273]
[SKILL] move values=(0.25, 0.0, 0.0, 0.25) t=37.40
[MOVE] completed duration=0.25
[DETECT] class=chair color=green conf=0.65 bbox=[207,99,317,272]
[DETECT] class=chair color=red conf=0.57 bbox=[468,114,588,255]
[DETECT] class=orange color=red conf=0.31 bbox=[419,215,494,278]
[SKILL] turn values=(9.640066284399909,) t=38.60
[TURN] target=9.6 deg final_error=1.91 deg status=SUCCESS
[DETECT] class=chair color=green conf=0.72 bbox=[247,107,349,274]
[DETECT] class=chair color=red conf=0.62 bbox=[510,115,640,271]
[DETECT] class=orange color=red conf=0.39 bbox=[455,226,542,293]
[DETECT] class=sports ball color=red conf=0.37 bbox=[456,226,542,293]
[SKILL] move values=(0.25, 0.0, 0.0, 0.25) t=40.70
[MOVE] completed duration=0.25
[DETECT] class=chair color=green conf=0.63 bbox=[233,98,337,273]
[DETECT] class=orange color=red conf=0.52 bbox=[448,217,534,284]
[SKILL] move values=(0.25, 0.0, 0.0, 0.25) t=41.74
[MOVE] completed duration=0.25
[DETECT] class=sports ball color=red conf=0.38 bbox=[448,209,539,278]
[DETECT] class=orange color=red conf=0.35 bbox=[449,209,539,279]
[DETECT] class=chair color=green conf=0.27 bbox=[225,85,336,267]
[SKILL] move values=(0.25, 0.0, 0.0, 0.25) t=42.64
[MOVE] completed duration=0.25
[DETECT] class=chair color=green conf=0.60 bbox=[223,87,336,273]
[DETECT] class=sports ball color=red conf=0.50 bbox=[455,214,550,286]
[SKILL] move values=(0.25, 0.0, 0.0, 0.25) t=43.68
[MOVE] completed duration=0.25
[DETECT] class=sports ball color=red conf=0.56 bbox=[457,210,555,285]
[DETECT] class=chair color=green conf=0.49 bbox=[216,77,335,272]
[SKILL] move values=(0.25, 0.0, 0.0, 0.25) t=44.70
[MOVE] completed duration=0.25
[DETECT] class=orange color=red conf=0.65 bbox=[464,209,571,288]
[DETECT] class=chair color=green conf=0.36 bbox=[212,74,335,276]
[SKILL] move values=(0.25, 0.0, 0.0, 0.25) t=45.48
[MOVE] completed duration=0.25
[DETECT] class=sports ball color=red conf=0.48 bbox=[464,214,574,295]
[DETECT] class=orange color=red conf=0.25 bbox=[464,214,574,295]
[DETECT] class=chair color=green conf=0.76 bbox=[208,88,333,294]
[DETECT] class=chair color=red conf=0.66 bbox=[508,102,640,270]
[DETECT] class=sports ball color=red conf=0.56 bbox=[464,227,575,309]
[DETECT] class=orange color=red conf=0.29 bbox=[464,227,575,309]
[SKILL] move values=(0.25, 0.0, 0.0, 0.25) t=46.92
[MOVE] completed duration=0.25
[DETECT] class=sports ball color=red conf=0.53 bbox=[473,211,595,297]
[DETECT] class=airplane color=unknown conf=0.28 bbox=[198,71,640,368]
[DETECT] class=chair color=green conf=0.81 bbox=[202,88,332,299]
[DETECT] class=chair color=red conf=0.79 bbox=[508,105,640,274]
[DETECT] class=orange color=red conf=0.38 bbox=[468,232,581,316]
[SKILL] move values=(0.25, 0.0, 0.0, 0.25) t=48.08
[MOVE] completed duration=0.25
[DETECT] class=chair color=green conf=0.79 bbox=[193,72,330,293]
[DETECT] class=sports ball color=red conf=0.53 bbox=[471,223,594,311]
[SKILL] turn values=(9.718829609445688,) t=48.92
[TURN] target=9.7 deg final_error=1.97 deg status=SUCCESS
[DETECT] class=chair color=green conf=0.83 bbox=[236,82,367,300]
[DETECT] class=sports ball color=red conf=0.43 bbox=[519,240,640,341]
[SKILL] move values=(0.25, 0.0, 0.0, 0.25) t=50.62
[MOVE] completed duration=0.25
[DETECT] class=chair color=green conf=0.79 bbox=[218,68,354,299]
[DETECT] class=sports ball color=red conf=0.31 bbox=[510,228,640,327]
[SKILL] move values=(0.25, 0.0, 0.0, 0.25) t=51.40
[MOVE] completed duration=0.25
[DETECT] class=chair color=green conf=0.87 bbox=[208,60,351,298]
[DETECT] class=sports ball color=red conf=0.34 bbox=[511,225,640,328]
[SKILL] move values=(0.25, 0.0, 0.0, 0.25) t=52.22
[MOVE] completed duration=0.25
[DETECT] class=chair color=green conf=0.79 bbox=[203,46,353,299]
[SKILL] move values=(0.25, 0.0, 0.0, 0.25) t=53.04
[MOVE] completed duration=0.25
[DETECT] class=chair color=green conf=0.93 bbox=[193,47,353,306]
[SKILL] move values=(0.25, 0.0, 0.0, 0.25) t=53.80
[MOVE] completed duration=0.25
[DETECT] class=chair color=green conf=0.90 bbox=[186,50,351,326]
[SKILL] move values=(0.25, 0.0, 0.0, 0.25) t=54.74
[MOVE] completed duration=0.25
[DETECT] class=chair color=green conf=0.88 bbox=[173,32,351,322]
[SKILL] turn values=(9.640066284399909,) t=55.56
[TURN] target=9.6 deg final_error=1.98 deg status=SUCCESS
[DETECT] class=chair color=green conf=0.94 bbox=[223,51,391,335]
[SKILL] move values=(0.25, 0.0, 0.0, 0.25) t=57.20
[MOVE] completed duration=0.25
[DETECT] class=chair color=green conf=0.91 bbox=[199,16,378,327]
[SKILL] move values=(0.25, 0.0, 0.0, 0.25) t=57.92
[MOVE] completed duration=0.25
[DETECT] class=chair color=green conf=0.89 bbox=[187,32,372,345]
[SKILL] move values=(0.25, 0.0, 0.0, 0.25) t=58.82
[MOVE] completed duration=0.25
[DETECT] class=chair color=green conf=0.82 bbox=[175,0,375,348]
[SKILL] move values=(0.25, 0.0, 0.0, 0.25) t=59.54
[MOVE] completed duration=0.25
[DETECT] class=chair color=green conf=0.78 bbox=[160,0,377,359]
[SKILL] move values=(0.25, 0.0, 0.0, 0.25) t=60.30
[MOVE] completed duration=0.25
[DETECT] class=chair color=green conf=0.76 bbox=[145,0,378,373]
[SKILL] move values=(0.25, 0.0, 0.0, 0.25) t=61.06
[MOVE] completed duration=0.25
[DETECT] class=chair color=green conf=0.69 bbox=[126,0,380,393]
[SKILL] move values=(0.25, 0.0, 0.0, 0.25) t=61.84
[MOVE] completed duration=0.25
[DETECT] class=chair color=green conf=0.66 bbox=[105,0,380,422]
[SKILL] turn values=(12.0,) t=62.62
[TURN] target=12.0 deg final_error=1.89 deg status=SUCCESS
[DETECT] class=chair color=green conf=0.52 bbox=[198,2,456,462]
[SKILL] move values=(0.25, 0.0, 0.0, 0.25) t=64.56
[MOVE] completed duration=0.25
[DETECT] class=chair color=green conf=0.71 bbox=[159,1,446,451]
[SKILL] move values=(0.25, 0.0, 0.0, 0.25) t=65.32
[MOVE] completed duration=0.25
[DETECT] class=chair color=green conf=0.54 bbox=[133,0,444,471]
[APPROACH] final_visual_steps=2
[SKILL] move values=(0.2, 0.0, 0.0, 0.25) t=66.16
[MOVE] completed duration=0.25
[DETECT] class=airplane color=green conf=0.36 bbox=[31,0,638,480]
[APPROACH] stop reason=target_lost
[DETECT] class=chair color=green conf=0.61 bbox=[124,2,456,479]
[FOUND] class=chair color=green t=65.2 s d=0.77 m
[MISSION] status=SUCCESS
[DETECT] class=chair color=green conf=0.43 bbox=[125,1,459,477]
[DETECT] class=airplane color=green conf=0.26 bbox=[22,0,638,480]
[TRIAL] result=runs/benchmark_2026-10-02_2fa2821/07_green_hidden/result.json success=True
