[KEYBOARD] evdev not installed; browser keyboard control is available
[MAP] switched to object_lab
[TRIAL] class=chair color=red source=explicit_target start=[1.0, -1.0, 180.0]
[SEARCH] target=red_chair rotating=30deg
[SKILL] turn values=(30.0,) t=3.60
[TURN] target=30.0 deg final_error=1.98 deg status=SUCCESS
[DETECT] class=airplane color=unknown conf=0.68 bbox=[1,199,640,478]
[DETECT] class=airplane color=unknown conf=0.69 bbox=[1,196,640,478]
[SEARCH] target=red_chair rotating=30deg
[SKILL] turn values=(30.0,) t=8.12
[TURN] target=30.0 deg final_error=1.92 deg status=SUCCESS
[DETECT] class=airplane color=unknown conf=0.71 bbox=[0,201,638,479]
[DETECT] class=airplane color=unknown conf=0.70 bbox=[1,196,638,479]
[SEARCH] target=red_chair rotating=30deg
[SKILL] turn values=(30.0,) t=12.56
[TURN] target=30.0 deg final_error=1.89 deg status=SUCCESS
[SEARCH] target=red_chair rotating=30deg
[SKILL] turn values=(30.0,) t=16.68
[TURN] target=30.0 deg final_error=1.95 deg status=SUCCESS
[DETECT] class=airplane color=unknown conf=0.30 bbox=[1,198,640,478]
[DETECT] class=airplane color=unknown conf=0.52 bbox=[1,198,639,479]
[SEARCH] target=red_chair rotating=30deg
[SKILL] turn values=(30.0,) t=20.86
[TURN] target=30.0 deg final_error=2.00 deg status=SUCCESS
[DETECT] class=airplane color=unknown conf=0.44 bbox=[8,197,638,478]
[DETECT] class=airplane color=unknown conf=0.35 bbox=[0,72,629,479]
[DETECT] class=airplane color=unknown conf=0.64 bbox=[1,196,638,479]
[SEARCH] target=red_chair rotating=30deg
[SKILL] turn values=(30.0,) t=25.28
[TURN] target=30.0 deg final_error=1.94 deg status=SUCCESS
[DETECT] class=chair color=red conf=0.75 bbox=[92,113,224,274]
[SKILL] turn values=(23.288622279112147,) t=28.68
[TURN] target=23.3 deg final_error=1.85 deg status=SUCCESS
[DETECT] class=chair color=red conf=0.77 bbox=[213,123,304,263]
[DETECT] class=sports ball color=red conf=0.62 bbox=[0,224,100,292]
[SKILL] turn values=(10.189189553623853,) t=32.06
[TURN] target=10.2 deg final_error=1.92 deg status=SUCCESS
[DETECT] class=chair color=red conf=0.84 bbox=[244,125,331,262]
[DETECT] class=sports ball color=red conf=0.38 bbox=[60,221,147,282]
[DETECT] class=orange color=red conf=0.26 bbox=[60,221,147,282]
[DETECT] class=chair color=green conf=0.26 bbox=[1,110,81,248]
[SKILL] move values=(0.25, 0.0, 0.0, 0.25) t=34.20
[MOVE] completed duration=0.25
[DETECT] class=chair color=red conf=0.63 bbox=[226,116,316,260]
[DETECT] class=sports ball color=red conf=0.47 bbox=[17,223,119,288]
[SKILL] move values=(0.25, 0.0, 0.0, 0.25) t=35.38
[MOVE] completed duration=0.25
[DETECT] class=chair color=red conf=0.78 bbox=[219,109,311,258]
[DETECT] class=sports ball color=red conf=0.60 bbox=[0,219,104,288]
[SKILL] move values=(0.25, 0.0, 0.0, 0.25) t=36.56
[MOVE] completed duration=0.25
[DETECT] class=chair color=red conf=0.82 bbox=[216,115,312,267]
[DETECT] class=sports ball color=red conf=0.33 bbox=[0,228,98,301]
[SKILL] move values=(0.25, 0.0, 0.0, 0.25) t=37.82
[MOVE] completed duration=0.25
[DETECT] class=chair color=red conf=0.66 bbox=[208,100,308,259]
[DETECT] class=sports ball color=red conf=0.31 bbox=[0,218,82,295]
[SKILL] turn values=(10.267207293458288,) t=39.02
[TURN] target=10.3 deg final_error=1.95 deg status=SUCCESS
[DETECT] class=chair color=red conf=0.71 bbox=[256,114,349,266]
[DETECT] class=sports ball color=red conf=0.56 bbox=[64,219,154,283]
[SKILL] move values=(0.25, 0.0, 0.0, 0.25) t=40.92
[MOVE] completed duration=0.25
[DETECT] class=chair color=red conf=0.66 bbox=[239,96,335,258]
[DETECT] class=sports ball color=red conf=0.52 bbox=[26,216,130,284]
[DETECT] class=airplane color=unknown conf=0.29 bbox=[0,92,259,341]
[DETECT] class=airplane color=unknown conf=0.26 bbox=[0,92,255,265]
[SKILL] move values=(0.25, 0.0, 0.0, 0.25) t=42.02
[MOVE] completed duration=0.25
[DETECT] class=chair color=red conf=0.69 bbox=[233,97,332,260]
[DETECT] class=sports ball color=red conf=0.68 bbox=[0,216,114,289]
[DETECT] class=airplane color=unknown conf=0.29 bbox=[0,88,252,350]
[SKILL] move values=(0.25, 0.0, 0.0, 0.25) t=43.12
[MOVE] completed duration=0.25
[DETECT] class=chair color=red conf=0.77 bbox=[230,100,332,268]
[DETECT] class=airplane color=unknown conf=0.54 bbox=[0,109,250,365]
[DETECT] class=sports ball color=red conf=0.40 bbox=[0,225,108,301]
[SKILL] move values=(0.25, 0.0, 0.0, 0.25) t=44.26
[MOVE] completed duration=0.25
[DETECT] class=chair color=red conf=0.79 bbox=[226,105,330,274]
[DETECT] class=sports ball color=red conf=0.60 bbox=[0,232,98,312]
[SKILL] move values=(0.25, 0.0, 0.0, 0.25) t=45.76
[MOVE] completed duration=0.25
[DETECT] class=chair color=red conf=0.76 bbox=[222,90,330,268]
[DETECT] class=sports ball color=red conf=0.45 bbox=[0,224,88,309]
[SKILL] move values=(0.25, 0.0, 0.0, 0.25) t=46.70
[MOVE] completed duration=0.25
[DETECT] class=sports ball color=red conf=0.64 bbox=[0,227,73,314]
[DETECT] class=chair color=red conf=0.51 bbox=[217,88,327,271]
[SKILL] move values=(0.25, 0.0, 0.0, 0.25) t=47.72
[MOVE] completed duration=0.25
[DETECT] class=sports ball color=red conf=0.76 bbox=[0,228,64,315]
[DETECT] class=chair color=red conf=0.67 bbox=[213,80,329,271]
[SKILL] move values=(0.25, 0.0, 0.0, 0.25) t=48.62
[MOVE] completed duration=0.25
[DETECT] class=chair color=red conf=0.78 bbox=[205,81,325,275]
[SKILL] move values=(0.25, 0.0, 0.0, 0.25) t=49.62
[MOVE] completed duration=0.25
[DETECT] class=chair color=red conf=0.89 bbox=[202,84,325,286]
[SKILL] move values=(0.25, 0.0, 0.0, 0.25) t=50.62
[MOVE] completed duration=0.25
[DETECT] class=chair color=red conf=0.87 bbox=[192,73,323,284]
[SKILL] turn values=(10.34511616471158,) t=51.72
[TURN] target=10.3 deg final_error=1.87 deg status=SUCCESS
[DETECT] class=chair color=red conf=0.68 bbox=[244,88,367,293]
[DETECT] class=sports ball color=red conf=0.52 bbox=[0,233,98,324]
[SKILL] move values=(0.25, 0.0, 0.0, 0.25) t=53.60
[MOVE] completed duration=0.25
[DETECT] class=chair color=red conf=0.81 bbox=[224,65,352,282]
[SKILL] move values=(0.25, 0.0, 0.0, 0.25) t=54.56
[MOVE] completed duration=0.25
[DETECT] class=chair color=red conf=0.82 bbox=[215,63,349,286]
[SKILL] move values=(0.25, 0.0, 0.0, 0.25) t=55.62
[MOVE] completed duration=0.25
[DETECT] class=chair color=red conf=0.82 bbox=[211,56,350,289]
[SKILL] move values=(0.25, 0.0, 0.0, 0.25) t=56.62
[MOVE] completed duration=0.25
[DETECT] class=chair color=red conf=0.92 bbox=[203,57,348,296]
[SKILL] move values=(0.25, 0.0, 0.0, 0.25) t=57.72
[MOVE] completed duration=0.25
[DETECT] class=chair color=red conf=0.87 bbox=[202,73,349,318]
[SKILL] move values=(0.25, 0.0, 0.0, 0.25) t=58.82
[MOVE] completed duration=0.25
[DETECT] class=chair color=red conf=0.91 bbox=[189,46,347,308]
[SKILL] move values=(0.25, 0.0, 0.0, 0.25) t=59.86
[MOVE] completed duration=0.25
[DETECT] class=chair color=red conf=0.92 bbox=[183,40,348,317]
[SKILL] move values=(0.25, 0.0, 0.0, 0.25) t=60.88
[MOVE] completed duration=0.25
[DETECT] class=chair color=red conf=0.94 bbox=[172,29,347,318]
[SKILL] turn values=(10.03282978214488,) t=61.86
[TURN] target=10.0 deg final_error=1.88 deg status=SUCCESS
[DETECT] class=chair color=red conf=0.91 bbox=[229,52,395,333]
[SKILL] move values=(0.25, 0.0, 0.0, 0.25) t=63.78
[MOVE] completed duration=0.25
[DETECT] class=chair color=red conf=0.91 bbox=[206,21,381,324]
[SKILL] move values=(0.25, 0.0, 0.0, 0.25) t=64.82
[MOVE] completed duration=0.25
[DETECT] class=chair color=red conf=0.61 bbox=[196,19,379,332]
[SKILL] move values=(0.25, 0.0, 0.0, 0.25) t=65.82
[MOVE] completed duration=0.25
[DETECT] class=chair color=red conf=0.92 bbox=[190,21,380,348]
[SKILL] move values=(0.25, 0.0, 0.0, 0.25) t=66.88
[MOVE] completed duration=0.25
[DETECT] class=chair color=red conf=0.60 bbox=[176,0,382,354]
[SKILL] move values=(0.25, 0.0, 0.0, 0.25) t=67.90
[MOVE] completed duration=0.25
[DETECT] class=chair color=red conf=0.57 bbox=[168,0,386,364]
[SKILL] move values=(0.25, 0.0, 0.0, 0.25) t=68.82
[MOVE] completed duration=0.25
[DETECT] class=chair color=red conf=0.77 bbox=[154,0,387,379]
[SKILL] move values=(0.25, 0.0, 0.0, 0.25) t=69.86
[MOVE] completed duration=0.25
[DETECT] class=chair color=red conf=0.83 bbox=[140,0,387,397]
[SKILL] move values=(0.25, 0.0, 0.0, 0.25) t=70.88
[MOVE] completed duration=0.25
[DETECT] class=chair color=red conf=0.70 bbox=[120,0,390,441]
[SKILL] move values=(0.25, 0.0, 0.0, 0.25) t=71.92
[MOVE] completed duration=0.25
[DETECT] class=chair color=red conf=0.74 bbox=[105,0,390,472]
[APPROACH] final_visual_steps=2
[SKILL] move values=(0.2, 0.0, 0.0, 0.25) t=73.02
[MOVE] completed duration=0.25
[DETECT] class=chair color=red conf=0.76 bbox=[89,0,392,471]
[SKILL] move values=(0.2, 0.0, 0.0, 0.25) t=74.16
[MOVE] completed duration=0.25
[DETECT] class=chair color=red conf=0.46 bbox=[77,0,394,479]
[APPROACH] stop reason=visual_proximity
[DETECT] class=chair color=red conf=0.64 bbox=[92,1,392,479]
[MISSION] status=FAIL reason=visual_stop_outside_0.80m distance_m=0.8170
[DETECT] class=chair color=red conf=0.71 bbox=[92,0,394,479]
[TRIAL] result=runs/benchmark_2026-10-02_2fa2821/08_red_hidden/result.json success=False
