[KEYBOARD] evdev not installed; browser keyboard control is available
[MAP] switched to object_lab
[DETECT] class=chair color=red conf=0.58 bbox=[466,137,547,240]
[DETECT] class=chair color=green conf=0.50 bbox=[285,136,349,240]
[DETECT] class=sports ball color=red conf=0.29 bbox=[412,208,455,247]
[DETECT] class=orange color=red conf=0.26 bbox=[412,208,455,247]
[TRIAL] class=chair color=green source=explicit_target start=[0.5, 1.0, 0.0]
[DETECT] class=chair color=red conf=0.58 bbox=[466,137,547,240]
[DETECT] class=chair color=green conf=0.50 bbox=[285,136,349,240]
[DETECT] class=sports ball color=red conf=0.29 bbox=[412,208,455,247]
[DETECT] class=orange color=red conf=0.26 bbox=[412,208,455,247]
[SKILL] move values=(0.25, 0.0, 0.0, 0.25) t=2.12
[MOVE] completed duration=0.25
[DETECT] class=chair color=green conf=0.58 bbox=[285,121,349,230]
[DETECT] class=orange color=red conf=0.53 bbox=[415,194,460,233]
[DETECT] class=chair color=red conf=0.41 bbox=[471,117,555,225]
[SKILL] move values=(0.25, 0.0, 0.0, 0.25) t=2.62
[MOVE] completed duration=0.25
[DETECT] class=chair color=red conf=0.82 bbox=[470,125,557,232]
[DETECT] class=chair color=green conf=0.66 bbox=[284,125,349,233]
[DETECT] class=sports ball color=red conf=0.42 bbox=[415,199,461,240]
[SKILL] move values=(0.25, 0.0, 0.0, 0.25) t=3.12
[MOVE] completed duration=0.25
[DETECT] class=chair color=green conf=0.65 bbox=[281,119,349,232]
[DETECT] class=chair color=red conf=0.61 bbox=[475,114,564,228]
[DETECT] class=sports ball color=red conf=0.58 bbox=[418,196,467,238]
[SKILL] move values=(0.25, 0.0, 0.0, 0.25) t=3.62
[MOVE] completed duration=0.25
[DETECT] class=sports ball color=red conf=0.68 bbox=[417,203,466,246]
[DETECT] class=chair color=green conf=0.63 bbox=[278,124,348,238]
[DETECT] class=chair color=red conf=0.48 bbox=[472,127,563,240]
[SKILL] move values=(0.25, 0.0, 0.0, 0.25) t=4.12
[MOVE] completed duration=0.25
[DETECT] class=chair color=green conf=0.65 bbox=[275,115,348,237]
[DETECT] class=sports ball color=red conf=0.62 bbox=[420,197,471,240]
[DETECT] class=chair color=red conf=0.54 bbox=[475,113,571,230]
[SKILL] move values=(0.25, 0.0, 0.0, 0.25) t=4.62
[MOVE] completed duration=0.25
[DETECT] class=sports ball color=red conf=0.73 bbox=[418,204,471,248]
[DETECT] class=chair color=green conf=0.64 bbox=[272,120,345,241]
[DETECT] class=chair color=red conf=0.50 bbox=[473,125,569,241]
[SKILL] move values=(0.25, 0.0, 0.0, 0.25) t=5.12
[MOVE] completed duration=0.25
[DETECT] class=chair color=green conf=0.71 bbox=[269,112,343,240]
[DETECT] class=sports ball color=red conf=0.50 bbox=[422,197,476,244]
[DETECT] class=chair color=red conf=0.39 bbox=[475,111,579,234]
[SKILL] move values=(0.25, 0.0, 0.0, 0.25) t=5.62
[MOVE] completed duration=0.25
[DETECT] class=orange color=red conf=0.55 bbox=[420,204,475,252]
[DETECT] class=chair color=green conf=0.40 bbox=[265,116,342,244]
[DETECT] class=chair color=red conf=0.32 bbox=[474,123,576,242]
[SKILL] move values=(0.25, 0.0, 0.0, 0.25) t=6.12
[MOVE] completed duration=0.25
[DETECT] class=chair color=green conf=0.73 bbox=[261,108,340,243]
[DETECT] class=orange color=red conf=0.64 bbox=[424,199,482,248]
[DETECT] class=chair color=red conf=0.29 bbox=[477,109,584,235]
[SKILL] move values=(0.25, 0.0, 0.0, 0.25) t=6.62
[MOVE] completed duration=0.25
[DETECT] class=orange color=red conf=0.49 bbox=[423,205,483,256]
[DETECT] class=chair color=green conf=0.46 bbox=[256,112,339,248]
[DETECT] class=chair color=red conf=0.28 bbox=[476,119,583,244]
[SKILL] move values=(0.25, 0.0, 0.0, 0.25) t=7.12
[MOVE] completed duration=0.25
[DETECT] class=orange color=red conf=0.59 bbox=[426,199,490,253]
[DETECT] class=chair color=green conf=0.56 bbox=[252,103,337,248]
[DETECT] class=chair color=red conf=0.28 bbox=[480,106,593,238]
[SKILL] move values=(0.25, 0.0, 0.0, 0.25) t=7.62
[MOVE] completed duration=0.25
[DETECT] class=chair color=green conf=0.33 bbox=[247,108,336,253]
[DETECT] class=sports ball color=red conf=0.26 bbox=[425,207,490,262]
[SKILL] move values=(0.25, 0.0, 0.0, 0.25) t=8.12
[MOVE] completed duration=0.25
[DETECT] class=chair color=green conf=0.52 bbox=[241,97,334,253]
[DETECT] class=orange color=red conf=0.51 bbox=[430,201,499,257]
[SKILL] move values=(0.25, 0.0, 0.0, 0.25) t=8.62
[MOVE] completed duration=0.25
[DETECT] class=chair color=green conf=0.70 bbox=[237,100,333,259]
[DETECT] class=orange color=red conf=0.39 bbox=[429,208,500,267]
[SKILL] move values=(0.25, 0.0, 0.0, 0.25) t=9.12
[MOVE] completed duration=0.25
[DETECT] class=orange color=red conf=0.69 bbox=[435,203,510,263]
[DETECT] class=chair color=green conf=0.64 bbox=[230,92,332,259]
[DETECT] class=chair color=red conf=0.40 bbox=[484,99,614,244]
[SKILL] turn values=(10.960224277005036,) t=9.62
[TURN] target=11.0 deg final_error=1.97 deg status=SUCCESS
[DETECT] class=chair color=green conf=0.70 bbox=[275,111,374,273]
[DETECT] class=orange color=red conf=0.52 bbox=[482,228,577,296]
[DETECT] class=airplane color=unknown conf=0.36 bbox=[2,114,636,479]
[SKILL] move values=(0.25, 0.0, 0.0, 0.25) t=11.22
[MOVE] completed duration=0.25
[DETECT] class=chair color=green conf=0.67 bbox=[266,85,368,260]
[DETECT] class=sports ball color=red conf=0.37 bbox=[484,204,584,274]
[DETECT] class=airplane color=red conf=0.26 bbox=[344,83,639,348]
[DETECT] class=airplane color=unknown conf=0.26 bbox=[1,87,636,479]
[SKILL] move values=(0.25, 0.0, 0.0, 0.25) t=11.72
[MOVE] completed duration=0.25
[DETECT] class=sports ball color=red conf=0.56 bbox=[484,213,585,285]
[DETECT] class=airplane color=unknown conf=0.40 bbox=[1,84,638,479]
[DETECT] class=airplane color=unknown conf=0.34 bbox=[266,94,639,362]
[DETECT] class=sports ball color=red conf=0.52 bbox=[484,214,585,285]
[DETECT] class=airplane color=unknown conf=0.43 bbox=[1,79,638,479]
[DETECT] class=airplane color=unknown conf=0.38 bbox=[264,93,639,361]
[DETECT] class=chair color=green conf=0.30 bbox=[262,91,368,266]
[SKILL] move values=(0.25, 0.0, 0.0, 0.25) t=12.32
[MOVE] completed duration=0.25
[DETECT] class=orange color=red conf=0.42 bbox=[495,207,609,284]
[DETECT] class=airplane color=unknown conf=0.34 bbox=[1,73,638,479]
[DETECT] class=chair color=green conf=0.73 bbox=[258,89,368,272]
[DETECT] class=sports ball color=red conf=0.42 bbox=[491,216,603,293]
[DETECT] class=orange color=red conf=0.30 bbox=[491,216,603,293]
[SKILL] move values=(0.25, 0.0, 0.0, 0.25) t=12.92
[MOVE] completed duration=0.25
[DETECT] class=sports ball color=red conf=0.54 bbox=[496,216,613,295]
[DETECT] class=airplane color=unknown conf=0.45 bbox=[1,75,638,479]
[DETECT] class=chair color=green conf=0.41 bbox=[252,83,368,273]
[DETECT] class=sports ball color=red conf=0.39 bbox=[495,218,612,296]
[DETECT] class=airplane color=unknown conf=0.32 bbox=[1,70,636,479]
[SKILL] move values=(0.25, 0.0, 0.0, 0.25) t=13.62
[MOVE] completed duration=0.25
[DETECT] class=chair color=green conf=0.35 bbox=[249,72,368,274]
[DETECT] class=orange color=red conf=0.32 bbox=[507,209,638,295]
[DETECT] class=airplane color=unknown conf=0.28 bbox=[1,63,637,479]
[DETECT] class=airplane color=unknown conf=0.26 bbox=[250,75,639,367]
[SKILL] move values=(0.25, 0.0, 0.0, 0.25) t=14.12
[MOVE] completed duration=0.25
[DETECT] class=chair color=green conf=0.48 bbox=[244,75,369,281]
[DETECT] class=sports ball color=red conf=0.42 bbox=[508,220,640,308]
[SKILL] move values=(0.25, 0.0, 0.0, 0.25) t=14.62
[MOVE] completed duration=0.25
[DETECT] class=chair color=green conf=0.51 bbox=[237,62,367,283]
[DETECT] class=sports ball color=red conf=0.46 bbox=[521,213,640,308]
[SKILL] move values=(0.25, 0.0, 0.0, 0.25) t=15.12
[MOVE] completed duration=0.25
[DETECT] class=chair color=green conf=0.85 bbox=[232,64,369,292]
[DETECT] class=sports ball color=red conf=0.38 bbox=[524,224,640,323]
[SKILL] move values=(0.25, 0.0, 0.0, 0.25) t=15.62
[MOVE] completed duration=0.25
[DETECT] class=chair color=green conf=0.77 bbox=[222,49,367,297]
[SKILL] move values=(0.25, 0.0, 0.0, 0.25) t=16.12
[MOVE] completed duration=0.25
[DETECT] class=chair color=green conf=0.70 bbox=[214,50,368,306]
[SKILL] move values=(0.25, 0.0, 0.0, 0.25) t=16.62
[MOVE] completed duration=0.25
[DETECT] class=chair color=green conf=0.75 bbox=[203,33,367,311]
[SKILL] move values=(0.25, 0.0, 0.0, 0.25) t=17.12
[MOVE] completed duration=0.25
[DETECT] class=chair color=green conf=0.85 bbox=[194,34,369,323]
[SKILL] turn values=(10.823048162634272,) t=17.62
[TURN] target=10.8 deg final_error=1.86 deg status=SUCCESS
[DETECT] class=chair color=green conf=0.94 bbox=[248,45,421,339]
[SKILL] move values=(0.25, 0.0, 0.0, 0.25) t=19.12
[MOVE] completed duration=0.25
[DETECT] class=chair color=green conf=0.76 bbox=[230,8,414,325]
[SKILL] move values=(0.25, 0.0, 0.0, 0.25) t=19.62
[MOVE] completed duration=0.25
[DETECT] class=chair color=green conf=0.76 bbox=[220,11,412,338]
[SKILL] move values=(0.25, 0.0, 0.0, 0.25) t=20.12
[MOVE] completed duration=0.25
[DETECT] class=chair color=green conf=0.44 bbox=[208,0,417,353]
[SKILL] move values=(0.25, 0.0, 0.0, 0.25) t=20.62
[MOVE] completed duration=0.25
[DETECT] class=chair color=green conf=0.75 bbox=[200,0,422,369]
[SKILL] move values=(0.25, 0.0, 0.0, 0.25) t=21.12
[MOVE] completed duration=0.25
[DETECT] class=chair color=green conf=0.74 bbox=[181,0,424,409]
[SKILL] move values=(0.25, 0.0, 0.0, 0.25) t=21.62
[MOVE] completed duration=0.25
[DETECT] class=chair color=green conf=0.68 bbox=[166,0,430,418]
[SKILL] move values=(0.25, 0.0, 0.0, 0.25) t=22.12
[MOVE] completed duration=0.25
[DETECT] class=chair color=green conf=0.31 bbox=[139,1,435,457]
[SKILL] move values=(0.25, 0.0, 0.0, 0.25) t=22.62
[MOVE] completed duration=0.25
[DETECT] class=chair color=green conf=0.58 bbox=[115,1,444,473]
[SKILL] turn values=(11.370984549053805,) t=23.12
[TURN] target=11.4 deg final_error=2.00 deg status=SUCCESS
[DETECT] class=chair color=green conf=0.63 bbox=[197,1,545,477]
[SKILL] turn values=(-12.0,) t=24.72
[TURN] target=-12.0 deg final_error=-1.90 deg status=SUCCESS
[DETECT] class=chair color=green conf=0.37 bbox=[92,1,419,477]
[SKILL] turn values=(12.0,) t=25.72
[TURN] target=12.0 deg final_error=1.99 deg status=SUCCESS
[DETECT] class=chair color=green conf=0.61 bbox=[197,1,537,477]
[SKILL] turn values=(-12.0,) t=26.72
[TURN] target=-12.0 deg final_error=-1.99 deg status=SUCCESS
[DETECT] class=chair color=green conf=0.30 bbox=[92,2,415,477]
[SKILL] turn values=(12.0,) t=27.72
[TURN] target=12.0 deg final_error=1.91 deg status=SUCCESS
[DETECT] class=chair color=green conf=0.56 bbox=[195,1,535,477]
[SKILL] turn values=(-12.0,) t=28.82
[TURN] target=-12.0 deg final_error=-1.90 deg status=SUCCESS
[DETECT] class=chair color=green conf=0.33 bbox=[93,2,416,477]
[SKILL] turn values=(12.0,) t=29.92
[TURN] target=12.0 deg final_error=1.95 deg status=SUCCESS
[DETECT] class=chair color=green conf=0.76 bbox=[192,1,529,477]
[SKILL] turn values=(-11.370984549053805,) t=31.02
[TURN] target=-11.4 deg final_error=-1.92 deg status=SUCCESS
[DETECT] class=chair color=green conf=0.41 bbox=[97,1,419,477]
[SKILL] turn values=(12.0,) t=32.02
[TURN] target=12.0 deg final_error=1.97 deg status=SUCCESS
[DETECT] class=chair color=green conf=0.57 bbox=[200,1,539,477]
[SKILL] turn values=(-12.0,) t=33.12
[TURN] target=-12.0 deg final_error=-1.96 deg status=SUCCESS
[DETECT] class=chair color=green conf=0.36 bbox=[93,2,417,477]
[SKILL] turn values=(12.0,) t=34.12
[TURN] target=12.0 deg final_error=1.96 deg status=SUCCESS
[DETECT] class=chair color=green conf=0.63 bbox=[196,1,534,477]
[SKILL] turn values=(-12.0,) t=35.22
[TURN] target=-12.0 deg final_error=-1.89 deg status=SUCCESS
[DETECT] class=chair color=green conf=0.48 bbox=[93,2,415,478]
[SKILL] turn values=(12.0,) t=36.32
[TURN] target=12.0 deg final_error=1.95 deg status=SUCCESS
[DETECT] class=chair color=green conf=0.69 bbox=[193,1,530,476]
[SKILL] turn values=(-11.644170882338656,) t=37.42
[TURN] target=-11.6 deg final_error=-1.91 deg status=SUCCESS
[DETECT] class=chair color=green conf=0.47 bbox=[92,2,417,478]
[SKILL] turn values=(12.0,) t=38.42
[TURN] target=12.0 deg final_error=1.94 deg status=SUCCESS
[DETECT] class=chair color=green conf=0.63 bbox=[194,1,530,476]
[SKILL] turn values=(-11.78056380293363,) t=39.52
[TURN] target=-11.8 deg final_error=-1.91 deg status=SUCCESS
[DETECT] class=chair color=green conf=0.33 bbox=[90,1,415,478]
[SKILL] turn values=(12.0,) t=40.52
[TURN] target=12.0 deg final_error=1.91 deg status=SUCCESS
[DETECT] class=chair color=green conf=0.63 bbox=[196,1,538,477]
[SKILL] turn values=(-12.0,) t=41.52
[TURN] target=-12.0 deg final_error=-1.92 deg status=SUCCESS
[DETECT] class=chair color=green conf=0.28 bbox=[91,1,415,478]
[SKILL] turn values=(12.0,) t=42.52
[TURN] target=12.0 deg final_error=1.91 deg status=SUCCESS
[DETECT] class=chair color=green conf=0.62 bbox=[196,1,537,477]
[SKILL] turn values=(-12.0,) t=43.52
[TURN] target=-12.0 deg final_error=-1.92 deg status=SUCCESS
[DETECT] class=chair color=green conf=0.26 bbox=[90,1,415,478]
[SKILL] turn values=(12.0,) t=44.52
[TURN] target=12.0 deg final_error=1.90 deg status=SUCCESS
[DETECT] class=chair color=green conf=0.62 bbox=[196,1,537,476]
[SKILL] turn values=(-12.0,) t=45.62
[TURN] target=-12.0 deg final_error=-1.96 deg status=SUCCESS
[DETECT] class=chair color=green conf=0.36 bbox=[90,2,414,477]
[SKILL] turn values=(12.0,) t=46.72
[TURN] target=12.0 deg final_error=1.96 deg status=SUCCESS
[DETECT] class=chair color=green conf=0.59 bbox=[195,1,534,477]
[SKILL] turn values=(-12.0,) t=47.72
[TURN] target=-12.0 deg final_error=-1.91 deg status=SUCCESS
[DETECT] class=chair color=green conf=0.47 bbox=[93,2,415,478]
[SKILL] turn values=(12.0,) t=48.82
[TURN] target=12.0 deg final_error=1.98 deg status=SUCCESS
[DETECT] class=chair color=green conf=0.63 bbox=[196,1,538,476]
[SKILL] turn values=(-12.0,) t=49.82
[TURN] target=-12.0 deg final_error=-1.92 deg status=SUCCESS
[DETECT] class=chair color=green conf=0.28 bbox=[91,1,415,478]
[SKILL] turn values=(12.0,) t=50.82
[TURN] target=12.0 deg final_error=1.91 deg status=SUCCESS
[DETECT] class=chair color=green conf=0.62 bbox=[197,1,538,476]
[SKILL] turn values=(-12.0,) t=51.82
[TURN] target=-12.0 deg final_error=-1.92 deg status=SUCCESS
[DETECT] class=chair color=green conf=0.33 bbox=[96,1,420,477]
[SKILL] turn values=(12.0,) t=52.92
[TURN] target=12.0 deg final_error=1.95 deg status=SUCCESS
[DETECT] class=chair color=green conf=0.69 bbox=[197,1,537,476]
[SKILL] turn values=(-12.0,) t=54.02
[TURN] target=-12.0 deg final_error=-1.89 deg status=SUCCESS
[DETECT] class=chair color=green conf=0.46 bbox=[94,2,417,479]
[SKILL] turn values=(12.0,) t=55.12
[TURN] target=12.0 deg final_error=1.94 deg status=SUCCESS
[DETECT] class=chair color=green conf=0.63 bbox=[195,1,532,477]
[SKILL] turn values=(-12.0,) t=56.22
[TURN] target=-12.0 deg final_error=-1.99 deg status=SUCCESS
[DETECT] class=chair color=green conf=0.53 bbox=[94,2,416,478]
[SKILL] turn values=(12.0,) t=57.32
[TURN] target=12.0 deg final_error=1.91 deg status=SUCCESS
[DETECT] class=chair color=green conf=0.63 bbox=[195,1,532,477]
[SKILL] turn values=(-12.0,) t=58.42
[TURN] target=-12.0 deg final_error=-1.99 deg status=SUCCESS
[DETECT] class=chair color=green conf=0.53 bbox=[94,2,418,478]
[SKILL] turn values=(12.0,) t=59.52
[TURN] target=12.0 deg final_error=1.91 deg status=SUCCESS
[DETECT] class=chair color=green conf=0.62 bbox=[195,1,533,477]
[SKILL] turn values=(-12.0,) t=60.62
[TURN] target=-12.0 deg final_error=-1.99 deg status=SUCCESS
[DETECT] class=chair color=green conf=0.53 bbox=[94,2,419,478]
[SKILL] turn values=(12.0,) t=61.72
[TURN] target=12.0 deg final_error=1.91 deg status=SUCCESS
[DETECT] class=chair color=green conf=0.62 bbox=[195,1,533,477]
[SKILL] turn values=(-12.0,) t=62.82
[TURN] target=-12.0 deg final_error=-1.99 deg status=SUCCESS
[DETECT] class=chair color=green conf=0.52 bbox=[94,2,419,478]
[SKILL] turn values=(12.0,) t=63.92
[TURN] target=12.0 deg final_error=1.91 deg status=SUCCESS
[DETECT] class=chair color=green conf=0.65 bbox=[196,1,533,476]
[SKILL] turn values=(-12.0,) t=65.02
[TURN] target=-12.0 deg final_error=-1.99 deg status=SUCCESS
[DETECT] class=chair color=green conf=0.52 bbox=[94,2,419,478]
[SKILL] turn values=(12.0,) t=66.12
[TURN] target=12.0 deg final_error=1.91 deg status=SUCCESS
[DETECT] class=chair color=green conf=0.68 bbox=[196,1,534,476]
[SKILL] turn values=(-12.0,) t=67.22
[TURN] target=-12.0 deg final_error=-1.99 deg status=SUCCESS
[DETECT] class=chair color=green conf=0.46 bbox=[95,1,420,478]
[SKILL] turn values=(12.0,) t=68.32
[TURN] target=12.0 deg final_error=1.91 deg status=SUCCESS
[DETECT] class=chair color=green conf=0.70 bbox=[196,1,534,476]
[SKILL] turn values=(-12.0,) t=69.42
[TURN] target=-12.0 deg final_error=-1.99 deg status=SUCCESS
[DETECT] class=chair color=green conf=0.51 bbox=[95,1,421,478]
[SKILL] turn values=(12.0,) t=70.52
[TURN] target=12.0 deg final_error=1.91 deg status=SUCCESS
[DETECT] class=chair color=green conf=0.71 bbox=[196,1,534,476]
[SKILL] turn values=(-12.0,) t=71.62
[TURN] target=-12.0 deg final_error=-1.99 deg status=SUCCESS
[DETECT] class=chair color=green conf=0.50 bbox=[95,1,421,478]
[SKILL] turn values=(12.0,) t=72.72
[TURN] target=12.0 deg final_error=1.91 deg status=SUCCESS
[DETECT] class=chair color=green conf=0.70 bbox=[196,1,535,476]
[SKILL] turn values=(-12.0,) t=73.82
[TURN] target=-12.0 deg final_error=-1.99 deg status=SUCCESS
[DETECT] class=chair color=green conf=0.41 bbox=[95,1,421,478]
[SKILL] turn values=(12.0,) t=74.92
[TURN] target=12.0 deg final_error=1.91 deg status=SUCCESS
[DETECT] class=chair color=green conf=0.69 bbox=[196,1,536,476]
[SKILL] turn values=(-12.0,) t=76.02
[TURN] target=-12.0 deg final_error=-1.99 deg status=SUCCESS
[DETECT] class=chair color=green conf=0.52 bbox=[96,1,421,479]
[SKILL] turn values=(12.0,) t=77.12
[TURN] target=12.0 deg final_error=1.91 deg status=SUCCESS
[DETECT] class=chair color=green conf=0.67 bbox=[196,1,536,476]
[SKILL] turn values=(-12.0,) t=78.22
[TURN] target=-12.0 deg final_error=-1.99 deg status=SUCCESS
[DETECT] class=chair color=green conf=0.54 bbox=[96,2,421,479]
[SKILL] turn values=(12.0,) t=79.32
[TURN] target=12.0 deg final_error=1.91 deg status=SUCCESS
[DETECT] class=chair color=green conf=0.67 bbox=[196,1,537,476]
[SKILL] turn values=(-12.0,) t=80.42
[TURN] target=-12.0 deg final_error=-1.99 deg status=SUCCESS
[DETECT] class=chair color=green conf=0.60 bbox=[96,2,420,479]
[SKILL] turn values=(12.0,) t=81.52
[TURN] target=12.0 deg final_error=1.91 deg status=SUCCESS
[DETECT] class=chair color=green conf=0.64 bbox=[196,1,537,476]
[SKILL] turn values=(-12.0,) t=82.62
[TURN] target=-12.0 deg final_error=-1.99 deg status=SUCCESS
[DETECT] class=chair color=green conf=0.59 bbox=[96,2,421,479]
[SKILL] turn values=(12.0,) t=83.72
[TURN] target=12.0 deg final_error=1.91 deg status=SUCCESS
[DETECT] class=chair color=green conf=0.61 bbox=[196,1,537,476]
[SKILL] turn values=(-12.0,) t=84.82
[TURN] target=-12.0 deg final_error=-1.99 deg status=SUCCESS
[DETECT] class=chair color=green conf=0.65 bbox=[95,1,422,478]
[SKILL] turn values=(12.0,) t=86.00
[TURN] target=12.0 deg final_error=1.98 deg status=SUCCESS
[DETECT] class=chair color=green conf=0.60 bbox=[198,1,538,476]
[SKILL] turn values=(-12.0,) t=87.12
[TURN] target=-12.0 deg final_error=-1.94 deg status=SUCCESS
[DETECT] class=chair color=green conf=0.62 bbox=[97,1,424,479]
[SKILL] turn values=(12.0,) t=88.22
[TURN] target=12.0 deg final_error=1.94 deg status=SUCCESS
[DETECT] class=chair color=green conf=0.60 bbox=[197,1,538,476]
[SKILL] turn values=(-12.0,) t=89.32
[TURN] target=-12.0 deg final_error=-1.99 deg status=SUCCESS
[DETECT] class=chair color=green conf=0.65 bbox=[97,1,424,479]
[SKILL] turn values=(12.0,) t=90.42
[TURN] target=12.0 deg final_error=1.91 deg status=SUCCESS
[DETECT] class=chair color=green conf=0.61 bbox=[197,1,538,476]
[SKILL] turn values=(-12.0,) t=91.52
[TURN] target=-12.0 deg final_error=-1.99 deg status=SUCCESS
[DETECT] class=chair color=green conf=0.68 bbox=[95,1,424,478]
[SKILL] turn values=(12.0,) t=92.62
[TURN] target=12.0 deg final_error=1.91 deg status=SUCCESS
[DETECT] class=chair color=green conf=0.62 bbox=[197,1,538,476]
[SKILL] turn values=(-12.0,) t=93.72
[TURN] target=-12.0 deg final_error=-1.99 deg status=SUCCESS
[DETECT] class=chair color=green conf=0.68 bbox=[96,1,424,478]
[SKILL] turn values=(12.0,) t=94.82
[TURN] target=12.0 deg final_error=1.91 deg status=SUCCESS
[DETECT] class=chair color=green conf=0.62 bbox=[197,1,538,476]
[SKILL] turn values=(-12.0,) t=95.92
[TURN] target=-12.0 deg final_error=-1.99 deg status=SUCCESS
[DETECT] class=chair color=green conf=0.66 bbox=[96,1,424,478]
[SKILL] turn values=(12.0,) t=97.02
[TURN] target=12.0 deg final_error=1.91 deg status=SUCCESS
[DETECT] class=chair color=green conf=0.62 bbox=[197,1,538,476]
[SKILL] turn values=(-12.0,) t=98.12
[TURN] target=-12.0 deg final_error=-1.99 deg status=SUCCESS
[DETECT] class=chair color=green conf=0.67 bbox=[96,1,424,478]
[SKILL] turn values=(12.0,) t=99.22
[TURN] target=12.0 deg final_error=1.91 deg status=SUCCESS
[DETECT] class=chair color=green conf=0.62 bbox=[197,1,539,476]
[SKILL] turn values=(-12.0,) t=100.32
[TURN] target=-12.0 deg final_error=-1.99 deg status=SUCCESS
[DETECT] class=chair color=green conf=0.62 bbox=[97,1,425,479]
[SKILL] turn values=(12.0,) t=101.42
[TURN] target=12.0 deg final_error=1.91 deg status=SUCCESS
[DETECT] class=chair color=green conf=0.63 bbox=[197,1,539,476]
[SKILL] turn values=(-12.0,) t=102.52
[TURN] target=-12.0 deg final_error=-1.99 deg status=SUCCESS
[DETECT] class=chair color=green conf=0.56 bbox=[97,1,424,479]
[SKILL] turn values=(12.0,) t=103.62
[TURN] target=12.0 deg final_error=1.91 deg status=SUCCESS
[DETECT] class=chair color=green conf=0.61 bbox=[197,1,540,476]
[SKILL] turn values=(-12.0,) t=104.72
[TURN] target=-12.0 deg final_error=-1.99 deg status=SUCCESS
[DETECT] class=chair color=green conf=0.54 bbox=[97,1,425,479]
[SKILL] turn values=(12.0,) t=105.82
[TURN] target=12.0 deg final_error=1.91 deg status=SUCCESS
[DETECT] class=chair color=green conf=0.62 bbox=[197,1,540,476]
[SKILL] turn values=(-12.0,) t=106.92
[TURN] target=-12.0 deg final_error=-1.99 deg status=SUCCESS
[DETECT] class=chair color=green conf=0.49 bbox=[97,1,426,479]
[SKILL] turn values=(12.0,) t=108.02
[TURN] target=12.0 deg final_error=1.91 deg status=SUCCESS
[DETECT] class=chair color=green conf=0.64 bbox=[197,1,541,475]
[SKILL] turn values=(-12.0,) t=109.12
[TURN] target=-12.0 deg final_error=-1.99 deg status=SUCCESS
[DETECT] class=chair color=green conf=0.46 bbox=[97,1,427,479]
[SKILL] turn values=(12.0,) t=110.22
[TURN] target=12.0 deg final_error=1.91 deg status=SUCCESS
[DETECT] class=chair color=green conf=0.64 bbox=[197,1,541,475]
[SKILL] turn values=(-12.0,) t=111.32
[TURN] target=-12.0 deg final_error=-1.99 deg status=SUCCESS
[DETECT] class=chair color=green conf=0.44 bbox=[97,1,427,478]
[SKILL] turn values=(12.0,) t=113.02
[TURN] target=12.0 deg final_error=1.99 deg status=SUCCESS
[DETECT] class=chair color=green conf=0.64 bbox=[205,1,549,477]
[SKILL] turn values=(-12.0,) t=114.82
[TURN] target=-12.0 deg final_error=-1.94 deg status=SUCCESS
[DETECT] class=chair color=green conf=0.38 bbox=[93,2,426,479]
[SKILL] turn values=(12.0,) t=115.92
[TURN] target=12.0 deg final_error=1.92 deg status=SUCCESS
[DETECT] class=chair color=green conf=0.62 bbox=[196,1,541,475]
[SKILL] turn values=(-12.0,) t=116.92
[TURN] target=-12.0 deg final_error=-1.89 deg status=SUCCESS
[DETECT] class=chair color=green conf=0.65 bbox=[92,1,426,478]
[SKILL] turn values=(12.0,) t=118.02
[TURN] target=12.0 deg final_error=1.93 deg status=SUCCESS
[DETECT] class=chair color=green conf=0.74 bbox=[198,1,545,476]
[SKILL] turn values=(-12.0,) t=119.02
[TURN] target=-12.0 deg final_error=-1.91 deg status=SUCCESS
[DETECT] class=chair color=green conf=0.47 bbox=[97,1,429,479]
[SKILL] turn values=(12.0,) t=120.12
[TURN] target=12.0 deg final_error=1.98 deg status=SUCCESS
[DETECT] class=chair color=green conf=0.65 bbox=[199,1,546,478]
[SKILL] turn values=(-12.0,) t=121.12
[TURN] target=-12.0 deg final_error=-1.91 deg status=SUCCESS
[DETECT] class=chair color=green conf=0.56 bbox=[93,1,428,478]
[SKILL] turn values=(12.0,) t=122.12
[TURN] target=12.0 deg final_error=1.91 deg status=SUCCESS
[DETECT] class=chair color=green conf=0.65 bbox=[198,2,546,478]
[SKILL] turn values=(-12.0,) t=123.12
[TURN] target=-12.0 deg final_error=-1.92 deg status=SUCCESS
[DETECT] class=chair color=green conf=0.53 bbox=[93,1,428,478]
[SKILL] turn values=(12.0,) t=124.12
[TURN] target=12.0 deg final_error=1.91 deg status=SUCCESS
[DETECT] class=chair color=green conf=0.66 bbox=[198,2,547,478]
[SKILL] turn values=(-12.0,) t=125.12
[TURN] target=-12.0 deg final_error=-1.92 deg status=SUCCESS
[DETECT] class=chair color=green conf=0.48 bbox=[95,2,430,479]
[SKILL] turn values=(12.0,) t=126.12
[TURN] target=12.0 deg final_error=1.91 deg status=SUCCESS
[DETECT] class=chair color=green conf=0.65 bbox=[198,2,547,478]
[SKILL] turn values=(-12.0,) t=127.12
[TURN] target=-12.0 deg final_error=-1.92 deg status=SUCCESS
[DETECT] class=chair color=green conf=0.47 bbox=[95,1,429,479]
[SKILL] turn values=(12.0,) t=128.12
[TURN] target=12.0 deg final_error=1.91 deg status=SUCCESS
[DETECT] class=chair color=green conf=0.67 bbox=[198,2,547,478]
[SKILL] turn values=(-12.0,) t=129.12
[TURN] target=-12.0 deg final_error=-1.92 deg status=SUCCESS
[DETECT] class=chair color=green conf=0.36 bbox=[95,1,429,479]
[SKILL] turn values=(12.0,) t=130.42
[TURN] target=12.0 deg final_error=1.96 deg status=SUCCESS
[DETECT] class=chair color=green conf=0.69 bbox=[202,1,550,476]
[SKILL] turn values=(-12.0,) t=131.76
[TURN] target=-12.0 deg final_error=-1.95 deg status=SUCCESS
[DETECT] class=chair color=green conf=0.50 bbox=[94,1,430,479]
[SKILL] turn values=(12.0,) t=132.82
[TURN] target=12.0 deg final_error=1.96 deg status=SUCCESS
[DETECT] class=chair color=green conf=0.66 bbox=[197,1,546,478]
[SKILL] turn values=(-12.0,) t=133.82
[TURN] target=-12.0 deg final_error=-1.90 deg status=SUCCESS
