[KEYBOARD] evdev not installed; browser keyboard control is available
[MAP] switched to object_lab
[DETECT] class=chair color=red conf=0.58 bbox=[466,137,547,240]
[DETECT] class=chair color=green conf=0.50 bbox=[285,136,349,240]
[DETECT] class=sports ball color=red conf=0.29 bbox=[412,208,455,247]
[DETECT] class=orange color=red conf=0.26 bbox=[412,208,455,247]
[TRIAL] class=chair color=green source=explicit_target start=[0.5, 1.0, 0.0]
[DETECT] class=chair color=red conf=0.58 bbox=[466,137,547,240]
[DETECT] class=chair color=green conf=0.50 bbox=[285,136,349,240]
[DETECT] class=sports ball color=red conf=0.29 bbox=[412,208,455,247]
[DETECT] class=orange color=red conf=0.26 bbox=[412,208,455,247]
[SKILL] move values=(0.25, 0.0, 0.0, 0.25) t=2.12
[MOVE] completed duration=0.25
[DETECT] class=chair color=green conf=0.58 bbox=[285,121,349,230]
[DETECT] class=orange color=red conf=0.53 bbox=[415,194,460,233]
[DETECT] class=chair color=red conf=0.41 bbox=[471,117,555,225]
[SKILL] move values=(0.25, 0.0, 0.0, 0.25) t=2.62
[MOVE] completed duration=0.25
[DETECT] class=chair color=red conf=0.82 bbox=[470,125,557,232]
[DETECT] class=chair color=green conf=0.66 bbox=[284,125,349,233]
[DETECT] class=sports ball color=red conf=0.42 bbox=[415,199,461,240]
[SKILL] move values=(0.25, 0.0, 0.0, 0.25) t=3.12
[MOVE] completed duration=0.25
[DETECT] class=chair color=green conf=0.65 bbox=[281,119,349,232]
[DETECT] class=chair color=red conf=0.61 bbox=[475,114,564,228]
[DETECT] class=sports ball color=red conf=0.58 bbox=[418,196,467,238]
[SKILL] move values=(0.25, 0.0, 0.0, 0.25) t=3.62
[MOVE] completed duration=0.25
[DETECT] class=sports ball color=red conf=0.68 bbox=[417,203,466,246]
[DETECT] class=chair color=green conf=0.63 bbox=[278,124,348,238]
[DETECT] class=chair color=red conf=0.48 bbox=[472,127,563,240]
[SKILL] move values=(0.25, 0.0, 0.0, 0.25) t=4.12
[MOVE] completed duration=0.25
[DETECT] class=chair color=green conf=0.65 bbox=[275,115,348,237]
[DETECT] class=sports ball color=red conf=0.62 bbox=[420,197,471,240]
[DETECT] class=chair color=red conf=0.54 bbox=[475,113,571,230]
[SKILL] move values=(0.25, 0.0, 0.0, 0.25) t=4.62
[MOVE] completed duration=0.25
[DETECT] class=sports ball color=red conf=0.73 bbox=[418,204,471,248]
[DETECT] class=chair color=green conf=0.64 bbox=[272,120,345,241]
[DETECT] class=chair color=red conf=0.50 bbox=[473,125,569,241]
[SKILL] move values=(0.25, 0.0, 0.0, 0.25) t=5.12
[MOVE] completed duration=0.25
[DETECT] class=chair color=green conf=0.71 bbox=[269,112,343,240]
[DETECT] class=sports ball color=red conf=0.50 bbox=[422,197,476,244]
[DETECT] class=chair color=red conf=0.39 bbox=[475,111,579,234]
[SKILL] move values=(0.25, 0.0, 0.0, 0.25) t=5.62
[MOVE] completed duration=0.25
[DETECT] class=orange color=red conf=0.55 bbox=[420,204,475,252]
[DETECT] class=chair color=green conf=0.40 bbox=[265,116,342,244]
[DETECT] class=chair color=red conf=0.32 bbox=[474,123,576,242]
[SKILL] move values=(0.25, 0.0, 0.0, 0.25) t=6.12
[MOVE] completed duration=0.25
[DETECT] class=chair color=green conf=0.73 bbox=[261,108,340,243]
[DETECT] class=orange color=red conf=0.64 bbox=[424,199,482,248]
[DETECT] class=chair color=red conf=0.29 bbox=[477,109,584,235]
[SKILL] move values=(0.25, 0.0, 0.0, 0.25) t=6.62
[MOVE] completed duration=0.25
[DETECT] class=orange color=red conf=0.49 bbox=[423,205,483,256]
[DETECT] class=chair color=green conf=0.46 bbox=[256,112,339,248]
[DETECT] class=chair color=red conf=0.28 bbox=[476,119,583,244]
[SKILL] move values=(0.25, 0.0, 0.0, 0.25) t=7.12
[MOVE] completed duration=0.25
[DETECT] class=orange color=red conf=0.59 bbox=[426,199,490,253]
[DETECT] class=chair color=green conf=0.56 bbox=[252,103,337,248]
[DETECT] class=chair color=red conf=0.28 bbox=[480,106,593,238]
[SKILL] move values=(0.25, 0.0, 0.0, 0.25) t=7.62
[MOVE] completed duration=0.25
[DETECT] class=chair color=green conf=0.33 bbox=[247,108,336,253]
[DETECT] class=sports ball color=red conf=0.26 bbox=[425,207,490,262]
[SKILL] move values=(0.25, 0.0, 0.0, 0.25) t=8.12
[MOVE] completed duration=0.25
[DETECT] class=chair color=green conf=0.52 bbox=[241,97,334,253]
[DETECT] class=orange color=red conf=0.51 bbox=[430,201,499,257]
[SKILL] move values=(0.25, 0.0, 0.0, 0.25) t=8.62
[MOVE] completed duration=0.25
[DETECT] class=chair color=green conf=0.70 bbox=[237,100,333,259]
[DETECT] class=orange color=red conf=0.39 bbox=[429,208,500,267]
[SKILL] move values=(0.25, 0.0, 0.0, 0.25) t=9.12
[MOVE] completed duration=0.25
[DETECT] class=orange color=red conf=0.69 bbox=[435,203,510,263]
[DETECT] class=chair color=green conf=0.64 bbox=[230,92,332,259]
[DETECT] class=chair color=red conf=0.40 bbox=[484,99,614,244]
[SKILL] turn values=(10.960224277005036,) t=9.68
[TURN] target=11.0 deg final_error=1.96 deg status=SUCCESS
[DETECT] class=chair color=green conf=0.80 bbox=[275,111,373,273]
[DETECT] class=orange color=red conf=0.41 bbox=[481,228,576,295]
[DETECT] class=sports ball color=red conf=0.38 bbox=[481,228,576,296]
[DETECT] class=airplane color=unknown conf=0.34 bbox=[1,111,637,479]
[SKILL] move values=(0.25, 0.0, 0.0, 0.25) t=11.32
[MOVE] completed duration=0.25
[DETECT] class=sports ball color=red conf=0.46 bbox=[480,204,579,274]
[DETECT] class=airplane color=unknown conf=0.44 bbox=[1,84,638,479]
[DETECT] class=chair color=green conf=0.28 bbox=[265,88,365,261]
[DETECT] class=airplane color=red conf=0.28 bbox=[342,84,639,348]
[SKILL] move values=(0.25, 0.0, 0.0, 0.25) t=11.82
[MOVE] completed duration=0.25
[DETECT] class=orange color=red conf=0.63 bbox=[479,213,578,284]
[DETECT] class=chair color=green conf=0.52 bbox=[260,92,365,266]
[DETECT] class=airplane color=unknown conf=0.35 bbox=[1,82,638,479]
[DETECT] class=airplane color=unknown conf=0.28 bbox=[260,96,639,362]
[SKILL] move values=(0.25, 0.0, 0.0, 0.25) t=12.32
[MOVE] completed duration=0.25
[DETECT] class=sports ball color=red conf=0.45 bbox=[489,207,598,283]
[DETECT] class=airplane color=unknown conf=0.30 bbox=[1,77,638,479]
[DETECT] class=chair color=green conf=0.29 bbox=[255,81,364,266]
[SKILL] move values=(0.25, 0.0, 0.0, 0.25) t=12.82
[MOVE] completed duration=0.25
[DETECT] class=sports ball color=red conf=0.50 bbox=[490,217,605,295]
[DETECT] class=airplane color=unknown conf=0.40 bbox=[2,76,637,479]
[DETECT] class=chair color=green conf=0.35 bbox=[250,84,365,273]
[SKILL] move values=(0.25, 0.0, 0.0, 0.25) t=13.32
[MOVE] completed duration=0.25
[DETECT] class=sports ball color=red conf=0.39 bbox=[502,210,628,294]
[DETECT] class=airplane color=unknown conf=0.33 bbox=[248,76,638,364]
[DETECT] class=orange color=red conf=0.29 bbox=[502,210,628,294]
[DETECT] class=airplane color=unknown conf=0.27 bbox=[2,61,637,479]
[DETECT] class=chair color=green conf=0.58 bbox=[244,81,361,282]
[DETECT] class=sports ball color=red conf=0.38 bbox=[498,218,622,302]
[SKILL] move values=(0.25, 0.0, 0.0, 0.25) t=14.02
[MOVE] completed duration=0.25
[DETECT] class=sports ball color=red conf=0.42 bbox=[503,218,635,304]
[DETECT] class=chair color=green conf=0.32 bbox=[238,73,363,278]
[SKILL] move values=(0.25, 0.0, 0.0, 0.25) t=14.52
[MOVE] completed duration=0.25
[DETECT] class=chair color=green conf=0.46 bbox=[231,62,361,283]
[DETECT] class=sports ball color=red conf=0.42 bbox=[514,213,640,306]
[SKILL] move values=(0.25, 0.0, 0.0, 0.25) t=15.02
[MOVE] completed duration=0.25
[DETECT] class=chair color=green conf=0.83 bbox=[224,65,363,293]
[DETECT] class=sports ball color=red conf=0.46 bbox=[517,224,640,321]
[SKILL] move values=(0.25, 0.0, 0.0, 0.25) t=15.52
[MOVE] completed duration=0.25
[DETECT] class=chair color=green conf=0.74 bbox=[216,49,360,297]
[DETECT] class=sports ball color=red conf=0.27 bbox=[532,217,640,322]
[SKILL] move values=(0.25, 0.0, 0.0, 0.25) t=16.02
[MOVE] completed duration=0.25
[DETECT] class=chair color=green conf=0.85 bbox=[207,50,362,306]
[SKILL] move values=(0.25, 0.0, 0.0, 0.25) t=16.52
[MOVE] completed duration=0.25
[DETECT] class=chair color=green conf=0.85 bbox=[196,33,360,310]
[SKILL] turn values=(11.78056380293363,) t=17.02
[TURN] target=11.8 deg final_error=1.84 deg status=SUCCESS
[DETECT] class=chair color=green conf=0.95 bbox=[256,61,418,333]
[SKILL] move values=(0.25, 0.0, 0.0, 0.25) t=18.72
[MOVE] completed duration=0.25
[DETECT] class=chair color=green conf=0.90 bbox=[240,20,412,319]
[SKILL] move values=(0.25, 0.0, 0.0, 0.25) t=19.22
[MOVE] completed duration=0.25
[DETECT] class=chair color=green conf=0.91 bbox=[234,24,414,331]
[SKILL] move values=(0.25, 0.0, 0.0, 0.25) t=19.72
[MOVE] completed duration=0.25
[DETECT] class=chair color=green conf=0.74 bbox=[223,1,417,338]
[SKILL] move values=(0.25, 0.0, 0.0, 0.25) t=20.22
[MOVE] completed duration=0.25
[DETECT] class=chair color=green conf=0.55 bbox=[213,0,423,357]
[SKILL] move values=(0.25, 0.0, 0.0, 0.25) t=20.72
[MOVE] completed duration=0.25
[DETECT] class=chair color=green conf=0.76 bbox=[200,0,426,370]
[SKILL] move values=(0.25, 0.0, 0.0, 0.25) t=21.22
[MOVE] completed duration=0.25
[DETECT] class=chair color=green conf=0.77 bbox=[188,0,432,407]
[SKILL] move values=(0.25, 0.0, 0.0, 0.25) t=21.72
[MOVE] completed duration=0.25
[DETECT] class=chair color=green conf=0.73 bbox=[166,0,436,420]
[SKILL] move values=(0.25, 0.0, 0.0, 0.25) t=22.22
[MOVE] completed duration=0.25
[DETECT] class=chair color=green conf=0.48 bbox=[144,1,639,470]
[DETECT] class=chair color=green conf=0.28 bbox=[146,1,446,466]
[SKILL] turn values=(-19.54706339250889,) t=22.72
[TURN] target=-19.5 deg final_error=-1.92 deg status=SUCCESS
[DETECT] class=chair color=red conf=0.51 bbox=[515,92,640,290]
[SEARCH] target=green_chair rotating=30deg
[SKILL] turn values=(30.0,) t=24.92
[TURN] target=30.0 deg final_error=1.95 deg status=SUCCESS
[DETECT] class=chair color=green conf=0.56 bbox=[232,2,562,478]
[SKILL] turn values=(-20.924568551048843,) t=27.82
[TURN] target=-20.9 deg final_error=-1.80 deg status=SUCCESS
[DETECT] class=chair color=green conf=0.49 bbox=[38,2,364,476]
[SKILL] turn values=(30.57931458520536,) t=29.62
[TURN] target=30.6 deg final_error=1.96 deg status=SUCCESS
[SEARCH] target=green_chair rotating=30deg
[SKILL] turn values=(30.0,) t=32.82
[TURN] target=30.0 deg final_error=1.93 deg status=SUCCESS
[DETECT] class=chair color=green conf=0.73 bbox=[429,2,640,412]
[SKILL] turn values=(-46.80638752377703,) t=35.60
[TURN] target=-46.8 deg final_error=-1.98 deg status=SUCCESS
[DETECT] class=chair color=green conf=0.47 bbox=[142,1,458,476]
[APPROACH] final_visual_steps=2
[SKILL] move values=(0.2, 0.0, 0.0, 0.25) t=38.58
[MOVE] completed duration=0.25
[SKILL] move values=(0.2, 0.0, 0.0, 0.25) t=38.92
[MOVE] completed duration=0.25
[DETECT] class=chair color=green conf=0.36 bbox=[127,64,565,478]
[FOUND] class=chair color=green t=37.3 s d=0.72 m
[MISSION] status=SUCCESS
[TRIAL] result=task4_evidence\2026-09-30-benchmark-v2\03_green_offset\result.json success=True
