[KEYBOARD] evdev not installed; browser keyboard control is available
[MAP] switched to object_lab
[DETECT] class=sports ball color=red conf=0.63 bbox=[303,204,334,235]
[DETECT] class=chair color=red conf=0.39 bbox=[369,145,420,230]
[TRIAL] class=chair color=red source=explicit_target start=[0.0, 0.0, 0.0]
[DETECT] class=sports ball color=red conf=0.63 bbox=[303,204,334,235]
[DETECT] class=chair color=red conf=0.39 bbox=[369,145,420,230]
[SKILL] turn values=(-20.301458816851223,) t=2.22
[TURN] target=-20.3 deg final_error=-1.96 deg status=SUCCESS
[DETECT] class=sports ball color=red conf=0.37 bbox=[224,210,258,243]
[DETECT] class=chair color=red conf=0.26 bbox=[295,154,337,232]
[SKILL] move values=(0.25, 0.0, 0.0, 0.25) t=4.02
[MOVE] completed duration=0.25
[DETECT] class=chair color=red conf=0.49 bbox=[299,140,342,222]
[DETECT] class=sports ball color=red conf=0.40 bbox=[227,197,262,231]
[DETECT] class=chair color=green conf=0.27 bbox=[99,130,190,233]
[SKILL] move values=(0.25, 0.0, 0.0, 0.25) t=4.52
[MOVE] completed duration=0.25
[DETECT] class=chair color=red conf=0.52 bbox=[300,137,344,221]
[DETECT] class=sports ball color=red conf=0.38 bbox=[226,197,262,231]
[SKILL] move values=(0.25, 0.0, 0.0, 0.25) t=5.02
[MOVE] completed duration=0.25
[DETECT] class=sports ball color=red conf=0.68 bbox=[221,200,257,234]
[DETECT] class=chair color=red conf=0.55 bbox=[297,141,342,224]
[DETECT] class=chair color=green conf=0.35 bbox=[84,128,182,235]
[SKILL] move values=(0.25, 0.0, 0.0, 0.25) t=5.52
[MOVE] completed duration=0.25
[DETECT] class=sports ball color=red conf=0.68 bbox=[217,197,255,233]
[DETECT] class=chair color=red conf=0.51 bbox=[296,136,341,222]
[DETECT] class=airplane color=unknown conf=0.27 bbox=[79,126,344,237]
[DETECT] class=airplane color=unknown conf=0.27 bbox=[3,170,637,478]
[SKILL] move values=(0.25, 0.0, 0.0, 0.25) t=6.02
[MOVE] completed duration=0.25
[DETECT] class=sports ball color=red conf=0.75 bbox=[211,199,250,236]
[DETECT] class=sports ball color=red conf=0.72 bbox=[210,199,249,236]
[DETECT] class=chair color=red conf=0.36 bbox=[292,139,339,225]
[DETECT] class=airplane color=unknown conf=0.28 bbox=[2,163,637,478]
[SKILL] move values=(0.25, 0.0, 0.0, 0.25) t=6.62
[MOVE] completed duration=0.25
[DETECT] class=sports ball color=red conf=0.71 bbox=[207,199,248,237]
[DETECT] class=chair color=red conf=0.41 bbox=[291,133,339,224]
[DETECT] class=chair color=green conf=0.41 bbox=[52,121,167,242]
[SKILL] move values=(0.25, 0.0, 0.0, 0.25) t=7.12
[MOVE] completed duration=0.25
[DETECT] class=sports ball color=red conf=0.68 bbox=[200,200,242,239]
[DETECT] class=chair color=red conf=0.48 bbox=[288,137,337,226]
[DETECT] class=chair color=green conf=0.38 bbox=[39,119,159,242]
[SKILL] move values=(0.25, 0.0, 0.0, 0.25) t=7.62
[MOVE] completed duration=0.25
[DETECT] class=sports ball color=red conf=0.72 bbox=[196,200,240,240]
[DETECT] class=chair color=red conf=0.32 bbox=[286,132,336,225]
[DETECT] class=chair color=green conf=0.30 bbox=[26,117,154,246]
[SKILL] move values=(0.25, 0.0, 0.0, 0.25) t=8.12
[MOVE] completed duration=0.25
[DETECT] class=sports ball color=red conf=0.57 bbox=[188,201,234,243]
[DETECT] class=sports ball color=red conf=0.63 bbox=[187,201,233,243]
[DETECT] class=chair color=green conf=0.38 bbox=[5,113,145,248]
[DETECT] class=chair color=red conf=0.28 bbox=[282,134,332,230]
[SKILL] move values=(0.25, 0.0, 0.0, 0.25) t=8.72
[MOVE] completed duration=0.25
[DETECT] class=sports ball color=red conf=0.71 bbox=[183,201,231,244]
[DETECT] class=chair color=red conf=0.48 bbox=[281,129,333,227]
[DETECT] class=chair color=green conf=0.30 bbox=[0,111,140,251]
[SKILL] move values=(0.25, 0.0, 0.0, 0.25) t=9.22
[MOVE] completed duration=0.25
[DETECT] class=chair color=red conf=0.82 bbox=[278,132,332,231]
[DETECT] class=sports ball color=red conf=0.63 bbox=[175,202,225,246]
[DETECT] class=chair color=green conf=0.42 bbox=[0,108,131,252]
[SKILL] move values=(0.25, 0.0, 0.0, 0.25) t=9.92
[MOVE] completed duration=0.25
[DETECT] class=sports ball color=red conf=0.53 bbox=[169,202,223,248]
[DETECT] class=chair color=red conf=0.29 bbox=[277,128,331,228]
[SKILL] move values=(0.25, 0.0, 0.0, 0.25) t=10.42
[MOVE] completed duration=0.25
[DETECT] class=sports ball color=red conf=0.37 bbox=[161,203,216,251]
[DETECT] class=chair color=green conf=0.32 bbox=[0,103,117,257]
[DETECT] class=airplane color=unknown conf=0.27 bbox=[3,105,327,257]
[DETECT] class=chair color=red conf=0.27 bbox=[274,130,328,233]
[SKILL] move values=(0.25, 0.0, 0.0, 0.25) t=10.92
[MOVE] completed duration=0.25
[DETECT] class=sports ball color=red conf=0.56 bbox=[154,204,213,254]
[DETECT] class=chair color=red conf=0.54 bbox=[270,125,328,231]
[SKILL] move values=(0.25, 0.0, 0.0, 0.25) t=11.42
[MOVE] completed duration=0.25
[DETECT] class=sports ball color=red conf=0.34 bbox=[142,205,205,256]
[DETECT] class=sports ball color=red conf=0.41 bbox=[141,206,204,258]
[DETECT] class=airplane color=unknown conf=0.27 bbox=[0,95,325,302]
[DETECT] class=sports ball color=red conf=0.58 bbox=[142,212,204,263]
[DETECT] class=airplane color=unknown conf=0.31 bbox=[0,105,324,286]
[DETECT] class=airplane color=unknown conf=0.27 bbox=[0,183,639,477]
[SEARCH] target=red_chair rotating=30deg
[SKILL] turn values=(30.0,) t=12.22
[TURN] target=30.0 deg final_error=1.96 deg status=SUCCESS
[DETECT] class=chair color=green conf=0.71 bbox=[181,137,256,246]
[DETECT] class=chair color=red conf=0.68 bbox=[384,135,461,255]
[DETECT] class=orange color=red conf=0.59 bbox=[286,215,329,257]
[SKILL] turn values=(-26.975097223472332,) t=14.92
[TURN] target=-27.0 deg final_error=-1.88 deg status=SUCCESS
[DETECT] class=sports ball color=red conf=0.63 bbox=[156,223,215,272]
[DETECT] class=chair color=red conf=0.40 bbox=[276,141,333,248]
[DETECT] class=chair color=green conf=0.38 bbox=[0,121,114,282]
[SKILL] move values=(0.25, 0.0, 0.0, 0.25) t=16.82
[MOVE] completed duration=0.25
[DETECT] class=sports ball color=red conf=0.54 bbox=[158,207,219,258]
[DETECT] class=chair color=red conf=0.36 bbox=[280,125,339,235]
[SKILL] move values=(0.25, 0.0, 0.0, 0.25) t=17.32
[MOVE] completed duration=0.25
[DETECT] class=sports ball color=red conf=0.44 bbox=[154,207,217,260]
[DETECT] class=airplane color=unknown conf=0.35 bbox=[1,100,341,309]
[DETECT] class=sports ball color=red conf=0.80 bbox=[153,213,215,266]
[DETECT] class=airplane color=unknown conf=0.48 bbox=[1,109,341,310]
[DETECT] class=sports ball color=red conf=0.66 bbox=[154,220,216,272]
[DETECT] class=chair color=green conf=0.43 bbox=[0,113,115,279]
[SEARCH] target=red_chair rotating=30deg
[SKILL] turn values=(30.0,) t=18.12
[TURN] target=30.0 deg final_error=1.92 deg status=SUCCESS
[DETECT] class=sports ball color=red conf=0.80 bbox=[292,216,337,261]
[DETECT] class=chair color=red conf=0.64 bbox=[396,130,484,260]
[DETECT] class=chair color=green conf=0.63 bbox=[190,136,263,247]
[SKILL] turn values=(-30.78973302883215,) t=20.72
[TURN] target=-30.8 deg final_error=-1.80 deg status=SUCCESS
[DETECT] class=chair color=red conf=0.65 bbox=[268,140,328,251]
[DETECT] class=sports ball color=red conf=0.64 bbox=[134,227,201,281]
[DETECT] class=chair color=green conf=0.44 bbox=[0,119,95,292]
[DETECT] class=airplane color=unknown conf=0.35 bbox=[0,119,304,330]
[SKILL] move values=(0.25, 0.0, 0.0, 0.25) t=23.12
[MOVE] completed duration=0.25
[DETECT] class=sports ball color=red conf=0.46 bbox=[137,209,204,265]
[DETECT] class=chair color=red conf=0.33 bbox=[272,120,335,238]
[DETECT] class=airplane color=unknown conf=0.30 bbox=[0,96,281,305]
[SKILL] move values=(0.25, 0.0, 0.0, 0.25) t=23.62
[MOVE] completed duration=0.25
[DETECT] class=sports ball color=red conf=0.86 bbox=[123,208,196,266]
[DETECT] class=sports ball color=red conf=0.76 bbox=[122,209,195,267]
[DETECT] class=sports ball color=red conf=0.69 bbox=[122,215,196,272]
[DETECT] class=airplane color=unknown conf=0.45 bbox=[0,92,317,326]
[SEARCH] target=red_chair rotating=30deg
[SKILL] turn values=(30.0,) t=24.32
[TURN] target=30.0 deg final_error=1.96 deg status=SUCCESS
[DETECT] class=chair color=green conf=0.79 bbox=[171,132,249,249]
[DETECT] class=chair color=red conf=0.74 bbox=[387,128,477,261]
[DETECT] class=sports ball color=red conf=0.61 bbox=[276,217,323,265]
[SKILL] turn values=(-29.080697234951543,) t=27.02
[TURN] target=-29.1 deg final_error=-1.89 deg status=SUCCESS
[DETECT] class=chair color=red conf=0.76 bbox=[267,136,332,254]
[DETECT] class=sports ball color=red conf=0.63 bbox=[120,230,194,288]
[SKILL] move values=(0.25, 0.0, 0.0, 0.25) t=29.02
[MOVE] completed duration=0.25
[DETECT] class=sports ball color=red conf=0.78 bbox=[126,211,201,272]
[DETECT] class=airplane color=unknown conf=0.59 bbox=[0,91,304,323]
[DETECT] class=airplane color=unknown conf=0.73 bbox=[0,98,298,331]
[DETECT] class=sports ball color=red conf=0.70 bbox=[126,219,201,279]
[DETECT] class=sports ball color=red conf=0.57 bbox=[128,226,201,285]
[DETECT] class=airplane color=unknown conf=0.47 bbox=[0,107,286,338]
[DETECT] class=chair color=green conf=0.27 bbox=[0,108,93,273]
[SEARCH] target=red_chair rotating=30deg
[SKILL] turn values=(30.0,) t=29.82
[TURN] target=30.0 deg final_error=1.84 deg status=SUCCESS
[DETECT] class=chair color=red conf=0.76 bbox=[396,122,493,269]
[DETECT] class=chair color=green conf=0.75 bbox=[176,131,255,251]
[DETECT] class=sports ball color=red conf=0.60 bbox=[280,219,328,268]
[SKILL] turn values=(-31.725275932436396,) t=32.62
[TURN] target=-31.7 deg final_error=-1.83 deg status=SUCCESS
[DETECT] class=sports ball color=red conf=0.64 bbox=[108,231,187,293]
[DETECT] class=sports ball color=red conf=0.71 bbox=[114,228,192,288]
[DETECT] class=airplane color=unknown conf=0.34 bbox=[0,108,333,336]
[DETECT] class=airplane color=unknown conf=0.28 bbox=[0,108,297,277]
[DETECT] class=sports ball color=red conf=0.81 bbox=[124,226,199,286]
[DETECT] class=airplane color=unknown conf=0.58 bbox=[0,107,286,341]
[DETECT] class=chair color=green conf=0.30 bbox=[0,107,91,267]
[SEARCH] target=red_chair rotating=30deg
[SKILL] turn values=(30.0,) t=35.18
[TURN] target=30.0 deg final_error=1.98 deg status=SUCCESS
[DETECT] class=chair color=red conf=0.76 bbox=[397,121,497,268]
[DETECT] class=chair color=green conf=0.69 bbox=[178,130,256,249]
[DETECT] class=sports ball color=red conf=0.53 bbox=[281,217,329,267]
[SKILL] turn values=(-32.23701797576942,) t=38.02
[TURN] target=-32.2 deg final_error=-1.81 deg status=SUCCESS
[DETECT] class=chair color=red conf=0.77 bbox=[261,135,329,258]
[DETECT] class=sports ball color=red conf=0.52 bbox=[99,232,182,295]
[DETECT] class=orange color=red conf=0.31 bbox=[99,232,182,295]
[SKILL] move values=(0.25, 0.0, 0.0, 0.25) t=40.32
[MOVE] completed duration=0.25
[DETECT] class=sports ball color=red conf=0.57 bbox=[97,215,183,279]
[DETECT] class=airplane color=unknown conf=0.51 bbox=[0,85,307,339]
[DETECT] class=sports ball color=red conf=0.74 bbox=[96,222,182,287]
[DETECT] class=airplane color=unknown conf=0.35 bbox=[0,92,313,342]
[DETECT] class=sports ball color=red conf=0.75 bbox=[98,228,183,294]
[DETECT] class=airplane color=unknown conf=0.31 bbox=[0,99,305,277]
[SEARCH] target=red_chair rotating=30deg
[SKILL] turn values=(30.0,) t=41.12
[TURN] target=30.0 deg final_error=1.93 deg status=SUCCESS
[DETECT] class=chair color=green conf=0.61 bbox=[154,129,239,255]
[DETECT] class=chair color=red conf=0.58 bbox=[383,122,478,269]
[DETECT] class=sports ball color=red conf=0.45 bbox=[262,220,313,271]
[SKILL] turn values=(-28.75371819611183,) t=43.72
[TURN] target=-28.8 deg final_error=-1.86 deg status=SUCCESS
[DETECT] class=chair color=red conf=0.77 bbox=[261,132,332,258]
[DETECT] class=sports ball color=red conf=0.73 bbox=[90,232,178,298]
[SKILL] move values=(0.25, 0.0, 0.0, 0.25) t=45.82
[MOVE] completed duration=0.25
[DETECT] class=airplane color=unknown conf=0.63 bbox=[0,82,281,343]
[DETECT] class=sports ball color=red conf=0.48 bbox=[94,215,182,281]
[DETECT] class=sports ball color=red conf=0.73 bbox=[95,228,183,294]
[DETECT] class=chair color=red conf=0.42 bbox=[269,129,340,258]
[DETECT] class=airplane color=unknown conf=0.34 bbox=[0,96,283,273]
[SKILL] move values=(0.25, 0.0, 0.0, 0.25) t=46.52
[MOVE] completed duration=0.25
[DETECT] class=sports ball color=red conf=0.76 bbox=[76,211,172,281]
[DETECT] class=airplane color=unknown conf=0.63 bbox=[0,97,277,359]
[DETECT] class=airplane color=unknown conf=0.78 bbox=[0,96,276,350]
[DETECT] class=sports ball color=red conf=0.65 bbox=[76,219,172,289]
[DETECT] class=sports ball color=red conf=0.76 bbox=[77,226,172,296]
[DETECT] class=airplane color=unknown conf=0.45 bbox=[0,90,277,358]
[SEARCH] target=red_chair rotating=30deg
[SKILL] turn values=(30.0,) t=47.42
[TURN] target=30.0 deg final_error=1.84 deg status=SUCCESS
[DETECT] class=chair color=green conf=0.43 bbox=[151,128,237,255]
[DETECT] class=orange color=red conf=0.42 bbox=[255,221,310,275]
[DETECT] class=chair color=red conf=0.30 bbox=[384,116,487,278]
[DETECT] class=airplane color=unknown conf=0.27 bbox=[3,118,640,478]
[SKILL] turn values=(-29.835625529633777,) t=50.14
[TURN] target=-29.8 deg final_error=-1.93 deg status=SUCCESS
[DETECT] class=sports ball color=red conf=0.81 bbox=[69,235,166,306]
[DETECT] class=chair color=red conf=0.78 bbox=[258,128,332,263]
[DETECT] class=airplane color=unknown conf=0.46 bbox=[0,123,278,368]
[SKILL] move values=(0.25, 0.0, 0.0, 0.25) t=52.22
[MOVE] completed duration=0.25
[DETECT] class=sports ball color=red conf=0.68 bbox=[75,217,173,289]
[DETECT] class=airplane color=unknown conf=0.62 bbox=[0,85,281,367]
[DETECT] class=sports ball color=red conf=0.70 bbox=[75,222,173,294]
[DETECT] class=airplane color=unknown conf=0.37 bbox=[0,84,279,370]
[DETECT] class=sports ball color=red conf=0.82 bbox=[74,232,173,304]
[DETECT] class=chair color=red conf=0.72 bbox=[267,126,343,264]
[DETECT] class=airplane color=unknown conf=0.40 bbox=[0,92,283,370]
[SKILL] move values=(0.25, 0.0, 0.0, 0.25) t=53.02
[MOVE] completed duration=0.25
[DETECT] class=airplane color=unknown conf=0.75 bbox=[0,120,281,358]
[DETECT] class=sports ball color=red conf=0.41 bbox=[60,217,166,292]
[DETECT] class=airplane color=unknown conf=0.78 bbox=[0,116,279,365]
[DETECT] class=sports ball color=red conf=0.75 bbox=[61,225,166,300]
[DETECT] class=chair color=red conf=0.25 bbox=[264,113,341,256]
[SKILL] move values=(0.25, 0.0, 0.0, 0.25) t=53.62
[MOVE] completed duration=0.25
[DETECT] class=sports ball color=red conf=0.56 bbox=[40,217,156,296]
[DETECT] class=airplane color=unknown conf=0.55 bbox=[0,150,276,364]
[DETECT] class=airplane color=unknown conf=0.38 bbox=[339,193,640,371]
[DETECT] class=chair color=red conf=0.33 bbox=[260,107,342,253]
[SKILL] move values=(0.25, 0.0, 0.0, 0.25) t=54.12
[MOVE] completed duration=0.25
[DETECT] class=sports ball color=red conf=0.72 bbox=[21,220,148,304]
[DETECT] class=airplane color=red conf=0.67 bbox=[0,190,276,375]
[DETECT] class=chair color=red conf=0.39 bbox=[258,100,341,254]
[DETECT] class=airplane color=unknown conf=0.39 bbox=[340,187,640,366]
[SKILL] move values=(0.25, 0.0, 0.0, 0.25) t=54.62
[MOVE] completed duration=0.25
[DETECT] class=airplane color=red conf=0.71 bbox=[1,194,271,385]
[DETECT] class=sports ball color=red conf=0.69 bbox=[0,220,133,312]
[DETECT] class=chair color=red conf=0.65 bbox=[253,102,340,259]
[DETECT] class=airplane color=unknown conf=0.25 bbox=[334,193,640,380]
[SKILL] move values=(0.25, 0.0, 0.0, 0.25) t=55.12
[MOVE] completed duration=0.25
[DETECT] class=sports ball color=red conf=0.68 bbox=[0,227,122,325]
[DETECT] class=airplane color=red conf=0.66 bbox=[1,191,269,403]
[DETECT] class=chair color=red conf=0.39 bbox=[249,95,339,260]
[DETECT] class=airplane color=unknown conf=0.38 bbox=[337,188,640,375]
[SKILL] move values=(0.25, 0.0, 0.0, 0.25) t=55.62
[MOVE] completed duration=0.25
[DETECT] class=chair color=red conf=0.38 bbox=[244,97,338,265]
[DETECT] class=airplane color=red conf=0.32 bbox=[1,195,259,421]
[SKILL] move values=(0.25, 0.0, 0.0, 0.25) t=56.12
[MOVE] completed duration=0.25
[DETECT] class=chair color=red conf=0.38 bbox=[237,88,336,265]
[SKILL] move values=(0.25, 0.0, 0.0, 0.25) t=56.62
[MOVE] completed duration=0.25
[DETECT] class=sports ball color=red conf=0.27 bbox=[0,240,59,348]
[DETECT] class=chair color=red conf=0.28 bbox=[230,90,334,269]
[SKILL] move values=(0.25, 0.0, 0.0, 0.25) t=57.32
[MOVE] completed duration=0.25
[DETECT] class=chair color=red conf=0.28 bbox=[224,81,334,270]
[SKILL] turn values=(11.507644012634788,) t=57.82
[TURN] target=11.5 deg final_error=1.93 deg status=SUCCESS
[DETECT] class=chair color=red conf=0.59 bbox=[275,101,381,286]
[DETECT] class=sports ball color=red conf=0.38 bbox=[0,245,129,359]
[SKILL] move values=(0.25, 0.0, 0.0, 0.25) t=59.52
[MOVE] completed duration=0.25
[DETECT] class=chair color=red conf=0.28 bbox=[264,76,373,273]
[SKILL] move values=(0.25, 0.0, 0.0, 0.25) t=60.02
[MOVE] completed duration=0.25
[DETECT] class=chair color=red conf=0.43 bbox=[259,79,372,279]
[SKILL] move values=(0.25, 0.0, 0.0, 0.25) t=60.52
[MOVE] completed duration=0.25
[DETECT] class=chair color=red conf=0.43 bbox=[254,66,372,279]
[SKILL] move values=(0.25, 0.0, 0.0, 0.25) t=61.02
[MOVE] completed duration=0.25
[DETECT] class=chair color=red conf=0.55 bbox=[249,69,375,289]
[DETECT] class=person color=red conf=0.35 bbox=[0,269,33,362]
[SKILL] move values=(0.25, 0.0, 0.0, 0.25) t=61.52
[MOVE] completed duration=0.25
[DETECT] class=chair color=red conf=0.77 bbox=[241,55,373,291]
[DETECT] class=person color=red conf=0.32 bbox=[0,310,56,480]
[SKILL] move values=(0.25, 0.0, 0.0, 0.25) t=62.02
[MOVE] completed duration=0.25
[DETECT] class=chair color=red conf=0.81 bbox=[234,57,375,298]
[SKILL] move values=(0.25, 0.0, 0.0, 0.25) t=62.52
[MOVE] completed duration=0.25
[DETECT] class=chair color=red conf=0.82 bbox=[225,43,376,304]
[SKILL] move values=(0.25, 0.0, 0.0, 0.25) t=63.02
[MOVE] completed duration=0.25
[DETECT] class=chair color=red conf=0.80 bbox=[216,44,380,313]
[SKILL] move values=(0.25, 0.0, 0.0, 0.25) t=63.52
[MOVE] completed duration=0.25
[DETECT] class=chair color=red conf=0.79 bbox=[203,25,381,322]
[SKILL] move values=(0.25, 0.0, 0.0, 0.25) t=64.02
[MOVE] completed duration=0.25
[DETECT] class=chair color=red conf=0.86 bbox=[191,25,387,337]
[SKILL] move values=(0.25, 0.0, 0.0, 0.25) t=64.62
[MOVE] completed duration=0.25
[DETECT] class=chair color=red conf=0.82 bbox=[173,1,394,346]
[SKILL] move values=(0.25, 0.0, 0.0, 0.25) t=65.12
[MOVE] completed duration=0.25
[DETECT] class=chair color=red conf=0.77 bbox=[156,1,399,368]
[SKILL] turn values=(11.916821427918299,) t=65.62
[TURN] target=11.9 deg final_error=1.92 deg status=SUCCESS
[DETECT] class=chair color=red conf=0.84 bbox=[234,13,475,402]
[SKILL] move values=(0.25, 0.0, 0.0, 0.25) t=67.22
[MOVE] completed duration=0.25
[DETECT] class=chair color=red conf=0.87 bbox=[205,0,477,391]
[SKILL] move values=(0.25, 0.0, 0.0, 0.25) t=67.72
[MOVE] completed duration=0.25
[DETECT] class=chair color=red conf=0.71 bbox=[187,0,485,410]
[SKILL] move values=(0.25, 0.0, 0.0, 0.25) t=68.22
[MOVE] completed duration=0.25
[DETECT] class=chair color=red conf=0.62 bbox=[164,0,525,436]
[SKILL] move values=(0.25, 0.0, 0.0, 0.25) t=68.72
[MOVE] completed duration=0.25
[DETECT] class=chair color=red conf=0.48 bbox=[135,1,567,475]
[DETECT] class=chair color=red conf=0.48 bbox=[138,2,560,477]
[FOUND] class=chair color=red t=67.3 s d=0.77 m
[MISSION] status=SUCCESS
[DETECT] class=chair color=red conf=0.30 bbox=[136,2,566,477]
[TRIAL] result=task4_evidence\2026-09-30-benchmark-v2\06_red_center\result.json success=True
