[KEYBOARD] evdev not installed; browser keyboard control is available
[MAP] switched to object_lab
[TRIAL] class=chair color=green source=explicit_target start=[1.0, 1.0, 180.0]
[SEARCH] target=green_chair rotating=30deg
[SKILL] turn values=(30.0,) t=2.48
[TURN] target=30.0 deg final_error=1.85 deg status=SUCCESS
[SEARCH] target=green_chair rotating=30deg
[SKILL] turn values=(30.0,) t=5.52
[TURN] target=30.0 deg final_error=1.93 deg status=SUCCESS
[SEARCH] target=green_chair rotating=30deg
[SKILL] turn values=(30.0,) t=8.72
[TURN] target=30.0 deg final_error=1.95 deg status=SUCCESS
[DETECT] class=chair color=red conf=0.41 bbox=[0,179,52,259]
[DETECT] class=airplane color=red conf=0.31 bbox=[0,189,45,259]
[DETECT] class=airplane color=red conf=0.59 bbox=[0,188,40,259]
[SEARCH] target=green_chair rotating=30deg
[SKILL] turn values=(30.0,) t=11.72
[TURN] target=30.0 deg final_error=1.99 deg status=SUCCESS
[DETECT] class=chair color=red conf=0.70 bbox=[140,133,224,246]
[DETECT] class=sports ball color=red conf=0.48 bbox=[54,222,143,285]
[DETECT] class=chair color=red conf=0.85 bbox=[136,132,222,247]
[DETECT] class=orange color=red conf=0.49 bbox=[48,221,139,285]
[DETECT] class=sports ball color=red conf=0.40 bbox=[48,222,139,285]
[DETECT] class=chair color=red conf=0.58 bbox=[133,131,219,245]
[DETECT] class=sports ball color=red conf=0.50 bbox=[44,221,137,286]
[SEARCH] target=green_chair rotating=30deg
[SKILL] turn values=(30.0,) t=14.72
[TURN] target=30.0 deg final_error=1.86 deg status=SUCCESS
[DETECT] class=sports ball color=red conf=0.77 bbox=[231,216,279,263]
[DETECT] class=sports ball color=red conf=0.61 bbox=[228,216,276,262]
[DETECT] class=chair color=red conf=0.38 bbox=[276,146,331,238]
[DETECT] class=sports ball color=red conf=0.75 bbox=[225,216,275,262]
[SEARCH] target=green_chair rotating=30deg
[SKILL] turn values=(30.0,) t=17.72
[TURN] target=30.0 deg final_error=1.98 deg status=SUCCESS
[DETECT] class=chair color=red conf=0.82 bbox=[388,147,453,246]
[DETECT] class=sports ball color=red conf=0.82 bbox=[343,218,390,264]
[DETECT] class=chair color=green conf=0.78 bbox=[156,121,263,269]
[SKILL] turn values=(28.75371819611183,) t=20.52
[TURN] target=28.8 deg final_error=1.97 deg status=SUCCESS
[DETECT] class=chair color=green conf=0.72 bbox=[286,122,373,263]
[DETECT] class=orange color=red conf=0.45 bbox=[463,224,539,281]
[DETECT] class=sports ball color=red conf=0.45 bbox=[464,224,539,281]
[DETECT] class=chair color=red conf=0.32 bbox=[528,122,640,268]
[SKILL] move values=(0.25, 0.0, 0.0, 0.25) t=23.42
[MOVE] completed duration=0.25
[DETECT] class=sports ball color=red conf=0.55 bbox=[464,200,544,260]
[DETECT] class=airplane color=unknown conf=0.33 bbox=[1,146,638,479]
[DETECT] class=chair color=green conf=0.27 bbox=[278,98,367,250]
[SKILL] move values=(0.25, 0.0, 0.0, 0.25) t=23.92
[MOVE] completed duration=0.25
[DETECT] class=sports ball color=red conf=0.61 bbox=[463,208,543,269]
[DETECT] class=chair color=green conf=0.43 bbox=[274,104,365,255]
[DETECT] class=airplane color=unknown conf=0.27 bbox=[1,127,638,479]
[SKILL] move values=(0.25, 0.0, 0.0, 0.25) t=24.42
[MOVE] completed duration=0.25
[DETECT] class=chair color=green conf=0.65 bbox=[271,95,365,254]
[DETECT] class=sports ball color=red conf=0.44 bbox=[471,203,556,266]
[DETECT] class=airplane color=unknown conf=0.28 bbox=[1,91,638,479]
[SKILL] move values=(0.25, 0.0, 0.0, 0.25) t=24.92
[MOVE] completed duration=0.25
[DETECT] class=chair color=green conf=0.75 bbox=[269,97,366,260]
[DETECT] class=sports ball color=red conf=0.58 bbox=[471,212,560,278]
[SKILL] move values=(0.25, 0.0, 0.0, 0.25) t=25.42
[MOVE] completed duration=0.25
[DETECT] class=chair color=green conf=0.52 bbox=[264,89,365,259]
[DETECT] class=sports ball color=red conf=0.47 bbox=[478,204,575,274]
[DETECT] class=airplane color=unknown conf=0.35 bbox=[1,84,638,479]
[SKILL] move values=(0.25, 0.0, 0.0, 0.25) t=25.92
[MOVE] completed duration=0.25
[DETECT] class=orange color=red conf=0.45 bbox=[479,213,579,285]
[DETECT] class=sports ball color=red conf=0.40 bbox=[479,214,579,285]
[DETECT] class=airplane color=unknown conf=0.40 bbox=[1,84,639,479]
[DETECT] class=airplane color=unknown conf=0.33 bbox=[259,95,639,362]
[DETECT] class=chair color=green conf=0.33 bbox=[259,92,365,266]
[SKILL] move values=(0.25, 0.0, 0.0, 0.25) t=26.42
[MOVE] completed duration=0.25
[DETECT] class=sports ball color=red conf=0.38 bbox=[488,207,598,283]
[DETECT] class=airplane color=unknown conf=0.34 bbox=[1,80,638,478]
[DETECT] class=chair color=green conf=0.63 bbox=[253,89,362,273]
[DETECT] class=sports ball color=red conf=0.41 bbox=[486,215,593,291]
[DETECT] class=airplane color=unknown conf=0.30 bbox=[1,81,637,479]
[DETECT] class=orange color=red conf=0.28 bbox=[486,215,593,291]
[SKILL] move values=(0.25, 0.0, 0.0, 0.25) t=27.12
[MOVE] completed duration=0.25
[DETECT] class=chair color=green conf=0.37 bbox=[249,82,363,271]
[DETECT] class=orange color=red conf=0.32 bbox=[488,215,602,293]
[DETECT] class=sports ball color=red conf=0.32 bbox=[489,215,602,293]
[SKILL] move values=(0.25, 0.0, 0.0, 0.25) t=27.62
[MOVE] completed duration=0.25
[DETECT] class=sports ball color=red conf=0.32 bbox=[498,210,623,294]
[DETECT] class=chair color=green conf=0.60 bbox=[242,82,359,281]
[DETECT] class=sports ball color=red conf=0.42 bbox=[495,219,617,302]
[SKILL] move values=(0.25, 0.0, 0.0, 0.25) t=28.22
[MOVE] completed duration=0.25
[DETECT] class=chair color=green conf=0.59 bbox=[237,75,362,279]
[DETECT] class=orange color=red conf=0.56 bbox=[501,219,629,305]
[SKILL] move values=(0.25, 0.0, 0.0, 0.25) t=28.72
[MOVE] completed duration=0.25
[DETECT] class=chair color=green conf=0.43 bbox=[229,63,359,283]
[DETECT] class=sports ball color=red conf=0.40 bbox=[511,213,640,305]
[SKILL] move values=(0.25, 0.0, 0.0, 0.25) t=29.32
[MOVE] completed duration=0.25
[DETECT] class=chair color=green conf=0.70 bbox=[222,64,361,291]
[DETECT] class=sports ball color=red conf=0.46 bbox=[513,223,640,320]
[SKILL] move values=(0.25, 0.0, 0.0, 0.25) t=29.82
[MOVE] completed duration=0.25
[DETECT] class=chair color=green conf=0.76 bbox=[213,49,359,296]
[DETECT] class=sports ball color=red conf=0.52 bbox=[528,217,640,322]
[SKILL] move values=(0.25, 0.0, 0.0, 0.25) t=30.32
[MOVE] completed duration=0.25
[DETECT] class=chair color=green conf=0.86 bbox=[205,52,360,306]
[SKILL] move values=(0.25, 0.0, 0.0, 0.25) t=30.82
[MOVE] completed duration=0.25
[DETECT] class=chair color=green conf=0.89 bbox=[193,35,358,310]
[SKILL] turn values=(12.460472350662078,) t=31.32
[TURN] target=12.5 deg final_error=1.82 deg status=SUCCESS
[DETECT] class=chair color=green conf=0.95 bbox=[257,63,419,333]
[SKILL] move values=(0.25, 0.0, 0.0, 0.25) t=33.02
[MOVE] completed duration=0.25
[DETECT] class=chair color=green conf=0.94 bbox=[244,23,416,318]
[SKILL] move values=(0.25, 0.0, 0.0, 0.25) t=33.52
[MOVE] completed duration=0.25
[DETECT] class=chair color=green conf=0.93 bbox=[237,25,417,330]
[SKILL] move values=(0.25, 0.0, 0.0, 0.25) t=34.02
[MOVE] completed duration=0.25
[DETECT] class=chair color=green conf=0.91 bbox=[225,1,419,336]
[SKILL] move values=(0.25, 0.0, 0.0, 0.25) t=34.52
[MOVE] completed duration=0.25
[DETECT] class=chair color=green conf=0.76 bbox=[217,1,425,353]
[SKILL] move values=(0.25, 0.0, 0.0, 0.25) t=35.02
[MOVE] completed duration=0.25
[DETECT] class=chair color=green conf=0.67 bbox=[204,0,428,370]
[SKILL] move values=(0.25, 0.0, 0.0, 0.25) t=35.52
[MOVE] completed duration=0.25
[DETECT] class=chair color=green conf=0.77 bbox=[191,0,436,440]
[SKILL] move values=(0.25, 0.0, 0.0, 0.25) t=36.02
[MOVE] completed duration=0.25
[DETECT] class=chair color=green conf=0.70 bbox=[172,0,440,425]
[SKILL] move values=(0.25, 0.0, 0.0, 0.25) t=36.52
[MOVE] completed duration=0.25
[DETECT] class=chair color=green conf=0.29 bbox=[150,0,638,457]
[DETECT] class=chair color=green conf=0.26 bbox=[154,0,449,454]
[SKILL] turn values=(-20.17622753219903,) t=37.02
[TURN] target=-20.2 deg final_error=-1.99 deg status=SUCCESS
[DETECT] class=chair color=red conf=0.35 bbox=[517,90,640,290]
[SEARCH] target=green_chair rotating=30deg
[SKILL] turn values=(30.0,) t=39.02
[TURN] target=30.0 deg final_error=1.89 deg status=SUCCESS
[DETECT] class=chair color=green conf=0.63 bbox=[233,1,539,474]
[SKILL] turn values=(-18.14563792745428,) t=41.92
[TURN] target=-18.1 deg final_error=-1.98 deg status=SUCCESS
[DETECT] class=chair color=green conf=0.58 bbox=[4,1,389,479]
[SKILL] turn values=(31.518979765359067,) t=43.82
[TURN] target=31.5 deg final_error=1.87 deg status=SUCCESS
[DETECT] class=chair color=green conf=0.41 bbox=[310,1,640,473]
[SKILL] turn values=(-37.58455027386333,) t=46.72
[TURN] target=-37.6 deg final_error=-1.92 deg status=SUCCESS
[SEARCH] target=green_chair rotating=30deg
[SKILL] turn values=(30.0,) t=49.22
[TURN] target=30.0 deg final_error=1.82 deg status=SUCCESS
[SEARCH] target=green_chair rotating=30deg
[SKILL] turn values=(30.0,) t=52.40
[TURN] target=30.0 deg final_error=1.93 deg status=SUCCESS
[DETECT] class=chair color=green conf=0.79 bbox=[409,2,640,408]
[SKILL] turn values=(-45.43986767638519,) t=55.12
[TURN] target=-45.4 deg final_error=-1.96 deg status=SUCCESS
[DETECT] class=chair color=green conf=0.49 bbox=[105,1,424,479]
[SKILL] turn values=(15.407835017257865,) t=57.82
[TURN] target=15.4 deg final_error=1.97 deg status=SUCCESS
[DETECT] class=chair color=green conf=0.32 bbox=[236,0,631,476]
[SKILL] turn values=(-29.40561380350761,) t=59.52
[TURN] target=-29.4 deg final_error=-1.94 deg status=SUCCESS
[SEARCH] target=green_chair rotating=30deg
[SKILL] turn values=(30.0,) t=61.82
[TURN] target=30.0 deg final_error=1.91 deg status=SUCCESS
[SEARCH] target=green_chair rotating=30deg
[SKILL] turn values=(30.0,) t=65.04
[TURN] target=30.0 deg final_error=1.89 deg status=SUCCESS
[DETECT] class=chair color=green conf=0.58 bbox=[396,2,640,414]
[SKILL] turn values=(-44.51455428910162,) t=67.82
[TURN] target=-44.5 deg final_error=-1.89 deg status=SUCCESS
[DETECT] class=chair color=green conf=0.54 bbox=[64,1,428,479]
[SKILL] turn values=(20.17622753219903,) t=70.52
[TURN] target=20.2 deg final_error=1.89 deg status=SUCCESS
[SEARCH] target=green_chair rotating=30deg
[SKILL] turn values=(30.0,) t=73.22
[TURN] target=30.0 deg final_error=1.86 deg status=SUCCESS
[DETECT] class=chair color=green conf=0.65 bbox=[408,2,640,435]
[SKILL] turn values=(-45.36974518699795,) t=76.02
[TURN] target=-45.4 deg final_error=-1.83 deg status=SUCCESS
[DETECT] class=chair color=green conf=0.52 bbox=[94,1,450,478]
[SKILL] turn values=(13.406349608367433,) t=78.72
[TURN] target=13.4 deg final_error=1.91 deg status=SUCCESS
[SEARCH] target=green_chair rotating=30deg
[SKILL] turn values=(30.0,) t=80.52
[TURN] target=30.0 deg final_error=1.90 deg status=SUCCESS
[DETECT] class=chair color=green conf=0.74 bbox=[378,2,640,413]
[SKILL] turn values=(-43.18305012881622,) t=83.22
[TURN] target=-43.2 deg final_error=-1.86 deg status=SUCCESS
[DETECT] class=chair color=green conf=0.59 bbox=[56,1,421,478]
[SKILL] turn values=(22.03316242323691,) t=85.92
[TURN] target=22.0 deg final_error=1.91 deg status=SUCCESS
[SEARCH] target=green_chair rotating=30deg
[SKILL] turn values=(30.0,) t=88.32
[TURN] target=30.0 deg final_error=1.95 deg status=SUCCESS
[DETECT] class=chair color=green conf=0.64 bbox=[404,2,640,418]
[SKILL] turn values=(-45.08750781428021,) t=91.12
[TURN] target=-45.1 deg final_error=-1.98 deg status=SUCCESS
[SEARCH] target=green_chair rotating=30deg
[SKILL] turn values=(30.0,) t=94.02
[TURN] target=30.0 deg final_error=1.90 deg status=SUCCESS
[DETECT] class=chair color=green conf=0.54 bbox=[321,1,640,438]
[SKILL] turn values=(-38.55432736351696,) t=96.82
[TURN] target=-38.6 deg final_error=-1.91 deg status=SUCCESS
[SEARCH] target=green_chair rotating=30deg
[SKILL] turn values=(30.0,) t=99.62
[TURN] target=30.0 deg final_error=1.99 deg status=SUCCESS
[DETECT] class=chair color=green conf=0.29 bbox=[269,1,640,462]
[SKILL] turn values=(-33.73811260505232,) t=102.42
[TURN] target=-33.7 deg final_error=-1.74 deg status=SUCCESS
[DETECT] class=umbrella color=green conf=0.33 bbox=[0,310,236,480]
[SEARCH] target=green_chair rotating=30deg
[SKILL] turn values=(30.0,) t=104.92
[TURN] target=30.0 deg final_error=1.87 deg status=SUCCESS
[SEARCH] target=green_chair rotating=30deg
[SKILL] turn values=(30.0,) t=107.92
[TURN] target=30.0 deg final_error=1.86 deg status=SUCCESS
[DETECT] class=chair color=green conf=0.40 bbox=[395,1,640,442]
[SKILL] turn values=(-44.44213166452625,) t=110.72
[TURN] target=-44.4 deg final_error=-1.83 deg status=SUCCESS
[SEARCH] target=green_chair rotating=30deg
[SKILL] turn values=(30.0,) t=113.70
[TURN] target=30.0 deg final_error=1.88 deg status=SUCCESS
[DETECT] class=chair color=green conf=0.46 bbox=[314,3,639,415]
[SKILL] turn values=(-37.85158855874354,) t=116.62
[TURN] target=-37.9 deg final_error=-1.88 deg status=SUCCESS
[SEARCH] target=green_chair rotating=30deg
[SKILL] turn values=(30.0,) t=119.32
[TURN] target=30.0 deg final_error=1.99 deg status=SUCCESS
[SEARCH] target=green_chair rotating=30deg
[SKILL] turn values=(30.0,) t=122.52
[TURN] target=30.0 deg final_error=1.90 deg status=SUCCESS
[DETECT] class=chair color=green conf=0.31 bbox=[414,115,640,457]
[SKILL] turn values=(-45.78788090837851,) t=125.32
[TURN] target=-45.8 deg final_error=-1.87 deg status=SUCCESS
[SEARCH] target=green_chair rotating=30deg
[SKILL] turn values=(30.0,) t=128.42
[TURN] target=30.0 deg final_error=1.86 deg status=SUCCESS
[DETECT] class=chair color=green conf=0.35 bbox=[319,1,640,427]
[SKILL] turn values=(-38.37991314738655,) t=131.62
[TURN] target=-38.4 deg final_error=-1.91 deg status=SUCCESS
[SEARCH] target=green_chair rotating=30deg
[SKILL] turn values=(30.0,) t=134.82
[TURN] target=30.0 deg final_error=1.86 deg status=SUCCESS
[SEARCH] target=green_chair rotating=30deg
[SKILL] turn values=(30.0,) t=137.92
[TURN] target=30.0 deg final_error=1.93 deg status=SUCCESS
[SEARCH] target=green_chair rotating=30deg
[SKILL] turn values=(30.0,) t=141.02
[TURN] target=30.0 deg final_error=1.94 deg status=SUCCESS
[DETECT] class=airplane color=unknown conf=0.26 bbox=[2,203,640,479]
[DETECT] class=airplane color=unknown conf=0.34 bbox=[2,202,640,479]
[DETECT] class=airplane color=unknown conf=0.33 bbox=[2,202,640,479]
[SEARCH] target=green_chair rotating=30deg
[SKILL] turn values=(30.0,) t=144.02
[TURN] target=30.0 deg final_error=1.89 deg status=SUCCESS
[DETECT] class=airplane color=unknown conf=0.38 bbox=[1,199,638,478]
[DETECT] class=airplane color=unknown conf=0.41 bbox=[1,198,638,478]
[DETECT] class=airplane color=unknown conf=0.38 bbox=[1,198,638,478]
[SEARCH] target=green_chair rotating=30deg
[SKILL] turn values=(30.0,) t=147.06
[TURN] target=30.0 deg final_error=1.99 deg status=SUCCESS
[DETECT] class=airplane color=unknown conf=0.55 bbox=[1,195,640,479]
[DETECT] class=airplane color=unknown conf=0.63 bbox=[1,194,640,479]
[DETECT] class=airplane color=unknown conf=0.62 bbox=[1,197,639,479]
[SEARCH] target=green_chair rotating=30deg
[SKILL] turn values=(30.0,) t=150.12
[TURN] target=30.0 deg final_error=2.00 deg status=SUCCESS
[DETECT] class=airplane color=unknown conf=0.40 bbox=[0,197,638,479]
[DETECT] class=airplane color=unknown conf=0.45 bbox=[0,197,638,479]
[DETECT] class=airplane color=unknown conf=0.47 bbox=[0,197,638,479]
[SEARCH] target=green_chair rotating=30deg
[SKILL] turn values=(30.0,) t=156.32
[TURN] target=30.0 deg final_error=2.00 deg status=SUCCESS
[SEARCH] target=green_chair rotating=30deg
[SKILL] turn values=(30.0,) t=163.82
[TURN] target=30.0 deg final_error=1.97 deg status=SUCCESS
[DETECT] class=airplane color=unknown conf=0.63 bbox=[1,200,639,479]
[DETECT] class=airplane color=unknown conf=0.61 bbox=[1,199,639,479]
[DETECT] class=airplane color=unknown conf=0.58 bbox=[1,198,639,479]
[SEARCH] target=green_chair rotating=30deg
[SKILL] turn values=(30.0,) t=166.92
[TURN] target=30.0 deg final_error=1.95 deg status=SUCCESS
[DETECT] class=chair color=red conf=0.50 bbox=[0,187,94,290]
[SEARCH] target=green_chair rotating=30deg
[SKILL] turn values=(30.0,) t=170.12
[TURN] target=30.0 deg final_error=1.87 deg status=SUCCESS
[DETECT] class=chair color=red conf=0.87 bbox=[96,78,254,288]
[DETECT] class=chair color=red conf=0.27 bbox=[81,281,297,480]
[DETECT] class=chair color=red conf=0.88 bbox=[91,75,252,285]
[DETECT] class=chair color=red conf=0.28 bbox=[75,281,293,480]
[DETECT] class=chair color=red conf=0.91 bbox=[86,74,249,286]
[SEARCH] target=green_chair rotating=30deg
[SKILL] turn values=(30.0,) t=173.12
[TURN] target=30.0 deg final_error=1.90 deg status=SUCCESS
[DETECT] class=chair color=red conf=0.86 bbox=[267,108,369,278]
[DETECT] class=chair color=red conf=0.80 bbox=[264,106,367,277]
[DETECT] class=chair color=red conf=0.81 bbox=[260,105,364,276]
[SEARCH] target=green_chair rotating=30deg
[SKILL] turn values=(30.0,) t=176.12
[TURN] target=30.0 deg final_error=1.91 deg status=SUCCESS
[DETECT] class=chair color=red conf=0.88 bbox=[429,313,640,480]
[DETECT] class=chair color=red conf=0.85 bbox=[383,108,519,291]
[DETECT] class=chair color=red conf=0.84 bbox=[380,107,513,289]
[DETECT] class=chair color=red conf=0.80 bbox=[424,309,640,480]
[DETECT] class=chair color=red conf=0.82 bbox=[378,106,509,288]
[DETECT] class=chair color=red conf=0.63 bbox=[420,306,640,480]
[MISSION] status=FAIL reason=full_turn_without_detection
[DETECT] class=chair color=red conf=0.84 bbox=[373,105,503,286]
[DETECT] class=chair color=red conf=0.74 bbox=[414,303,640,480]
[TRIAL] result=task4_evidence\2026-09-30-benchmark-v2\07_green_hidden\result.json success=False
