[KEYBOARD] evdev not installed; browser keyboard control is available
[MAP] switched to object_lab
[TRIAL] class=chair color=red source=explicit_target start=[1.0, -1.0, 180.0]
[SEARCH] target=red_chair rotating=30deg
[SKILL] turn values=(30.0,) t=2.42
[TURN] target=30.0 deg final_error=1.97 deg status=SUCCESS
[DETECT] class=airplane color=unknown conf=0.70 bbox=[1,199,640,479]
[DETECT] class=airplane color=unknown conf=0.71 bbox=[1,198,640,479]
[DETECT] class=airplane color=unknown conf=0.71 bbox=[1,197,640,479]
[SEARCH] target=red_chair rotating=30deg
[SKILL] turn values=(30.0,) t=5.32
[TURN] target=30.0 deg final_error=1.97 deg status=SUCCESS
[DETECT] class=airplane color=unknown conf=0.68 bbox=[0,200,638,479]
[DETECT] class=airplane color=unknown conf=0.66 bbox=[0,199,638,478]
[DETECT] class=airplane color=unknown conf=0.67 bbox=[0,199,638,478]
[SEARCH] target=red_chair rotating=30deg
[SKILL] turn values=(30.0,) t=8.34
[TURN] target=30.0 deg final_error=1.92 deg status=SUCCESS
[SEARCH] target=red_chair rotating=30deg
[SKILL] turn values=(30.0,) t=11.32
[TURN] target=30.0 deg final_error=1.93 deg status=SUCCESS
[DETECT] class=airplane color=unknown conf=0.58 bbox=[0,199,638,478]
[DETECT] class=airplane color=unknown conf=0.54 bbox=[0,199,638,478]
[DETECT] class=airplane color=unknown conf=0.47 bbox=[0,200,637,478]
[SEARCH] target=red_chair rotating=30deg
[SKILL] turn values=(30.0,) t=14.42
[TURN] target=30.0 deg final_error=1.90 deg status=SUCCESS
[DETECT] class=airplane color=unknown conf=0.31 bbox=[2,83,639,479]
[DETECT] class=airplane color=unknown conf=0.47 bbox=[0,82,640,480]
[DETECT] class=airplane color=unknown conf=0.45 bbox=[3,77,638,479]
[SEARCH] target=red_chair rotating=30deg
[SKILL] turn values=(30.0,) t=17.36
[TURN] target=30.0 deg final_error=1.94 deg status=SUCCESS
[DETECT] class=chair color=red conf=0.83 bbox=[160,121,265,267]
[SKILL] turn values=(28.093580477031818,) t=20.22
[TURN] target=28.1 deg final_error=1.88 deg status=SUCCESS
[DETECT] class=chair color=red conf=0.70 bbox=[288,122,374,262]
[DETECT] class=orange color=red conf=0.32 bbox=[139,218,202,270]
[SKILL] move values=(0.25, 0.0, 0.0, 0.25) t=23.12
[MOVE] completed duration=0.25
[DETECT] class=chair color=red conf=0.77 bbox=[281,98,369,250]
[DETECT] class=orange color=red conf=0.48 bbox=[124,208,193,263]
[DETECT] class=airplane color=unknown conf=0.30 bbox=[28,111,296,253]
[SKILL] move values=(0.25, 0.0, 0.0, 0.25) t=23.62
[MOVE] completed duration=0.25
[DETECT] class=chair color=red conf=0.68 bbox=[276,105,368,254]
[DETECT] class=orange color=red conf=0.63 bbox=[110,208,184,266]
[SKILL] move values=(0.25, 0.0, 0.0, 0.25) t=24.12
[MOVE] completed duration=0.25
[DETECT] class=chair color=red conf=0.83 bbox=[273,94,368,255]
[DETECT] class=airplane color=unknown conf=0.54 bbox=[1,103,283,323]
[DETECT] class=sports ball color=red conf=0.28 bbox=[97,210,178,271]
[SKILL] move values=(0.25, 0.0, 0.0, 0.25) t=24.62
[MOVE] completed duration=0.25
[DETECT] class=chair color=red conf=0.77 bbox=[270,98,368,261]
[DETECT] class=sports ball color=red conf=0.31 bbox=[79,211,166,275]
[SKILL] move values=(0.25, 0.0, 0.0, 0.25) t=25.12
[MOVE] completed duration=0.25
[DETECT] class=chair color=red conf=0.70 bbox=[266,88,367,259]
[DETECT] class=orange color=red conf=0.32 bbox=[63,212,158,281]
[DETECT] class=sports ball color=red conf=0.29 bbox=[63,212,159,281]
[SKILL] move values=(0.25, 0.0, 0.0, 0.25) t=25.62
[MOVE] completed duration=0.25
[DETECT] class=sports ball color=red conf=0.64 bbox=[40,214,146,286]
[DETECT] class=chair color=red conf=0.41 bbox=[261,92,367,267]
[DETECT] class=airplane color=unknown conf=0.33 bbox=[0,91,277,348]
[SKILL] move values=(0.25, 0.0, 0.0, 0.25) t=26.12
[MOVE] completed duration=0.25
[DETECT] class=sports ball color=red conf=0.65 bbox=[19,217,135,295]
[DETECT] class=airplane color=unknown conf=0.45 bbox=[0,87,274,361]
[DETECT] class=chair color=red conf=0.71 bbox=[256,89,365,273]
[DETECT] class=airplane color=unknown conf=0.59 bbox=[0,92,272,366]
[DETECT] class=sports ball color=red conf=0.52 bbox=[16,224,134,301]
[SKILL] move values=(0.25, 0.0, 0.0, 0.25) t=26.72
[MOVE] completed duration=0.25
[DETECT] class=airplane color=unknown conf=0.52 bbox=[0,77,271,370]
[DETECT] class=sports ball color=red conf=0.43 bbox=[0,217,119,300]
[DETECT] class=sports ball color=red conf=0.65 bbox=[0,220,118,303]
[DETECT] class=airplane color=unknown conf=0.39 bbox=[0,79,272,371]
[DETECT] class=chair color=red conf=0.66 bbox=[251,91,365,280]
[DETECT] class=sports ball color=red conf=0.53 bbox=[0,228,119,312]
[SKILL] move values=(0.25, 0.0, 0.0, 0.25) t=27.42
[MOVE] completed duration=0.25
[DETECT] class=sports ball color=red conf=0.72 bbox=[0,223,109,312]
[DETECT] class=chair color=red conf=0.36 bbox=[246,72,365,272]
[DETECT] class=airplane color=unknown conf=0.26 bbox=[0,81,263,383]
[SKILL] move values=(0.25, 0.0, 0.0, 0.25) t=27.92
[MOVE] completed duration=0.25
[DETECT] class=sports ball color=red conf=0.44 bbox=[0,223,90,319]
[DETECT] class=chair color=red conf=0.30 bbox=[241,75,365,278]
[SKILL] move values=(0.25, 0.0, 0.0, 0.25) t=28.42
[MOVE] completed duration=0.25
[DETECT] class=chair color=red conf=0.70 bbox=[234,62,364,282]
[SKILL] move values=(0.25, 0.0, 0.0, 0.25) t=28.92
[MOVE] completed duration=0.25
[DETECT] class=chair color=red conf=0.25 bbox=[228,65,365,284]
[SKILL] move values=(0.25, 0.0, 0.0, 0.25) t=29.42
[MOVE] completed duration=0.25
[DETECT] class=chair color=red conf=0.71 bbox=[220,49,363,293]
[SKILL] move values=(0.25, 0.0, 0.0, 0.25) t=29.92
[MOVE] completed duration=0.25
[DETECT] class=chair color=red conf=0.81 bbox=[211,51,365,307]
[SKILL] move values=(0.25, 0.0, 0.0, 0.25) t=30.42
[MOVE] completed duration=0.25
[DETECT] class=chair color=red conf=0.91 bbox=[201,33,363,309]
[SKILL] move values=(0.25, 0.0, 0.0, 0.25) t=30.92
[MOVE] completed duration=0.25
[DETECT] class=chair color=red conf=0.86 bbox=[190,35,365,318]
[SKILL] turn values=(11.916821427918299,) t=31.42
[TURN] target=11.9 deg final_error=1.98 deg status=SUCCESS
[DETECT] class=chair color=red conf=0.93 bbox=[250,47,423,341]
[DETECT] class=person color=red conf=0.25 bbox=[0,258,52,359]
[SKILL] move values=(0.25, 0.0, 0.0, 0.25) t=33.02
[MOVE] completed duration=0.25
[DETECT] class=chair color=red conf=0.77 bbox=[233,10,415,326]
[SKILL] move values=(0.25, 0.0, 0.0, 0.25) t=33.52
[MOVE] completed duration=0.25
[DETECT] class=chair color=red conf=0.60 bbox=[222,14,415,463]
[DETECT] class=chair color=red conf=0.26 bbox=[221,13,414,331]
[SKILL] move values=(0.25, 0.0, 0.0, 0.25) t=34.02
[MOVE] completed duration=0.25
[DETECT] class=chair color=red conf=0.46 bbox=[210,0,416,364]
[SKILL] move values=(0.25, 0.0, 0.0, 0.25) t=34.52
[MOVE] completed duration=0.25
[DETECT] class=chair color=red conf=0.75 bbox=[200,0,422,404]
[SKILL] move values=(0.25, 0.0, 0.0, 0.25) t=35.02
[MOVE] completed duration=0.25
[DETECT] class=chair color=red conf=0.85 bbox=[182,0,423,402]
[SKILL] move values=(0.25, 0.0, 0.0, 0.25) t=35.52
[MOVE] completed duration=0.25
[DETECT] class=chair color=red conf=0.88 bbox=[168,0,428,419]
[SKILL] move values=(0.25, 0.0, 0.0, 0.25) t=36.02
[MOVE] completed duration=0.25
[DETECT] class=chair color=red conf=0.77 bbox=[140,0,437,465]
[SKILL] move values=(0.25, 0.0, 0.0, 0.25) t=36.52
[MOVE] completed duration=0.25
[DETECT] class=chair color=red conf=0.67 bbox=[117,0,443,478]
[SKILL] turn values=(11.23419385549561,) t=37.10
[TURN] target=11.2 deg final_error=1.92 deg status=SUCCESS
[DETECT] class=chair color=red conf=0.72 bbox=[202,1,545,475]
[SKILL] turn values=(-14.877648206025416,) t=38.62
[TURN] target=-14.9 deg final_error=-1.94 deg status=SUCCESS
[DETECT] class=chair color=red conf=0.58 bbox=[58,1,395,479]
[SKILL] turn values=(24.90484530050014,) t=40.12
[TURN] target=24.9 deg final_error=1.99 deg status=SUCCESS
[DETECT] class=chair color=green conf=0.35 bbox=[0,67,89,283]
[DETECT] class=chair color=red conf=0.25 bbox=[268,1,640,476]
[SKILL] turn values=(-33.639625610645886,) t=42.52
[TURN] target=-33.6 deg final_error=-1.93 deg status=SUCCESS
[DETECT] class=umbrella color=red conf=0.27 bbox=[0,196,339,480]
[SEARCH] target=red_chair rotating=30deg
[SKILL] turn values=(30.0,) t=45.12
[TURN] target=30.0 deg final_error=1.79 deg status=SUCCESS
[DETECT] class=chair color=red conf=0.31 bbox=[254,1,640,477]
[SKILL] turn values=(-32.23701797576942,) t=48.02
[TURN] target=-32.2 deg final_error=-1.70 deg status=SUCCESS
[SEARCH] target=red_chair rotating=30deg
[SKILL] turn values=(30.0,) t=50.62
[TURN] target=30.0 deg final_error=1.96 deg status=SUCCESS
[DETECT] class=chair color=red conf=0.58 bbox=[235,2,640,478]
[SKILL] turn values=(-30.261967016427512,) t=53.42
[TURN] target=-30.3 deg final_error=-1.85 deg status=SUCCESS
[SEARCH] target=red_chair rotating=30deg
[SKILL] turn values=(30.0,) t=55.82
[TURN] target=30.0 deg final_error=1.93 deg status=SUCCESS
[DETECT] class=chair color=red conf=0.53 bbox=[240,0,638,475]
[SKILL] turn values=(-30.57931458520536,) t=58.90
[TURN] target=-30.6 deg final_error=-2.00 deg status=SUCCESS
[SEARCH] target=red_chair rotating=30deg
[SKILL] turn values=(30.0,) t=61.22
[TURN] target=30.0 deg final_error=1.96 deg status=SUCCESS
[DETECT] class=chair color=red conf=0.31 bbox=[224,1,640,477]
[SKILL] turn values=(-29.080697234951543,) t=64.32
[TURN] target=-29.1 deg final_error=-1.88 deg status=SUCCESS
[SEARCH] target=red_chair rotating=30deg
[SKILL] turn values=(30.0,) t=66.72
[TURN] target=30.0 deg final_error=1.82 deg status=SUCCESS
[SEARCH] target=red_chair rotating=30deg
[SKILL] turn values=(30.0,) t=70.02
[TURN] target=30.0 deg final_error=1.96 deg status=SUCCESS
[DETECT] class=chair color=red conf=0.80 bbox=[394,3,640,428]
[DETECT] class=orange color=red conf=0.32 bbox=[55,246,197,355]
[SKILL] turn values=(-44.36952903848231,) t=72.72
[TURN] target=-44.4 deg final_error=-1.70 deg status=SUCCESS
[DETECT] class=chair color=red conf=0.69 bbox=[65,1,443,478]
[SKILL] turn values=(18.14563792745428,) t=75.52
[TURN] target=18.1 deg final_error=1.88 deg status=SUCCESS
[SEARCH] target=red_chair rotating=30deg
[SKILL] turn values=(30.0,) t=78.52
[TURN] target=30.0 deg final_error=1.88 deg status=SUCCESS
[DETECT] class=chair color=red conf=0.75 bbox=[385,0,639,426]
[DETECT] class=orange color=red conf=0.32 bbox=[38,247,188,357]
[SKILL] turn values=(-43.633506451993895,) t=81.42
[TURN] target=-43.6 deg final_error=-1.99 deg status=SUCCESS
[DETECT] class=chair color=red conf=0.59 bbox=[32,0,474,478]
[SKILL] turn values=(18.402174557240436,) t=84.12
[TURN] target=18.4 deg final_error=1.93 deg status=SUCCESS
[SEARCH] target=red_chair rotating=30deg
[SKILL] turn values=(30.0,) t=86.72
[TURN] target=30.0 deg final_error=1.89 deg status=SUCCESS
[DETECT] class=chair color=red conf=0.76 bbox=[385,1,639,435]
[SKILL] turn values=(-43.633506451993895,) t=89.42
[TURN] target=-43.6 deg final_error=-1.89 deg status=SUCCESS
[SEARCH] target=red_chair rotating=30deg
[SKILL] turn values=(30.0,) t=92.46
[TURN] target=30.0 deg final_error=1.97 deg status=SUCCESS
[DETECT] class=chair color=red conf=0.83 bbox=[303,1,640,423]
[DETECT] class=chair color=unknown conf=0.74 bbox=[30,91,169,277]
[DETECT] class=chair color=red conf=0.47 bbox=[0,262,89,393]
[DETECT] class=person color=red conf=0.31 bbox=[0,261,89,394]
[SKILL] turn values=(-36.95394109331435,) t=95.22
[TURN] target=-37.0 deg final_error=-1.85 deg status=SUCCESS
[SEARCH] target=red_chair rotating=30deg
[SKILL] turn values=(30.0,) t=98.24
[TURN] target=30.0 deg final_error=1.85 deg status=SUCCESS
[DETECT] class=chair color=red conf=0.56 bbox=[262,2,640,474]
[DETECT] class=chair color=unknown conf=0.41 bbox=[0,78,131,369]
[DETECT] class=chair color=unknown conf=0.39 bbox=[0,79,130,277]
[SKILL] turn values=(-33.04395520471472,) t=101.12
[TURN] target=-33.0 deg final_error=-1.84 deg status=SUCCESS
[SEARCH] target=red_chair rotating=30deg
[SKILL] turn values=(30.0,) t=103.62
[TURN] target=30.0 deg final_error=1.86 deg status=SUCCESS
[DETECT] class=chair color=green conf=0.66 bbox=[0,73,113,277]
[DETECT] class=chair color=red conf=0.58 bbox=[241,1,640,473]
[SKILL] turn values=(-30.89459838079363,) t=106.52
[TURN] target=-30.9 deg final_error=-1.83 deg status=SUCCESS
[SEARCH] target=red_chair rotating=30deg
[SKILL] turn values=(30.0,) t=109.02
[TURN] target=30.0 deg final_error=1.86 deg status=SUCCESS
[DETECT] class=chair color=green conf=0.77 bbox=[0,75,124,283]
[DETECT] class=chair color=red conf=0.68 bbox=[251,1,640,463]
[SKILL] turn values=(-31.930657768889272,) t=111.92
[TURN] target=-31.9 deg final_error=-1.99 deg status=SUCCESS
[SEARCH] target=red_chair rotating=30deg
[SKILL] turn values=(30.0,) t=114.74
[TURN] target=30.0 deg final_error=1.96 deg status=SUCCESS
[DETECT] class=chair color=green conf=0.70 bbox=[0,69,112,278]
[DETECT] class=chair color=red conf=0.37 bbox=[231,1,639,467]
[SKILL] turn values=(-29.728466654261513,) t=117.62
[TURN] target=-29.7 deg final_error=-1.83 deg status=SUCCESS
[SEARCH] target=red_chair rotating=30deg
[SKILL] turn values=(30.0,) t=120.12
[TURN] target=30.0 deg final_error=1.84 deg status=SUCCESS
[DETECT] class=chair color=green conf=0.80 bbox=[0,68,111,279]
[DETECT] class=chair color=green conf=0.60 bbox=[0,66,108,280]
[DETECT] class=chair color=green conf=0.37 bbox=[0,65,105,281]
[SEARCH] target=red_chair rotating=30deg
[SKILL] turn values=(30.0,) t=123.32
[TURN] target=30.0 deg final_error=1.98 deg status=SUCCESS
[DETECT] class=chair color=red conf=0.50 bbox=[381,0,639,450]
[DETECT] class=orange color=red conf=0.49 bbox=[72,242,202,341]
[SKILL] turn values=(-43.333947259678254,) t=125.92
[TURN] target=-43.3 deg final_error=-1.77 deg status=SUCCESS
[SEARCH] target=red_chair rotating=30deg
[SKILL] turn values=(30.0,) t=129.42
[TURN] target=30.0 deg final_error=2.00 deg status=SUCCESS
[DETECT] class=chair color=red conf=0.70 bbox=[317,3,638,449]
[DETECT] class=chair color=unknown conf=0.68 bbox=[84,100,200,270]
[SKILL] turn values=(-38.02854658028092,) t=132.32
[TURN] target=-38.0 deg final_error=-1.89 deg status=SUCCESS
[SEARCH] target=red_chair rotating=30deg
[SKILL] turn values=(30.0,) t=137.02
[TURN] target=30.0 deg final_error=1.82 deg status=SUCCESS
[DETECT] class=chair color=unknown conf=0.88 bbox=[29,92,170,280]
[DETECT] class=chair color=red conf=0.34 bbox=[282,1,639,471]
[SKILL] turn values=(-34.902418427322125,) t=139.82
[TURN] target=-34.9 deg final_error=-1.92 deg status=SUCCESS
[SEARCH] target=red_chair rotating=30deg
[SKILL] turn values=(30.0,) t=142.52
[TURN] target=30.0 deg final_error=1.87 deg status=SUCCESS
[DETECT] class=chair color=unknown conf=0.85 bbox=[0,80,148,285]
[DETECT] class=chair color=red conf=0.39 bbox=[262,1,640,463]
[SKILL] turn values=(-33.04395520471472,) t=145.42
[TURN] target=-33.0 deg final_error=-1.87 deg status=SUCCESS
[SEARCH] target=red_chair rotating=30deg
[SKILL] turn values=(30.0,) t=147.92
[TURN] target=30.0 deg final_error=1.84 deg status=SUCCESS
[DETECT] class=chair color=unknown conf=0.73 bbox=[0,78,136,286]
[DETECT] class=chair color=unknown conf=0.83 bbox=[0,76,130,289]
[DETECT] class=chair color=red conf=0.43 bbox=[249,1,640,475]
[SKILL] turn values=(-31.725275932436396,) t=151.02
[TURN] target=-31.7 deg final_error=-1.99 deg status=SUCCESS
[SEARCH] target=red_chair rotating=30deg
[SKILL] turn values=(30.0,) t=153.52
[TURN] target=30.0 deg final_error=1.92 deg status=SUCCESS
[DETECT] class=chair color=green conf=0.75 bbox=[0,70,120,276]
[DETECT] class=chair color=red conf=0.26 bbox=[247,1,639,471]
[SKILL] turn values=(-31.415488574765867,) t=156.42
[TURN] target=-31.4 deg final_error=-1.72 deg status=SUCCESS
[SEARCH] target=red_chair rotating=30deg
[SKILL] turn values=(30.0,) t=159.02
[TURN] target=30.0 deg final_error=1.85 deg status=SUCCESS
[DETECT] class=chair color=green conf=0.69 bbox=[0,68,115,282]
[DETECT] class=chair color=red conf=0.28 bbox=[242,1,640,475]
[SKILL] turn values=(-30.99923454943727,) t=161.82
[TURN] target=-31.0 deg final_error=-2.00 deg status=SUCCESS
[SEARCH] target=red_chair rotating=30deg
[SKILL] turn values=(30.0,) t=164.42
[TURN] target=30.0 deg final_error=1.96 deg status=SUCCESS
[DETECT] class=chair color=unknown conf=0.77 bbox=[0,71,128,284]
[DETECT] class=chair color=red conf=0.64 bbox=[263,1,640,473]
[SKILL] turn values=(-33.14379979769393,) t=167.32
[TURN] target=-33.1 deg final_error=-1.75 deg status=SUCCESS
[SEARCH] target=red_chair rotating=30deg
[SKILL] turn values=(30.0,) t=170.42
[TURN] target=30.0 deg final_error=1.79 deg status=SUCCESS
[DETECT] class=chair color=green conf=0.57 bbox=[0,66,115,281]
[DETECT] class=chair color=red conf=0.49 bbox=[250,1,640,472]
[SKILL] turn values=(-31.82808109263205,) t=173.32
[TURN] target=-31.8 deg final_error=-1.83 deg status=SUCCESS
[SEARCH] target=red_chair rotating=30deg
[SKILL] turn values=(30.0,) t=175.72
[TURN] target=30.0 deg final_error=1.96 deg status=SUCCESS
[DETECT] class=chair color=green conf=0.69 bbox=[0,65,118,278]
[DETECT] class=chair color=red conf=0.57 bbox=[253,1,640,475]
[SKILL] turn values=(-32.1351260969448,) t=178.62
[TURN] target=-32.1 deg final_error=-1.91 deg status=SUCCESS
[SEARCH] target=red_chair rotating=30deg
[SKILL] turn values=(30.0,) t=181.22
[TURN] target=30.0 deg final_error=1.98 deg status=SUCCESS
[DETECT] class=chair color=green conf=0.70 bbox=[0,59,106,282]
[DETECT] class=chair color=red conf=0.50 bbox=[235,1,640,474]
[SKILL] turn values=(-30.261967016427512,) t=184.62
[TURN] target=-30.3 deg final_error=-2.00 deg status=SUCCESS
[SEARCH] target=red_chair rotating=30deg
[SKILL] turn values=(30.0,) t=187.02
[TURN] target=30.0 deg final_error=1.88 deg status=SUCCESS
[DETECT] class=chair color=green conf=0.76 bbox=[0,61,110,282]
[DETECT] class=chair color=red conf=0.62 bbox=[249,0,639,477]
[SKILL] turn values=(-31.622242188217626,) t=189.92
[TURN] target=-31.6 deg final_error=-1.84 deg status=SUCCESS
[MISSION] status=FAIL reason=timeout
[TRIAL] result=task4_evidence\2026-09-30-benchmark-v2\08_red_hidden\result.json success=False
