[KEYBOARD] evdev not installed; browser keyboard control is available
[MAP] switched to object_lab
[DETECT] class=sports ball color=red conf=0.34 bbox=[423,221,498,283]
[DETECT] class=orange color=red conf=0.27 bbox=[423,220,498,283]
[TRIAL] class=chair color=green source=explicit_target start=[1.0, 0.0, 30.0]
[DETECT] class=sports ball color=red conf=0.34 bbox=[423,221,498,283]
[DETECT] class=orange color=red conf=0.27 bbox=[423,220,498,283]
[DETECT] class=sports ball color=red conf=0.33 bbox=[423,221,498,283]
[DETECT] class=orange color=red conf=0.30 bbox=[423,220,498,283]
[DETECT] class=sports ball color=red conf=0.30 bbox=[423,221,498,283]
[DETECT] class=orange color=red conf=0.30 bbox=[423,220,498,283]
[SEARCH] target=green_chair rotating=30deg
[SKILL] turn values=(30.0,) t=2.42
[TURN] target=30.0 deg final_error=1.96 deg status=SUCCESS
[DETECT] class=chair color=green conf=0.57 bbox=[414,112,542,267]
[SKILL] turn values=(-38.116706379219266,) t=5.22
[TURN] target=-38.1 deg final_error=-1.86 deg status=SUCCESS
[DETECT] class=chair color=green conf=0.51 bbox=[253,128,327,253]
[DETECT] class=orange color=red conf=0.29 bbox=[374,221,436,278]
[SKILL] move values=(0.25, 0.0, 0.0, 0.25) t=7.72
[MOVE] completed duration=0.25
[DETECT] class=chair color=green conf=0.55 bbox=[254,109,331,241]
[DETECT] class=sports ball color=red conf=0.34 bbox=[380,205,446,266]
[SKILL] move values=(0.25, 0.0, 0.0, 0.25) t=8.22
[MOVE] completed duration=0.25
[DETECT] class=chair color=green conf=0.47 bbox=[254,105,334,243]
[SKILL] move values=(0.25, 0.0, 0.0, 0.25) t=8.72
[MOVE] completed duration=0.25
[DETECT] class=airplane color=unknown conf=0.27 bbox=[250,78,640,456]
[DETECT] class=airplane color=unknown conf=0.26 bbox=[247,78,639,354]
[DETECT] class=orange color=red conf=0.25 bbox=[384,214,458,279]
[DETECT] class=orange color=red conf=0.35 bbox=[385,218,458,284]
[SEARCH] target=green_chair rotating=30deg
[SKILL] turn values=(30.0,) t=9.52
[TURN] target=30.0 deg final_error=1.97 deg status=SUCCESS
[DETECT] class=chair color=green conf=0.70 bbox=[368,114,478,266]
[SKILL] turn values=(-27.087969074298922,) t=12.22
[TURN] target=-27.1 deg final_error=-1.85 deg status=SUCCESS
[DETECT] class=chair color=green conf=0.35 bbox=[257,123,338,262]
[DETECT] class=airplane color=unknown conf=0.34 bbox=[257,86,639,370]
[DETECT] class=orange color=red conf=0.30 bbox=[393,228,472,296]
[SKILL] move values=(0.25, 0.0, 0.0, 0.25) t=14.12
[MOVE] completed duration=0.25
[DETECT] class=orange color=red conf=0.48 bbox=[406,212,491,285]
[DETECT] class=airplane color=unknown conf=0.46 bbox=[260,70,639,277]
[DETECT] class=airplane color=unknown conf=0.30 bbox=[259,69,640,476]
[DETECT] class=orange color=red conf=0.44 bbox=[405,219,491,292]
[DETECT] class=airplane color=unknown conf=0.36 bbox=[264,87,639,369]
[DETECT] class=airplane color=unknown conf=0.34 bbox=[262,77,640,282]
[DETECT] class=airplane color=unknown conf=0.31 bbox=[261,77,640,475]
[DETECT] class=airplane color=unknown conf=0.66 bbox=[264,98,639,371]
[DETECT] class=orange color=red conf=0.50 bbox=[405,230,490,303]
[DETECT] class=chair color=green conf=0.42 bbox=[264,119,348,262]
[SKILL] move values=(0.25, 0.0, 0.0, 0.25) t=14.92
[MOVE] completed duration=0.25
[DETECT] class=airplane color=unknown conf=0.58 bbox=[257,92,640,387]
[DETECT] class=airplane color=unknown conf=0.49 bbox=[257,94,640,278]
[DETECT] class=sports ball color=red conf=0.46 bbox=[406,212,496,288]
[DETECT] class=airplane color=unknown conf=0.87 bbox=[257,93,640,366]
[DETECT] class=orange color=red conf=0.33 bbox=[405,219,494,295]
[DETECT] class=airplane color=unknown conf=0.74 bbox=[257,94,640,371]
[DETECT] class=orange color=red conf=0.50 bbox=[405,225,494,302]
[SEARCH] target=green_chair rotating=30deg
[SKILL] turn values=(30.0,) t=15.66
[TURN] target=30.0 deg final_error=1.96 deg status=SUCCESS
[DETECT] class=chair color=green conf=0.76 bbox=[376,105,500,272]
[SKILL] turn values=(-30.36797889894162,) t=18.42
[TURN] target=-30.4 deg final_error=-1.80 deg status=SUCCESS
[DETECT] class=airplane color=unknown conf=0.83 bbox=[244,87,638,465]
[DETECT] class=airplane color=unknown conf=0.85 bbox=[247,83,638,466]
[DETECT] class=chair color=green conf=0.28 bbox=[250,119,335,267]
[SKILL] move values=(0.25, 0.0, 0.0, 0.25) t=20.82
[MOVE] completed duration=0.25
[DETECT] class=airplane color=unknown conf=0.67 bbox=[250,100,640,367]
[DETECT] class=orange color=red conf=0.44 bbox=[408,215,506,298]
[DETECT] class=chair color=green conf=0.30 bbox=[254,97,342,256]
[SKILL] move values=(0.25, 0.0, 0.0, 0.25) t=21.32
[MOVE] completed duration=0.25
[DETECT] class=airplane color=unknown conf=0.45 bbox=[250,90,640,458]
[DETECT] class=sports ball color=red conf=0.36 bbox=[411,223,517,311]
[DETECT] class=orange color=red conf=0.26 bbox=[411,223,518,310]
[DETECT] class=chair color=green conf=0.25 bbox=[252,97,344,260]
[SKILL] move values=(0.25, 0.0, 0.0, 0.25) t=21.82
[MOVE] completed duration=0.25
[DETECT] class=airplane color=unknown conf=0.47 bbox=[245,87,639,412]
[DETECT] class=chair color=green conf=0.40 bbox=[245,85,340,258]
[DETECT] class=orange color=red conf=0.34 bbox=[417,217,537,313]
[DETECT] class=sports ball color=red conf=0.32 bbox=[417,217,537,313]
[SKILL] move values=(0.25, 0.0, 0.0, 0.25) t=22.32
[MOVE] completed duration=0.25
[DETECT] class=orange color=red conf=0.45 bbox=[418,227,546,329]
[DETECT] class=airplane color=unknown conf=0.25 bbox=[240,86,639,438]
[DETECT] class=orange color=red conf=0.44 bbox=[418,228,547,331]
[DETECT] class=airplane color=unknown conf=0.31 bbox=[239,86,640,433]
[DETECT] class=chair color=green conf=0.30 bbox=[239,87,340,264]
[SKILL] move values=(0.25, 0.0, 0.0, 0.25) t=22.92
[MOVE] completed duration=0.25
[DETECT] class=chair color=green conf=0.73 bbox=[233,74,338,265]
[DETECT] class=orange color=red conf=0.33 bbox=[427,223,576,336]
[SKILL] move values=(0.25, 0.0, 0.0, 0.25) t=23.42
[MOVE] completed duration=0.25
[DETECT] class=chair color=green conf=0.37 bbox=[229,78,336,272]
[SKILL] move values=(0.25, 0.0, 0.0, 0.25) t=23.92
[MOVE] completed duration=0.25
[DETECT] class=chair color=green conf=0.68 bbox=[222,65,335,274]
[SKILL] turn values=(11.644170882338656,) t=24.42
[TURN] target=11.6 deg final_error=1.86 deg status=SUCCESS
[DETECT] class=chair color=green conf=0.75 bbox=[270,88,385,286]
[SKILL] move values=(0.25, 0.0, 0.0, 0.25) t=26.12
[MOVE] completed duration=0.25
[DETECT] class=chair color=green conf=0.59 bbox=[259,60,376,275]
[SKILL] move values=(0.25, 0.0, 0.0, 0.25) t=26.62
[MOVE] completed duration=0.25
[DETECT] class=chair color=green conf=0.78 bbox=[253,63,376,280]
[SKILL] move values=(0.25, 0.0, 0.0, 0.25) t=27.12
[MOVE] completed duration=0.25
[DETECT] class=chair color=green conf=0.75 bbox=[247,46,374,283]
[SKILL] move values=(0.25, 0.0, 0.0, 0.25) t=27.62
[MOVE] completed duration=0.25
[DETECT] class=chair color=green conf=0.75 bbox=[241,49,376,291]
[SKILL] move values=(0.25, 0.0, 0.0, 0.25) t=28.12
[MOVE] completed duration=0.25
[DETECT] class=chair color=green conf=0.83 bbox=[233,29,374,297]
[DETECT] class=umbrella color=red conf=0.77 bbox=[580,296,640,459]
[SKILL] move values=(0.25, 0.0, 0.0, 0.25) t=28.62
[MOVE] completed duration=0.25
[DETECT] class=chair color=green conf=0.90 bbox=[227,30,377,305]
[DETECT] class=umbrella color=red conf=0.39 bbox=[604,333,640,468]
[DETECT] class=person color=red conf=0.25 bbox=[604,333,640,467]
[SKILL] move values=(0.25, 0.0, 0.0, 0.25) t=29.12
[MOVE] completed duration=0.25
[DETECT] class=chair color=green conf=0.84 bbox=[218,5,375,312]
[SKILL] move values=(0.25, 0.0, 0.0, 0.25) t=29.62
[MOVE] completed duration=0.25
[DETECT] class=chair color=green conf=0.89 bbox=[209,5,378,323]
[SKILL] move values=(0.25, 0.0, 0.0, 0.25) t=30.12
[MOVE] completed duration=0.25
[DETECT] class=chair color=green conf=0.81 bbox=[197,2,375,333]
[SKILL] move values=(0.25, 0.0, 0.0, 0.25) t=30.62
[MOVE] completed duration=0.25
[DETECT] class=chair color=green conf=0.81 bbox=[188,1,379,348]
[SKILL] move values=(0.25, 0.0, 0.0, 0.25) t=31.12
[MOVE] completed duration=0.25
[DETECT] class=chair color=green conf=0.83 bbox=[172,0,376,364]
[SKILL] turn values=(12.866725280502784,) t=31.62
[TURN] target=12.9 deg final_error=1.86 deg status=SUCCESS
[DETECT] class=chair color=green conf=0.39 bbox=[240,2,452,380]
[SKILL] move values=(0.25, 0.0, 0.0, 0.25) t=33.42
[MOVE] completed duration=0.25
[DETECT] class=chair color=green conf=0.90 bbox=[221,0,451,367]
[SKILL] move values=(0.25, 0.0, 0.0, 0.25) t=33.92
[MOVE] completed duration=0.25
[DETECT] class=chair color=green conf=0.89 bbox=[210,0,452,395]
[SKILL] move values=(0.25, 0.0, 0.0, 0.25) t=34.42
[MOVE] completed duration=0.25
[DETECT] class=chair color=green conf=0.86 bbox=[199,0,463,420]
[SKILL] move values=(0.25, 0.0, 0.0, 0.25) t=34.92
[MOVE] completed duration=0.25
[DETECT] class=chair color=green conf=0.65 bbox=[178,1,472,471]
[DETECT] class=chair color=green conf=0.42 bbox=[181,2,621,468]
[APPROACH] final_visual_steps=4
[SKILL] move values=(0.2, 0.0, 0.0, 0.25) t=35.42
[MOVE] completed duration=0.25
[SKILL] move values=(0.2, 0.0, 0.0, 0.25) t=35.72
[MOVE] completed duration=0.25
[SKILL] move values=(0.2, 0.0, 0.0, 0.25) t=36.02
[MOVE] completed duration=0.25
[SKILL] move values=(0.2, 0.0, 0.0, 0.25) t=36.32
[MOVE] completed duration=0.25
[MISSION] status=FAIL reason=target_not_visible_at_stop
[TRIAL] result=task4_evidence\2026-09-30-benchmark-v2\09_green_angled\result.json success=False
