[KEYBOARD] evdev not installed; browser keyboard control is available
[MAP] switched to object_lab
[DETECT] class=sports ball color=red conf=0.63 bbox=[303,204,334,235]
[DETECT] class=chair color=red conf=0.39 bbox=[369,145,420,230]
[TRIAL] class=chair color=red source=explicit_target start=[0.0, 0.0, 0.0]
[DETECT] class=sports ball color=red conf=0.63 bbox=[303,204,334,235]
[DETECT] class=chair color=red conf=0.39 bbox=[369,145,420,230]
[SKILL] turn values=(-12.180875290110734,) t=2.12
[TURN] target=-12.2 deg final_error=-1.94 deg status=SUCCESS
[DETECT] class=sports ball color=red conf=0.54 bbox=[261,211,293,241]
[DETECT] class=chair color=red conf=0.53 bbox=[328,153,371,232]
[DETECT] class=chair color=green conf=0.50 bbox=[156,152,229,242]
[SKILL] move values=(0.25, 0.0, 0.0, 0.25) t=3.72
[MOVE] completed duration=0.25
[DETECT] class=sports ball color=red conf=0.52 bbox=[272,196,303,228]
[DETECT] class=chair color=green conf=0.52 bbox=[168,135,238,227]
[DETECT] class=chair color=red conf=0.47 bbox=[340,136,384,220]
[DETECT] class=chair color=green conf=0.33 bbox=[192,136,237,226]
[SKILL] move values=(0.25, 0.0, 0.0, 0.25) t=4.22
[MOVE] completed duration=0.25
[DETECT] class=chair color=red conf=0.70 bbox=[338,141,385,224]
[DETECT] class=chair color=green conf=0.65 bbox=[162,133,233,228]
[DETECT] class=sports ball color=red conf=0.55 bbox=[268,198,301,230]
[DETECT] class=chair color=green conf=0.26 bbox=[188,134,233,227]
[SKILL] move values=(0.25, 0.0, 0.0, 0.25) t=4.72
[MOVE] completed duration=0.25
[DETECT] class=chair color=green conf=0.66 bbox=[155,130,231,229]
[DETECT] class=sports ball color=red conf=0.60 bbox=[266,195,299,228]
[DETECT] class=chair color=red conf=0.27 bbox=[337,134,384,221]
[SKILL] move values=(0.25, 0.0, 0.0, 0.25) t=5.22
[MOVE] completed duration=0.25
[DETECT] class=chair color=red conf=0.67 bbox=[335,140,382,226]
[DETECT] class=sports ball color=red conf=0.40 bbox=[261,199,295,233]
[DETECT] class=chair color=green conf=0.40 bbox=[147,131,224,232]
[SKILL] move values=(0.25, 0.0, 0.0, 0.25) t=5.72
[MOVE] completed duration=0.25
[DETECT] class=chair color=green conf=0.56 bbox=[140,128,222,233]
[DETECT] class=chair color=red conf=0.40 bbox=[333,132,381,223]
[DETECT] class=sports ball color=red conf=0.39 bbox=[258,197,294,232]
[SKILL] move values=(0.25, 0.0, 0.0, 0.25) t=6.22
[MOVE] completed duration=0.25
[DETECT] class=sports ball color=red conf=0.73 bbox=[254,200,290,236]
[DETECT] class=chair color=red conf=0.68 bbox=[331,137,380,227]
[DETECT] class=chair color=green conf=0.53 bbox=[130,128,216,233]
[SKILL] move values=(0.25, 0.0, 0.0, 0.25) t=6.82
[MOVE] completed duration=0.25
[DETECT] class=chair color=red conf=0.69 bbox=[330,130,380,224]
[DETECT] class=sports ball color=red conf=0.68 bbox=[251,197,288,234]
[DETECT] class=chair color=green conf=0.56 bbox=[123,124,213,234]
[DETECT] class=chair color=green conf=0.46 bbox=[155,125,213,232]
[SKILL] move values=(0.25, 0.0, 0.0, 0.25) t=7.32
[MOVE] completed duration=0.25
[DETECT] class=sports ball color=red conf=0.78 bbox=[246,200,285,238]
[DETECT] class=chair color=green conf=0.45 bbox=[113,125,207,237]
[DETECT] class=chair color=red conf=0.37 bbox=[328,136,378,229]
[SKILL] move values=(0.25, 0.0, 0.0, 0.25) t=7.92
[MOVE] completed duration=0.25
[DETECT] class=chair color=green conf=0.68 bbox=[106,121,204,240]
[DETECT] class=sports ball color=red conf=0.67 bbox=[243,197,283,237]
[DETECT] class=chair color=red conf=0.40 bbox=[327,128,379,226]
[SKILL] move values=(0.25, 0.0, 0.0, 0.25) t=8.42
[MOVE] completed duration=0.25
[DETECT] class=chair color=green conf=0.50 bbox=[95,120,197,240]
[DETECT] class=chair color=red conf=0.31 bbox=[325,133,377,230]
[DETECT] class=orange color=red conf=0.29 bbox=[238,200,279,241]
[DETECT] class=sports ball color=red conf=0.26 bbox=[238,200,279,241]
[SKILL] move values=(0.25, 0.0, 0.0, 0.25) t=8.92
[MOVE] completed duration=0.25
[DETECT] class=sports ball color=red conf=0.71 bbox=[234,200,278,242]
[DETECT] class=chair color=green conf=0.27 bbox=[86,118,194,244]
[DETECT] class=sports ball color=red conf=0.81 bbox=[233,205,277,246]
[DETECT] class=chair color=green conf=0.27 bbox=[84,124,193,248]
[DETECT] class=chair color=green conf=0.58 bbox=[85,131,192,255]
[DETECT] class=sports ball color=red conf=0.39 bbox=[233,212,276,254]
[DETECT] class=chair color=red conf=0.31 bbox=[323,142,375,240]
[SKILL] move values=(0.25, 0.0, 0.0, 0.25) t=9.72
[MOVE] completed duration=0.25
[DETECT] class=sports ball color=red conf=0.85 bbox=[228,201,272,244]
[DETECT] class=chair color=green conf=0.49 bbox=[71,114,185,245]
[DETECT] class=chair color=red conf=0.33 bbox=[321,129,375,232]
[SKILL] move values=(0.25, 0.0, 0.0, 0.25) t=10.22
[MOVE] completed duration=0.25
[DETECT] class=sports ball color=red conf=0.82 bbox=[224,200,270,245]
[DETECT] class=chair color=green conf=0.44 bbox=[60,112,182,247]
[DETECT] class=chair color=green conf=0.49 bbox=[59,119,181,252]
[DETECT] class=orange color=red conf=0.49 bbox=[223,207,269,251]
[DETECT] class=chair color=green conf=0.48 bbox=[63,128,182,258]
[DETECT] class=sports ball color=red conf=0.29 bbox=[223,214,269,257]
[DETECT] class=chair color=green conf=0.49 bbox=[62,128,181,258]
[DETECT] class=orange color=red conf=0.35 bbox=[223,214,269,258]
[DETECT] class=sports ball color=red conf=0.26 bbox=[223,214,269,258]
[DETECT] class=chair color=green conf=0.50 bbox=[62,127,181,258]
[DETECT] class=sports ball color=red conf=0.38 bbox=[222,214,268,257]
[DETECT] class=orange color=red conf=0.25 bbox=[223,214,269,257]
[SEARCH] target=red_chair rotating=30deg
[SKILL] turn values=(30.0,) t=11.32
[TURN] target=30.0 deg final_error=1.92 deg status=SUCCESS
[DETECT] class=chair color=green conf=0.56 bbox=[242,140,307,243]
[DETECT] class=chair color=red conf=0.46 bbox=[440,130,537,261]
[DETECT] class=sports ball color=red conf=0.29 bbox=[343,215,385,258]
[SKILL] turn values=(-23.951742724062388,) t=14.12
[TURN] target=-24.0 deg final_error=-2.00 deg status=SUCCESS
[DETECT] class=chair color=green conf=0.60 bbox=[107,132,209,257]
[DETECT] class=sports ball color=red conf=0.59 bbox=[247,216,291,258]
[DETECT] class=chair color=red conf=0.31 bbox=[341,140,396,244]
[SKILL] move values=(0.25, 0.0, 0.0, 0.25) t=15.92
[MOVE] completed duration=0.25
[DETECT] class=sports ball color=red conf=0.71 bbox=[249,201,294,246]
[DETECT] class=chair color=green conf=0.58 bbox=[107,116,210,245]
[DETECT] class=chair color=red conf=0.35 bbox=[344,123,405,233]
[SKILL] move values=(0.25, 0.0, 0.0, 0.25) t=16.42
[MOVE] completed duration=0.25
[DETECT] class=chair color=green conf=0.66 bbox=[105,115,210,247]
[DETECT] class=sports ball color=red conf=0.40 bbox=[249,201,295,247]
[DETECT] class=chair color=green conf=0.66 bbox=[105,121,210,251]
[DETECT] class=orange color=red conf=0.59 bbox=[248,208,295,253]
[DETECT] class=sports ball color=red conf=0.70 bbox=[248,214,295,260]
[DETECT] class=chair color=green conf=0.61 bbox=[106,128,209,257]
[DETECT] class=chair color=red conf=0.34 bbox=[346,134,405,245]
[SKILL] move values=(0.25, 0.0, 0.0, 0.25) t=17.12
[MOVE] completed duration=0.25
[DETECT] class=chair color=red conf=0.68 bbox=[345,123,409,238]
[DETECT] class=chair color=green conf=0.66 bbox=[94,112,204,247]
[DETECT] class=orange color=red conf=0.56 bbox=[244,203,292,251]
[SKILL] move values=(0.25, 0.0, 0.0, 0.25) t=17.62
[MOVE] completed duration=0.25
[DETECT] class=orange color=red conf=0.58 bbox=[240,203,290,252]
[DETECT] class=chair color=green conf=0.53 bbox=[84,110,201,250]
[DETECT] class=chair color=green conf=0.58 bbox=[83,116,199,257]
[DETECT] class=orange color=red conf=0.27 bbox=[239,208,289,257]
[DETECT] class=chair color=green conf=0.77 bbox=[85,125,199,260]
[DETECT] class=sports ball color=red conf=0.65 bbox=[239,216,289,265]
[DETECT] class=chair color=red conf=0.31 bbox=[345,133,406,249]
[SKILL] move values=(0.25, 0.0, 0.0, 0.25) t=18.42
[MOVE] completed duration=0.25
[DETECT] class=chair color=green conf=0.47 bbox=[69,106,192,250]
[DETECT] class=orange color=red conf=0.34 bbox=[232,204,285,255]
[DETECT] class=sports ball color=red conf=0.26 bbox=[233,204,286,255]
[DETECT] class=sports ball color=red conf=0.41 bbox=[232,205,285,256]
[DETECT] class=chair color=green conf=0.37 bbox=[68,108,192,252]
[DETECT] class=chair color=green conf=0.46 bbox=[72,118,193,264]
[DETECT] class=sports ball color=red conf=0.36 bbox=[233,215,286,265]
[DETECT] class=chair color=green conf=0.47 bbox=[72,118,193,264]
[DETECT] class=sports ball color=red conf=0.40 bbox=[234,215,286,265]
[DETECT] class=chair color=green conf=0.50 bbox=[72,119,193,264]
[DETECT] class=sports ball color=red conf=0.36 bbox=[234,215,286,265]
[SEARCH] target=red_chair rotating=30deg
[SKILL] turn values=(30.0,) t=19.42
[TURN] target=30.0 deg final_error=1.86 deg status=SUCCESS
[DETECT] class=orange color=red conf=0.65 bbox=[356,220,408,271]
[DETECT] class=orange color=red conf=0.65 bbox=[354,220,406,269]
[DETECT] class=orange color=red conf=0.58 bbox=[352,219,405,269]
[DETECT] class=chair color=red conf=0.32 bbox=[460,110,609,376]
[SKILL] turn values=(-28.08383251426622,) t=22.32
[TURN] target=-28.1 deg final_error=-1.94 deg status=SUCCESS
[DETECT] class=chair color=green conf=0.80 bbox=[83,130,199,272]
[DETECT] class=sports ball color=red conf=0.46 bbox=[239,223,290,273]
[DETECT] class=chair color=red conf=0.46 bbox=[346,133,412,253]
[SKILL] turn values=(-9.797488232045552,) t=24.32
[TURN] target=-9.8 deg final_error=-1.94 deg status=SUCCESS
[DETECT] class=chair color=green conf=0.69 bbox=[17,125,164,279]
[DETECT] class=sports ball color=red conf=0.47 bbox=[207,224,264,276]
[DETECT] class=chair color=red conf=0.29 bbox=[321,136,381,252]
[SKILL] move values=(0.25, 0.0, 0.0, 0.25) t=25.72
[MOVE] completed duration=0.25
[DETECT] class=sports ball color=red conf=0.43 bbox=[207,206,265,261]
[DETECT] class=chair color=green conf=0.42 bbox=[12,101,166,262]
[DETECT] class=sports ball color=red conf=0.56 bbox=[208,212,266,264]
[DETECT] class=chair color=green conf=0.25 bbox=[15,107,167,265]
[DETECT] class=chair color=green conf=0.51 bbox=[20,116,167,272]
[DETECT] class=sports ball color=red conf=0.49 bbox=[208,219,266,272]
[DETECT] class=chair color=green conf=0.49 bbox=[21,117,167,274]
[DETECT] class=sports ball color=red conf=0.49 bbox=[209,220,267,274]
[DETECT] class=chair color=green conf=0.55 bbox=[22,116,167,273]
[DETECT] class=sports ball color=red conf=0.40 bbox=[209,220,267,274]
[SEARCH] target=red_chair rotating=30deg
[SKILL] turn values=(30.0,) t=26.72
[TURN] target=30.0 deg final_error=1.93 deg status=SUCCESS
[DETECT] class=sports ball color=red conf=0.36 bbox=[335,221,387,271]
[DETECT] class=chair color=green conf=0.34 bbox=[228,133,300,250]
[DETECT] class=chair color=green conf=0.65 bbox=[225,132,298,250]
[DETECT] class=chair color=green conf=0.73 bbox=[224,132,297,250]
[DETECT] class=orange color=red conf=0.49 bbox=[332,220,384,270]
[DETECT] class=chair color=red conf=0.41 bbox=[450,113,575,276]
[SKILL] turn values=(-26.224759887242634,) t=29.62
[TURN] target=-26.2 deg final_error=-1.81 deg status=SUCCESS
[DETECT] class=chair color=green conf=0.81 bbox=[48,125,182,277]
[DETECT] class=sports ball color=red conf=0.62 bbox=[221,224,278,277]
[DETECT] class=chair color=red conf=0.39 bbox=[337,133,401,255]
[SKILL] move values=(0.25, 0.0, 0.0, 0.25) t=31.52
[MOVE] completed duration=0.25
[DETECT] class=sports ball color=red conf=0.62 bbox=[224,207,281,262]
[DETECT] class=chair color=green conf=0.35 bbox=[52,105,186,261]
[DETECT] class=chair color=red conf=0.34 bbox=[343,114,413,243]
[SKILL] turn values=(-9.640066284399909,) t=32.02
[TURN] target=-9.6 deg final_error=-1.94 deg status=SUCCESS
[DETECT] class=sports ball color=red conf=0.43 bbox=[185,224,248,280]
[DETECT] class=chair color=green conf=0.42 bbox=[0,113,143,286]
[DETECT] class=sports ball color=red conf=0.65 bbox=[190,224,252,280]
[DETECT] class=chair color=green conf=0.60 bbox=[0,115,149,284]
[DETECT] class=chair color=green conf=0.36 bbox=[0,116,154,283]
[DETECT] class=sports ball color=red conf=0.35 bbox=[194,224,256,280]
[DETECT] class=orange color=red conf=0.29 bbox=[193,224,256,280]
[DETECT] class=orange color=red conf=0.56 bbox=[199,223,260,279]
[DETECT] class=chair color=green conf=0.39 bbox=[3,117,160,280]
[DETECT] class=orange color=red conf=0.41 bbox=[202,222,262,278]
[DETECT] class=sports ball color=red conf=0.28 bbox=[202,222,262,277]
[SEARCH] target=red_chair rotating=30deg
[SKILL] turn values=(30.0,) t=33.92
[TURN] target=30.0 deg final_error=1.82 deg status=SUCCESS
[DETECT] class=chair color=green conf=0.36 bbox=[228,130,302,249]
[DETECT] class=sports ball color=red conf=0.34 bbox=[336,220,389,272]
[DETECT] class=chair color=red conf=0.31 bbox=[458,107,595,280]
[SKILL] turn values=(-27.4311740185478,) t=36.82
[TURN] target=-27.4 deg final_error=-1.92 deg status=SUCCESS
[DETECT] class=chair color=green conf=0.73 bbox=[46,122,182,277]
[DETECT] class=sports ball color=red conf=0.61 bbox=[220,224,278,279]
[DETECT] class=sports ball color=red conf=0.45 bbox=[224,223,281,277]
[DETECT] class=chair color=green conf=0.42 bbox=[56,122,186,273]
[DETECT] class=sports ball color=red conf=0.34 bbox=[228,222,284,276]
[DETECT] class=chair color=green conf=0.29 bbox=[63,122,191,273]
[DETECT] class=orange color=red conf=0.27 bbox=[228,222,284,276]
[DETECT] class=chair color=green conf=0.55 bbox=[70,123,193,273]
[DETECT] class=chair color=red conf=0.40 bbox=[349,127,419,256]
[DETECT] class=sports ball color=red conf=0.39 bbox=[230,222,287,276]
[DETECT] class=orange color=red conf=0.28 bbox=[230,222,287,276]
[SKILL] turn values=(-10.578183888603446,) t=39.22
[TURN] target=-10.6 deg final_error=-1.92 deg status=SUCCESS
[DETECT] class=chair color=green conf=0.56 bbox=[0,113,145,286]
[DETECT] class=sports ball color=red conf=0.42 bbox=[186,225,250,282]
[DETECT] class=orange color=red conf=0.39 bbox=[187,225,250,282]
[DETECT] class=sports ball color=red conf=0.69 bbox=[190,225,252,282]
[DETECT] class=chair color=green conf=0.61 bbox=[0,116,149,286]
[DETECT] class=chair color=green conf=0.62 bbox=[0,116,150,286]
[DETECT] class=orange color=red conf=0.60 bbox=[192,225,254,283]
[DETECT] class=chair color=green conf=0.54 bbox=[0,117,154,285]
[DETECT] class=orange color=red conf=0.51 bbox=[194,225,256,282]
[DETECT] class=orange color=red conf=0.69 bbox=[195,224,257,282]
[DETECT] class=chair color=green conf=0.62 bbox=[0,117,155,284]
[SEARCH] target=red_chair rotating=30deg
[SKILL] turn values=(30.0,) t=41.22
[TURN] target=30.0 deg final_error=1.94 deg status=SUCCESS
[DETECT] class=orange color=red conf=0.48 bbox=[327,220,380,272]
[DETECT] class=chair color=green conf=0.43 bbox=[218,129,293,250]
[DETECT] class=orange color=red conf=0.59 bbox=[326,220,378,272]
[DETECT] class=chair color=green conf=0.55 bbox=[215,129,289,250]
[DETECT] class=chair color=red conf=0.46 bbox=[446,110,573,277]
[SKILL] turn values=(-25.955155310251985,) t=44.22
[TURN] target=-26.0 deg final_error=-1.91 deg status=SUCCESS
[DETECT] class=sports ball color=red conf=0.57 bbox=[212,227,272,283]
[DETECT] class=chair color=green conf=0.51 bbox=[30,124,175,283]
[DETECT] class=chair color=red conf=0.25 bbox=[334,130,401,256]
[SKILL] move values=(0.25, 0.0, 0.0, 0.25) t=46.12
[MOVE] completed duration=0.25
[DETECT] class=sports ball color=red conf=0.68 bbox=[221,208,282,266]
[DETECT] class=chair color=green conf=0.39 bbox=[43,102,185,265]
[DETECT] class=sports ball color=red conf=0.53 bbox=[220,216,281,274]
[DETECT] class=airplane color=unknown conf=0.25 bbox=[5,105,640,478]
[DETECT] class=sports ball color=red conf=0.72 bbox=[222,224,281,280]
[DETECT] class=chair color=green conf=0.65 bbox=[47,118,183,276]
[DETECT] class=sports ball color=red conf=0.73 bbox=[221,223,281,280]
[DETECT] class=chair color=green conf=0.72 bbox=[46,116,183,275]
[DETECT] class=sports ball color=red conf=0.69 bbox=[221,223,281,280]
[DETECT] class=chair color=green conf=0.61 bbox=[45,116,183,275]
[SEARCH] target=red_chair rotating=30deg
[SKILL] turn values=(30.0,) t=47.16
[TURN] target=30.0 deg final_error=1.90 deg status=SUCCESS
[DETECT] class=orange color=red conf=0.49 bbox=[346,224,404,279]
[DETECT] class=chair color=green conf=0.44 bbox=[237,129,310,253]
[DETECT] class=orange color=red conf=0.57 bbox=[344,223,403,279]
[DETECT] class=chair color=green conf=0.56 bbox=[235,128,309,253]
[DETECT] class=orange color=red conf=0.50 bbox=[343,223,401,279]
[DETECT] class=chair color=green conf=0.48 bbox=[234,128,308,253]
[DETECT] class=chair color=green conf=0.61 bbox=[233,128,306,253]
[DETECT] class=orange color=red conf=0.49 bbox=[342,222,400,278]
[DETECT] class=orange color=red conf=0.57 bbox=[341,222,399,278]
[DETECT] class=chair color=green conf=0.41 bbox=[230,128,305,249]
[DETECT] class=chair color=red conf=0.34 bbox=[459,98,635,393]
[DETECT] class=chair color=red conf=0.25 bbox=[473,96,633,290]
[SKILL] turn values=(-29.053225800586986,) t=50.52
[TURN] target=-29.1 deg final_error=-1.85 deg status=SUCCESS
[DETECT] class=chair color=green conf=0.40 bbox=[38,123,179,283]
[DETECT] class=orange color=red conf=0.38 bbox=[217,227,278,286]
[DETECT] class=sports ball color=red conf=0.75 bbox=[221,225,281,284]
[DETECT] class=chair color=green conf=0.63 bbox=[44,120,183,280]
[DETECT] class=chair color=red conf=0.30 bbox=[348,125,420,257]
[SKILL] turn values=(-10.578183888603446,) t=52.72
[TURN] target=-10.6 deg final_error=-1.78 deg status=SUCCESS
[DETECT] class=chair color=red conf=0.61 bbox=[314,131,382,259]
[DETECT] class=sports ball color=red conf=0.51 bbox=[178,231,247,293]
[DETECT] class=chair color=green conf=0.40 bbox=[1,113,136,297]
[SKILL] move values=(0.25, 0.0, 0.0, 0.25) t=54.12
[MOVE] completed duration=0.25
[DETECT] class=sports ball color=red conf=0.71 bbox=[181,212,251,276]
[DETECT] class=sports ball color=red conf=0.57 bbox=[180,220,251,283]
[DETECT] class=sports ball color=red conf=0.58 bbox=[182,227,251,290]
[DETECT] class=airplane color=unknown conf=0.26 bbox=[5,110,387,288]
[DETECT] class=sports ball color=red conf=0.57 bbox=[181,226,251,289]
[DETECT] class=sports ball color=red conf=0.54 bbox=[181,225,251,289]
[SEARCH] target=red_chair rotating=30deg
[SKILL] turn values=(30.0,) t=55.12
[TURN] target=30.0 deg final_error=1.77 deg status=SUCCESS
[DETECT] class=chair color=green conf=0.67 bbox=[201,127,282,257]
[DETECT] class=orange color=red conf=0.53 bbox=[316,224,375,281]
[DETECT] class=chair color=green conf=0.69 bbox=[200,126,280,256]
[DETECT] class=orange color=red conf=0.50 bbox=[314,224,373,281]
[DETECT] class=chair color=red conf=0.33 bbox=[445,105,581,285]
[SKILL] turn values=(-26.26930528049991,) t=58.02
[TURN] target=-26.3 deg final_error=-1.93 deg status=SUCCESS
[DETECT] class=chair color=red conf=0.70 bbox=[332,126,404,260]
[DETECT] class=chair color=green conf=0.70 bbox=[0,113,157,290]
[DETECT] class=orange color=red conf=0.52 bbox=[195,229,263,293]
[SKILL] move values=(0.25, 0.0, 0.0, 0.25) t=59.92
[MOVE] completed duration=0.25
[DETECT] class=sports ball color=red conf=0.58 bbox=[198,211,267,276]
[DETECT] class=chair color=green conf=0.44 bbox=[0,91,160,272]
[DETECT] class=chair color=red conf=0.28 bbox=[341,106,417,249]
[SKILL] turn values=(-9.797488232045552,) t=60.42
[TURN] target=-9.8 deg final_error=-1.98 deg status=SUCCESS
[DETECT] class=sports ball color=red conf=0.74 bbox=[150,231,232,301]
[DETECT] class=chair color=green conf=0.48 bbox=[0,97,110,291]
[DETECT] class=airplane color=unknown conf=0.34 bbox=[0,95,377,367]
[DETECT] class=airplane color=unknown conf=0.64 bbox=[0,101,380,363]
[DETECT] class=sports ball color=red conf=0.42 bbox=[154,231,235,300]
[DETECT] class=chair color=green conf=0.34 bbox=[0,99,115,303]
[DETECT] class=orange color=red conf=0.27 bbox=[154,231,235,301]
[DETECT] class=airplane color=unknown conf=0.54 bbox=[1,102,381,364]
[DETECT] class=sports ball color=red conf=0.50 bbox=[158,231,237,300]
[DETECT] class=chair color=green conf=0.40 bbox=[0,100,120,304]
[DETECT] class=chair color=green conf=0.59 bbox=[0,102,125,301]
[DETECT] class=orange color=red conf=0.47 bbox=[163,231,241,300]
[DETECT] class=chair color=red conf=0.46 bbox=[317,123,391,261]
[DETECT] class=airplane color=unknown conf=0.44 bbox=[4,103,387,304]
[DETECT] class=airplane color=unknown conf=0.33 bbox=[1,100,351,369]
[SKILL] move values=(0.25, 0.0, 0.0, 0.25) t=62.22
[MOVE] completed duration=0.25
[DETECT] class=sports ball color=red conf=0.43 bbox=[169,213,248,283]
[DETECT] class=orange color=red conf=0.31 bbox=[169,213,248,283]
[DETECT] class=chair color=green conf=0.27 bbox=[0,80,134,285]
[DETECT] class=sports ball color=red conf=0.75 bbox=[170,223,248,292]
[DETECT] class=chair color=red conf=0.59 bbox=[325,114,401,258]
[DETECT] class=chair color=green conf=0.52 bbox=[0,92,135,292]
[DETECT] class=airplane color=unknown conf=0.31 bbox=[1,91,401,295]
[SKILL] move values=(0.25, 0.0, 0.0, 0.25) t=62.92
[MOVE] completed duration=0.25
[DETECT] class=sports ball color=red conf=0.44 bbox=[158,214,242,288]
[DETECT] class=airplane color=unknown conf=0.27 bbox=[0,73,330,359]
[DETECT] class=airplane color=unknown conf=0.48 bbox=[0,75,328,290]
[DETECT] class=orange color=red conf=0.36 bbox=[158,216,242,290]
[DETECT] class=chair color=green conf=0.57 bbox=[1,84,123,294]
[DETECT] class=sports ball color=red conf=0.50 bbox=[159,224,242,297]
[DETECT] class=airplane color=unknown conf=0.36 bbox=[4,86,406,361]
[DETECT] class=orange color=red conf=0.30 bbox=[159,224,243,297]
[DETECT] class=sports ball color=red conf=0.65 bbox=[159,226,244,301]
[DETECT] class=chair color=green conf=0.61 bbox=[1,89,124,297]
[DETECT] class=airplane color=unknown conf=0.41 bbox=[4,90,406,365]
[DETECT] class=chair color=red conf=0.40 bbox=[324,115,404,264]
[SKILL] move values=(0.25, 0.0, 0.0, 0.25) t=63.82
[MOVE] completed duration=0.25
[DETECT] class=sports ball color=red conf=0.75 bbox=[150,216,240,293]
[DETECT] class=airplane color=unknown conf=0.29 bbox=[0,71,410,377]
[DETECT] class=sports ball color=red conf=0.74 bbox=[150,224,239,302]
[DETECT] class=airplane color=unknown conf=0.59 bbox=[1,80,411,368]
[DETECT] class=chair color=red conf=0.26 bbox=[325,106,407,261]
[SKILL] move values=(0.25, 0.0, 0.0, 0.25) t=64.42
[MOVE] completed duration=0.25
[DETECT] class=sports ball color=red conf=0.67 bbox=[133,217,232,300]
[DETECT] class=airplane color=unknown conf=0.39 bbox=[0,58,334,367]
[DETECT] class=sports ball color=red conf=0.79 bbox=[133,220,231,303]
[DETECT] class=airplane color=unknown conf=0.48 bbox=[0,59,328,369]
[DETECT] class=chair color=red conf=0.35 bbox=[323,101,408,260]
[SKILL] move values=(0.25, 0.0, 0.0, 0.25) t=65.02
[MOVE] completed duration=0.25
[DETECT] class=sports ball color=red conf=0.60 bbox=[119,220,226,309]
[DETECT] class=airplane color=unknown conf=0.58 bbox=[0,53,349,375]
[DETECT] class=sports ball color=red conf=0.73 bbox=[119,228,225,318]
[DETECT] class=airplane color=unknown conf=0.50 bbox=[0,63,330,387]
[DETECT] class=chair color=red conf=0.45 bbox=[322,100,410,264]
[DETECT] class=airplane color=unknown conf=0.42 bbox=[0,63,329,282]
[SKILL] move values=(0.25, 0.0, 0.0, 0.25) t=65.62
[MOVE] completed duration=0.25
[DETECT] class=sports ball color=red conf=0.49 bbox=[97,222,216,318]
[DETECT] class=airplane color=unknown conf=0.38 bbox=[0,41,414,405]
[DETECT] class=sports ball color=red conf=0.49 bbox=[96,225,216,321]
[DETECT] class=airplane color=unknown conf=0.41 bbox=[0,45,419,420]
[DETECT] class=sports ball color=red conf=0.39 bbox=[98,238,217,334]
[DETECT] class=airplane color=unknown conf=0.39 bbox=[0,60,428,428]
[DETECT] class=chair color=red conf=0.25 bbox=[318,107,410,273]
[SKILL] move values=(0.25, 0.0, 0.0, 0.25) t=66.42
[MOVE] completed duration=0.25
[DETECT] class=airplane color=unknown conf=0.50 bbox=[0,73,414,412]
[DETECT] class=sports ball color=red conf=0.41 bbox=[79,226,211,329]
[DETECT] class=chair color=red conf=0.33 bbox=[318,86,417,263]
[SKILL] move values=(0.25, 0.0, 0.0, 0.25) t=66.92
[MOVE] completed duration=0.25
[DETECT] class=airplane color=unknown conf=0.41 bbox=[0,126,322,434]
[DETECT] class=orange color=red conf=0.33 bbox=[49,246,200,359]
[DETECT] class=chair color=red conf=0.30 bbox=[314,100,416,279]
[DETECT] class=sports ball color=red conf=0.25 bbox=[50,246,200,360]
[SKILL] move values=(0.25, 0.0, 0.0, 0.25) t=67.80
[MOVE] completed duration=0.25
[DETECT] class=sports ball color=red conf=0.27 bbox=[20,235,191,358]
[DETECT] class=sports ball color=red conf=0.34 bbox=[22,248,191,372]
[DETECT] class=chair color=red conf=0.50 bbox=[314,101,419,285]
[DETECT] class=sports ball color=red conf=0.28 bbox=[23,255,191,381]
[SKILL] move values=(0.25, 0.0, 0.0, 0.25) t=68.62
[MOVE] completed duration=0.25
[DETECT] class=chair color=red conf=0.28 bbox=[312,82,423,276]
[SKILL] move values=(0.25, 0.0, 0.0, 0.25) t=69.22
[MOVE] completed duration=0.25
[DETECT] class=chair color=red conf=0.26 bbox=[310,82,426,283]
[SKILL] move values=(0.25, 0.0, 0.0, 0.25) t=69.82
[MOVE] completed duration=0.25
[DETECT] class=chair color=red conf=0.37 bbox=[307,84,428,292]
[SKILL] move values=(0.25, 0.0, 0.0, 0.25) t=70.52
[MOVE] completed duration=0.25
[DETECT] class=chair color=red conf=0.49 bbox=[306,62,437,285]
[SKILL] move values=(0.25, 0.0, 0.0, 0.25) t=71.02
[MOVE] completed duration=0.25
[DETECT] class=chair color=red conf=0.66 bbox=[304,67,440,294]
[SKILL] move values=(0.25, 0.0, 0.0, 0.25) t=71.52
[MOVE] completed duration=0.25
[DETECT] class=chair color=red conf=0.80 bbox=[299,52,448,293]
[DETECT] class=person color=red conf=0.26 bbox=[0,296,75,475]
[SKILL] move values=(0.25, 0.0, 0.0, 0.25) t=72.02
[MOVE] completed duration=0.25
[DETECT] class=chair color=red conf=0.76 bbox=[298,55,452,307]
[SKILL] move values=(0.25, 0.0, 0.0, 0.25) t=72.52
[MOVE] completed duration=0.25
[DETECT] class=chair color=red conf=0.95 bbox=[292,38,464,310]
[SKILL] turn values=(-9.640066284399909,) t=73.02
[TURN] target=-9.6 deg final_error=-1.96 deg status=SUCCESS
[DETECT] class=chair color=red conf=0.87 bbox=[249,72,409,329]
[SKILL] move values=(0.25, 0.0, 0.0, 0.25) t=74.02
[MOVE] completed duration=0.25
[DETECT] class=chair color=red conf=0.93 bbox=[252,40,426,315]
[SKILL] move values=(0.25, 0.0, 0.0, 0.25) t=74.52
[MOVE] completed duration=0.25
[DETECT] class=chair color=red conf=0.90 bbox=[247,31,436,324]
[SKILL] move values=(0.25, 0.0, 0.0, 0.25) t=75.02
[MOVE] completed duration=0.25
[DETECT] class=chair color=red conf=0.90 bbox=[240,32,444,334]
[SKILL] move values=(0.25, 0.0, 0.0, 0.25) t=75.52
[MOVE] completed duration=0.25
[DETECT] class=chair color=red conf=0.84 bbox=[227,11,457,344]
[SKILL] move values=(0.25, 0.0, 0.0, 0.25) t=76.02
[MOVE] completed duration=0.25
[DETECT] class=chair color=red conf=0.84 bbox=[216,9,468,357]
[SKILL] move values=(0.25, 0.0, 0.0, 0.25) t=76.52
[MOVE] completed duration=0.25
[DETECT] class=chair color=red conf=0.56 bbox=[194,1,488,377]
[DETECT] class=chair color=red conf=0.25 bbox=[195,148,489,373]
[SKILL] move values=(0.25, 0.0, 0.0, 0.25) t=77.02
[MOVE] completed duration=0.25
[DETECT] class=chair color=red conf=0.68 bbox=[174,0,507,402]
[SKILL] move values=(0.25, 0.0, 0.0, 0.25) t=77.52
[MOVE] completed duration=0.25
[DETECT] class=chair color=red conf=0.30 bbox=[137,1,542,429]
[APPROACH] stop reason=visual_proximity
[DETECT] class=chair color=red conf=0.43 bbox=[147,1,527,456]
[DETECT] class=chair color=red conf=0.35 bbox=[147,183,526,450]
[FOUND] class=chair color=red t=76.1 s d=0.79 m
[MISSION] status=SUCCESS
[DETECT] class=chair color=red conf=0.33 bbox=[146,1,526,452]
[DETECT] class=chair color=red conf=0.28 bbox=[147,185,525,450]
[TRIAL] result=runs\benchmark_3692d0b\06_red_center\result.json success=True
