[KEYBOARD] evdev not installed; browser keyboard control is available
[MAP] switched to object_lab
[DETECT] class=sports ball color=red conf=0.61 bbox=[445,215,511,268]
[DETECT] class=chair color=green conf=0.60 bbox=[276,120,358,256]
[DETECT] class=chair color=red conf=0.53 bbox=[501,121,628,259]
[TRIAL] class=chair color=green source=explicit_target start=[1.0, 1.0, 0.0]
[DETECT] class=sports ball color=red conf=0.61 bbox=[445,215,511,268]
[DETECT] class=chair color=green conf=0.60 bbox=[276,120,358,256]
[DETECT] class=chair color=red conf=0.53 bbox=[501,121,628,259]
[SKILL] move values=(0.25, 0.0, 0.0, 0.25) t=2.12
[MOVE] completed duration=0.25
[DETECT] class=orange color=red conf=0.60 bbox=[450,199,521,254]
[DETECT] class=chair color=green conf=0.42 bbox=[274,102,359,247]
[DETECT] class=chair color=red conf=0.36 bbox=[508,96,640,241]
[SKILL] move values=(0.25, 0.0, 0.0, 0.25) t=2.62
[MOVE] completed duration=0.25
[DETECT] class=sports ball color=red conf=0.44 bbox=[452,205,523,262]
[DETECT] class=chair color=green conf=0.41 bbox=[272,106,359,250]
[DETECT] class=chair color=red conf=0.38 bbox=[510,106,640,249]
[SKILL] move values=(0.25, 0.0, 0.0, 0.25) t=3.12
[MOVE] completed duration=0.25
[DETECT] class=orange color=red conf=0.44 bbox=[459,201,536,260]
[DETECT] class=chair color=green conf=0.43 bbox=[270,97,360,249]
[DETECT] class=airplane color=unknown conf=0.31 bbox=[1,178,638,479]
[SKILL] move values=(0.25, 0.0, 0.0, 0.25) t=3.62
[MOVE] completed duration=0.25
[DETECT] class=sports ball color=red conf=0.41 bbox=[458,211,539,271]
[DETECT] class=sports ball color=red conf=0.33 bbox=[457,210,538,271]
[DETECT] class=airplane color=unknown conf=0.28 bbox=[1,165,639,479]
[DETECT] class=sports ball color=red conf=0.53 bbox=[457,215,537,275]
[DETECT] class=airplane color=red conf=0.27 bbox=[1,177,639,479]
[SEARCH] target=green_chair rotating=30deg
[SKILL] turn values=(30.0,) t=4.32
[TURN] target=30.0 deg final_error=1.75 deg status=SUCCESS
[DETECT] class=chair color=green conf=0.88 bbox=[388,98,528,288]
[SKILL] turn values=(-34.421215782212386,) t=7.02
[TURN] target=-34.4 deg final_error=-1.80 deg status=SUCCESS
[DETECT] class=chair color=green conf=0.86 bbox=[239,118,333,274]
[DETECT] class=chair color=red conf=0.75 bbox=[481,120,600,255]
[DETECT] class=orange color=red conf=0.32 bbox=[432,219,503,277]
[DETECT] class=sports ball color=red conf=0.32 bbox=[432,219,503,277]
[SKILL] move values=(0.25, 0.0, 0.0, 0.25) t=9.32
[MOVE] completed duration=0.25
[DETECT] class=orange color=red conf=0.58 bbox=[451,203,533,265]
[DETECT] class=airplane color=red conf=0.25 bbox=[320,92,640,339]
[DETECT] class=chair color=green conf=0.62 bbox=[248,104,344,267]
[DETECT] class=orange color=red conf=0.57 bbox=[449,212,530,274]
[DETECT] class=chair color=red conf=0.33 bbox=[499,107,640,254]
[SKILL] move values=(0.25, 0.0, 0.0, 0.25) t=10.12
[MOVE] completed duration=0.25
[DETECT] class=orange color=red conf=0.44 bbox=[453,209,536,272]
[DETECT] class=sports ball color=red conf=0.34 bbox=[452,209,535,273]
[DETECT] class=chair color=green conf=0.33 bbox=[244,93,347,261]
[SKILL] move values=(0.25, 0.0, 0.0, 0.25) t=10.62
[MOVE] completed duration=0.25
[DETECT] class=chair color=green conf=0.46 bbox=[239,86,343,265]
[DETECT] class=sports ball color=red conf=0.45 bbox=[458,204,547,272]
[DETECT] class=orange color=red conf=0.33 bbox=[458,204,547,272]
[SKILL] move values=(0.25, 0.0, 0.0, 0.25) t=11.12
[MOVE] completed duration=0.25
[DETECT] class=orange color=red conf=0.32 bbox=[458,213,550,283]
[DETECT] class=sports ball color=red conf=0.31 bbox=[458,214,550,283]
[DETECT] class=chair color=green conf=0.31 bbox=[233,89,343,270]
[SKILL] move values=(0.25, 0.0, 0.0, 0.25) t=11.62
[MOVE] completed duration=0.25
[DETECT] class=orange color=red conf=0.47 bbox=[466,207,566,281]
[DETECT] class=chair color=green conf=0.39 bbox=[226,79,340,270]
[SKILL] move values=(0.25, 0.0, 0.0, 0.25) t=12.12
[MOVE] completed duration=0.25
[DETECT] class=chair color=green conf=0.66 bbox=[220,80,340,277]
[DETECT] class=sports ball color=red conf=0.37 bbox=[468,216,572,293]
[DETECT] class=orange color=red conf=0.33 bbox=[468,216,572,293]
[DETECT] class=chair color=red conf=0.26 bbox=[509,99,640,263]
[SKILL] turn values=(11.23419385549561,) t=12.62
[TURN] target=11.2 deg final_error=1.91 deg status=SUCCESS
[DETECT] class=chair color=green conf=0.89 bbox=[267,88,388,290]
[DETECT] class=sports ball color=red conf=0.29 bbox=[533,236,640,329]
[DETECT] class=chair color=red conf=0.28 bbox=[581,102,640,247]
[SKILL] move values=(0.25, 0.0, 0.0, 0.25) t=14.12
[MOVE] completed duration=0.25
[DETECT] class=chair color=green conf=0.58 bbox=[254,65,379,278]
[DETECT] class=sports ball color=red conf=0.48 bbox=[528,214,640,307]
[SKILL] move values=(0.25, 0.0, 0.0, 0.25) t=14.62
[MOVE] completed duration=0.25
[DETECT] class=chair color=green conf=0.44 bbox=[247,69,375,283]
[DETECT] class=sports ball color=red conf=0.29 bbox=[525,221,640,316]
[SKILL] move values=(0.25, 0.0, 0.0, 0.25) t=15.12
[MOVE] completed duration=0.25
[DETECT] class=chair color=green conf=0.75 bbox=[240,56,375,287]
[SKILL] move values=(0.25, 0.0, 0.0, 0.25) t=15.62
[MOVE] completed duration=0.25
[DETECT] class=chair color=green conf=0.85 bbox=[235,60,378,297]
[SKILL] move values=(0.25, 0.0, 0.0, 0.25) t=16.12
[MOVE] completed duration=0.25
[DETECT] class=chair color=green conf=0.86 bbox=[226,45,375,299]
[SKILL] move values=(0.25, 0.0, 0.0, 0.25) t=16.62
[MOVE] completed duration=0.25
[DETECT] class=chair color=green conf=0.88 bbox=[219,45,378,310]
[SKILL] move values=(0.25, 0.0, 0.0, 0.25) t=17.12
[MOVE] completed duration=0.25
[DETECT] class=chair color=green conf=0.91 bbox=[207,26,377,318]
[SKILL] move values=(0.25, 0.0, 0.0, 0.25) t=17.62
[MOVE] completed duration=0.25
[DETECT] class=chair color=green conf=0.87 bbox=[198,27,381,330]
[SKILL] move values=(0.25, 0.0, 0.0, 0.25) t=18.12
[MOVE] completed duration=0.25
[DETECT] class=chair color=green conf=0.78 bbox=[184,5,378,340]
[SKILL] turn values=(10.960224277005036,) t=18.62
[TURN] target=11.0 deg final_error=1.94 deg status=SUCCESS
[DETECT] class=chair color=green conf=0.84 bbox=[244,33,436,363]
[SKILL] move values=(0.25, 0.0, 0.0, 0.25) t=20.22
[MOVE] completed duration=0.25
[DETECT] class=chair color=green conf=0.73 bbox=[227,0,435,350]
[SKILL] move values=(0.25, 0.0, 0.0, 0.25) t=20.72
[MOVE] completed duration=0.25
[DETECT] class=chair color=green conf=0.72 bbox=[221,0,441,368]
[SKILL] move values=(0.25, 0.0, 0.0, 0.25) t=21.22
[MOVE] completed duration=0.25
[DETECT] class=chair color=green conf=0.78 bbox=[205,0,445,416]
[SKILL] move values=(0.25, 0.0, 0.0, 0.25) t=21.72
[MOVE] completed duration=0.25
[DETECT] class=chair color=green conf=0.81 bbox=[194,0,455,421]
[SKILL] move values=(0.25, 0.0, 0.0, 0.25) t=22.22
[MOVE] completed duration=0.25
[DETECT] class=chair color=green conf=0.69 bbox=[171,0,461,461]
[SKILL] move values=(0.25, 0.0, 0.0, 0.25) t=22.72
[MOVE] completed duration=0.25
[DETECT] class=chair color=green conf=0.50 bbox=[154,0,480,474]
[APPROACH] final_visual_steps=2
[SKILL] move values=(0.2, 0.0, 0.0, 0.25) t=23.22
[MOVE] completed duration=0.25
[SKILL] move values=(0.2, 0.0, 0.0, 0.25) t=23.52
[MOVE] completed duration=0.25
[DETECT] class=chair color=green conf=0.42 bbox=[121,31,548,478]
[FOUND] class=chair color=green t=21.9 s d=0.74 m
[MISSION] status=SUCCESS
[DETECT] class=chair color=green conf=0.61 bbox=[135,0,507,479]
[TRIAL] result=task4_evidence\2026-09-30-benchmark-v6\01_green_aligned\result.json success=True
