[KEYBOARD] evdev not installed; browser keyboard control is available
[MAP] switched to object_lab
[DETECT] class=chair color=red conf=0.75 bbox=[276,121,357,256]
[DETECT] class=chair color=green conf=0.55 bbox=[17,120,133,258]
[DETECT] class=sports ball color=red conf=0.38 bbox=[123,216,190,270]
[DETECT] class=orange color=red conf=0.37 bbox=[123,216,190,270]
[TRIAL] class=chair color=red source=explicit_target start=[1.0, -1.0, 0.0]
[DETECT] class=chair color=red conf=0.75 bbox=[276,121,357,256]
[DETECT] class=chair color=green conf=0.55 bbox=[17,120,133,258]
[DETECT] class=sports ball color=red conf=0.38 bbox=[123,216,190,270]
[DETECT] class=orange color=red conf=0.37 bbox=[123,216,190,270]
[SKILL] move values=(0.25, 0.0, 0.0, 0.25) t=2.12
[MOVE] completed duration=0.25
[DETECT] class=chair color=red conf=0.82 bbox=[274,102,358,247]
[DETECT] class=airplane color=unknown conf=0.56 bbox=[7,109,284,256]
[DETECT] class=orange color=red conf=0.52 bbox=[118,208,188,263]
[SKILL] move values=(0.25, 0.0, 0.0, 0.25) t=2.62
[MOVE] completed duration=0.25
[DETECT] class=airplane color=unknown conf=0.44 bbox=[1,107,282,256]
[DETECT] class=orange color=red conf=0.40 bbox=[107,208,182,266]
[DETECT] class=airplane color=unknown conf=0.36 bbox=[0,107,283,329]
[DETECT] class=chair color=red conf=0.28 bbox=[272,106,359,251]
[SKILL] move values=(0.25, 0.0, 0.0, 0.25) t=3.12
[MOVE] completed duration=0.25
[DETECT] class=chair color=red conf=0.84 bbox=[270,97,359,250]
[DETECT] class=airplane color=unknown conf=0.46 bbox=[0,104,282,313]
[DETECT] class=sports ball color=red conf=0.33 bbox=[96,210,175,271]
[SKILL] move values=(0.25, 0.0, 0.0, 0.25) t=3.82
[MOVE] completed duration=0.25
[DETECT] class=sports ball color=red conf=0.29 bbox=[77,209,164,272]
[DETECT] class=sports ball color=red conf=0.45 bbox=[76,211,163,275]
[DETECT] class=sports ball color=red conf=0.52 bbox=[78,219,165,283]
[DETECT] class=airplane color=unknown conf=0.32 bbox=[0,108,283,272]
[SEARCH] target=red_chair rotating=30deg
[SKILL] turn values=(30.0,) t=4.62
[TURN] target=30.0 deg final_error=1.80 deg status=SUCCESS
[DETECT] class=chair color=red conf=0.88 bbox=[388,99,526,288]
[DETECT] class=orange color=red conf=0.58 bbox=[253,218,302,266]
[DETECT] class=chair color=green conf=0.43 bbox=[204,137,264,244]
[SKILL] turn values=(-34.22716739809389,) t=7.32
[TURN] target=-34.2 deg final_error=-1.76 deg status=SUCCESS
[DETECT] class=chair color=red conf=0.88 bbox=[240,120,334,273]
[DETECT] class=airplane color=unknown conf=0.33 bbox=[0,118,252,295]
[DETECT] class=sports ball color=red conf=0.29 bbox=[25,240,130,310]
[SKILL] move values=(0.25, 0.0, 0.0, 0.25) t=9.62
[MOVE] completed duration=0.25
[DETECT] class=sports ball color=red conf=0.49 bbox=[36,218,139,288]
[DETECT] class=chair color=red conf=0.35 bbox=[250,95,345,260]
[SKILL] move values=(0.25, 0.0, 0.0, 0.25) t=10.12
[MOVE] completed duration=0.25
[DETECT] class=sports ball color=red conf=0.48 bbox=[9,214,126,289]
[DETECT] class=chair color=red conf=0.41 bbox=[245,97,347,265]
[SKILL] move values=(0.25, 0.0, 0.0, 0.25) t=10.82
[MOVE] completed duration=0.25
[DETECT] class=chair color=red conf=0.68 bbox=[238,85,344,264]
[DETECT] class=sports ball color=red conf=0.59 bbox=[0,219,113,299]
[DETECT] class=airplane color=unknown conf=0.29 bbox=[0,97,255,366]
[SKILL] move values=(0.25, 0.0, 0.0, 0.25) t=11.32
[MOVE] completed duration=0.25
[DETECT] class=airplane color=unknown conf=0.50 bbox=[0,137,250,375]
[DETECT] class=sports ball color=red conf=0.40 bbox=[0,219,96,306]
[DETECT] class=chair color=red conf=0.30 bbox=[233,88,341,271]
[SKILL] move values=(0.25, 0.0, 0.0, 0.25) t=12.02
[MOVE] completed duration=0.25
[DETECT] class=chair color=red conf=0.44 bbox=[227,78,341,270]
[SKILL] move values=(0.25, 0.0, 0.0, 0.25) t=12.52
[MOVE] completed duration=0.25
[DETECT] class=chair color=red conf=0.60 bbox=[222,81,341,276]
[DETECT] class=sports ball color=red conf=0.39 bbox=[0,226,62,318]
[SKILL] turn values=(10.823048162634272,) t=13.02
[TURN] target=10.8 deg final_error=1.93 deg status=SUCCESS
[DETECT] class=chair color=red conf=0.88 bbox=[267,90,385,290]
[DETECT] class=sports ball color=red conf=0.56 bbox=[11,228,137,312]
[DETECT] class=airplane color=unknown conf=0.27 bbox=[1,93,280,380]
[SKILL] move values=(0.25, 0.0, 0.0, 0.25) t=14.52
[MOVE] completed duration=0.25
[DETECT] class=sports ball color=red conf=0.69 bbox=[0,223,117,312]
[DETECT] class=airplane color=unknown conf=0.40 bbox=[0,77,267,385]
[DETECT] class=airplane color=unknown conf=0.26 bbox=[0,73,372,392]
[DETECT] class=chair color=red conf=0.71 bbox=[254,79,373,285]
[DETECT] class=sports ball color=red conf=0.53 bbox=[0,231,115,320]
[DETECT] class=airplane color=unknown conf=0.26 bbox=[0,83,335,399]
[SKILL] move values=(0.25, 0.0, 0.0, 0.25) t=15.12
[MOVE] completed duration=0.25
[DETECT] class=sports ball color=red conf=0.64 bbox=[0,223,95,321]
[DETECT] class=chair color=red conf=0.51 bbox=[246,70,373,279]
[SKILL] move values=(0.25, 0.0, 0.0, 0.25) t=15.62
[MOVE] completed duration=0.25
[DETECT] class=chair color=red conf=0.62 bbox=[240,59,371,284]
[DETECT] class=sports ball color=red conf=0.51 bbox=[0,232,81,333]
[SKILL] move values=(0.25, 0.0, 0.0, 0.25) t=16.12
[MOVE] completed duration=0.25
[DETECT] class=chair color=red conf=0.81 bbox=[235,62,374,295]
[SKILL] move values=(0.25, 0.0, 0.0, 0.25) t=16.62
[MOVE] completed duration=0.25
[DETECT] class=chair color=red conf=0.82 bbox=[226,46,372,295]
[SKILL] move values=(0.25, 0.0, 0.0, 0.25) t=17.12
[MOVE] completed duration=0.25
[DETECT] class=chair color=red conf=0.91 bbox=[218,47,375,309]
[SKILL] move values=(0.25, 0.0, 0.0, 0.25) t=17.62
[MOVE] completed duration=0.25
[DETECT] class=chair color=red conf=0.91 bbox=[206,29,373,314]
[SKILL] move values=(0.25, 0.0, 0.0, 0.25) t=18.12
[MOVE] completed duration=0.25
[DETECT] class=chair color=red conf=0.91 bbox=[197,29,378,328]
[SKILL] move values=(0.25, 0.0, 0.0, 0.25) t=18.62
[MOVE] completed duration=0.25
[DETECT] class=chair color=red conf=0.49 bbox=[182,5,375,337]
[SKILL] turn values=(11.644170882338656,) t=19.12
[TURN] target=11.6 deg final_error=1.97 deg status=SUCCESS
[DETECT] class=chair color=red conf=0.78 bbox=[245,35,436,362]
[SKILL] move values=(0.25, 0.0, 0.0, 0.25) t=20.82
[MOVE] completed duration=0.25
[DETECT] class=chair color=red conf=0.66 bbox=[227,0,430,355]
[SKILL] move values=(0.25, 0.0, 0.0, 0.25) t=21.32
[MOVE] completed duration=0.25
[DETECT] class=chair color=red conf=0.69 bbox=[220,0,434,374]
[SKILL] move values=(0.25, 0.0, 0.0, 0.25) t=21.82
[MOVE] completed duration=0.25
[DETECT] class=chair color=red conf=0.85 bbox=[204,0,439,397]
[SKILL] move values=(0.25, 0.0, 0.0, 0.25) t=22.32
[MOVE] completed duration=0.25
[DETECT] class=chair color=red conf=0.84 bbox=[192,0,445,472]
[SKILL] move values=(0.2, 0.0, 0.0, 0.25) t=22.82
[MOVE] completed duration=0.25
[DETECT] class=chair color=red conf=0.81 bbox=[178,0,453,463]
[SKILL] move values=(0.25, 0.0, 0.0, 0.25) t=23.32
[MOVE] completed duration=0.25
[DETECT] class=chair color=red conf=0.82 bbox=[162,0,457,471]
[APPROACH] final_visual_steps=2
[SKILL] move values=(0.2, 0.0, 0.0, 0.25) t=23.82
[MOVE] completed duration=0.25
[SKILL] move values=(0.2, 0.0, 0.0, 0.25) t=24.12
[MOVE] completed duration=0.25
[DETECT] class=chair color=red conf=0.72 bbox=[143,0,471,477]
[FOUND] class=chair color=red t=22.5 s d=0.79 m
[MISSION] status=SUCCESS
[DETECT] class=chair color=red conf=0.77 bbox=[154,0,457,477]
[TRIAL] result=task4_evidence\2026-09-30-benchmark-v6\02_red_aligned\result.json success=True
