[KEYBOARD] evdev not installed; browser keyboard control is available
[MAP] switched to object_lab
[DETECT] class=chair color=red conf=0.61 bbox=[285,137,348,240]
[DETECT] class=orange color=red conf=0.56 bbox=[180,208,224,248]
[TRIAL] class=chair color=red source=explicit_target start=[0.5, -1.0, 0.0]
[DETECT] class=chair color=red conf=0.61 bbox=[285,137,348,240]
[DETECT] class=orange color=red conf=0.56 bbox=[180,208,224,248]
[SKILL] move values=(0.25, 0.0, 0.0, 0.25) t=2.12
[MOVE] completed duration=0.25
[DETECT] class=chair color=red conf=0.87 bbox=[285,122,349,231]
[DETECT] class=sports ball color=red conf=0.56 bbox=[178,200,223,240]
[SKILL] move values=(0.25, 0.0, 0.0, 0.25) t=2.62
[MOVE] completed duration=0.25
[DETECT] class=chair color=red conf=0.77 bbox=[283,126,349,233]
[DETECT] class=sports ball color=red conf=0.35 bbox=[172,201,219,243]
[SKILL] move values=(0.25, 0.0, 0.0, 0.25) t=3.12
[MOVE] completed duration=0.25
[DETECT] class=chair color=red conf=0.85 bbox=[281,120,349,232]
[DETECT] class=sports ball color=red conf=0.36 bbox=[166,201,215,244]
[DETECT] class=orange color=red conf=0.35 bbox=[166,201,216,243]
[SKILL] move values=(0.25, 0.0, 0.0, 0.25) t=3.62
[MOVE] completed duration=0.25
[DETECT] class=chair color=red conf=0.80 bbox=[278,124,349,238]
[DETECT] class=chair color=green conf=0.63 bbox=[55,121,156,240]
[DETECT] class=sports ball color=red conf=0.49 bbox=[156,202,208,246]
[SKILL] move values=(0.25, 0.0, 0.0, 0.25) t=4.12
[MOVE] completed duration=0.25
[DETECT] class=chair color=red conf=0.83 bbox=[275,116,348,236]
[DETECT] class=chair color=green conf=0.47 bbox=[44,120,151,244]
[DETECT] class=sports ball color=red conf=0.39 bbox=[149,204,204,248]
[SKILL] move values=(0.25, 0.0, 0.0, 0.25) t=4.62
[MOVE] completed duration=0.25
[DETECT] class=chair color=red conf=0.85 bbox=[272,121,345,241]
[DETECT] class=orange color=red conf=0.74 bbox=[138,204,196,252]
[DETECT] class=chair color=green conf=0.65 bbox=[28,116,141,244]
[SKILL] move values=(0.25, 0.0, 0.0, 0.25) t=5.12
[MOVE] completed duration=0.25
[DETECT] class=chair color=red conf=0.84 bbox=[269,112,344,241]
[DETECT] class=orange color=red conf=0.51 bbox=[129,205,191,255]
[DETECT] class=chair color=green conf=0.49 bbox=[14,114,133,249]
[SKILL] move values=(0.25, 0.0, 0.0, 0.25) t=5.62
[MOVE] completed duration=0.25
[DETECT] class=chair color=red conf=0.80 bbox=[265,117,341,244]
[DETECT] class=orange color=red conf=0.40 bbox=[115,205,181,257]
[DETECT] class=chair color=green conf=0.26 bbox=[0,109,121,250]
[SKILL] move values=(0.25, 0.0, 0.0, 0.25) t=6.12
[MOVE] completed duration=0.25
[DETECT] class=chair color=red conf=0.86 bbox=[260,109,340,244]
[DETECT] class=orange color=red conf=0.43 bbox=[104,208,174,262]
[DETECT] class=airplane color=unknown conf=0.40 bbox=[0,108,271,256]
[SKILL] move values=(0.25, 0.0, 0.0, 0.25) t=6.72
[MOVE] completed duration=0.25
[DETECT] class=chair color=red conf=0.42 bbox=[255,111,339,248]
[DETECT] class=orange color=red conf=0.41 bbox=[86,207,163,264]
[DETECT] class=airplane color=unknown conf=0.25 bbox=[0,102,272,253]
[SKILL] move values=(0.25, 0.0, 0.0, 0.25) t=7.22
[MOVE] completed duration=0.25
[DETECT] class=chair color=red conf=0.79 bbox=[252,104,336,248]
[DETECT] class=orange color=red conf=0.51 bbox=[73,210,157,270]
[DETECT] class=airplane color=unknown conf=0.40 bbox=[0,101,270,268]
[SKILL] move values=(0.25, 0.0, 0.0, 0.25) t=7.72
[MOVE] completed duration=0.25
[DETECT] class=sports ball color=red conf=0.35 bbox=[53,210,144,274]
[DETECT] class=chair color=red conf=0.34 bbox=[246,108,335,252]
[DETECT] class=airplane color=unknown conf=0.31 bbox=[0,92,256,266]
[SKILL] move values=(0.25, 0.0, 0.0, 0.25) t=8.22
[MOVE] completed duration=0.25
[DETECT] class=chair color=red conf=0.81 bbox=[241,98,333,253]
[DETECT] class=airplane color=unknown conf=0.43 bbox=[0,92,254,336]
[DETECT] class=sports ball color=red conf=0.36 bbox=[35,213,135,280]
[SKILL] move values=(0.25, 0.0, 0.0, 0.25) t=8.72
[MOVE] completed duration=0.25
[DETECT] class=chair color=red conf=0.68 bbox=[237,101,333,257]
[DETECT] class=orange color=red conf=0.46 bbox=[8,212,121,285]
[DETECT] class=airplane color=unknown conf=0.29 bbox=[0,85,251,355]
[SKILL] move values=(0.25, 0.0, 0.0, 0.25) t=9.22
[MOVE] completed duration=0.25
[DETECT] class=sports ball color=red conf=0.69 bbox=[0,218,110,294]
[DETECT] class=chair color=red conf=0.69 bbox=[230,93,332,259]
[DETECT] class=airplane color=unknown conf=0.47 bbox=[0,123,250,360]
[SKILL] turn values=(10.960224277005036,) t=9.72
[TURN] target=11.0 deg final_error=1.83 deg status=SUCCESS
[DETECT] class=chair color=red conf=0.72 bbox=[275,113,373,273]
[DETECT] class=sports ball color=red conf=0.48 bbox=[88,223,173,287]
[DETECT] class=airplane color=unknown conf=0.32 bbox=[0,112,282,273]
[SKILL] move values=(0.25, 0.0, 0.0, 0.25) t=11.32
[MOVE] completed duration=0.25
[DETECT] class=chair color=red conf=0.83 bbox=[267,87,368,260]
[DETECT] class=sports ball color=red conf=0.38 bbox=[63,214,159,283]
[DETECT] class=airplane color=unknown conf=0.35 bbox=[0,95,281,271]
[DETECT] class=orange color=red conf=0.29 bbox=[63,214,159,282]
[SKILL] move values=(0.25, 0.0, 0.0, 0.25) t=11.82
[MOVE] completed duration=0.25
[DETECT] class=sports ball color=red conf=0.55 bbox=[41,214,148,287]
[DETECT] class=airplane color=unknown conf=0.46 bbox=[0,91,278,349]
[DETECT] class=sports ball color=red conf=0.54 bbox=[40,216,147,289]
[DETECT] class=airplane color=unknown conf=0.42 bbox=[0,92,278,350]
[DETECT] class=sports ball color=red conf=0.46 bbox=[42,224,147,296]
[DETECT] class=chair color=red conf=0.30 bbox=[262,98,366,273]
[SKILL] move values=(0.25, 0.0, 0.0, 0.25) t=12.62
[MOVE] completed duration=0.25
[DETECT] class=sports ball color=red conf=0.63 bbox=[24,218,139,294]
[DETECT] class=airplane color=unknown conf=0.51 bbox=[0,88,277,359]
[DETECT] class=sports ball color=red conf=0.47 bbox=[23,225,139,302]
[DETECT] class=airplane color=unknown conf=0.44 bbox=[0,94,276,367]
[DETECT] class=chair color=red conf=0.26 bbox=[259,91,367,273]
[SKILL] move values=(0.25, 0.0, 0.0, 0.25) t=13.32
[MOVE] completed duration=0.25
[DETECT] class=sports ball color=red conf=0.67 bbox=[0,216,125,299]
[DETECT] class=airplane color=unknown conf=0.57 bbox=[0,78,276,367]
[DETECT] class=chair color=red conf=0.83 bbox=[255,96,367,283]
[DETECT] class=sports ball color=red conf=0.64 bbox=[0,232,126,315]
[SKILL] move values=(0.25, 0.0, 0.0, 0.25) t=14.32
[MOVE] completed duration=0.25
[DETECT] class=sports ball color=red conf=0.53 bbox=[0,222,117,308]
[DETECT] class=airplane color=unknown conf=0.44 bbox=[0,80,274,378]
[DETECT] class=chair color=red conf=0.58 bbox=[251,84,367,280]
[DETECT] class=sports ball color=red conf=0.53 bbox=[0,229,116,317]
[DETECT] class=airplane color=unknown conf=0.31 bbox=[0,86,269,389]
[SKILL] move values=(0.25, 0.0, 0.0, 0.25) t=15.02
[MOVE] completed duration=0.25
[DETECT] class=sports ball color=red conf=0.56 bbox=[0,221,101,315]
[DETECT] class=sports ball color=red conf=0.54 bbox=[0,225,100,319]
[DETECT] class=chair color=red conf=0.69 bbox=[247,89,366,289]
[DETECT] class=sports ball color=red conf=0.55 bbox=[0,238,103,332]
[DETECT] class=airplane color=unknown conf=0.28 bbox=[1,87,479,411]
[SKILL] move values=(0.25, 0.0, 0.0, 0.25) t=15.82
[MOVE] completed duration=0.25
[DETECT] class=chair color=red conf=0.64 bbox=[242,65,368,280]
[DETECT] class=sports ball color=red conf=0.35 bbox=[0,228,91,328]
[SKILL] move values=(0.25, 0.0, 0.0, 0.25) t=16.32
[MOVE] completed duration=0.25
[DETECT] class=chair color=red conf=0.67 bbox=[237,68,370,288]
[SKILL] move values=(0.25, 0.0, 0.0, 0.25) t=16.82
[MOVE] completed duration=0.25
[DETECT] class=chair color=red conf=0.85 bbox=[228,53,368,291]
[SKILL] move values=(0.25, 0.0, 0.0, 0.25) t=17.32
[MOVE] completed duration=0.25
[DETECT] class=chair color=red conf=0.90 bbox=[223,56,370,300]
[SKILL] move values=(0.25, 0.0, 0.0, 0.25) t=17.82
[MOVE] completed duration=0.25
[DETECT] class=chair color=red conf=0.83 bbox=[211,38,368,304]
[SKILL] move values=(0.25, 0.0, 0.0, 0.25) t=18.32
[MOVE] completed duration=0.25
[DETECT] class=chair color=red conf=0.73 bbox=[203,41,370,313]
[SKILL] move values=(0.25, 0.0, 0.0, 0.25) t=18.82
[MOVE] completed duration=0.25
[DETECT] class=chair color=red conf=0.86 bbox=[189,21,367,323]
[SKILL] turn values=(11.78056380293363,) t=19.32
[TURN] target=11.8 deg final_error=1.88 deg status=SUCCESS
[DETECT] class=chair color=red conf=0.73 bbox=[252,49,428,345]
[SKILL] move values=(0.25, 0.0, 0.0, 0.25) t=21.02
[MOVE] completed duration=0.25
[DETECT] class=chair color=red conf=0.46 bbox=[235,4,423,329]
[SKILL] move values=(0.25, 0.0, 0.0, 0.25) t=21.52
[MOVE] completed duration=0.25
[DETECT] class=chair color=red conf=0.76 bbox=[228,9,425,348]
[SKILL] move values=(0.25, 0.0, 0.0, 0.25) t=22.02
[MOVE] completed duration=0.25
[DETECT] class=chair color=red conf=0.72 bbox=[216,0,427,371]
[SKILL] move values=(0.25, 0.0, 0.0, 0.25) t=22.52
[MOVE] completed duration=0.25
[DETECT] class=chair color=red conf=0.84 bbox=[204,0,435,381]
[SKILL] move values=(0.25, 0.0, 0.0, 0.25) t=23.02
[MOVE] completed duration=0.25
[DETECT] class=chair color=red conf=0.83 bbox=[187,0,438,434]
[SKILL] move values=(0.25, 0.0, 0.0, 0.25) t=23.52
[MOVE] completed duration=0.25
[DETECT] class=chair color=red conf=0.83 bbox=[172,0,446,449]
[SKILL] move values=(0.25, 0.0, 0.0, 0.25) t=24.02
[MOVE] completed duration=0.25
[DETECT] class=chair color=red conf=0.79 bbox=[144,0,459,472]
[APPROACH] final_visual_steps=2
[SKILL] move values=(0.2, 0.0, 0.0, 0.25) t=24.52
[MOVE] completed duration=0.25
[SKILL] move values=(0.2, 0.0, 0.0, 0.25) t=24.82
[MOVE] completed duration=0.25
[DETECT] class=chair color=red conf=0.37 bbox=[104,1,538,477]
[FOUND] class=chair color=red t=23.2 s d=0.73 m
[MISSION] status=SUCCESS
[DETECT] class=chair color=red conf=0.51 bbox=[117,1,511,479]
[TRIAL] result=task4_evidence\2026-09-30-benchmark-v6\04_red_offset\result.json success=True
