[KEYBOARD] evdev not installed; browser keyboard control is available
[MAP] switched to object_lab
[DETECT] class=sports ball color=red conf=0.34 bbox=[423,221,498,283]
[DETECT] class=orange color=red conf=0.27 bbox=[423,220,498,283]
[TRIAL] class=chair color=green source=explicit_target start=[1.0, 0.0, 30.0]
[DETECT] class=sports ball color=red conf=0.34 bbox=[423,221,498,283]
[DETECT] class=orange color=red conf=0.27 bbox=[423,220,498,283]
[DETECT] class=sports ball color=red conf=0.33 bbox=[423,221,498,283]
[DETECT] class=orange color=red conf=0.30 bbox=[423,220,498,283]
[DETECT] class=sports ball color=red conf=0.32 bbox=[423,221,498,283]
[DETECT] class=orange color=red conf=0.26 bbox=[423,220,498,283]
[SEARCH] target=green_chair rotating=30deg
[SKILL] turn values=(30.0,) t=2.42
[TURN] target=30.0 deg final_error=1.96 deg status=SUCCESS
[DETECT] class=chair color=green conf=0.57 bbox=[414,112,542,267]
[SKILL] turn values=(-38.116706379219266,) t=5.22
[TURN] target=-38.1 deg final_error=-1.86 deg status=SUCCESS
[DETECT] class=chair color=green conf=0.51 bbox=[253,128,327,253]
[DETECT] class=orange color=red conf=0.29 bbox=[374,221,436,278]
[SKILL] move values=(0.25, 0.0, 0.0, 0.25) t=7.72
[MOVE] completed duration=0.25
[DETECT] class=chair color=green conf=0.55 bbox=[254,109,331,241]
[DETECT] class=sports ball color=red conf=0.34 bbox=[380,205,446,266]
[SKILL] move values=(0.25, 0.0, 0.0, 0.25) t=8.22
[MOVE] completed duration=0.25
[DETECT] class=chair color=green conf=0.47 bbox=[254,105,334,243]
[SKILL] move values=(0.25, 0.0, 0.0, 0.25) t=8.72
[MOVE] completed duration=0.25
[DETECT] class=airplane color=unknown conf=0.27 bbox=[250,78,640,456]
[DETECT] class=orange color=red conf=0.35 bbox=[385,218,458,284]
[DETECT] class=orange color=red conf=0.39 bbox=[385,222,459,288]
[DETECT] class=airplane color=unknown conf=0.27 bbox=[248,86,639,476]
[SEARCH] target=green_chair rotating=30deg
[SKILL] turn values=(30.0,) t=9.52
[TURN] target=30.0 deg final_error=1.97 deg status=SUCCESS
[DETECT] class=chair color=green conf=0.70 bbox=[368,114,478,266]
[SKILL] turn values=(-27.087969074298922,) t=12.22
[TURN] target=-27.1 deg final_error=-1.85 deg status=SUCCESS
[DETECT] class=chair color=green conf=0.35 bbox=[257,123,338,262]
[DETECT] class=airplane color=unknown conf=0.34 bbox=[257,86,639,370]
[DETECT] class=orange color=red conf=0.30 bbox=[393,228,472,296]
[SKILL] move values=(0.25, 0.0, 0.0, 0.25) t=14.12
[MOVE] completed duration=0.25
[DETECT] class=orange color=red conf=0.48 bbox=[406,212,491,285]
[DETECT] class=airplane color=unknown conf=0.46 bbox=[260,70,639,277]
[DETECT] class=airplane color=unknown conf=0.30 bbox=[259,69,640,476]
[DETECT] class=orange color=red conf=0.44 bbox=[405,219,491,292]
[DETECT] class=airplane color=unknown conf=0.36 bbox=[264,87,639,369]
[DETECT] class=airplane color=unknown conf=0.34 bbox=[262,77,640,282]
[DETECT] class=airplane color=unknown conf=0.31 bbox=[261,77,640,475]
[DETECT] class=orange color=red conf=0.45 bbox=[405,232,491,306]
[DETECT] class=airplane color=unknown conf=0.45 bbox=[262,90,640,465]
[DETECT] class=airplane color=unknown conf=0.34 bbox=[263,101,640,306]
[DETECT] class=chair color=green conf=0.28 bbox=[264,121,348,263]
[SKILL] move values=(0.25, 0.0, 0.0, 0.25) t=14.92
[MOVE] completed duration=0.25
[DETECT] class=airplane color=unknown conf=0.58 bbox=[257,92,640,387]
[DETECT] class=airplane color=unknown conf=0.49 bbox=[257,94,640,278]
[DETECT] class=sports ball color=red conf=0.46 bbox=[406,212,496,288]
[DETECT] class=airplane color=unknown conf=0.87 bbox=[257,93,640,366]
[DETECT] class=orange color=red conf=0.33 bbox=[405,219,494,295]
[DETECT] class=orange color=red conf=0.50 bbox=[406,228,495,305]
[DETECT] class=airplane color=unknown conf=0.42 bbox=[257,97,640,294]
[DETECT] class=airplane color=unknown conf=0.42 bbox=[253,85,640,475]
[SEARCH] target=green_chair rotating=30deg
[SKILL] turn values=(30.0,) t=15.72
[TURN] target=30.0 deg final_error=1.83 deg status=SUCCESS
[DETECT] class=chair color=green conf=0.74 bbox=[377,105,502,273]
[SKILL] turn values=(-30.684638444626298,) t=18.42
[TURN] target=-30.7 deg final_error=-1.97 deg status=SUCCESS
[DETECT] class=airplane color=unknown conf=0.89 bbox=[246,89,639,434]
[DETECT] class=airplane color=unknown conf=0.75 bbox=[250,88,639,383]
[DETECT] class=chair color=green conf=0.30 bbox=[252,116,337,265]
[SKILL] move values=(0.25, 0.0, 0.0, 0.25) t=20.62
[MOVE] completed duration=0.25
[DETECT] class=airplane color=unknown conf=0.70 bbox=[256,96,640,366]
[DETECT] class=orange color=red conf=0.32 bbox=[411,215,512,298]
[DETECT] class=orange color=red conf=0.46 bbox=[412,223,512,307]
[DETECT] class=airplane color=unknown conf=0.40 bbox=[257,101,640,386]
[DETECT] class=chair color=green conf=0.31 bbox=[257,102,347,259]
[SKILL] move values=(0.25, 0.0, 0.0, 0.25) t=21.22
[MOVE] completed duration=0.25
[DETECT] class=sports ball color=red conf=0.41 bbox=[417,215,527,304]
[DETECT] class=airplane color=unknown conf=0.30 bbox=[256,90,639,379]
[DETECT] class=orange color=red conf=0.42 bbox=[416,225,524,314]
[DETECT] class=chair color=green conf=0.31 bbox=[256,98,347,262]
[SKILL] move values=(0.25, 0.0, 0.0, 0.25) t=21.82
[MOVE] completed duration=0.25
[DETECT] class=airplane color=unknown conf=0.52 bbox=[254,93,640,392]
[DETECT] class=orange color=red conf=0.51 bbox=[419,222,535,316]
[DETECT] class=chair color=green conf=0.27 bbox=[253,92,349,260]
[SKILL] move values=(0.25, 0.0, 0.0, 0.25) t=22.32
[MOVE] completed duration=0.25
[DETECT] class=orange color=red conf=0.41 bbox=[425,219,556,320]
[DETECT] class=chair color=green conf=0.38 bbox=[249,82,345,259]
[SKILL] move values=(0.25, 0.0, 0.0, 0.25) t=22.82
[MOVE] completed duration=0.25
[DETECT] class=orange color=red conf=0.48 bbox=[427,229,565,335]
[DETECT] class=chair color=green conf=0.39 bbox=[244,85,343,265]
[SKILL] move values=(0.25, 0.0, 0.0, 0.25) t=23.32
[MOVE] completed duration=0.25
[DETECT] class=chair color=green conf=0.72 bbox=[237,73,342,266]
[DETECT] class=orange color=red conf=0.38 bbox=[436,226,593,344]
[SKILL] move values=(0.25, 0.0, 0.0, 0.25) t=23.82
[MOVE] completed duration=0.25
[DETECT] class=chair color=green conf=0.53 bbox=[232,77,341,272]
[SKILL] move values=(0.25, 0.0, 0.0, 0.25) t=24.32
[MOVE] completed duration=0.25
[DETECT] class=chair color=green conf=0.71 bbox=[224,63,338,274]
[SKILL] turn values=(10.960224277005036,) t=24.82
[TURN] target=11.0 deg final_error=1.84 deg status=SUCCESS
[DETECT] class=chair color=green conf=0.80 bbox=[269,86,385,286]
[SKILL] move values=(0.25, 0.0, 0.0, 0.25) t=26.42
[MOVE] completed duration=0.25
[DETECT] class=chair color=green conf=0.70 bbox=[259,56,378,275]
[SKILL] move values=(0.25, 0.0, 0.0, 0.25) t=26.92
[MOVE] completed duration=0.25
[DETECT] class=chair color=green conf=0.78 bbox=[253,61,378,282]
[SKILL] move values=(0.25, 0.0, 0.0, 0.25) t=27.42
[MOVE] completed duration=0.25
[DETECT] class=chair color=green conf=0.78 bbox=[247,43,377,285]
[SKILL] move values=(0.25, 0.0, 0.0, 0.25) t=27.92
[MOVE] completed duration=0.25
[DETECT] class=chair color=green conf=0.84 bbox=[241,46,379,293]
[DETECT] class=umbrella color=red conf=0.46 bbox=[560,288,640,467]
[SKILL] move values=(0.25, 0.0, 0.0, 0.25) t=28.42
[MOVE] completed duration=0.25
[DETECT] class=chair color=green conf=0.88 bbox=[233,24,378,299]
[DETECT] class=umbrella color=red conf=0.43 bbox=[599,313,640,453]
[DETECT] class=person color=red conf=0.42 bbox=[599,313,640,453]
[SKILL] move values=(0.25, 0.0, 0.0, 0.25) t=28.92
[MOVE] completed duration=0.25
[DETECT] class=chair color=green conf=0.91 bbox=[227,25,380,308]
[DETECT] class=person color=red conf=0.32 bbox=[626,360,640,443]
[SKILL] move values=(0.25, 0.0, 0.0, 0.25) t=29.42
[MOVE] completed duration=0.25
[DETECT] class=chair color=green conf=0.89 bbox=[217,2,379,316]
[SKILL] move values=(0.25, 0.0, 0.0, 0.25) t=29.92
[MOVE] completed duration=0.25
[DETECT] class=chair color=green conf=0.89 bbox=[208,1,382,328]
[DETECT] class=airplane color=unknown conf=0.25 bbox=[197,2,639,469]
[SKILL] move values=(0.25, 0.0, 0.0, 0.25) t=30.52
[MOVE] completed duration=0.25
[DETECT] class=chair color=green conf=0.82 bbox=[196,1,381,338]
[SKILL] move values=(0.25, 0.0, 0.0, 0.25) t=31.02
[MOVE] completed duration=0.25
[DETECT] class=chair color=green conf=0.84 bbox=[187,1,383,355]
[DETECT] class=airplane color=unknown conf=0.28 bbox=[180,1,639,474]
[SKILL] move values=(0.25, 0.0, 0.0, 0.25) t=31.52
[MOVE] completed duration=0.25
[DETECT] class=chair color=green conf=0.63 bbox=[173,1,382,371]
[SKILL] move values=(0.25, 0.0, 0.0, 0.25) t=32.02
[MOVE] completed duration=0.25
[DETECT] class=chair color=green conf=0.83 bbox=[159,0,386,394]
[SKILL] move values=(0.25, 0.0, 0.0, 0.25) t=32.52
[MOVE] completed duration=0.25
[DETECT] class=chair color=green conf=0.76 bbox=[136,0,387,423]
[SKILL] move values=(0.25, 0.0, 0.0, 0.25) t=33.02
[MOVE] completed duration=0.25
[DETECT] class=chair color=green conf=0.64 bbox=[106,0,394,471]
[DETECT] class=chair color=green conf=0.45 bbox=[108,1,617,467]
[APPROACH] final_visual_steps=2
[SKILL] move values=(0.2, 0.0, 0.0, 0.25) t=33.52
[MOVE] completed duration=0.25
[SKILL] move values=(0.2, 0.0, 0.0, 0.25) t=33.80
[MOVE] completed duration=0.25
[DETECT] class=chair color=green conf=0.37 bbox=[19,1,388,478]
[DETECT] class=chair color=green conf=0.36 bbox=[20,2,565,479]
[MISSION] status=FAIL reason=visual_stop_outside_0.80m distance_m=0.8032
[DETECT] class=chair color=green conf=0.45 bbox=[48,2,557,479]
[DETECT] class=chair color=green conf=0.35 bbox=[48,1,389,478]
[TRIAL] result=task4_evidence\2026-09-30-benchmark-v6\09_green_angled\result.json success=False
