[KEYBOARD] evdev not installed; browser keyboard control is available
[MAP] switched to object_lab
[TRIAL] class=chair color=green source=explicit_target start=[0.0, 0.0, 180.0]
[SEARCH] target=green_chair rotating=30deg
[SKILL] turn values=(30.0,) t=2.42
[TURN] target=30.0 deg final_error=1.97 deg status=SUCCESS
[DETECT] class=airplane color=unknown conf=0.67 bbox=[5,183,640,479]
[DETECT] class=airplane color=unknown conf=0.74 bbox=[6,182,640,479]
[DETECT] class=airplane color=unknown conf=0.74 bbox=[5,182,640,479]
[SEARCH] target=green_chair rotating=30deg
[SKILL] turn values=(30.0,) t=5.52
[TURN] target=30.0 deg final_error=1.99 deg status=SUCCESS
[SEARCH] target=green_chair rotating=30deg
[SKILL] turn values=(30.0,) t=8.62
[TURN] target=30.0 deg final_error=1.91 deg status=SUCCESS
[SEARCH] target=green_chair rotating=30deg
[SKILL] turn values=(30.0,) t=11.62
[TURN] target=30.0 deg final_error=1.96 deg status=SUCCESS
[DETECT] class=airplane color=unknown conf=0.39 bbox=[2,183,639,478]
[DETECT] class=airplane color=unknown conf=0.39 bbox=[2,183,639,478]
[DETECT] class=airplane color=unknown conf=0.45 bbox=[2,182,640,478]
[SEARCH] target=green_chair rotating=30deg
[SKILL] turn values=(30.0,) t=14.72
[TURN] target=30.0 deg final_error=1.99 deg status=SUCCESS
[DETECT] class=chair color=red conf=0.34 bbox=[77,105,168,239]
[DETECT] class=chair color=red conf=0.79 bbox=[71,102,165,238]
[DETECT] class=chair color=red conf=0.84 bbox=[68,100,161,238]
[SEARCH] target=green_chair rotating=30deg
[SKILL] turn values=(30.0,) t=17.72
[TURN] target=30.0 deg final_error=1.94 deg status=SUCCESS
[DETECT] class=sports ball color=red conf=0.44 bbox=[151,197,203,245]
[DETECT] class=airplane color=unknown conf=0.32 bbox=[0,115,640,480]
[DETECT] class=sports ball color=red conf=0.63 bbox=[146,196,200,245]
[DETECT] class=chair color=green conf=0.26 bbox=[0,93,85,248]
[SKILL] turn values=(44.13371043848158,) t=20.72
[TURN] target=44.1 deg final_error=1.92 deg status=SUCCESS
[DETECT] class=chair color=red conf=0.60 bbox=[504,100,621,250]
[DETECT] class=chair color=green conf=0.40 bbox=[275,114,348,230]
[DETECT] class=orange color=red conf=0.30 bbox=[393,198,441,244]
[DETECT] class=sports ball color=red conf=0.28 bbox=[393,198,441,243]
[SKILL] move values=(0.25, 0.0, 0.0, 0.25) t=24.32
[MOVE] completed duration=0.25
[DETECT] class=chair color=green conf=0.57 bbox=[261,87,335,209]
[DETECT] class=chair color=red conf=0.30 bbox=[491,70,610,224]
[SKILL] move values=(0.25, 0.0, 0.0, 0.25) t=24.82
[MOVE] completed duration=0.25
[DETECT] class=chair color=green conf=0.69 bbox=[256,89,331,214]
[DETECT] class=chair color=red conf=0.49 bbox=[492,65,609,222]
[SKILL] move values=(0.25, 0.0, 0.0, 0.25) t=25.32
[MOVE] completed duration=0.25
[DETECT] class=chair color=green conf=0.71 bbox=[251,95,329,218]
[DETECT] class=chair color=red conf=0.52 bbox=[489,81,605,234]
[SKILL] move values=(0.25, 0.0, 0.0, 0.25) t=25.82
[MOVE] completed duration=0.25
[DETECT] class=chair color=red conf=0.52 bbox=[492,63,612,224]
[DETECT] class=chair color=green conf=0.51 bbox=[246,86,326,216]
[SKILL] move values=(0.25, 0.0, 0.0, 0.25) t=26.32
[MOVE] completed duration=0.25
[DETECT] class=chair color=green conf=0.70 bbox=[241,92,321,222]
[DETECT] class=sports ball color=red conf=0.35 bbox=[373,184,425,235]
[DETECT] class=chair color=red conf=0.31 bbox=[488,78,608,238]
[SKILL] turn values=(7.764606540326197,) t=26.82
[TURN] target=7.8 deg final_error=1.87 deg status=SUCCESS
[DETECT] class=sports ball color=red conf=0.28 bbox=[409,195,464,248]
[DETECT] class=orange color=red conf=0.25 bbox=[408,195,464,247]
[DETECT] class=orange color=red conf=0.43 bbox=[405,195,460,247]
[DETECT] class=sports ball color=red conf=0.47 bbox=[400,194,456,247]
[SEARCH] target=green_chair rotating=30deg
[SKILL] turn values=(30.0,) t=27.82
[TURN] target=30.0 deg final_error=1.95 deg status=SUCCESS
[DETECT] class=chair color=green conf=0.90 bbox=[427,99,542,248]
[SKILL] turn values=(-29.90462289399093,) t=30.52
[TURN] target=-29.9 deg final_error=-1.96 deg status=SUCCESS
[DETECT] class=chair color=red conf=0.46 bbox=[511,82,639,250]
[DETECT] class=orange color=red conf=0.46 bbox=[390,198,444,250]
[DETECT] class=chair color=green conf=0.38 bbox=[257,107,337,236]
[SKILL] move values=(0.25, 0.0, 0.0, 0.25) t=32.72
[MOVE] completed duration=0.25
[DETECT] class=sports ball color=red conf=0.31 bbox=[400,180,456,233]
[DETECT] class=chair color=green conf=0.25 bbox=[262,85,344,220]
[SKILL] move values=(0.25, 0.0, 0.0, 0.25) t=33.22
[MOVE] completed duration=0.25
[DETECT] class=orange color=red conf=0.48 bbox=[404,177,463,232]
[DETECT] class=airplane color=unknown conf=0.26 bbox=[197,46,640,477]
[DETECT] class=orange color=red conf=0.33 bbox=[401,197,459,252]
[SEARCH] target=green_chair rotating=30deg
[SKILL] turn values=(30.0,) t=34.02
[TURN] target=30.0 deg final_error=1.91 deg status=SUCCESS
[DETECT] class=chair color=green conf=0.90 bbox=[423,96,542,250]
[SKILL] turn values=(-29.602655696900424,) t=36.72
[TURN] target=-29.6 deg final_error=-1.98 deg status=SUCCESS
[DETECT] class=chair color=red conf=0.72 bbox=[520,78,640,254]
[DETECT] class=orange color=red conf=0.48 bbox=[392,200,449,254]
[DETECT] class=chair color=green conf=0.35 bbox=[252,104,336,240]
[SKILL] move values=(0.25, 0.0, 0.0, 0.25) t=38.92
[MOVE] completed duration=0.25
[DETECT] class=orange color=red conf=0.56 bbox=[403,181,464,239]
[DETECT] class=orange color=red conf=0.55 bbox=[404,189,465,246]
[DETECT] class=chair color=green conf=0.37 bbox=[262,90,347,229]
[SKILL] move values=(0.25, 0.0, 0.0, 0.25) t=39.56
[MOVE] completed duration=0.25
[DETECT] class=orange color=red conf=0.56 bbox=[401,185,465,244]
[DETECT] class=chair color=green conf=0.28 bbox=[256,81,344,225]
[SKILL] move values=(0.25, 0.0, 0.0, 0.25) t=40.12
[MOVE] completed duration=0.25
[DETECT] class=chair color=green conf=0.39 bbox=[253,75,342,225]
[DETECT] class=orange color=red conf=0.34 bbox=[405,180,470,240]
[SKILL] move values=(0.25, 0.0, 0.0, 0.25) t=40.62
[MOVE] completed duration=0.25
[DETECT] class=orange color=red conf=0.53 bbox=[401,188,468,250]
[DETECT] class=orange color=red conf=0.59 bbox=[401,188,467,249]
[DETECT] class=orange color=red conf=0.48 bbox=[401,194,467,256]
[SEARCH] target=green_chair rotating=30deg
[SKILL] turn values=(30.0,) t=41.32
[TURN] target=30.0 deg final_error=1.87 deg status=SUCCESS
[DETECT] class=chair color=green conf=0.88 bbox=[410,89,537,256]
[SKILL] turn values=(-28.221304958255388,) t=44.02
[TURN] target=-28.2 deg final_error=-1.86 deg status=SUCCESS
[DETECT] class=orange color=red conf=0.33 bbox=[408,204,478,269]
[DETECT] class=orange color=red conf=0.49 bbox=[412,204,482,268]
[DETECT] class=chair color=green conf=0.27 bbox=[255,96,345,248]
[SKILL] move values=(0.25, 0.0, 0.0, 0.25) t=46.12
[MOVE] completed duration=0.25
[DETECT] class=sports ball color=red conf=0.28 bbox=[429,182,504,249]
[DETECT] class=chair color=green conf=0.39 bbox=[265,82,358,239]
[DETECT] class=airplane color=unknown conf=0.37 bbox=[265,71,640,299]
[DETECT] class=sports ball color=red conf=0.32 bbox=[427,193,501,260]
[DETECT] class=orange color=red conf=0.27 bbox=[427,193,501,260]
[SKILL] move values=(0.25, 0.0, 0.0, 0.25) t=46.82
[MOVE] completed duration=0.25
[DETECT] class=chair color=green conf=0.58 bbox=[261,74,359,233]
[DETECT] class=sports ball color=red conf=0.35 bbox=[427,191,503,260]
[DETECT] class=orange color=red conf=0.28 bbox=[427,192,503,260]
[SKILL] move values=(0.25, 0.0, 0.0, 0.25) t=47.32
[MOVE] completed duration=0.25
[DETECT] class=chair color=green conf=0.40 bbox=[256,64,356,233]
[DETECT] class=sports ball color=red conf=0.36 bbox=[430,184,510,255]
[SKILL] move values=(0.25, 0.0, 0.0, 0.25) t=47.82
[MOVE] completed duration=0.25
[DETECT] class=chair color=green conf=0.32 bbox=[251,70,353,238]
[DETECT] class=airplane color=unknown conf=0.30 bbox=[251,53,640,333]
[DETECT] class=orange color=red conf=0.28 bbox=[427,193,509,266]
[SKILL] move values=(0.25, 0.0, 0.0, 0.25) t=48.32
[MOVE] completed duration=0.25
[DETECT] class=chair color=green conf=0.36 bbox=[245,58,349,236]
[DETECT] class=sports ball color=red conf=0.31 bbox=[431,186,517,262]
[SKILL] move values=(0.25, 0.0, 0.0, 0.25) t=48.82
[MOVE] completed duration=0.25
[DETECT] class=sports ball color=red conf=0.60 bbox=[428,195,516,274]
[DETECT] class=airplane color=unknown conf=0.52 bbox=[248,61,640,344]
[DETECT] class=chair color=green conf=0.33 bbox=[238,65,348,242]
[SKILL] move values=(0.25, 0.0, 0.0, 0.25) t=49.32
[MOVE] completed duration=0.25
[DETECT] class=chair color=green conf=0.50 bbox=[233,53,344,241]
[DETECT] class=sports ball color=red conf=0.47 bbox=[432,188,526,270]
[DETECT] class=orange color=red conf=0.36 bbox=[432,188,526,270]
[SKILL] move values=(0.25, 0.0, 0.0, 0.25) t=49.82
[MOVE] completed duration=0.25
[DETECT] class=chair color=green conf=0.67 bbox=[226,59,342,250]
[DETECT] class=sports ball color=red conf=0.52 bbox=[430,198,526,283]
[DETECT] class=airplane color=unknown conf=0.43 bbox=[252,72,640,381]
[DETECT] class=airplane color=unknown conf=0.26 bbox=[295,86,640,458]
[SKILL] move values=(0.25, 0.0, 0.0, 0.25) t=50.32
[MOVE] completed duration=0.25
[DETECT] class=chair color=green conf=0.76 bbox=[218,46,337,248]
[DETECT] class=sports ball color=red conf=0.56 bbox=[433,190,536,279]
[SKILL] turn values=(8.451771349938014,) t=50.82
[TURN] target=8.5 deg final_error=1.95 deg status=SUCCESS
[DETECT] class=chair color=green conf=0.66 bbox=[259,72,378,266]
[DETECT] class=sports ball color=red conf=0.66 bbox=[472,223,588,316]
[DETECT] class=airplane color=unknown conf=0.28 bbox=[260,72,640,397]
[SKILL] move values=(0.25, 0.0, 0.0, 0.25) t=51.82
[MOVE] completed duration=0.25
[DETECT] class=chair color=green conf=0.58 bbox=[244,48,369,252]
[DETECT] class=orange color=red conf=0.52 bbox=[466,200,582,297]
[DETECT] class=sports ball color=red conf=0.47 bbox=[465,200,582,297]
[SKILL] move values=(0.25, 0.0, 0.0, 0.25) t=52.32
[MOVE] completed duration=0.25
[DETECT] class=chair color=green conf=0.73 bbox=[236,39,360,254]
[DETECT] class=orange color=red conf=0.53 bbox=[470,196,592,296]
[DETECT] class=sports ball color=red conf=0.28 bbox=[470,196,592,296]
[SKILL] move values=(0.25, 0.0, 0.0, 0.25) t=52.82
[MOVE] completed duration=0.25
[DETECT] class=chair color=green conf=0.72 bbox=[229,43,359,260]
[DETECT] class=sports ball color=red conf=0.52 bbox=[468,206,596,311]
[DETECT] class=orange color=red conf=0.36 bbox=[468,207,596,311]
[SKILL] move values=(0.25, 0.0, 0.0, 0.25) t=53.32
[MOVE] completed duration=0.25
[DETECT] class=orange color=red conf=0.80 bbox=[476,199,615,311]
[DETECT] class=chair color=green conf=0.75 bbox=[220,29,355,259]
[SKILL] move values=(0.25, 0.0, 0.0, 0.25) t=53.82
[MOVE] completed duration=0.25
[DETECT] class=chair color=green conf=0.63 bbox=[213,34,354,267]
[DETECT] class=orange color=red conf=0.39 bbox=[476,211,623,327]
[SKILL] move values=(0.25, 0.0, 0.0, 0.25) t=54.32
[MOVE] completed duration=0.25
[DETECT] class=chair color=green conf=0.86 bbox=[205,17,350,270]
[SKILL] turn values=(8.451771349938014,) t=54.82
[TURN] target=8.5 deg final_error=1.99 deg status=SUCCESS
[DETECT] class=chair color=green conf=0.71 bbox=[249,48,393,288]
[DETECT] class=bowl color=red conf=0.38 bbox=[532,245,640,381]
[SKILL] move values=(0.25, 0.0, 0.0, 0.25) t=55.82
[MOVE] completed duration=0.25
[DETECT] class=chair color=green conf=0.85 bbox=[232,18,384,272]
[SKILL] move values=(0.25, 0.0, 0.0, 0.25) t=56.32
[MOVE] completed duration=0.25
[DETECT] class=chair color=green conf=0.82 bbox=[221,7,374,275]
[SKILL] move values=(0.25, 0.0, 0.0, 0.25) t=56.82
[MOVE] completed duration=0.25
[DETECT] class=chair color=green conf=0.64 bbox=[212,10,374,284]
[SKILL] move values=(0.25, 0.0, 0.0, 0.25) t=57.32
[MOVE] completed duration=0.25
[DETECT] class=chair color=green conf=0.69 bbox=[204,1,370,288]
[SKILL] move values=(0.25, 0.0, 0.0, 0.25) t=57.82
[MOVE] completed duration=0.25
[DETECT] class=chair color=green conf=0.85 bbox=[196,0,371,298]
[SKILL] move values=(0.25, 0.0, 0.0, 0.25) t=58.32
[MOVE] completed duration=0.25
[DETECT] class=chair color=green conf=0.82 bbox=[184,0,365,302]
[SKILL] turn values=(9.038834353371723,) t=58.82
[TURN] target=9.0 deg final_error=1.96 deg status=SUCCESS
[DETECT] class=chair color=green conf=0.94 bbox=[234,12,419,324]
[SKILL] move values=(0.25, 0.0, 0.0, 0.25) t=59.92
[MOVE] completed duration=0.25
[DETECT] class=chair color=green conf=0.70 bbox=[214,1,409,309]
[SKILL] move values=(0.25, 0.0, 0.0, 0.25) t=60.42
[MOVE] completed duration=0.25
[DETECT] class=chair color=green conf=0.83 bbox=[202,1,398,316]
[SKILL] move values=(0.25, 0.0, 0.0, 0.25) t=60.92
[MOVE] completed duration=0.25
[DETECT] class=chair color=green conf=0.70 bbox=[191,0,404,330]
[SKILL] move values=(0.25, 0.0, 0.0, 0.25) t=61.42
[MOVE] completed duration=0.25
[DETECT] class=chair color=green conf=0.84 bbox=[177,0,397,349]
[SKILL] move values=(0.25, 0.0, 0.0, 0.25) t=62.12
[MOVE] completed duration=0.25
[DETECT] class=chair color=green conf=0.56 bbox=[165,1,402,351]
[SKILL] move values=(0.25, 0.0, 0.0, 0.25) t=62.62
[MOVE] completed duration=0.25
[DETECT] class=chair color=green conf=0.47 bbox=[151,1,393,378]
[SKILL] turn values=(9.52660120356358,) t=63.28
[TURN] target=9.5 deg final_error=1.93 deg status=SUCCESS
[DETECT] class=chair color=green conf=0.47 bbox=[214,0,461,388]
[SKILL] move values=(0.25, 0.0, 0.0, 0.25) t=64.94
[MOVE] completed duration=0.25
[DETECT] class=chair color=green conf=0.84 bbox=[189,1,449,372]
[SKILL] move values=(0.25, 0.0, 0.0, 0.25) t=65.42
[MOVE] completed duration=0.25
[DETECT] class=chair color=green conf=0.61 bbox=[180,1,457,391]
[DETECT] class=chair color=green conf=0.39 bbox=[182,1,640,407]
[SKILL] move values=(0.25, 0.0, 0.0, 0.25) t=65.92
[MOVE] completed duration=0.25
[DETECT] class=chair color=green conf=0.81 bbox=[162,0,458,409]
[SKILL] move values=(0.25, 0.0, 0.0, 0.25) t=66.50
[MOVE] completed duration=0.25
[DETECT] class=chair color=green conf=0.52 bbox=[147,1,467,451]
[DETECT] class=chair color=green conf=0.48 bbox=[147,2,636,443]
[APPROACH] final_visual_steps=7
[SKILL] move values=(0.2, 0.0, 0.0, 0.25) t=67.02
[MOVE] completed duration=0.25
[SKILL] move values=(0.2, 0.0, 0.0, 0.25) t=67.32
[MOVE] completed duration=0.25
[SKILL] move values=(0.2, 0.0, 0.0, 0.25) t=67.62
[MOVE] completed duration=0.25
[SKILL] move values=(0.2, 0.0, 0.0, 0.25) t=67.92
[MOVE] completed duration=0.25
[SKILL] move values=(0.2, 0.0, 0.0, 0.25) t=68.22
[MOVE] completed duration=0.25
[SKILL] move values=(0.2, 0.0, 0.0, 0.25) t=68.52
[MOVE] completed duration=0.25
[SKILL] move values=(0.2, 0.0, 0.0, 0.25) t=68.82
[MOVE] completed duration=0.25
[MISSION] status=FAIL reason=target_not_visible_at_stop
[TRIAL] result=runs\handoff_hidden_green_01\result.json success=False
