[KEYBOARD] evdev not installed; browser keyboard control is available
libdecor-gtk-WARNING: Failed to initialize GTK
Failed to load plugin 'libdecor-gtk.so': failed to init
No plugins found, falling back on no decorations
WARNING: OpenGL error 0x502 in or before mjr_makeContext

[MAP] switched to object_lab
[DETECT] class=sports ball color=red conf=0.68 bbox=[445,215,511,268]
[DETECT] class=chair color=green conf=0.61 bbox=[276,120,358,256]
[DETECT] class=chair color=red conf=0.51 bbox=[501,121,628,260]
[TRIAL] class=chair color=green source=explicit_target start=[1.0, 1.0, 0.0]
[DETECT] class=sports ball color=red conf=0.68 bbox=[445,215,511,268]
[DETECT] class=chair color=green conf=0.61 bbox=[276,120,358,256]
[DETECT] class=chair color=red conf=0.51 bbox=[501,121,628,260]
[SKILL] move values=(0.25, 0.0, 0.0, 0.25) t=2.74
[MOVE] completed duration=0.25
[DETECT] class=sports ball color=red conf=0.58 bbox=[448,205,517,260]
[DETECT] class=airplane color=unknown conf=0.37 bbox=[2,94,640,479]
[DETECT] class=chair color=green conf=0.29 bbox=[273,109,357,251]
[SKILL] move values=(0.25, 0.0, 0.0, 0.25) t=4.06
[MOVE] completed duration=0.25
[DETECT] class=sports ball color=red conf=0.64 bbox=[449,210,520,265]
[DETECT] class=airplane color=unknown conf=0.43 bbox=[1,171,638,479]
[DETECT] class=chair color=green conf=0.27 bbox=[271,111,357,255]
[SKILL] move values=(0.25, 0.0, 0.0, 0.25) t=5.30
[MOVE] completed duration=0.25
[DETECT] class=sports ball color=red conf=0.53 bbox=[455,212,528,270]
[DETECT] class=airplane color=red conf=0.37 bbox=[2,179,639,479]
[DETECT] class=airplane color=unknown conf=0.31 bbox=[274,108,639,347]
[DETECT] class=chair color=red conf=0.72 bbox=[508,117,640,262]
[DETECT] class=chair color=green conf=0.70 bbox=[271,117,359,264]
[DETECT] class=orange color=red conf=0.36 bbox=[452,218,524,276]
[DETECT] class=sports ball color=red conf=0.27 bbox=[452,219,525,276]
[SKILL] move values=(0.25, 0.0, 0.0, 0.25) t=7.16
[MOVE] completed duration=0.25
[DETECT] class=airplane color=red conf=0.27 bbox=[1,174,639,479]
[DETECT] class=sports ball color=red conf=0.27 bbox=[454,204,529,263]
[DETECT] class=orange color=red conf=0.25 bbox=[454,204,529,263]
[DETECT] class=chair color=green conf=0.67 bbox=[269,113,358,264]
[DETECT] class=orange color=red conf=0.47 bbox=[455,216,530,275]
[DETECT] class=sports ball color=red conf=0.35 bbox=[455,216,530,274]
[DETECT] class=chair color=red conf=0.32 bbox=[511,113,640,260]
[SKILL] move values=(0.25, 0.0, 0.0, 0.25) t=9.08
[MOVE] completed duration=0.25
[DETECT] class=sports ball color=red conf=0.55 bbox=[457,216,536,275]
[DETECT] class=chair color=green conf=0.30 bbox=[267,111,358,265]
[DETECT] class=airplane color=unknown conf=0.28 bbox=[1,178,638,480]
[SKILL] move values=(0.25, 0.0, 0.0, 0.25) t=10.20
[MOVE] completed duration=0.25
[DETECT] class=sports ball color=red conf=0.57 bbox=[459,208,541,270]
[DETECT] class=airplane color=unknown conf=0.32 bbox=[1,143,639,479]
[DETECT] class=airplane color=unknown conf=0.35 bbox=[1,172,638,480]
[DETECT] class=orange color=red conf=0.35 bbox=[461,218,544,279]
[DETECT] class=sports ball color=red conf=0.30 bbox=[461,218,544,280]
[DETECT] class=orange color=red conf=0.38 bbox=[461,219,545,280]
[DETECT] class=airplane color=unknown conf=0.36 bbox=[1,155,638,479]
[DETECT] class=airplane color=unknown conf=0.33 bbox=[1,171,638,479]
[DETECT] class=sports ball color=red conf=0.32 bbox=[462,219,545,280]
[DETECT] class=orange color=red conf=0.31 bbox=[462,219,545,280]
[DETECT] class=chair color=green conf=0.31 bbox=[266,111,359,266]
[DETECT] class=airplane color=red conf=0.29 bbox=[335,110,640,354]
[SKILL] move values=(0.25, 0.0, 0.0, 0.25) t=13.94
[MOVE] completed duration=0.25
[DETECT] class=sports ball color=red conf=0.68 bbox=[467,209,554,273]
[DETECT] class=airplane color=unknown conf=0.28 bbox=[1,146,639,479]
[DETECT] class=orange color=red conf=0.50 bbox=[464,221,548,284]
[DETECT] class=sports ball color=red conf=0.38 bbox=[464,221,548,284]
[DETECT] class=chair color=green conf=0.37 bbox=[265,111,359,270]
[DETECT] class=airplane color=unknown conf=0.32 bbox=[1,154,637,480]
[SKILL] move values=(0.25, 0.0, 0.0, 0.25) t=15.98
[MOVE] completed duration=0.25
[DETECT] class=sports ball color=red conf=0.68 bbox=[465,214,552,278]
[DETECT] class=chair color=green conf=0.46 bbox=[261,99,360,266]
[DETECT] class=airplane color=unknown conf=0.33 bbox=[1,102,639,479]
[SKILL] move values=(0.25, 0.0, 0.0, 0.25) t=17.04
[MOVE] completed duration=0.25
[DETECT] class=sports ball color=red conf=0.34 bbox=[472,212,564,279]
[DETECT] class=orange color=red conf=0.30 bbox=[472,212,564,279]
[DETECT] class=airplane color=unknown conf=0.26 bbox=[1,100,639,479]
[DETECT] class=chair color=green conf=0.40 bbox=[257,108,358,274]
[DETECT] class=sports ball color=red conf=0.37 bbox=[468,223,557,289]
[DETECT] class=orange color=red conf=0.35 bbox=[468,223,557,289]
[DETECT] class=airplane color=unknown conf=0.27 bbox=[3,174,638,479]
[SKILL] move values=(0.25, 0.0, 0.0, 0.25) t=19.22
[MOVE] completed duration=0.25
[DETECT] class=sports ball color=red conf=0.42 bbox=[469,212,560,280]
[DETECT] class=airplane color=unknown conf=0.27 bbox=[1,112,638,479]
[DETECT] class=sports ball color=red conf=0.54 bbox=[471,220,563,289]
[DETECT] class=airplane color=unknown conf=0.33 bbox=[2,172,638,479]
[DETECT] class=chair color=green conf=0.32 bbox=[255,102,358,274]
[SKILL] move values=(0.25, 0.0, 0.0, 0.25) t=21.08
[MOVE] completed duration=0.25
[DETECT] class=sports ball color=red conf=0.40 bbox=[473,221,570,292]
[DETECT] class=orange color=red conf=0.39 bbox=[473,220,570,292]
[DETECT] class=chair color=green conf=0.31 bbox=[251,99,357,276]
[DETECT] class=airplane color=unknown conf=0.30 bbox=[1,158,638,479]
[SKILL] move values=(0.25, 0.0, 0.0, 0.25) t=22.46
[MOVE] completed duration=0.25
[DETECT] class=chair color=green conf=0.68 bbox=[246,92,355,274]
[DETECT] class=orange color=red conf=0.39 bbox=[474,217,575,289]
[SKILL] move values=(0.25, 0.0, 0.0, 0.25) t=23.60
[MOVE] completed duration=0.25
[DETECT] class=chair color=green conf=0.36 bbox=[245,92,357,280]
[DETECT] class=orange color=red conf=0.36 bbox=[481,220,588,296]
[DETECT] class=sports ball color=red conf=0.29 bbox=[481,220,588,296]
[SKILL] move values=(0.25, 0.0, 0.0, 0.25) t=24.68
[MOVE] completed duration=0.25
[DETECT] class=chair color=green conf=0.60 bbox=[240,84,354,278]
[DETECT] class=sports ball color=red conf=0.41 bbox=[485,218,594,295]
[DETECT] class=orange color=red conf=0.35 bbox=[484,218,595,295]
[SKILL] move values=(0.25, 0.0, 0.0, 0.25) t=25.76
[MOVE] completed duration=0.25
[DETECT] class=sports ball color=red conf=0.64 bbox=[489,228,607,309]
[DETECT] class=chair color=green conf=0.59 bbox=[238,91,356,290]
[DETECT] class=chair color=red conf=0.37 bbox=[530,103,640,256]
[SKILL] move values=(0.25, 0.0, 0.0, 0.25) t=26.78
[MOVE] completed duration=0.25
[DETECT] class=chair color=green conf=0.74 bbox=[231,77,354,286]
[DETECT] class=sports ball color=red conf=0.59 bbox=[493,220,617,304]
[SKILL] move values=(0.25, 0.0, 0.0, 0.25) t=27.96
[MOVE] completed duration=0.25
[DETECT] class=chair color=green conf=0.71 bbox=[228,68,356,287]
[DETECT] class=sports ball color=red conf=0.56 bbox=[504,218,640,306]
[SKILL] move values=(0.25, 0.0, 0.0, 0.25) t=28.86
[MOVE] completed duration=0.25
[DETECT] class=sports ball color=red conf=0.58 bbox=[506,217,640,309]
[DETECT] class=chair color=green conf=0.49 bbox=[221,60,356,289]
[SKILL] move values=(0.25, 0.0, 0.0, 0.25) t=30.02
[MOVE] completed duration=0.25
[DETECT] class=chair color=green conf=0.90 bbox=[217,66,356,300]
[DETECT] class=sports ball color=red conf=0.29 bbox=[515,227,640,324]
[SKILL] move values=(0.25, 0.0, 0.0, 0.25) t=31.18
[MOVE] completed duration=0.25
[DETECT] class=chair color=green conf=0.55 bbox=[208,50,357,295]
[DETECT] class=sports ball color=red conf=0.44 bbox=[519,219,640,320]
[SKILL] move values=(0.25, 0.0, 0.0, 0.25) t=32.20
[MOVE] completed duration=0.25
[DETECT] class=chair color=green conf=0.84 bbox=[206,62,356,314]
[DETECT] class=sports ball color=red conf=0.48 bbox=[528,234,640,343]
[SKILL] move values=(0.25, 0.0, 0.0, 0.25) t=33.42
[MOVE] completed duration=0.25
[DETECT] class=chair color=green conf=0.89 bbox=[196,45,355,309]
[SKILL] move values=(0.25, 0.0, 0.0, 0.25) t=34.58
[MOVE] completed duration=0.25
[DETECT] class=chair color=green conf=0.87 bbox=[190,35,357,317]
[SKILL] move values=(0.25, 0.0, 0.0, 0.25) t=35.68
[MOVE] completed duration=0.25
[DETECT] class=chair color=green conf=0.83 bbox=[178,27,357,319]
[SKILL] move values=(0.25, 0.0, 0.0, 0.25) t=36.72
[MOVE] completed duration=0.25
[DETECT] class=chair color=green conf=0.91 bbox=[173,34,357,338]
[SKILL] move values=(0.25, 0.0, 0.0, 0.25) t=37.84
[MOVE] completed duration=0.25
[DETECT] class=chair color=green conf=0.80 bbox=[157,13,357,340]
[SKILL] turn values=(10.422915596501896,) t=38.92
[TURN] target=10.4 deg final_error=1.90 deg status=SUCCESS
[DETECT] class=chair color=green conf=0.84 bbox=[222,36,407,353]
[SKILL] move values=(0.25, 0.0, 0.0, 0.25) t=41.00
[MOVE] completed duration=0.25
[DETECT] class=chair color=green conf=0.89 bbox=[197,22,391,355]
[SKILL] move values=(0.25, 0.0, 0.0, 0.25) t=42.14
[MOVE] completed duration=0.25
[DETECT] class=chair color=green conf=0.90 bbox=[185,15,390,362]
[SKILL] move values=(0.25, 0.0, 0.0, 0.25) t=43.24
[MOVE] completed duration=0.25
[DETECT] class=chair color=green conf=0.84 bbox=[175,0,395,369]
[SKILL] move values=(0.25, 0.0, 0.0, 0.25) t=44.18
[MOVE] completed duration=0.25
[DETECT] class=chair color=green conf=0.80 bbox=[161,1,395,381]
[SKILL] move values=(0.25, 0.0, 0.0, 0.25) t=45.22
[MOVE] completed duration=0.25
[DETECT] class=chair color=green conf=0.65 bbox=[148,0,398,404]
[SKILL] move values=(0.25, 0.0, 0.0, 0.25) t=46.20
[MOVE] completed duration=0.25
[DETECT] class=chair color=green conf=0.67 bbox=[127,0,400,435]
[SKILL] move values=(0.25, 0.0, 0.0, 0.25) t=47.22
[MOVE] completed duration=0.25
[DETECT] class=chair color=green conf=0.73 bbox=[109,0,407,466]
[APPROACH] final_visual_steps=4
[SKILL] move values=(0.2, 0.0, 0.0, 0.25) t=48.22
[MOVE] completed duration=0.25
[DETECT] class=chair color=green conf=0.65 bbox=[92,1,407,474]
[SKILL] move values=(0.2, 0.0, 0.0, 0.25) t=49.22
[MOVE] completed duration=0.25
[DETECT] class=chair color=green conf=0.55 bbox=[83,1,406,475]
[SKILL] move values=(0.2, 0.0, 0.0, 0.25) t=50.22
[MOVE] completed duration=0.25
[DETECT] class=chair color=green conf=0.52 bbox=[75,1,406,476]
[SKILL] move values=(0.2, 0.0, 0.0, 0.25) t=51.20
[MOVE] completed duration=0.25
[DETECT] class=chair color=green conf=0.41 bbox=[62,1,414,458]
[DETECT] class=chair color=green conf=0.60 bbox=[81,0,405,478]
[FOUND] class=chair color=green t=50.2 s d=0.78 m
[MISSION] status=SUCCESS
[DETECT] class=chair color=green conf=0.60 bbox=[84,0,406,479]
[TRIAL] result=runs/benchmark_2026-10-02_d6f0c7b/01_green_aligned/result.json success=True
