[KEYBOARD] evdev not installed; browser keyboard control is available
libdecor-gtk-WARNING: Failed to initialize GTK
Failed to load plugin 'libdecor-gtk.so': failed to init
No plugins found, falling back on no decorations
WARNING: OpenGL error 0x502 in or before mjr_makeContext

[MAP] switched to object_lab
[DETECT] class=chair color=red conf=0.57 bbox=[466,137,547,240]
[DETECT] class=chair color=green conf=0.49 bbox=[285,137,349,240]
[DETECT] class=sports ball color=red conf=0.45 bbox=[412,208,455,247]
[TRIAL] class=chair color=green source=explicit_target start=[0.5, 1.0, 0.0]
[DETECT] class=chair color=red conf=0.57 bbox=[466,137,547,240]
[DETECT] class=chair color=green conf=0.49 bbox=[285,137,349,240]
[DETECT] class=sports ball color=red conf=0.45 bbox=[412,208,455,247]
[SKILL] move values=(0.25, 0.0, 0.0, 0.25) t=2.76
[MOVE] completed duration=0.25
[DETECT] class=sports ball color=red conf=0.75 bbox=[414,197,459,237]
[DETECT] class=chair color=red conf=0.69 bbox=[468,121,553,228]
[DETECT] class=chair color=green conf=0.63 bbox=[284,125,349,232]
[SKILL] move values=(0.25, 0.0, 0.0, 0.25) t=3.82
[MOVE] completed duration=0.25
[DETECT] class=chair color=green conf=0.64 bbox=[282,124,349,232]
[DETECT] class=chair color=red conf=0.63 bbox=[468,123,554,230]
[DETECT] class=sports ball color=red conf=0.45 bbox=[414,199,459,239]
[SKILL] move values=(0.25, 0.0, 0.0, 0.25) t=4.84
[MOVE] completed duration=0.25
[DETECT] class=sports ball color=red conf=0.68 bbox=[417,200,465,241]
[DETECT] class=chair color=red conf=0.60 bbox=[473,123,562,233]
[DETECT] class=chair color=green conf=0.50 bbox=[283,125,349,237]
[SKILL] move values=(0.25, 0.0, 0.0, 0.25) t=5.88
[MOVE] completed duration=0.25
[DETECT] class=chair color=red conf=0.69 bbox=[472,120,562,232]
[DETECT] class=chair color=green conf=0.63 bbox=[279,119,348,232]
[DETECT] class=sports ball color=red conf=0.47 bbox=[417,197,464,240]
[SKILL] move values=(0.25, 0.0, 0.0, 0.25) t=6.94
[MOVE] completed duration=0.25
[DETECT] class=sports ball color=red conf=0.80 bbox=[419,201,468,244]
[DETECT] class=chair color=green conf=0.43 bbox=[279,123,348,240]
[DETECT] class=chair color=red conf=0.42 bbox=[474,122,567,235]
[SKILL] move values=(0.25, 0.0, 0.0, 0.25) t=7.86
[MOVE] completed duration=0.25
[DETECT] class=sports ball color=red conf=0.82 bbox=[418,199,469,241]
[DETECT] class=chair color=green conf=0.59 bbox=[275,116,347,236]
[DETECT] class=chair color=red conf=0.54 bbox=[473,117,567,234]
[SKILL] move values=(0.25, 0.0, 0.0, 0.25) t=8.84
[MOVE] completed duration=0.25
[DETECT] class=sports ball color=red conf=0.81 bbox=[420,202,472,247]
[DETECT] class=chair color=red conf=0.41 bbox=[474,120,572,237]
[DETECT] class=chair color=green conf=0.38 bbox=[274,120,346,241]
[SKILL] move values=(0.25, 0.0, 0.0, 0.25) t=10.00
[MOVE] completed duration=0.25
[DETECT] class=sports ball color=red conf=0.78 bbox=[418,202,471,247]
[DETECT] class=chair color=red conf=0.53 bbox=[473,121,570,238]
[DETECT] class=chair color=green conf=0.41 bbox=[270,117,343,242]
[SKILL] move values=(0.25, 0.0, 0.0, 0.25) t=11.16
[MOVE] completed duration=0.25
[DETECT] class=chair color=green conf=0.71 bbox=[269,126,344,251]
[DETECT] class=chair color=red conf=0.64 bbox=[474,129,572,244]
[DETECT] class=orange color=red conf=0.60 bbox=[421,211,474,256]
[SKILL] move values=(0.25, 0.0, 0.0, 0.25) t=12.28
[MOVE] completed duration=0.25
[DETECT] class=chair color=green conf=0.49 bbox=[265,117,342,244]
[DETECT] class=orange color=red conf=0.46 bbox=[421,204,475,251]
[DETECT] class=sports ball color=red conf=0.38 bbox=[421,204,475,252]
[SKILL] move values=(0.25, 0.0, 0.0, 0.25) t=13.46
[MOVE] completed duration=0.25
[DETECT] class=sports ball color=red conf=0.34 bbox=[425,201,483,251]
[DETECT] class=chair color=green conf=0.27 bbox=[266,113,342,245]
[DETECT] class=chair color=red conf=0.26 bbox=[480,114,585,239]
[SKILL] move values=(0.25, 0.0, 0.0, 0.25) t=14.36
[MOVE] completed duration=0.25
[DETECT] class=chair color=green conf=0.77 bbox=[260,108,341,244]
[DETECT] class=sports ball color=red conf=0.41 bbox=[424,200,483,250]
[DETECT] class=chair color=red conf=0.31 bbox=[477,113,584,239]
[SKILL] move values=(0.25, 0.0, 0.0, 0.25) t=15.44
[MOVE] completed duration=0.25
[DETECT] class=sports ball color=red conf=0.40 bbox=[427,204,488,255]
[DETECT] class=chair color=green conf=0.26 bbox=[258,112,341,250]
[SKILL] move values=(0.25, 0.0, 0.0, 0.25) t=16.42
[MOVE] completed duration=0.25
[DETECT] class=chair color=green conf=0.53 bbox=[254,107,339,248]
[DETECT] class=chair color=red conf=0.49 bbox=[479,113,589,242]
[DETECT] class=sports ball color=red conf=0.35 bbox=[426,203,488,255]
[SKILL] move values=(0.25, 0.0, 0.0, 0.25) t=17.58
[MOVE] completed duration=0.25
[DETECT] class=orange color=red conf=0.54 bbox=[431,201,496,255]
[DETECT] class=airplane color=red conf=0.28 bbox=[2,184,639,478]
[DETECT] class=chair color=green conf=0.59 bbox=[252,120,339,263]
[DETECT] class=sports ball color=red conf=0.37 bbox=[427,216,491,269]
[SKILL] move values=(0.25, 0.0, 0.0, 0.25) t=19.44
[MOVE] completed duration=0.25
[DETECT] class=orange color=red conf=0.29 bbox=[428,204,492,259]
[DETECT] class=sports ball color=red conf=0.40 bbox=[428,215,494,268]
[DETECT] class=chair color=green conf=0.39 bbox=[250,116,337,263]
[DETECT] class=chair color=red conf=0.30 bbox=[480,121,593,251]
[SKILL] move values=(0.25, 0.0, 0.0, 0.25) t=21.26
[MOVE] completed duration=0.25
[DETECT] class=orange color=red conf=0.40 bbox=[430,216,496,271]
[DETECT] class=chair color=green conf=0.37 bbox=[247,115,337,265]
[DETECT] class=sports ball color=red conf=0.32 bbox=[430,216,496,271]
[SKILL] move values=(0.25, 0.0, 0.0, 0.25) t=22.22
[MOVE] completed duration=0.25
[DETECT] class=orange color=red conf=0.39 bbox=[431,205,501,262]
[DETECT] class=chair color=green conf=0.33 bbox=[241,100,335,257]
[DETECT] class=sports ball color=red conf=0.26 bbox=[432,205,501,262]
[SKILL] move values=(0.25, 0.0, 0.0, 0.25) t=23.32
[MOVE] completed duration=0.25
[DETECT] class=chair color=green conf=0.75 bbox=[240,104,336,265]
[DETECT] class=orange color=red conf=0.46 bbox=[436,211,508,270]
[DETECT] class=chair color=red conf=0.44 bbox=[485,111,612,251]
[DETECT] class=sports ball color=red conf=0.35 bbox=[436,211,508,270]
[SKILL] move values=(0.25, 0.0, 0.0, 0.25) t=24.40
[MOVE] completed duration=0.25
[DETECT] class=chair color=green conf=0.65 bbox=[235,97,335,264]
[DETECT] class=chair color=red conf=0.49 bbox=[484,108,613,250]
[DETECT] class=orange color=red conf=0.45 bbox=[436,208,512,268]
[DETECT] class=sports ball color=red conf=0.37 bbox=[436,208,511,268]
[SKILL] move values=(0.25, 0.0, 0.0, 0.25) t=25.60
[MOVE] completed duration=0.25
[DETECT] class=chair color=green conf=0.71 bbox=[233,90,336,262]
[DETECT] class=sports ball color=red conf=0.34 bbox=[442,204,522,267]
[DETECT] class=orange color=red conf=0.27 bbox=[443,203,522,266]
[SKILL] move values=(0.25, 0.0, 0.0, 0.25) t=26.60
[MOVE] completed duration=0.25
[DETECT] class=chair color=green conf=0.64 bbox=[228,93,334,266]
[DETECT] class=sports ball color=red conf=0.36 bbox=[441,210,521,274]
[DETECT] class=chair color=red conf=0.28 bbox=[487,105,622,252]
[DETECT] class=orange color=red conf=0.26 bbox=[441,211,521,274]
[SKILL] move values=(0.25, 0.0, 0.0, 0.25) t=27.78
[MOVE] completed duration=0.25
[DETECT] class=chair color=green conf=0.70 bbox=[226,99,334,277]
[DETECT] class=sports ball color=red conf=0.42 bbox=[444,219,529,285]
[DETECT] class=chair color=red conf=0.38 bbox=[490,113,630,261]
[SKILL] move values=(0.25, 0.0, 0.0, 0.25) t=28.96
[MOVE] completed duration=0.25
[DETECT] class=chair color=green conf=0.78 bbox=[220,92,332,274]
[DETECT] class=orange color=red conf=0.64 bbox=[445,215,531,283]
[DETECT] class=chair color=red conf=0.41 bbox=[490,107,632,257]
[SKILL] move values=(0.25, 0.0, 0.0, 0.25) t=30.20
[MOVE] completed duration=0.25
[DETECT] class=chair color=green conf=0.65 bbox=[217,92,333,281]
[DETECT] class=orange color=red conf=0.41 bbox=[451,219,543,289]
[DETECT] class=chair color=red conf=0.38 bbox=[494,106,640,263]
[DETECT] class=sports ball color=red conf=0.29 bbox=[451,219,543,289]
[SKILL] move values=(0.25, 0.0, 0.0, 0.25) t=31.42
[MOVE] completed duration=0.25
[DETECT] class=sports ball color=red conf=0.39 bbox=[453,212,547,285]
[DETECT] class=orange color=red conf=0.39 bbox=[452,212,547,285]
[DETECT] class=chair color=green conf=0.64 bbox=[212,93,332,288]
[DETECT] class=orange color=red conf=0.38 bbox=[454,224,549,296]
[DETECT] class=sports ball color=red conf=0.26 bbox=[454,224,549,296]
[DETECT] class=airplane color=unknown conf=0.26 bbox=[218,103,640,365]
[SKILL] move values=(0.25, 0.0, 0.0, 0.25) t=33.32
[MOVE] completed duration=0.25
[DETECT] class=sports ball color=red conf=0.49 bbox=[458,219,560,295]
[DETECT] class=chair color=green conf=0.46 bbox=[208,83,331,286]
[DETECT] class=orange color=red conf=0.29 bbox=[458,219,560,295]
[SKILL] move values=(0.25, 0.0, 0.0, 0.25) t=34.22
[MOVE] completed duration=0.25
[DETECT] class=chair color=green conf=0.66 bbox=[199,73,328,283]
[DETECT] class=sports ball color=red conf=0.53 bbox=[460,214,566,292]
[DETECT] class=chair color=red conf=0.37 bbox=[498,93,640,258]
[DETECT] class=orange color=red conf=0.28 bbox=[460,213,566,293]
[SKILL] move values=(0.25, 0.0, 0.0, 0.25) t=35.32
[MOVE] completed duration=0.25
[DETECT] class=chair color=green conf=0.67 bbox=[196,77,328,294]
[DETECT] class=sports ball color=red conf=0.53 bbox=[468,221,580,304]
[SKILL] turn values=(9.640066284399909,) t=36.36
[TURN] target=9.6 deg final_error=1.99 deg status=SUCCESS
[DETECT] class=chair color=green conf=0.78 bbox=[240,88,367,298]
[DETECT] class=sports ball color=red conf=0.48 bbox=[511,240,640,332]
[DETECT] class=orange color=red conf=0.36 bbox=[512,240,640,332]
[SKILL] move values=(0.25, 0.0, 0.0, 0.25) t=38.52
[MOVE] completed duration=0.25
[DETECT] class=chair color=green conf=0.71 bbox=[222,73,353,294]
[DETECT] class=sports ball color=red conf=0.41 bbox=[503,225,640,318]
[SKILL] move values=(0.25, 0.0, 0.0, 0.25) t=39.68
[MOVE] completed duration=0.25
[DETECT] class=chair color=green conf=0.73 bbox=[213,58,353,289]
[DETECT] class=sports ball color=red conf=0.62 bbox=[506,218,640,313]
[SKILL] move values=(0.25, 0.0, 0.0, 0.25) t=40.64
[MOVE] completed duration=0.25
[DETECT] class=chair color=green conf=0.84 bbox=[209,61,354,301]
[DETECT] class=sports ball color=red conf=0.39 bbox=[516,225,640,327]
[SKILL] move values=(0.25, 0.0, 0.0, 0.25) t=41.60
[MOVE] completed duration=0.25
[DETECT] class=chair color=green conf=0.90 bbox=[201,53,352,303]
[DETECT] class=sports ball color=red conf=0.35 bbox=[519,226,640,332]
[SKILL] move values=(0.25, 0.0, 0.0, 0.25) t=42.62
[MOVE] completed duration=0.25
[DETECT] class=chair color=green conf=0.89 bbox=[195,53,353,316]
[SKILL] move values=(0.25, 0.0, 0.0, 0.25) t=43.42
[MOVE] completed duration=0.25
[DETECT] class=chair color=green conf=0.87 bbox=[183,40,352,317]
[SKILL] move values=(0.25, 0.0, 0.0, 0.25) t=44.46
[MOVE] completed duration=0.25
[DETECT] class=chair color=green conf=0.85 bbox=[174,32,352,324]
[SKILL] move values=(0.25, 0.0, 0.0, 0.25) t=45.50
[MOVE] completed duration=0.25
[DETECT] class=chair color=green conf=0.88 bbox=[161,18,352,329]
[SKILL] turn values=(10.500605024034092,) t=46.48
[TURN] target=10.5 deg final_error=1.91 deg status=SUCCESS
[DETECT] class=chair color=green conf=0.88 bbox=[226,44,403,342]
[SKILL] move values=(0.25, 0.0, 0.0, 0.25) t=48.26
[MOVE] completed duration=0.25
[DETECT] class=chair color=green conf=0.90 bbox=[203,36,386,350]
[SKILL] move values=(0.25, 0.0, 0.0, 0.25) t=49.26
[MOVE] completed duration=0.25
[DETECT] class=chair color=green conf=0.75 bbox=[189,4,387,342]
[SKILL] move values=(0.25, 0.0, 0.0, 0.25) t=50.08
[MOVE] completed duration=0.25
[DETECT] class=chair color=green conf=0.78 bbox=[180,0,390,356]
[SKILL] move values=(0.25, 0.0, 0.0, 0.25) t=50.84
[MOVE] completed duration=0.25
[DETECT] class=chair color=green conf=0.66 bbox=[165,0,392,368]
[SKILL] move values=(0.25, 0.0, 0.0, 0.25) t=51.78
[MOVE] completed duration=0.25
[DETECT] class=chair color=green conf=0.86 bbox=[157,1,392,399]
[SKILL] move values=(0.25, 0.0, 0.0, 0.25) t=52.78
[MOVE] completed duration=0.25
[DETECT] class=chair color=green conf=0.71 bbox=[133,0,396,405]
[SKILL] move values=(0.25, 0.0, 0.0, 0.25) t=53.80
[MOVE] completed duration=0.25
[DETECT] class=chair color=green conf=0.59 bbox=[115,0,398,431]
[SKILL] move values=(0.25, 0.0, 0.0, 0.25) t=54.82
[MOVE] completed duration=0.25
[DETECT] class=chair color=green conf=0.63 bbox=[93,1,401,463]
[SKILL] move values=(0.25, 0.0, 0.0, 0.25) t=55.70
[MOVE] completed duration=0.25
[DETECT] class=chair color=green conf=0.60 bbox=[66,0,405,475]
[APPROACH] final_visual_steps=4
[SKILL] move values=(0.2, 0.0, 0.0, 0.25) t=56.60
[MOVE] completed duration=0.25
[DETECT] class=chair color=green conf=0.51 bbox=[40,0,406,475]
[SKILL] move values=(0.2, 0.0, 0.0, 0.25) t=57.62
[MOVE] completed duration=0.25
[DETECT] class=chair color=green conf=0.29 bbox=[31,1,408,477]
[SKILL] move values=(0.2, 0.0, 0.0, 0.25) t=58.72
[MOVE] completed duration=0.25
[APPROACH] stop reason=target_lost
[APPROACH] recovery=back
[SKILL] move values=(-0.1, 0.0, 0.0, 0.25) t=61.96
[MOVE] completed duration=0.25
[MISSION] status=FAIL reason=target_not_visible_at_stop
[TRIAL] result=runs/benchmark_2026-10-02_d6f0c7b/03_green_offset/result.json success=False
