[KEYBOARD] evdev not installed; browser keyboard control is available
[MAP] switched to object_lab
[DETECT] class=chair color=red conf=0.75 bbox=[276,121,357,256]
[DETECT] class=chair color=green conf=0.55 bbox=[17,120,133,258]
[DETECT] class=sports ball color=orange conf=0.38 bbox=[123,216,190,270]
[DETECT] class=sports ball color=orange conf=0.37 bbox=[123,216,190,270]
[TRIAL] class=chair color=red source=explicit_target start=[1.0, -1.0, 0.0]
[DETECT] class=chair color=red conf=0.75 bbox=[276,121,357,256]
[DETECT] class=chair color=green conf=0.55 bbox=[17,120,133,258]
[DETECT] class=sports ball color=orange conf=0.38 bbox=[123,216,190,270]
[DETECT] class=sports ball color=orange conf=0.37 bbox=[123,216,190,270]
[SKILL] move values=(0.25, 0.0, 0.0, 0.25) t=2.12
[MOVE] completed duration=0.25
[DETECT] class=chair color=red conf=0.82 bbox=[274,102,358,247]
[DETECT] class=airplane color=unknown conf=0.56 bbox=[7,109,284,256]
[DETECT] class=sports ball color=orange conf=0.52 bbox=[118,208,188,263]
[SKILL] move values=(0.25, 0.0, 0.0, 0.25) t=2.62
[MOVE] completed duration=0.25
[DETECT] class=airplane color=unknown conf=0.44 bbox=[1,107,282,256]
[DETECT] class=sports ball color=orange conf=0.40 bbox=[107,208,182,266]
[DETECT] class=airplane color=unknown conf=0.36 bbox=[0,107,283,329]
[DETECT] class=chair color=red conf=0.28 bbox=[272,106,359,251]
[SKILL] move values=(0.25, 0.0, 0.0, 0.25) t=3.12
[MOVE] completed duration=0.25
[DETECT] class=chair color=red conf=0.84 bbox=[270,97,359,250]
[DETECT] class=airplane color=unknown conf=0.46 bbox=[0,104,282,313]
[DETECT] class=sports ball color=orange conf=0.33 bbox=[96,210,175,271]
[SKILL] move values=(0.25, 0.0, 0.0, 0.25) t=3.62
[MOVE] completed duration=0.25
[DETECT] class=sports ball color=orange conf=0.77 bbox=[78,210,163,272] source=color_shape
[DETECT] class=sports ball color=orange conf=0.41 bbox=[75,211,163,276]
[DETECT] class=sports ball color=orange conf=0.42 bbox=[77,218,164,282]
[DETECT] class=orange color=orange conf=0.32 bbox=[76,218,164,282]
[DETECT] class=sports ball color=orange conf=0.55 bbox=[77,222,164,286]
[DETECT] class=chair color=red conf=0.43 bbox=[266,112,357,265]
[DETECT] class=airplane color=unknown conf=0.27 bbox=[0,109,281,275]
[DETECT] class=orange color=orange conf=0.26 bbox=[76,222,164,287]
[SKILL] move values=(0.25, 0.0, 0.0, 0.25) t=4.52
[MOVE] completed duration=0.25
[DETECT] class=chair color=red conf=0.56 bbox=[261,93,358,255]
[DETECT] class=sports ball color=orange conf=0.49 bbox=[63,212,158,279]
[DETECT] class=airplane color=unknown conf=0.28 bbox=[0,95,277,270]
[SKILL] move values=(0.25, 0.0, 0.0, 0.25) t=5.02
[MOVE] completed duration=0.25
[DETECT] class=airplane color=unknown conf=0.46 bbox=[1,89,275,345]
[DETECT] class=orange color=orange conf=0.33 bbox=[42,212,146,284]
[DETECT] class=sports ball color=orange conf=0.52 bbox=[41,215,145,286]
[DETECT] class=airplane color=unknown conf=0.42 bbox=[0,90,274,347]
[DETECT] class=sports ball color=orange conf=0.49 bbox=[43,222,146,293]
[DETECT] class=airplane color=unknown conf=0.46 bbox=[1,97,275,352]
[DETECT] class=sports ball color=orange conf=0.52 bbox=[43,226,146,297]
[DETECT] class=airplane color=unknown conf=0.37 bbox=[0,101,275,357]
[DETECT] class=chair color=red conf=0.37 bbox=[259,106,357,271]
[SKILL] move values=(0.25, 0.0, 0.0, 0.25) t=6.02
[MOVE] completed duration=0.25
[DETECT] class=sports ball color=orange conf=0.56 bbox=[27,216,139,290]
[DETECT] class=chair color=red conf=0.32 bbox=[255,86,358,263]
[DETECT] class=airplane color=unknown conf=0.31 bbox=[0,87,275,340]
[SKILL] move values=(0.25, 0.0, 0.0, 0.25) t=6.52
[MOVE] completed duration=0.25
[DETECT] class=sports ball color=orange conf=0.75 bbox=[1,216,126,295]
[DETECT] class=airplane color=unknown conf=0.27 bbox=[0,80,273,367]
[DETECT] class=sports ball color=orange conf=0.52 bbox=[0,219,124,298]
[DETECT] class=airplane color=unknown conf=0.39 bbox=[0,81,273,366]
[DETECT] class=sports ball color=orange conf=0.58 bbox=[2,227,126,307]
[DETECT] class=chair color=red conf=0.49 bbox=[251,97,356,274]
[DETECT] class=airplane color=unknown conf=0.31 bbox=[0,90,339,373]
[SKILL] move values=(0.25, 0.0, 0.0, 0.25) t=7.32
[MOVE] completed duration=0.25
[DETECT] class=sports ball color=orange conf=0.59 bbox=[0,220,116,305]
[DETECT] class=airplane color=unknown conf=0.51 bbox=[0,81,266,372]
[DETECT] class=sports ball color=orange conf=0.51 bbox=[0,228,115,313]
[DETECT] class=chair color=red conf=0.48 bbox=[246,89,356,275]
[SKILL] move values=(0.25, 0.0, 0.0, 0.25) t=7.92
[MOVE] completed duration=0.25
[DETECT] class=sports ball color=orange conf=0.45 bbox=[0,220,98,312]
[DETECT] class=sports ball color=orange conf=0.60 bbox=[0,223,97,316]
[DETECT] class=chair color=red conf=0.49 bbox=[240,82,356,275]
[SKILL] move values=(0.25, 0.0, 0.0, 0.25) t=8.52
[MOVE] completed duration=0.25
[DETECT] class=chair color=red conf=0.29 bbox=[235,71,356,275]
[DETECT] class=sports ball color=orange conf=0.78 bbox=[0,228,84,323] source=color_shape
[SKILL] move values=(0.25, 0.0, 0.0, 0.25) t=9.02
[MOVE] completed duration=0.25
[DETECT] class=chair color=red conf=0.65 bbox=[229,74,356,283]
[DETECT] class=sports ball color=orange conf=0.51 bbox=[0,229,63,326]
[SKILL] move values=(0.25, 0.0, 0.0, 0.25) t=9.52
[MOVE] completed duration=0.25
[DETECT] class=chair color=red conf=0.73 bbox=[221,60,354,286]
[SKILL] move values=(0.25, 0.0, 0.0, 0.25) t=10.02
[MOVE] completed duration=0.25
[DETECT] class=chair color=red conf=0.90 bbox=[214,63,356,293]
[DETECT] class=person color=red conf=0.29 bbox=[0,264,13,316]
[SKILL] move values=(0.25, 0.0, 0.0, 0.25) t=10.52
[MOVE] completed duration=0.25
[DETECT] class=chair color=red conf=0.92 bbox=[204,47,353,297]
[SKILL] move values=(0.25, 0.0, 0.0, 0.25) t=11.02
[MOVE] completed duration=0.25
[DETECT] class=chair color=red conf=0.94 bbox=[195,49,355,309]
[SKILL] move values=(0.25, 0.0, 0.0, 0.25) t=11.52
[MOVE] completed duration=0.25
[DETECT] class=chair color=red conf=0.88 bbox=[182,31,352,315]
[SKILL] move values=(0.25, 0.0, 0.0, 0.25) t=12.02
[MOVE] completed duration=0.25
[DETECT] class=chair color=red conf=0.92 bbox=[171,32,354,329]
[SKILL] move values=(0.25, 0.0, 0.0, 0.25) t=12.52
[MOVE] completed duration=0.25
[DETECT] class=chair color=red conf=0.74 bbox=[154,9,351,338]
[SKILL] turn values=(11.118094526496574,) t=13.02
[TURN] target=11.1 deg final_error=1.87 deg status=SUCCESS
[DETECT] class=chair color=red conf=0.65 bbox=[221,39,407,354]
[SKILL] move values=(0.25, 0.0, 0.0, 0.25) t=14.62
[MOVE] completed duration=0.25
[DETECT] class=chair color=red conf=0.40 bbox=[201,0,402,346]
[SKILL] move values=(0.25, 0.0, 0.0, 0.25) t=15.12
[MOVE] completed duration=0.25
[DETECT] class=chair color=red conf=0.76 bbox=[192,1,406,388]
[SKILL] move values=(0.25, 0.0, 0.0, 0.25) t=15.62
[MOVE] completed duration=0.25
[DETECT] class=chair color=red conf=0.70 bbox=[174,0,406,469]
[SKILL] move values=(0.2, 0.0, 0.0, 0.25) t=16.12
[MOVE] completed duration=0.25
[DETECT] class=chair color=red conf=0.80 bbox=[163,0,410,452]
[SKILL] move values=(0.25, 0.0, 0.0, 0.25) t=16.62
[MOVE] completed duration=0.25
[DETECT] class=chair color=red conf=0.69 bbox=[145,0,418,448]
[SKILL] move values=(0.25, 0.0, 0.0, 0.25) t=17.12
[MOVE] completed duration=0.25
[DETECT] class=chair color=red conf=0.75 bbox=[129,0,424,466]
[APPROACH] final_visual_steps=4
[SKILL] move values=(0.2, 0.0, 0.0, 0.25) t=17.62
[MOVE] completed duration=0.25
[DETECT] class=chair color=red conf=0.67 bbox=[105,1,427,472]
[SKILL] move values=(0.2, 0.0, 0.0, 0.25) t=18.12
[MOVE] completed duration=0.25
[DETECT] class=chair color=red conf=0.76 bbox=[87,0,426,480]
[SKILL] move values=(0.2, 0.0, 0.0, 0.25) t=18.62
[MOVE] completed duration=0.25
[DETECT] class=chair color=red conf=0.68 bbox=[67,1,432,476]
[SKILL] move values=(0.2, 0.0, 0.0, 0.25) t=19.12
[MOVE] completed duration=0.25
[DETECT] class=chair color=red conf=0.58 bbox=[53,0,435,478]
[APPROACH] stop reason=visual_proximity
[DETECT] class=chair color=red conf=0.56 bbox=[61,1,432,478]
[FOUND] class=chair color=red t=17.7 s d=0.73 m
[MISSION] status=SUCCESS
[DETECT] class=chair color=red conf=0.58 bbox=[66,0,430,478]
[TRIAL] result=runs\2026-10-02-task5-0e3a66b\02_red_aligned\result.json success=True
