[KEYBOARD] evdev not installed; browser keyboard control is available
[MAP] switched to object_lab
[DETECT] class=chair color=red conf=0.58 bbox=[466,137,547,240]
[DETECT] class=chair color=green conf=0.50 bbox=[285,136,349,240]
[DETECT] class=sports ball color=orange conf=0.29 bbox=[412,208,455,247]
[DETECT] class=sports ball color=orange conf=0.26 bbox=[412,208,455,247]
[TRIAL] class=chair color=green source=explicit_target start=[0.5, 1.0, 0.0]
[DETECT] class=chair color=red conf=0.58 bbox=[466,137,547,240]
[DETECT] class=chair color=green conf=0.50 bbox=[285,136,349,240]
[DETECT] class=sports ball color=orange conf=0.29 bbox=[412,208,455,247]
[DETECT] class=sports ball color=orange conf=0.26 bbox=[412,208,455,247]
[SKILL] move values=(0.25, 0.0, 0.0, 0.25) t=2.12
[MOVE] completed duration=0.25
[DETECT] class=chair color=green conf=0.58 bbox=[285,121,349,230]
[DETECT] class=sports ball color=orange conf=0.53 bbox=[415,194,460,233]
[DETECT] class=chair color=red conf=0.41 bbox=[471,117,555,225]
[SKILL] move values=(0.25, 0.0, 0.0, 0.25) t=2.62
[MOVE] completed duration=0.25
[DETECT] class=chair color=red conf=0.82 bbox=[470,125,557,232]
[DETECT] class=chair color=green conf=0.66 bbox=[284,125,349,233]
[DETECT] class=sports ball color=orange conf=0.42 bbox=[415,199,461,240]
[SKILL] move values=(0.25, 0.0, 0.0, 0.25) t=3.12
[MOVE] completed duration=0.25
[DETECT] class=chair color=green conf=0.65 bbox=[281,119,349,232]
[DETECT] class=chair color=red conf=0.61 bbox=[475,114,564,228]
[DETECT] class=sports ball color=orange conf=0.58 bbox=[418,196,467,238]
[SKILL] move values=(0.25, 0.0, 0.0, 0.25) t=3.62
[MOVE] completed duration=0.25
[DETECT] class=sports ball color=orange conf=0.68 bbox=[417,203,466,246]
[DETECT] class=chair color=green conf=0.63 bbox=[278,124,348,238]
[DETECT] class=chair color=red conf=0.48 bbox=[472,127,563,240]
[SKILL] move values=(0.25, 0.0, 0.0, 0.25) t=4.12
[MOVE] completed duration=0.25
[DETECT] class=chair color=green conf=0.65 bbox=[275,115,348,237]
[DETECT] class=sports ball color=orange conf=0.62 bbox=[420,197,471,240]
[DETECT] class=chair color=red conf=0.54 bbox=[475,113,571,230]
[SKILL] move values=(0.25, 0.0, 0.0, 0.25) t=4.62
[MOVE] completed duration=0.25
[DETECT] class=sports ball color=orange conf=0.73 bbox=[418,204,471,248]
[DETECT] class=chair color=green conf=0.64 bbox=[272,120,345,241]
[DETECT] class=chair color=red conf=0.50 bbox=[473,125,569,241]
[SKILL] move values=(0.25, 0.0, 0.0, 0.25) t=5.12
[MOVE] completed duration=0.25
[DETECT] class=chair color=green conf=0.71 bbox=[269,112,343,240]
[DETECT] class=sports ball color=orange conf=0.50 bbox=[422,197,476,244]
[DETECT] class=chair color=red conf=0.39 bbox=[475,111,579,234]
[SKILL] move values=(0.25, 0.0, 0.0, 0.25) t=5.62
[MOVE] completed duration=0.25
[DETECT] class=sports ball color=orange conf=0.55 bbox=[420,204,475,252]
[DETECT] class=chair color=green conf=0.40 bbox=[265,116,342,244]
[DETECT] class=chair color=red conf=0.32 bbox=[474,123,576,242]
[SKILL] move values=(0.25, 0.0, 0.0, 0.25) t=6.12
[MOVE] completed duration=0.25
[DETECT] class=chair color=green conf=0.73 bbox=[261,108,340,243]
[DETECT] class=sports ball color=orange conf=0.64 bbox=[424,199,482,248]
[DETECT] class=chair color=red conf=0.29 bbox=[477,109,584,235]
[SKILL] move values=(0.25, 0.0, 0.0, 0.25) t=6.62
[MOVE] completed duration=0.25
[DETECT] class=sports ball color=orange conf=0.49 bbox=[423,205,483,256]
[DETECT] class=chair color=green conf=0.46 bbox=[256,112,339,248]
[DETECT] class=chair color=red conf=0.28 bbox=[476,119,583,244]
[SKILL] move values=(0.25, 0.0, 0.0, 0.25) t=7.12
[MOVE] completed duration=0.25
[DETECT] class=sports ball color=orange conf=0.59 bbox=[426,199,490,253]
[DETECT] class=chair color=green conf=0.56 bbox=[252,103,337,248]
[DETECT] class=chair color=red conf=0.28 bbox=[480,106,593,238]
[SKILL] move values=(0.25, 0.0, 0.0, 0.25) t=7.62
[MOVE] completed duration=0.25
[DETECT] class=chair color=green conf=0.33 bbox=[247,108,336,253]
[DETECT] class=sports ball color=orange conf=0.26 bbox=[425,207,490,262]
[SKILL] move values=(0.25, 0.0, 0.0, 0.25) t=8.12
[MOVE] completed duration=0.25
[DETECT] class=chair color=green conf=0.52 bbox=[241,97,334,253]
[DETECT] class=sports ball color=orange conf=0.51 bbox=[430,201,499,257]
[SKILL] move values=(0.25, 0.0, 0.0, 0.25) t=8.62
[MOVE] completed duration=0.25
[DETECT] class=chair color=green conf=0.70 bbox=[237,100,333,259]
[DETECT] class=sports ball color=orange conf=0.39 bbox=[429,208,500,267]
[SKILL] move values=(0.25, 0.0, 0.0, 0.25) t=9.12
[MOVE] completed duration=0.25
[DETECT] class=sports ball color=orange conf=0.69 bbox=[435,203,510,263]
[DETECT] class=chair color=green conf=0.64 bbox=[230,92,332,259]
[DETECT] class=chair color=red conf=0.40 bbox=[484,99,614,244]
[SKILL] move values=(0.25, 0.0, 0.0, 0.25) t=9.62
[MOVE] completed duration=0.25
[DETECT] class=sports ball color=orange conf=0.47 bbox=[434,211,511,272]
[DETECT] class=chair color=green conf=0.42 bbox=[225,95,329,265]
[DETECT] class=sports ball color=orange conf=0.30 bbox=[434,211,511,273]
[SKILL] move values=(0.25, 0.0, 0.0, 0.25) t=10.12
[MOVE] completed duration=0.25
[DETECT] class=chair color=green conf=0.61 bbox=[218,84,328,266]
[DETECT] class=sports ball color=orange conf=0.40 bbox=[440,204,523,271]
[DETECT] class=sports ball color=orange conf=0.29 bbox=[440,204,523,271]
[DETECT] class=chair color=red conf=0.25 bbox=[487,97,624,247]
[SKILL] move values=(0.25, 0.0, 0.0, 0.25) t=10.62
[MOVE] completed duration=0.25
[DETECT] class=sports ball color=orange conf=0.64 bbox=[440,212,526,280]
[DETECT] class=sports ball color=orange conf=0.70 bbox=[440,212,525,280]
[DETECT] class=chair color=green conf=0.28 bbox=[209,86,325,273]
[SKILL] move values=(0.25, 0.0, 0.0, 0.25) t=11.22
[MOVE] completed duration=0.25
[DETECT] class=chair color=green conf=0.61 bbox=[202,76,324,273]
[DETECT] class=sports ball color=orange conf=0.51 bbox=[446,207,539,279]
[DETECT] class=chair color=red conf=0.47 bbox=[489,92,640,249]
[SKILL] move values=(0.25, 0.0, 0.0, 0.25) t=11.72
[MOVE] completed duration=0.25
[DETECT] class=chair color=green conf=0.52 bbox=[194,78,322,281]
[DETECT] class=sports ball color=orange conf=0.41 bbox=[447,215,543,289]
[DETECT] class=sports ball color=orange conf=0.26 bbox=[447,215,543,290]
[SKILL] turn values=(10.267207293458288,) t=12.22
[TURN] target=10.3 deg final_error=1.99 deg status=SUCCESS
[DETECT] class=chair color=green conf=0.69 bbox=[241,90,362,290]
[DETECT] class=sports ball color=orange conf=0.26 bbox=[497,234,625,320]
[SKILL] move values=(0.25, 0.0, 0.0, 0.25) t=13.62
[MOVE] completed duration=0.25
[DETECT] class=chair color=green conf=0.46 bbox=[227,67,353,280]
[DETECT] class=orange color=orange conf=0.26 bbox=[496,212,628,300]
[SKILL] move values=(0.25, 0.0, 0.0, 0.25) t=14.12
[MOVE] completed duration=0.25
[DETECT] class=chair color=green conf=0.78 bbox=[219,69,350,287]
[DETECT] class=sports ball color=orange conf=0.49 bbox=[492,220,626,310]
[SKILL] move values=(0.25, 0.0, 0.0, 0.25) t=14.62
[MOVE] completed duration=0.25
[DETECT] class=chair color=green conf=0.49 bbox=[210,57,350,291]
[DETECT] class=sports ball color=orange conf=0.38 bbox=[505,215,640,311]
[SKILL] move values=(0.25, 0.0, 0.0, 0.25) t=15.12
[MOVE] completed duration=0.25
[DETECT] class=chair color=green conf=0.78 bbox=[202,58,351,298]
[DETECT] class=sports ball color=orange conf=0.36 bbox=[508,226,640,327]
[SKILL] move values=(0.25, 0.0, 0.0, 0.25) t=15.62
[MOVE] completed duration=0.25
[DETECT] class=chair color=green conf=0.85 bbox=[191,43,347,303]
[DETECT] class=sports ball color=orange conf=0.47 bbox=[523,218,640,330]
[SKILL] move values=(0.25, 0.0, 0.0, 0.25) t=16.12
[MOVE] completed duration=0.25
[DETECT] class=chair color=green conf=0.84 bbox=[180,45,348,314]
[DETECT] class=sports ball color=orange conf=0.30 bbox=[528,231,640,350]
[SKILL] move values=(0.25, 0.0, 0.0, 0.25) t=16.62
[MOVE] completed duration=0.25
[DETECT] class=chair color=green conf=0.86 bbox=[166,26,344,323]
[DETECT] class=sports ball color=orange conf=0.74 bbox=[546,226,640,349] source=color_shape
[SKILL] turn values=(10.733007724504297,) t=17.12
[TURN] target=10.7 deg final_error=1.98 deg status=SUCCESS
[DETECT] class=chair color=green conf=0.92 bbox=[225,54,395,339]
[SKILL] move values=(0.25, 0.0, 0.0, 0.25) t=18.72
[MOVE] completed duration=0.25
[DETECT] class=chair color=green conf=0.88 bbox=[208,12,390,327]
[SKILL] move values=(0.25, 0.0, 0.0, 0.25) t=19.22
[MOVE] completed duration=0.25
[DETECT] class=chair color=green conf=0.84 bbox=[200,13,392,338]
[SKILL] move values=(0.25, 0.0, 0.0, 0.25) t=19.72
[MOVE] completed duration=0.25
[DETECT] class=chair color=green conf=0.70 bbox=[186,1,395,356]
[SKILL] move values=(0.25, 0.0, 0.0, 0.25) t=20.22
[MOVE] completed duration=0.25
[DETECT] class=chair color=green conf=0.67 bbox=[173,0,400,373]
[SKILL] move values=(0.25, 0.0, 0.0, 0.25) t=20.72
[MOVE] completed duration=0.25
[DETECT] class=chair color=green conf=0.71 bbox=[152,0,400,405]
[SKILL] move values=(0.25, 0.0, 0.0, 0.25) t=21.22
[MOVE] completed duration=0.25
[DETECT] class=chair color=green conf=0.73 bbox=[134,0,407,421]
[SKILL] move values=(0.25, 0.0, 0.0, 0.25) t=21.72
[MOVE] completed duration=0.25
[DETECT] class=chair color=green conf=0.52 bbox=[87,0,407,466]
[APPROACH] final_visual_steps=4
[SKILL] move values=(0.2, 0.0, 0.0, 0.25) t=22.22
[MOVE] completed duration=0.25
[DETECT] class=chair color=green conf=0.63 bbox=[80,0,410,475]
[SKILL] move values=(0.2, 0.0, 0.0, 0.25) t=22.72
[MOVE] completed duration=0.25
[DETECT] class=chair color=green conf=0.65 bbox=[60,1,418,475]
[SKILL] move values=(0.2, 0.0, 0.0, 0.25) t=23.22
[MOVE] completed duration=0.25
[DETECT] class=chair color=green conf=0.45 bbox=[46,1,423,477]
[SKILL] move values=(0.2, 0.0, 0.0, 0.25) t=23.72
[MOVE] completed duration=0.25
[APPROACH] stop reason=target_lost
[APPROACH] recovery=back step=1/1
[SKILL] move values=(-0.1, 0.0, 0.0, 0.25) t=25.02
[MOVE] completed duration=0.25
[MISSION] status=FAIL reason=target_not_visible_at_stop
[TRIAL] result=runs\2026-10-02-task5-0e3a66b\03_green_offset\result.json success=False
