[KEYBOARD] evdev not installed; browser keyboard control is available
[MAP] switched to object_lab
[DETECT] class=sports ball color=orange conf=0.63 bbox=[303,204,334,235]
[DETECT] class=chair color=red conf=0.39 bbox=[369,145,420,230]
[TRIAL] class=chair color=green source=explicit_target start=[0.0, 0.0, 0.0]
[DETECT] class=sports ball color=orange conf=0.63 bbox=[303,204,334,235]
[DETECT] class=chair color=red conf=0.39 bbox=[369,145,420,230]
[DETECT] class=sports ball color=orange conf=0.61 bbox=[303,203,334,235]
[DETECT] class=chair color=red conf=0.44 bbox=[369,145,420,230]
[SEARCH] target=green_chair rotating=20deg
[SKILL] turn values=(20.0,) t=2.22
[TURN] target=20.0 deg final_error=1.95 deg status=SUCCESS
[DETECT] class=sports ball color=orange conf=0.45 bbox=[374,210,407,241]
[DETECT] class=chair color=red conf=0.41 bbox=[450,143,530,245]
[DETECT] class=chair color=red conf=0.56 bbox=[448,142,527,244]
[DETECT] class=chair color=green conf=0.40 bbox=[290,153,341,231]
[DETECT] class=sports ball color=orange conf=0.28 bbox=[373,209,405,240]
[SKILL] move values=(0.25, 0.0, 0.0, 0.25) t=4.52
[MOVE] completed duration=0.25
[DETECT] class=chair color=green conf=0.43 bbox=[282,137,334,220]
[DETECT] class=sports ball color=orange conf=0.36 bbox=[368,194,401,227]
[DETECT] class=chair color=red conf=0.35 bbox=[444,122,524,226]
[DETECT] class=airplane color=unknown conf=0.25 bbox=[7,114,639,478]
[SKILL] move values=(0.25, 0.0, 0.0, 0.25) t=5.02
[MOVE] completed duration=0.25
[DETECT] class=sports ball color=orange conf=0.46 bbox=[365,199,399,232]
[DETECT] class=chair color=green conf=0.39 bbox=[278,140,331,223]
[DETECT] class=chair color=red conf=0.31 bbox=[440,130,517,233]
[SKILL] move values=(0.25, 0.0, 0.0, 0.25) t=5.52
[MOVE] completed duration=0.25
[DETECT] class=sports ball color=orange conf=0.48 bbox=[365,194,399,228]
[DETECT] class=chair color=red conf=0.31 bbox=[443,118,523,226]
[DETECT] class=chair color=green conf=0.28 bbox=[274,133,329,221]
[SKILL] move values=(0.25, 0.0, 0.0, 0.25) t=6.02
[MOVE] completed duration=0.25
[DETECT] class=sports ball color=orange conf=0.66 bbox=[362,200,398,233]
[DETECT] class=chair color=green conf=0.60 bbox=[271,137,327,224]
[DETECT] class=chair color=red conf=0.31 bbox=[439,129,519,235]
[SKILL] move values=(0.25, 0.0, 0.0, 0.25) t=6.52
[MOVE] completed duration=0.25
[DETECT] class=chair color=green conf=0.70 bbox=[268,132,325,223]
[DETECT] class=sports ball color=orange conf=0.65 bbox=[362,195,398,229]
[DETECT] class=chair color=red conf=0.36 bbox=[443,115,524,228]
[SKILL] move values=(0.25, 0.0, 0.0, 0.25) t=7.02
[MOVE] completed duration=0.25
[DETECT] class=sports ball color=orange conf=0.71 bbox=[359,200,396,236]
[DETECT] class=chair color=green conf=0.53 bbox=[264,137,321,227]
[DETECT] class=chair color=red conf=0.35 bbox=[439,127,521,236]
[SKILL] move values=(0.25, 0.0, 0.0, 0.25) t=7.52
[MOVE] completed duration=0.25
[DETECT] class=chair color=green conf=0.64 bbox=[261,129,320,224]
[DETECT] class=sports ball color=orange conf=0.53 bbox=[359,196,398,232]
[DETECT] class=chair color=red conf=0.49 bbox=[442,114,525,230]
[SKILL] move values=(0.25, 0.0, 0.0, 0.25) t=8.02
[MOVE] completed duration=0.25
[DETECT] class=sports ball color=orange conf=0.69 bbox=[357,200,395,238]
[DETECT] class=chair color=green conf=0.53 bbox=[257,132,318,229]
[DETECT] class=chair color=red conf=0.36 bbox=[439,124,522,239]
[SKILL] move values=(0.25, 0.0, 0.0, 0.25) t=8.52
[MOVE] completed duration=0.25
[DETECT] class=sports ball color=orange conf=0.58 bbox=[356,196,397,236]
[DETECT] class=chair color=green conf=0.42 bbox=[253,127,315,227]
[DETECT] class=chair color=red conf=0.33 bbox=[442,113,526,231]
[SKILL] move values=(0.25, 0.0, 0.0, 0.25) t=9.02
[MOVE] completed duration=0.25
[DETECT] class=sports ball color=orange conf=0.79 bbox=[353,201,394,240]
[DETECT] class=chair color=green conf=0.55 bbox=[249,129,312,231]
[DETECT] class=chair color=red conf=0.34 bbox=[438,122,524,241]
[SKILL] move values=(0.25, 0.0, 0.0, 0.25) t=9.52
[MOVE] completed duration=0.25
[DETECT] class=sports ball color=orange conf=0.62 bbox=[354,197,396,238]
[DETECT] class=chair color=green conf=0.58 bbox=[245,125,310,230]
[DETECT] class=chair color=red conf=0.32 bbox=[441,110,529,235]
[SKILL] move values=(0.25, 0.0, 0.0, 0.25) t=10.02
[MOVE] completed duration=0.25
[DETECT] class=sports ball color=orange conf=0.82 bbox=[352,202,394,244]
[DETECT] class=chair color=green conf=0.38 bbox=[240,127,307,233]
[DETECT] class=chair color=red conf=0.28 bbox=[439,119,526,242]
[SKILL] move values=(0.25, 0.0, 0.0, 0.25) t=10.52
[MOVE] completed duration=0.25
[DETECT] class=sports ball color=orange conf=0.71 bbox=[351,198,396,241]
[DETECT] class=chair color=green conf=0.54 bbox=[235,121,305,232]
[SKILL] move values=(0.25, 0.0, 0.0, 0.25) t=11.02
[MOVE] completed duration=0.25
[DETECT] class=sports ball color=orange conf=0.69 bbox=[349,204,394,248]
[DETECT] class=chair color=green conf=0.37 bbox=[230,125,302,236]
[SKILL] move values=(0.25, 0.0, 0.0, 0.25) t=11.52
[MOVE] completed duration=0.25
[DETECT] class=sports ball color=orange conf=0.71 bbox=[349,199,397,246]
[DETECT] class=chair color=green conf=0.61 bbox=[225,117,299,236]
[DETECT] class=chair color=red conf=0.33 bbox=[444,105,536,239]
[SKILL] turn values=(9.640066284399909,) t=12.02
[TURN] target=9.6 deg final_error=1.97 deg status=SUCCESS
[DETECT] class=chair color=green conf=0.62 bbox=[258,134,329,246]
[DETECT] class=sports ball color=orange conf=0.43 bbox=[377,216,428,263]
[DETECT] class=chair color=red conf=0.33 bbox=[472,120,593,351]
[SKILL] move values=(0.25, 0.0, 0.0, 0.25) t=13.22
[MOVE] completed duration=0.25
[DETECT] class=sports ball color=orange conf=0.44 bbox=[369,205,420,254]
[DETECT] class=sports ball color=orange conf=0.31 bbox=[369,205,421,254]
[DETECT] class=chair color=green conf=0.30 bbox=[246,120,320,238]
[SKILL] move values=(0.25, 0.0, 0.0, 0.25) t=13.72
[MOVE] completed duration=0.25
[DETECT] class=sports ball color=orange conf=0.59 bbox=[368,201,422,252]
[DETECT] class=sports ball color=orange conf=0.39 bbox=[368,207,420,256]
[DETECT] class=chair color=green conf=0.27 bbox=[238,120,312,242]
[SKILL] move values=(0.25, 0.0, 0.0, 0.25) t=14.32
[MOVE] completed duration=0.25
[DETECT] class=sports ball color=orange conf=0.44 bbox=[366,206,420,257]
[DETECT] class=chair color=green conf=0.31 bbox=[234,116,310,241]
[SKILL] move values=(0.25, 0.0, 0.0, 0.25) t=14.82
[MOVE] completed duration=0.25
[DETECT] class=sports ball color=orange conf=0.39 bbox=[367,202,424,256]
[DETECT] class=chair color=green conf=0.53 bbox=[228,116,308,247]
[DETECT] class=chair color=red conf=0.36 bbox=[471,97,592,258]
[DETECT] class=sports ball color=orange conf=0.31 bbox=[365,208,421,262]
[DETECT] class=sports ball color=orange conf=0.25 bbox=[365,208,422,262]
[SKILL] move values=(0.25, 0.0, 0.0, 0.25) t=15.42
[MOVE] completed duration=0.25
[DETECT] class=sports ball color=orange conf=0.35 bbox=[364,207,422,262]
[DETECT] class=chair color=green conf=0.34 bbox=[222,112,305,245]
[DETECT] class=chair color=red conf=0.31 bbox=[471,97,596,260]
[SKILL] move values=(0.25, 0.0, 0.0, 0.25) t=15.92
[MOVE] completed duration=0.25
[DETECT] class=chair color=green conf=0.31 bbox=[217,105,303,247]
[DETECT] class=sports ball color=orange conf=0.78 bbox=[367,204,426,261] source=color_shape
[SKILL] turn values=(9.954488922653805,) t=16.42
[TURN] target=10.0 deg final_error=1.96 deg status=SUCCESS
[DETECT] class=sports ball color=orange conf=0.47 bbox=[399,225,468,286]
[DETECT] class=sports ball color=orange conf=0.38 bbox=[400,225,468,286]
[DETECT] class=chair color=green conf=0.34 bbox=[256,125,337,258]
[DETECT] class=chair color=red conf=0.26 bbox=[522,105,640,277]
[SKILL] move values=(0.25, 0.0, 0.0, 0.25) t=17.62
[MOVE] completed duration=0.25
[DETECT] class=chair color=green conf=0.40 bbox=[241,108,327,248]
[DETECT] class=sports ball color=orange conf=0.39 bbox=[390,211,460,274]
[DETECT] class=airplane color=unknown conf=0.28 bbox=[239,89,639,404]
[SKILL] move values=(0.25, 0.0, 0.0, 0.25) t=18.12
[MOVE] completed duration=0.25
[DETECT] class=sports ball color=orange conf=0.60 bbox=[391,207,464,272]
[DETECT] class=airplane color=unknown conf=0.28 bbox=[232,74,640,477]
[DETECT] class=sports ball color=orange conf=0.52 bbox=[389,213,462,278]
[DETECT] class=airplane color=unknown conf=0.45 bbox=[233,85,639,474]
[DETECT] class=sports ball color=orange conf=0.55 bbox=[389,223,460,287]
[DETECT] class=airplane color=unknown conf=0.31 bbox=[236,94,639,475]
[DETECT] class=sports ball color=orange conf=0.51 bbox=[387,224,458,288]
[DETECT] class=chair color=red conf=0.32 bbox=[505,97,640,286]
[DETECT] class=sports ball color=orange conf=0.26 bbox=[387,224,458,289]
[DETECT] class=sports ball color=orange conf=0.43 bbox=[387,224,458,288]
[DETECT] class=sports ball color=orange conf=0.31 bbox=[387,224,458,288]
[DETECT] class=chair color=red conf=0.28 bbox=[505,97,640,285]
[SEARCH] target=green_chair rotating=20deg
[SKILL] turn values=(20.0,) t=19.12
[TURN] target=20.0 deg final_error=1.96 deg status=SUCCESS
[DETECT] class=chair color=green conf=0.71 bbox=[310,116,403,263]
[DETECT] class=sports ball color=orange conf=0.46 bbox=[481,237,598,318]
[DETECT] class=orange color=orange conf=0.27 bbox=[481,237,598,318]
[SKILL] move values=(0.25, 0.0, 0.0, 0.25) t=21.52
[MOVE] completed duration=0.25
[DETECT] class=chair color=green conf=0.54 bbox=[303,93,398,249]
[DETECT] class=sports ball color=orange conf=0.45 bbox=[482,212,606,295]
[DETECT] class=orange color=orange conf=0.27 bbox=[483,212,608,295]
[SKILL] move values=(0.25, 0.0, 0.0, 0.25) t=22.02
[MOVE] completed duration=0.25
[DETECT] class=sports ball color=orange conf=0.59 bbox=[482,221,607,307]
[DETECT] class=chair color=green conf=0.55 bbox=[300,98,396,255]
[SKILL] move values=(0.25, 0.0, 0.0, 0.25) t=22.52
[MOVE] completed duration=0.25
[DETECT] class=chair color=green conf=0.40 bbox=[297,88,397,253]
[SKILL] move values=(0.25, 0.0, 0.0, 0.25) t=23.02
[MOVE] completed duration=0.25
[DETECT] class=chair color=green conf=0.59 bbox=[293,92,397,260]
[SKILL] move values=(0.25, 0.0, 0.0, 0.25) t=23.52
[MOVE] completed duration=0.25
[DETECT] class=chair color=green conf=0.68 bbox=[289,80,396,259]
[DETECT] class=sports ball color=orange conf=0.83 bbox=[508,220,640,324] source=color_shape
[SKILL] move values=(0.25, 0.0, 0.0, 0.25) t=24.02
[MOVE] completed duration=0.25
[DETECT] class=chair color=green conf=0.66 bbox=[285,84,396,267]
[DETECT] class=sports ball color=orange conf=0.26 bbox=[510,231,640,342]
[SKILL] move values=(0.25, 0.0, 0.0, 0.25) t=24.52
[MOVE] completed duration=0.25
[DETECT] class=chair color=green conf=0.66 bbox=[282,71,396,266]
[DETECT] class=sports ball color=orange conf=0.77 bbox=[527,225,640,348] source=color_shape
[SKILL] move values=(0.25, 0.0, 0.0, 0.25) t=25.02
[MOVE] completed duration=0.25
[DETECT] class=chair color=green conf=0.79 bbox=[277,76,396,274]
[DETECT] class=sports ball color=orange conf=0.77 bbox=[533,239,640,367] source=color_shape
[SKILL] move values=(0.25, 0.0, 0.0, 0.25) t=25.52
[MOVE] completed duration=0.25
[DETECT] class=chair color=green conf=0.84 bbox=[272,61,396,274]
[DETECT] class=sports ball color=orange conf=0.72 bbox=[552,235,640,368] source=color_shape
[SKILL] move values=(0.25, 0.0, 0.0, 0.25) t=26.02
[MOVE] completed duration=0.25
[DETECT] class=chair color=green conf=0.86 bbox=[268,65,398,283]
[SKILL] move values=(0.25, 0.0, 0.0, 0.25) t=26.52
[MOVE] completed duration=0.25
[DETECT] class=chair color=green conf=0.81 bbox=[262,47,398,285]
[SKILL] move values=(0.25, 0.0, 0.0, 0.25) t=27.02
[MOVE] completed duration=0.25
[DETECT] class=chair color=green conf=0.83 bbox=[256,50,399,294]
[DETECT] class=umbrella color=red conf=0.43 bbox=[598,276,640,390]
[SKILL] move values=(0.25, 0.0, 0.0, 0.25) t=27.52
[MOVE] completed duration=0.25
[DETECT] class=chair color=green conf=0.86 bbox=[250,33,399,297]
[SKILL] move values=(0.25, 0.0, 0.0, 0.25) t=28.02
[MOVE] completed duration=0.25
[DETECT] class=chair color=green conf=0.79 bbox=[244,33,401,306]
[DETECT] class=airplane color=unknown conf=0.52 bbox=[244,34,639,431]
[SKILL] move values=(0.25, 0.0, 0.0, 0.25) t=28.52
[MOVE] completed duration=0.25
[DETECT] class=chair color=green conf=0.86 bbox=[236,12,403,312]
[SKILL] move values=(0.25, 0.0, 0.0, 0.25) t=29.02
[MOVE] completed duration=0.25
[DETECT] class=chair color=green conf=0.85 bbox=[229,12,406,326]
[DETECT] class=airplane color=unknown conf=0.32 bbox=[230,11,639,460]
[SKILL] move values=(0.25, 0.0, 0.0, 0.25) t=29.52
[MOVE] completed duration=0.25
[DETECT] class=chair color=green conf=0.67 bbox=[218,2,407,333]
[SKILL] move values=(0.25, 0.0, 0.0, 0.25) t=30.02
[MOVE] completed duration=0.25
[DETECT] class=chair color=green conf=0.88 bbox=[208,1,412,351]
[SKILL] move values=(0.25, 0.0, 0.0, 0.25) t=30.52
[MOVE] completed duration=0.25
[DETECT] class=chair color=green conf=0.89 bbox=[196,0,414,366]
[SKILL] move values=(0.25, 0.0, 0.0, 0.25) t=31.02
[MOVE] completed duration=0.25
[DETECT] class=chair color=green conf=0.90 bbox=[185,0,420,391]
[SKILL] move values=(0.25, 0.0, 0.0, 0.25) t=31.52
[MOVE] completed duration=0.25
[DETECT] class=chair color=green conf=0.88 bbox=[166,0,423,407]
[SKILL] move values=(0.25, 0.0, 0.0, 0.25) t=32.02
[MOVE] completed duration=0.25
[DETECT] class=chair color=green conf=0.84 bbox=[150,0,430,460]
[SKILL] move values=(0.25, 0.0, 0.0, 0.25) t=32.52
[MOVE] completed duration=0.25
[DETECT] class=chair color=green conf=0.74 bbox=[124,0,436,473]
[APPROACH] final_visual_steps=4
[SKILL] move values=(0.2, 0.0, 0.0, 0.25) t=33.02
[MOVE] completed duration=0.25
[DETECT] class=chair color=green conf=0.50 bbox=[106,0,439,476]
[DETECT] class=umbrella color=green conf=0.31 bbox=[106,2,440,479]
[SKILL] move values=(0.2, 0.0, 0.0, 0.25) t=33.52
[MOVE] completed duration=0.25
[DETECT] class=chair color=green conf=0.34 bbox=[90,1,454,474]
[DETECT] class=umbrella color=green conf=0.28 bbox=[89,1,454,479]
[SKILL] move values=(0.2, 0.0, 0.0, 0.25) t=34.02
[MOVE] completed duration=0.25
[DETECT] class=umbrella color=green conf=0.30 bbox=[80,1,458,479]
[APPROACH] stop reason=target_lost
[DETECT] class=chair color=green conf=0.65 bbox=[89,0,459,478]
[FOUND] class=chair color=green t=32.6 s d=0.72 m
[MISSION] status=SUCCESS
[DETECT] class=chair color=green conf=0.68 bbox=[93,0,460,478]
[TRIAL] result=runs\2026-10-02-task5-0e3a66b\05_green_center\result.json success=True
