[KEYBOARD] evdev not installed; browser keyboard control is available
[MAP] switched to object_lab
[TRIAL] class=chair color=green source=explicit_target start=[1.0, 1.0, 180.0]
[SEARCH] target=green_chair rotating=20deg
[SKILL] turn values=(20.0,) t=2.32
[TURN] target=20.0 deg final_error=1.89 deg status=SUCCESS
[SEARCH] target=green_chair rotating=20deg
[SKILL] turn values=(20.0,) t=4.72
[TURN] target=20.0 deg final_error=1.90 deg status=SUCCESS
[SEARCH] target=green_chair rotating=20deg
[SKILL] turn values=(20.0,) t=7.02
[TURN] target=20.0 deg final_error=1.96 deg status=SUCCESS
[SEARCH] target=green_chair rotating=20deg
[SKILL] turn values=(20.0,) t=9.52
[TURN] target=20.0 deg final_error=1.92 deg status=SUCCESS
[SEARCH] target=green_chair rotating=20deg
[SKILL] turn values=(20.0,) t=11.92
[TURN] target=20.0 deg final_error=1.98 deg status=SUCCESS
[DETECT] class=chair color=red conf=0.42 bbox=[0,116,83,254]
[DETECT] class=chair color=red conf=0.45 bbox=[0,116,78,255]
[SEARCH] target=green_chair rotating=20deg
[SKILL] turn values=(20.0,) t=14.32
[TURN] target=20.0 deg final_error=1.92 deg status=SUCCESS
[DETECT] class=orange color=orange conf=0.43 bbox=[0,227,98,296]
[DETECT] class=chair color=red conf=0.34 bbox=[93,129,193,251]
[DETECT] class=chair color=red conf=0.70 bbox=[87,126,190,251]
[DETECT] class=sports ball color=orange conf=0.52 bbox=[0,227,92,297]
[SEARCH] target=green_chair rotating=20deg
[SKILL] turn values=(20.0,) t=16.62
[TURN] target=20.0 deg final_error=1.88 deg status=SUCCESS
[DETECT] class=chair color=red conf=0.84 bbox=[202,141,268,241]
[DETECT] class=sports ball color=orange conf=0.48 bbox=[138,217,203,271]
[DETECT] class=chair color=red conf=0.63 bbox=[199,141,265,241]
[DETECT] class=sports ball color=orange conf=0.47 bbox=[135,218,200,271]
[SEARCH] target=green_chair rotating=20deg
[SKILL] turn values=(20.0,) t=19.02
[TURN] target=20.0 deg final_error=1.94 deg status=SUCCESS
[DETECT] class=sports ball color=orange conf=0.72 bbox=[234,217,281,262]
[DETECT] class=chair color=red conf=0.49 bbox=[283,149,336,239]
[DETECT] class=sports ball color=orange conf=0.75 bbox=[231,216,279,262]
[SEARCH] target=green_chair rotating=20deg
[SKILL] turn values=(20.0,) t=21.22
[TURN] target=20.0 deg final_error=1.82 deg status=SUCCESS
[DETECT] class=chair color=green conf=0.85 bbox=[82,112,217,274]
[DETECT] class=chair color=red conf=0.80 bbox=[348,148,404,241]
[DETECT] class=sports ball color=orange conf=0.63 bbox=[303,216,346,260]
[SKILL] turn values=(20.0,) t=23.62
[TURN] target=20.0 deg final_error=1.92 deg status=SUCCESS
[DETECT] class=sports ball color=orange conf=0.87 bbox=[374,219,423,265]
[DETECT] class=chair color=red conf=0.87 bbox=[419,144,498,250]
[DETECT] class=chair color=green conf=0.84 bbox=[202,125,294,264]
[SKILL] turn values=(11.803976882331577,) t=25.82
[TURN] target=11.8 deg final_error=1.85 deg status=SUCCESS
[DETECT] class=chair color=green conf=0.85 bbox=[245,124,330,261]
[DETECT] class=chair color=red conf=0.85 bbox=[464,134,565,257]
[DETECT] class=sports ball color=orange conf=0.50 bbox=[412,220,469,269]
[SKILL] move values=(0.25, 0.0, 0.0, 0.25) t=28.02
[MOVE] completed duration=0.25
[DETECT] class=chair color=red conf=0.69 bbox=[461,109,565,235]
[DETECT] class=chair color=green conf=0.65 bbox=[234,104,321,249]
[DETECT] class=sports ball color=orange conf=0.38 bbox=[410,200,469,252]
[DETECT] class=sports ball color=orange conf=0.36 bbox=[409,200,468,252]
[SKILL] move values=(0.25, 0.0, 0.0, 0.25) t=28.52
[MOVE] completed duration=0.25
[DETECT] class=sports ball color=orange conf=0.38 bbox=[407,206,467,259]
[DETECT] class=chair color=red conf=0.37 bbox=[458,120,559,244]
[DETECT] class=chair color=green conf=0.27 bbox=[227,107,319,254]
[SKILL] move values=(0.25, 0.0, 0.0, 0.25) t=29.02
[MOVE] completed duration=0.25
[DETECT] class=sports ball color=orange conf=0.59 bbox=[410,201,474,256]
[DETECT] class=chair color=green conf=0.56 bbox=[222,98,319,254]
[DETECT] class=chair color=red conf=0.42 bbox=[462,108,571,237]
[SKILL] move values=(0.25, 0.0, 0.0, 0.25) t=29.52
[MOVE] completed duration=0.25
[DETECT] class=chair color=green conf=0.67 bbox=[216,100,317,260]
[DETECT] class=sports ball color=orange conf=0.50 bbox=[409,208,475,264]
[DETECT] class=chair color=red conf=0.37 bbox=[460,118,568,247]
[DETECT] class=sports ball color=orange conf=0.32 bbox=[409,208,474,264]
[SKILL] move values=(0.25, 0.0, 0.0, 0.25) t=30.02
[MOVE] completed duration=0.25
[DETECT] class=chair color=green conf=0.71 bbox=[208,92,312,260]
[DETECT] class=chair color=red conf=0.61 bbox=[463,105,579,242]
[DETECT] class=sports ball color=orange conf=0.49 bbox=[413,203,483,262]
[SKILL] turn values=(9.954488922653805,) t=30.52
[TURN] target=10.0 deg final_error=2.00 deg status=SUCCESS
[DETECT] class=chair color=green conf=0.79 bbox=[249,112,347,273]
[DETECT] class=sports ball color=orange conf=0.63 bbox=[448,226,530,288]
[DETECT] class=chair color=red conf=0.50 bbox=[504,120,640,270]
[SKILL] move values=(0.25, 0.0, 0.0, 0.25) t=31.92
[MOVE] completed duration=0.25
[DETECT] class=sports ball color=orange conf=0.51 bbox=[439,213,521,278]
[DETECT] class=chair color=green conf=0.35 bbox=[231,94,337,263]
[SKILL] move values=(0.25, 0.0, 0.0, 0.25) t=32.42
[MOVE] completed duration=0.25
[DETECT] class=sports ball color=orange conf=0.43 bbox=[443,207,529,275]
[DETECT] class=chair color=green conf=0.32 bbox=[222,86,332,265]
[SKILL] move values=(0.25, 0.0, 0.0, 0.25) t=32.92
[MOVE] completed duration=0.25
[DETECT] class=sports ball color=orange conf=0.59 bbox=[443,215,533,284]
[DETECT] class=sports ball color=orange conf=0.45 bbox=[443,214,532,284]
[DETECT] class=chair color=green conf=0.61 bbox=[213,93,328,278]
[DETECT] class=chair color=red conf=0.46 bbox=[492,108,640,265]
[DETECT] class=sports ball color=orange conf=0.40 bbox=[442,219,531,289]
[SKILL] move values=(0.25, 0.0, 0.0, 0.25) t=33.62
[MOVE] completed duration=0.25
[DETECT] class=sports ball color=orange conf=0.39 bbox=[451,208,550,283]
[DETECT] class=sports ball color=orange conf=0.34 bbox=[452,207,550,283]
[DETECT] class=airplane color=unknown conf=0.27 bbox=[174,77,640,361]
[DETECT] class=chair color=green conf=0.64 bbox=[206,84,326,281]
[DETECT] class=sports ball color=orange conf=0.43 bbox=[449,216,546,291]
[SKILL] move values=(0.25, 0.0, 0.0, 0.25) t=34.22
[MOVE] completed duration=0.25
[DETECT] class=chair color=green conf=0.55 bbox=[198,77,325,279]
[DETECT] class=sports ball color=orange conf=0.43 bbox=[452,215,553,293]
[DETECT] class=sports ball color=orange conf=0.38 bbox=[451,215,553,293]
[SKILL] turn values=(9.718829609445688,) t=34.72
[TURN] target=9.7 deg final_error=2.00 deg status=SUCCESS
[DETECT] class=chair color=green conf=0.77 bbox=[243,93,364,293]
[SKILL] move values=(0.25, 0.0, 0.0, 0.25) t=35.82
[MOVE] completed duration=0.25
[DETECT] class=chair color=green conf=0.44 bbox=[225,68,352,280]
[DETECT] class=sports ball color=orange conf=0.40 bbox=[496,213,631,303]
[DETECT] class=orange color=orange conf=0.29 bbox=[496,213,630,303]
[SKILL] move values=(0.25, 0.0, 0.0, 0.25) t=36.32
[MOVE] completed duration=0.25
[DETECT] class=chair color=green conf=0.76 bbox=[217,68,350,288]
[DETECT] class=sports ball color=orange conf=0.48 bbox=[493,220,629,312]
[SKILL] move values=(0.25, 0.0, 0.0, 0.25) t=36.82
[MOVE] completed duration=0.25
[DETECT] class=chair color=green conf=0.70 bbox=[208,56,349,290]
[DETECT] class=sports ball color=orange conf=0.52 bbox=[505,216,640,315]
[SKILL] move values=(0.25, 0.0, 0.0, 0.25) t=37.32
[MOVE] completed duration=0.25
[DETECT] class=chair color=green conf=0.86 bbox=[201,57,349,299]
[DETECT] class=sports ball color=orange conf=0.83 bbox=[510,228,640,330] source=color_shape
[SKILL] move values=(0.25, 0.0, 0.0, 0.25) t=37.82
[MOVE] completed duration=0.25
[DETECT] class=chair color=green conf=0.89 bbox=[189,41,345,304]
[DETECT] class=sports ball color=orange conf=0.47 bbox=[523,220,640,335]
[SKILL] move values=(0.25, 0.0, 0.0, 0.25) t=38.32
[MOVE] completed duration=0.25
[DETECT] class=chair color=green conf=0.86 bbox=[177,43,347,316]
[DETECT] class=sports ball color=orange conf=0.78 bbox=[531,234,640,353] source=color_shape
[SKILL] turn values=(9.640066284399909,) t=38.82
[TURN] target=9.6 deg final_error=1.98 deg status=SUCCESS
[DETECT] class=chair color=green conf=0.92 bbox=[226,60,387,330]
[SKILL] move values=(0.25, 0.0, 0.0, 0.25) t=39.92
[MOVE] completed duration=0.25
[DETECT] class=chair color=green conf=0.89 bbox=[205,24,377,320]
[SKILL] move values=(0.25, 0.0, 0.0, 0.25) t=40.42
[MOVE] completed duration=0.25
[DETECT] class=chair color=green conf=0.83 bbox=[192,23,375,329]
[SKILL] move values=(0.25, 0.0, 0.0, 0.25) t=40.92
[MOVE] completed duration=0.25
[DETECT] class=chair color=green conf=0.80 bbox=[180,4,374,341]
[SKILL] move values=(0.25, 0.0, 0.0, 0.25) t=41.42
[MOVE] completed duration=0.25
[DETECT] class=chair color=green conf=0.77 bbox=[169,3,378,356]
[SKILL] move values=(0.25, 0.0, 0.0, 0.25) t=41.92
[MOVE] completed duration=0.25
[DETECT] class=chair color=green conf=0.80 bbox=[147,0,376,370]
[SKILL] move values=(0.25, 0.0, 0.0, 0.25) t=42.42
[MOVE] completed duration=0.25
[DETECT] class=chair color=green conf=0.66 bbox=[128,0,381,398]
[SKILL] move values=(0.25, 0.0, 0.0, 0.25) t=42.92
[MOVE] completed duration=0.25
[DETECT] class=chair color=green conf=0.77 bbox=[98,0,379,423]
[SKILL] turn values=(12.0,) t=43.42
[TURN] target=12.0 deg final_error=1.97 deg status=SUCCESS
[DETECT] class=chair color=green conf=0.45 bbox=[192,2,460,456]
[DETECT] class=airplane color=green conf=0.35 bbox=[189,1,639,462]
[SKILL] move values=(0.25, 0.0, 0.0, 0.25) t=45.12
[MOVE] completed duration=0.25
[DETECT] class=chair color=green conf=0.71 bbox=[159,0,446,464]
[SKILL] move values=(0.25, 0.0, 0.0, 0.25) t=45.62
[MOVE] completed duration=0.25
[DETECT] class=chair color=green conf=0.57 bbox=[142,1,459,472]
[APPROACH] final_visual_steps=4
[SKILL] move values=(0.2, 0.0, 0.0, 0.25) t=46.12
[MOVE] completed duration=0.25
[DETECT] class=chair color=green conf=0.44 bbox=[116,0,465,470]
[SKILL] move values=(0.2, 0.0, 0.0, 0.25) t=46.62
[MOVE] completed duration=0.25
[DETECT] class=chair color=green conf=0.42 bbox=[96,0,465,476]
[SKILL] move values=(0.2, 0.0, 0.0, 0.25) t=47.12
[MOVE] completed duration=0.25
[APPROACH] stop reason=target_lost
[APPROACH] recovery=back step=1/1
[SKILL] move values=(-0.1, 0.0, 0.0, 0.25) t=48.42
[MOVE] completed duration=0.25
[MISSION] status=FAIL reason=target_not_visible_at_stop
[TRIAL] result=runs\2026-10-02-task5-0e3a66b\07_green_hidden\result.json success=False
