[KEYBOARD] evdev not installed; browser keyboard control is available
[MAP] switched to object_lab
[DETECT] class=sports ball color=orange conf=0.34 bbox=[423,221,498,283]
[DETECT] class=sports ball color=orange conf=0.27 bbox=[423,220,498,283]
[TRIAL] class=chair color=green source=explicit_target start=[1.0, 0.0, 30.0]
[DETECT] class=sports ball color=orange conf=0.34 bbox=[423,221,498,283]
[DETECT] class=sports ball color=orange conf=0.27 bbox=[423,220,498,283]
[DETECT] class=sports ball color=orange conf=0.33 bbox=[423,221,498,283]
[DETECT] class=sports ball color=orange conf=0.30 bbox=[423,220,498,283]
[SEARCH] target=green_chair rotating=20deg
[SKILL] turn values=(20.0,) t=2.22
[TURN] target=20.0 deg final_error=1.98 deg status=SUCCESS
[DETECT] class=chair color=green conf=0.78 bbox=[370,124,470,260]
[DETECT] class=umbrella color=red conf=0.40 bbox=[535,243,640,327]
[DETECT] class=sports ball color=orange conf=0.84 bbox=[537,244,640,326] source=color_shape
[SKILL] turn values=(-15.844404021773341,) t=4.42
[TURN] target=-15.8 deg final_error=-2.00 deg status=SUCCESS
[DETECT] class=chair color=green conf=0.61 bbox=[308,124,385,252]
[DETECT] class=sports ball color=orange conf=0.31 bbox=[437,224,519,289]
[SKILL] move values=(0.25, 0.0, 0.0, 0.25) t=6.02
[MOVE] completed duration=0.25
[DETECT] class=chair color=green conf=0.38 bbox=[315,106,397,240]
[DETECT] class=sports ball color=orange conf=0.79 bbox=[455,210,546,278] source=color_shape
[SKILL] move values=(0.25, 0.0, 0.0, 0.25) t=6.52
[MOVE] completed duration=0.25
[DETECT] class=chair color=green conf=0.36 bbox=[318,100,403,241]
[DETECT] class=sports ball color=orange conf=0.28 bbox=[464,207,567,282]
[SKILL] move values=(0.25, 0.0, 0.0, 0.25) t=7.02
[MOVE] completed duration=0.25
[DETECT] class=orange color=orange conf=0.63 bbox=[464,217,570,294]
[DETECT] class=chair color=green conf=0.31 bbox=[315,107,402,248]
[DETECT] class=sports ball color=orange conf=0.78 bbox=[466,218,570,293] source=color_shape
[SKILL] move values=(0.25, 0.0, 0.0, 0.25) t=7.52
[MOVE] completed duration=0.25
[DETECT] class=sports ball color=orange conf=0.45 bbox=[472,212,591,294]
[DETECT] class=orange color=orange conf=0.63 bbox=[471,220,587,302]
[DETECT] class=chair color=green conf=0.32 bbox=[312,113,401,258]
[DETECT] class=sports ball color=orange conf=0.27 bbox=[470,231,583,313]
[SKILL] move values=(0.25, 0.0, 0.0, 0.25) t=8.22
[MOVE] completed duration=0.25
[DETECT] class=chair color=green conf=0.60 bbox=[309,99,403,250]
[DETECT] class=sports ball color=orange conf=0.49 bbox=[473,219,597,305]
[SKILL] move values=(0.25, 0.0, 0.0, 0.25) t=8.72
[MOVE] completed duration=0.25
[DETECT] class=orange color=orange conf=0.64 bbox=[484,215,622,307]
[DETECT] class=chair color=green conf=0.33 bbox=[308,90,403,251]
[SKILL] move values=(0.25, 0.0, 0.0, 0.25) t=9.22
[MOVE] completed duration=0.25
[DETECT] class=chair color=green conf=0.65 bbox=[304,95,403,257]
[SKILL] move values=(0.25, 0.0, 0.0, 0.25) t=9.72
[MOVE] completed duration=0.25
[DETECT] class=chair color=green conf=0.58 bbox=[302,83,404,254]
[DETECT] class=sports ball color=orange conf=0.83 bbox=[499,220,640,323] source=color_shape
[SKILL] move values=(0.25, 0.0, 0.0, 0.25) t=10.22
[MOVE] completed duration=0.25
[DETECT] class=chair color=green conf=0.59 bbox=[299,88,404,262]
[DETECT] class=sports ball color=orange conf=0.84 bbox=[503,230,640,339] source=color_shape
[SKILL] move values=(0.25, 0.0, 0.0, 0.25) t=10.72
[MOVE] completed duration=0.25
[DETECT] class=chair color=green conf=0.54 bbox=[296,75,404,260]
[DETECT] class=sports ball color=orange conf=0.79 bbox=[516,225,640,347] source=color_shape
[SKILL] move values=(0.25, 0.0, 0.0, 0.25) t=11.22
[MOVE] completed duration=0.25
[DETECT] class=chair color=green conf=0.62 bbox=[293,81,404,267]
[DETECT] class=sports ball color=orange conf=0.78 bbox=[521,238,640,367] source=color_shape
[SKILL] move values=(0.25, 0.0, 0.0, 0.25) t=11.72
[MOVE] completed duration=0.25
[DETECT] class=chair color=green conf=0.62 bbox=[289,65,405,267]
[DETECT] class=sports ball color=orange conf=0.74 bbox=[540,234,640,371] source=color_shape
[SKILL] move values=(0.25, 0.0, 0.0, 0.25) t=12.22
[MOVE] completed duration=0.25
[DETECT] class=chair color=green conf=0.69 bbox=[285,70,406,274]
[SKILL] move values=(0.25, 0.0, 0.0, 0.25) t=12.72
[MOVE] completed duration=0.25
[DETECT] class=chair color=green conf=0.67 bbox=[281,57,407,275]
[SKILL] move values=(0.25, 0.0, 0.0, 0.25) t=13.22
[MOVE] completed duration=0.25
[DETECT] class=chair color=green conf=0.74 bbox=[277,59,409,283]
[SKILL] move values=(0.25, 0.0, 0.0, 0.25) t=13.72
[MOVE] completed duration=0.25
[DETECT] class=chair color=green conf=0.63 bbox=[272,41,410,286]
[DETECT] class=person color=red conf=0.38 bbox=[617,292,640,377]
[SKILL] move values=(0.25, 0.0, 0.0, 0.25) t=14.22
[MOVE] completed duration=0.25
[DETECT] class=chair color=green conf=0.87 bbox=[267,44,413,296]
[SKILL] move values=(0.25, 0.0, 0.0, 0.25) t=14.72
[MOVE] completed duration=0.25
[DETECT] class=chair color=green conf=0.90 bbox=[261,24,415,298]
[SKILL] move values=(0.25, 0.0, 0.0, 0.25) t=15.22
[MOVE] completed duration=0.25
[DETECT] class=chair color=green conf=0.92 bbox=[255,26,419,308]
[SKILL] move values=(0.25, 0.0, 0.0, 0.25) t=15.72
[MOVE] completed duration=0.25
[DETECT] class=chair color=green conf=0.87 bbox=[249,2,421,315]
[SKILL] move values=(0.25, 0.0, 0.0, 0.25) t=16.22
[MOVE] completed duration=0.25
[DETECT] class=chair color=green conf=0.90 bbox=[240,2,426,329]
[SKILL] move values=(0.25, 0.0, 0.0, 0.25) t=16.72
[MOVE] completed duration=0.25
[DETECT] class=chair color=green conf=0.90 bbox=[232,1,428,336]
[SKILL] move values=(0.25, 0.0, 0.0, 0.25) t=17.22
[MOVE] completed duration=0.25
[DETECT] class=chair color=green conf=0.84 bbox=[223,1,435,354]
[SKILL] move values=(0.25, 0.0, 0.0, 0.25) t=17.72
[MOVE] completed duration=0.25
[DETECT] class=chair color=green conf=0.90 bbox=[212,0,438,368]
[SKILL] move values=(0.25, 0.0, 0.0, 0.25) t=18.22
[MOVE] completed duration=0.25
[DETECT] class=chair color=green conf=0.78 bbox=[201,0,445,393]
[SKILL] move values=(0.25, 0.0, 0.0, 0.25) t=18.72
[MOVE] completed duration=0.25
[DETECT] class=chair color=green conf=0.83 bbox=[185,0,449,414]
[SKILL] move values=(0.25, 0.0, 0.0, 0.25) t=19.22
[MOVE] completed duration=0.25
[DETECT] class=chair color=green conf=0.75 bbox=[172,0,461,463]
[SKILL] move values=(0.25, 0.0, 0.0, 0.25) t=19.72
[MOVE] completed duration=0.25
[DETECT] class=chair color=green conf=0.33 bbox=[150,0,468,479]
[APPROACH] final_visual_steps=4
[SKILL] move values=(0.2, 0.0, 0.0, 0.25) t=20.34
[MOVE] completed duration=0.25
[APPROACH] stop reason=target_lost
[DETECT] class=chair color=green conf=0.27 bbox=[136,1,501,478]
[FOUND] class=chair color=green t=18.9 s d=0.75 m
[MISSION] status=SUCCESS
[DETECT] class=chair color=green conf=0.41 bbox=[137,0,483,478]
[TRIAL] result=runs\2026-10-02-task5-0e3a66b\09_green_angled\result.json success=True
